######  Start test generation  /home/changpy/data3/MutAGENTest/mutantsgen/Wukong/defects4j/framework/bin/gen_tests.pl: 2025-03-18 04:27:06  ######
Mode: regression
Parameters:
 -g evosuite
 -p Cli
 -v 40f
 -n 50
 -b 100
 -c /data3/cpy/MutAGENTest/mutantsgen/Wukong/defects4j/framework/projects/Cli/modified_classes/40.src
 -s 50040
Created test suite archive: Cli-40f-evosuite.50.tar.bz2
Moved test suite archive to output directory: ./output/Cli/evosuite/50
######  End test generation  /home/changpy/data3/MutAGENTest/mutantsgen/Wukong/defects4j/framework/bin/gen_tests.pl: 2025-03-18 04:28:00  ######
######  Start test generation  /home/changpy/data3/MutAGENTest/mutantsgen/Wukong/defects4j/framework/bin/gen_tests.pl: 2025-03-29 11:28:30  ######
Mode: regression
Parameters:
 -g evosuite
 -p Cli
 -v 40f
 -n 50
 -b 100
 -c /data3/cpy/MutAGENTest/mutantsgen/Wukong/defects4j/framework/projects/Cli/modified_classes/40.src
 -s 50040
Created test suite archive: Cli-40f-evosuite.50.tar.bz2
Moved test suite archive to output directory: ./output/Cli/evosuite/50
######  End test generation  /home/changpy/data3/MutAGENTest/mutantsgen/Wukong/defects4j/framework/bin/gen_tests.pl: 2025-03-29 11:29:26  ######
