######  Start test generation  /home/changpy/data3/MutAGENTest/mutantsgen/Wukong/defects4j/framework/bin/gen_tests.pl: 2025-03-20 02:52:26  ######
Mode: regression
Parameters:
 -g evosuite
 -p Lang
 -v 7f
 -n 50
 -b 100
 -c /data3/cpy/MutAGENTest/mutantsgen/Wukong/defects4j/framework/projects/Lang/modified_classes/7.src
 -s 50007
Created test suite archive: Lang-7f-evosuite.50.tar.bz2
Moved test suite archive to output directory: ./output/Lang/evosuite/50
######  End test generation  /home/changpy/data3/MutAGENTest/mutantsgen/Wukong/defects4j/framework/bin/gen_tests.pl: 2025-03-20 02:53:30  ######
######  Start test generation  /home/changpy/data3/MutAGENTest/mutantsgen/Wukong/defects4j/framework/bin/gen_tests.pl: 2025-03-20 03:56:02  ######
Mode: regression
Parameters:
 -g evosuite
 -p Lang
 -v 7f
 -n 50
 -b 100
 -c /data3/cpy/MutAGENTest/mutantsgen/Wukong/defects4j/framework/projects/Lang/modified_classes/7.src
 -s 50007
Created test suite archive: Lang-7f-evosuite.50.tar.bz2
Moved test suite archive to output directory: ./output/Lang/evosuite/50
######  End test generation  /home/changpy/data3/MutAGENTest/mutantsgen/Wukong/defects4j/framework/bin/gen_tests.pl: 2025-03-20 03:57:06  ######
