######  Start test generation  /home/changpy/data3/MutAGENTest/mutantsgen/Wukong/defects4j/framework/bin/gen_tests.pl: 2025-03-20 02:52:14  ######
Mode: regression
Parameters:
 -g evosuite
 -p Lang
 -v 6f
 -n 50
 -b 100
 -c /data3/cpy/MutAGENTest/mutantsgen/Wukong/defects4j/framework/projects/Lang/modified_classes/6.src
 -s 50006
Created test suite archive: Lang-6f-evosuite.50.tar.bz2
Moved test suite archive to output directory: ./output/Lang/evosuite/50
######  End test generation  /home/changpy/data3/MutAGENTest/mutantsgen/Wukong/defects4j/framework/bin/gen_tests.pl: 2025-03-20 02:52:21  ######
######  Start test generation  /home/changpy/data3/MutAGENTest/mutantsgen/Wukong/defects4j/framework/bin/gen_tests.pl: 2025-03-20 03:55:50  ######
Mode: regression
Parameters:
 -g evosuite
 -p Lang
 -v 6f
 -n 50
 -b 100
 -c /data3/cpy/MutAGENTest/mutantsgen/Wukong/defects4j/framework/projects/Lang/modified_classes/6.src
 -s 50006
Created test suite archive: Lang-6f-evosuite.50.tar.bz2
Moved test suite archive to output directory: ./output/Lang/evosuite/50
######  End test generation  /home/changpy/data3/MutAGENTest/mutantsgen/Wukong/defects4j/framework/bin/gen_tests.pl: 2025-03-20 03:55:57  ######
