######  Start test generation  /home/changpy/data3/MutAGENTest/mutantsgen/Wukong/defects4j/framework/bin/gen_tests.pl: 2025-03-20 03:07:37  ######
Mode: regression
Parameters:
 -g evosuite
 -p Lang
 -v 19f
 -n 50
 -b 100
 -c /data3/cpy/MutAGENTest/mutantsgen/Wukong/defects4j/framework/projects/Lang/modified_classes/19.src
 -s 50019
Created test suite archive: Lang-19f-evosuite.50.tar.bz2
Moved test suite archive to output directory: ./output/Lang/evosuite/50
######  End test generation  /home/changpy/data3/MutAGENTest/mutantsgen/Wukong/defects4j/framework/bin/gen_tests.pl: 2025-03-20 03:08:33  ######
######  Start test generation  /home/changpy/data3/MutAGENTest/mutantsgen/Wukong/defects4j/framework/bin/gen_tests.pl: 2025-03-20 04:11:41  ######
Mode: regression
Parameters:
 -g evosuite
 -p Lang
 -v 19f
 -n 50
 -b 100
 -c /data3/cpy/MutAGENTest/mutantsgen/Wukong/defects4j/framework/projects/Lang/modified_classes/19.src
 -s 50019
Created test suite archive: Lang-19f-evosuite.50.tar.bz2
Moved test suite archive to output directory: ./output/Lang/evosuite/50
######  End test generation  /home/changpy/data3/MutAGENTest/mutantsgen/Wukong/defects4j/framework/bin/gen_tests.pl: 2025-03-20 04:12:38  ######
