######  Start test generation  /home/changpy/data3/MutAGENTest/mutantsgen/Wukong/defects4j/framework/bin/gen_tests.pl: 2025-03-20 03:34:11  ######
Mode: regression
Parameters:
 -g evosuite
 -p Lang
 -v 60f
 -n 50
 -b 100
 -c /data3/cpy/MutAGENTest/mutantsgen/Wukong/defects4j/framework/projects/Lang/modified_classes/60.src
 -s 50060
Created test suite archive: Lang-60f-evosuite.50.tar.bz2
Moved test suite archive to output directory: ./output/Lang/evosuite/50
######  End test generation  /home/changpy/data3/MutAGENTest/mutantsgen/Wukong/defects4j/framework/bin/gen_tests.pl: 2025-03-20 03:35:58  ######
######  Start test generation  /home/changpy/data3/MutAGENTest/mutantsgen/Wukong/defects4j/framework/bin/gen_tests.pl: 2025-03-20 04:38:27  ######
Mode: regression
Parameters:
 -g evosuite
 -p Lang
 -v 60f
 -n 50
 -b 100
 -c /data3/cpy/MutAGENTest/mutantsgen/Wukong/defects4j/framework/projects/Lang/modified_classes/60.src
 -s 50060
Created test suite archive: Lang-60f-evosuite.50.tar.bz2
Moved test suite archive to output directory: ./output/Lang/evosuite/50
######  End test generation  /home/changpy/data3/MutAGENTest/mutantsgen/Wukong/defects4j/framework/bin/gen_tests.pl: 2025-03-20 04:40:16  ######
