######  Start test generation  /home/changpy/data3/MutAGENTest/mutantsgen/Wukong/defects4j/framework/bin/gen_tests.pl: 2025-03-20 03:15:22  ######
Mode: regression
Parameters:
 -g evosuite
 -p Lang
 -v 45f
 -n 50
 -b 100
 -c /data3/cpy/MutAGENTest/mutantsgen/Wukong/defects4j/framework/projects/Lang/modified_classes/45.src
 -s 50045
Created test suite archive: Lang-45f-evosuite.50.tar.bz2
Moved test suite archive to output directory: ./output/Lang/evosuite/50
######  End test generation  /home/changpy/data3/MutAGENTest/mutantsgen/Wukong/defects4j/framework/bin/gen_tests.pl: 2025-03-20 03:16:27  ######
######  Start test generation  /home/changpy/data3/MutAGENTest/mutantsgen/Wukong/defects4j/framework/bin/gen_tests.pl: 2025-03-20 04:19:41  ######
Mode: regression
Parameters:
 -g evosuite
 -p Lang
 -v 45f
 -n 50
 -b 100
 -c /data3/cpy/MutAGENTest/mutantsgen/Wukong/defects4j/framework/projects/Lang/modified_classes/45.src
 -s 50045
Created test suite archive: Lang-45f-evosuite.50.tar.bz2
Moved test suite archive to output directory: ./output/Lang/evosuite/50
######  End test generation  /home/changpy/data3/MutAGENTest/mutantsgen/Wukong/defects4j/framework/bin/gen_tests.pl: 2025-03-20 04:20:45  ######
