######  Start test generation  /home/changpy/data3/MutAGENTest/mutantsgen/Wukong/defects4j/framework/bin/gen_tests.pl: 2025-03-17 04:13:39  ######
Mode: regression
Parameters:
 -g evosuite
 -p Chart
 -v 3f
 -n 50
 -b 100
 -c /data3/cpy/MutAGENTest/mutantsgen/Wukong/defects4j/framework/projects/Chart/modified_classes/3.src
 -s 50003
Created test suite archive: Chart-3f-evosuite.50.tar.bz2
Moved test suite archive to output directory: ./outputdir/Chart/evosuite/50
######  End test generation  /home/changpy/data3/MutAGENTest/mutantsgen/Wukong/defects4j/framework/bin/gen_tests.pl: 2025-03-17 04:15:02  ######
######  Start test generation  /home/changpy/data3/MutAGENTest/mutantsgen/Wukong/defects4j/framework/bin/gen_tests.pl: 2025-03-17 04:37:28  ######
Mode: regression
Parameters:
 -g evosuite
 -p Chart
 -v 3f
 -n 50
 -b 100
 -c /data3/cpy/MutAGENTest/mutantsgen/Wukong/defects4j/framework/projects/Chart/modified_classes/3.src
 -s 50003
Created test suite archive: Chart-3f-evosuite.50.tar.bz2
Moved test suite archive to output directory: ./outputdir/Chart/evosuite/50
######  End test generation  /home/changpy/data3/MutAGENTest/mutantsgen/Wukong/defects4j/framework/bin/gen_tests.pl: 2025-03-17 04:38:56  ######
######  Start test generation  /home/changpy/data3/MutAGENTest/mutantsgen/Wukong/defects4j/framework/bin/gen_tests.pl: 2025-03-17 04:39:15  ######
Mode: regression
Parameters:
 -g evosuite
 -p Chart
 -v 3f
 -n 51
 -b 100
 -c /data3/cpy/MutAGENTest/mutantsgen/Wukong/defects4j/framework/projects/Chart/modified_classes/3.src
 -s 51003
Created test suite archive: Chart-3f-evosuite.51.tar.bz2
Moved test suite archive to output directory: ./outputdir/Chart/evosuite/51
######  End test generation  /home/changpy/data3/MutAGENTest/mutantsgen/Wukong/defects4j/framework/bin/gen_tests.pl: 2025-03-17 04:40:27  ######
