2025-06-03 01:23:49,815 - Project name: Math, Project ID: 2, MS:27.77777777777778 CV:75.0,Round:1,TC: 0,MT: 0
2025-06-03 01:23:59,727 - Project name: Math, Project ID: 2, Round:0, result: 1
2025-06-03 01:24:40,811 - Project name: Math, Project ID: 5, MS:16.666666666666664 CV:80.0,Round:1,TC: 0,MT: 0
2025-06-03 01:24:50,399 - Project name: Math, Project ID: 5, Round:0, result: 1
2025-06-03 01:34:15,740 - Project name: Math, Project ID: 4, MS:72.72727272727273 CV:78.26086956521739,Round:1,TC: 0,MT: 0
2025-06-03 01:34:27,441 - Project name: Math, Project ID: 4, Round:0, result: 1
2025-06-03 01:36:16,719 - Project name: Math, Project ID: 3, MS:62.96296296296296 CV:100.0,Round:1,TC: 0,MT: 0
2025-06-03 01:36:27,123 - Project name: Math, Project ID: 3, Round:0, result: 1
2025-06-03 01:41:31,529 - Project name: Math, Project ID: 8, MS:17.391304347826086 CV:82.14285714285714,Round:1,TC: 0,MT: 0
2025-06-03 01:41:43,136 - Project name: Math, Project ID: 8, Round:0, result: 0
2025-06-03 01:45:45,541 - Project name: Math, Project ID: 5, MS:16.666666666666664 CV:80.0,Round:2,TC: 1,MT: 0
2025-06-03 01:45:55,566 - Project name: Math, Project ID: 5, Round:1, result: 1
2025-06-03 01:47:29,987 - Project name: Math, Project ID: 4, MS:70.17543859649122 CV:78.26086956521739,Round:2,TC: 0,MT: 1
2025-06-03 01:47:41,377 - Project name: Math, Project ID: 4, Round:1, result: 1
2025-06-03 02:02:50,503 - Project name: Math, Project ID: 4, MS:64.38356164383562 CV:78.26086956521739,Round:3,TC: 0,MT: 2
2025-06-03 02:03:01,597 - Project name: Math, Project ID: 4, Round:2, result: 1
2025-06-03 02:06:49,632 - Project name: Math, Project ID: 5, MS:16.666666666666664 CV:80.0,Round:3,TC: 2,MT: 0
2025-06-03 02:07:00,152 - Project name: Math, Project ID: 5, Round:2, result: 1
2025-06-03 02:26:09,622 - Project name: Math, Project ID: 5, MS:16.666666666666664 CV:80.0,Round:4,TC: 3,MT: 0
2025-06-03 02:26:20,985 - Project name: Math, Project ID: 5, Round:3, result: 1
2025-06-03 02:26:32,785 - Project name: Math, Project ID: 5, Result: Success
2025-06-03 02:26:38,688 - Project name: Math, Project ID: 8, MS:100.0 CV:96.42857142857143,Round:2,TC: 1,MT: 0
2025-06-03 02:26:53,767 - Project name: Math, Project ID: 8, Round:1, result: 1
2025-06-03 02:27:06,180 - Project name: Math, Project ID: 8, Result: Success
2025-06-03 02:29:33,264 - Project name: Math, Project ID: 2, MS:93.75 CV:100.0,Round:2,TC: 1,MT: 0
2025-06-03 02:29:45,057 - Project name: Math, Project ID: 2, Round:1, result: 1
2025-06-03 02:29:57,162 - Project name: Math, Project ID: 2, Result: Success
2025-06-03 02:30:51,919 - Project name: Math, Project ID: 9, MS:15.789473684210526 CV:95.0,Round:1,TC: 0,MT: 0
2025-06-03 02:31:01,602 - Project name: Math, Project ID: 9, Round:0, result: 0
2025-06-03 02:32:00,441 - Project name: Math, Project ID: 1, MS:74.75728155339806 CV:55.14705882352941,Round:1,TC: 0,MT: 0
2025-06-03 02:32:11,489 - Project name: Math, Project ID: 1, Round:0, result: 1
2025-06-03 02:33:07,537 - Project name: Math, Project ID: 11, MS:54.54545454545454 CV:100.0,Round:1,TC: 0,MT: 0
2025-06-03 02:33:20,020 - Project name: Math, Project ID: 11, Round:0, result: 1
2025-06-03 02:35:53,127 - Project name: Math, Project ID: 10, MS:0.0 CV:57.14285714285714,Round:1,TC: 0,MT: 0
2025-06-03 02:36:03,447 - Project name: Math, Project ID: 10, Round:0, result: 0
2025-06-03 02:39:33,473 - Project name: Math, Project ID: 11, MS:100.0 CV:100.0,Round:2,TC: 1,MT: 0
2025-06-03 02:39:43,457 - Project name: Math, Project ID: 11, Round:1, result: 1
2025-06-03 02:39:53,399 - Project name: Math, Project ID: 11, Result: Success
2025-06-03 02:46:07,794 - Project name: Math, Project ID: 9, MS:84.21052631578947 CV:100.0,Round:2,TC: 1,MT: 0
2025-06-03 02:46:18,826 - Project name: Math, Project ID: 9, Round:1, result: 0
2025-06-03 02:46:30,154 - Project name: Math, Project ID: 9, Result: Generated, failed
2025-06-03 02:47:59,028 - Project name: Math, Project ID: 7, MS:0.0 CV:72.52747252747253,Round:1,TC: 0,MT: 0
2025-06-03 02:48:09,844 - Project name: Math, Project ID: 7, Round:0, result: 0
2025-06-03 02:49:15,052 - Project name: Math, Project ID: 3, MS:75.92592592592592 CV:100.0,Round:2,TC: 1,MT: 0
2025-06-03 02:49:26,135 - Project name: Math, Project ID: 3, Round:1, result: 1
2025-06-03 02:49:36,957 - Project name: Math, Project ID: 3, Result: Success
2025-06-03 02:52:07,916 - Project name: Math, Project ID: 6, MS:48.837209302325576 CV:38.88888888888889,Round:1,TC: 0,MT: 0
2025-06-03 02:52:19,738 - Project name: Math, Project ID: 6, Round:0, result: 1
2025-06-03 02:54:21,314 - Project name: Math, Project ID: 4, MS:83.56164383561644 CV:78.26086956521739,Round:4,TC: 1,MT: 2
2025-06-03 02:54:33,184 - Project name: Math, Project ID: 4, Round:3, result: 1
2025-06-03 02:59:41,474 - Project name: Math, Project ID: 14, MS:50.0 CV:83.33333333333334,Round:1,TC: 0,MT: 0
2025-06-03 02:59:53,423 - Project name: Math, Project ID: 14, Round:0, result: 1
2025-06-03 03:00:04,949 - Project name: Math, Project ID: 13, MS:56.666666666666664 CV:80.0,Round:1,TC: 0,MT: 0
2025-06-03 03:00:15,924 - Project name: Math, Project ID: 13, Round:0, result: 1
2025-06-03 03:02:38,419 - Project name: Math, Project ID: 14, MS:50.0 CV:83.33333333333334,Round:2,TC: 1,MT: 0
2025-06-03 03:02:49,686 - Project name: Math, Project ID: 14, Round:1, result: 1
2025-06-03 03:05:58,631 - Project name: Math, Project ID: 4, MS:83.56164383561644 CV:78.26086956521739,Round:5,TC: 2,MT: 2
2025-06-03 03:06:10,818 - Project name: Math, Project ID: 4, Round:4, result: 1
2025-06-03 03:06:22,747 - Project name: Math, Project ID: 4, Result: Success
2025-06-03 03:06:58,982 - Project name: Math, Project ID: 14, MS:50.0 CV:83.33333333333334,Round:3,TC: 2,MT: 0
2025-06-03 03:07:10,008 - Project name: Math, Project ID: 14, Round:2, result: 1
2025-06-03 03:10:22,646 - Project name: Math, Project ID: 14, MS:50.0 CV:83.33333333333334,Round:4,TC: 3,MT: 0
2025-06-03 03:10:33,943 - Project name: Math, Project ID: 14, Round:3, result: 1
2025-06-03 03:10:45,070 - Project name: Math, Project ID: 14, Result: Success
2025-06-03 03:16:28,604 - Project name: Math, Project ID: 10, MS:67.5 CV:100.0,Round:2,TC: 1,MT: 0
2025-06-03 03:16:40,613 - Project name: Math, Project ID: 10, Round:1, result: 1
2025-06-03 03:18:12,405 - Project name: Math, Project ID: 15, MS:58.18181818181818 CV:96.875,Round:1,TC: 0,MT: 0
2025-06-03 03:18:22,239 - Project name: Math, Project ID: 15, Round:0, result: 0
2025-06-03 03:20:15,676 - Project name: Math, Project ID: 6, MS:79.06976744186046 CV:38.88888888888889,Round:2,TC: 1,MT: 0
2025-06-03 03:20:27,600 - Project name: Math, Project ID: 6, Round:1, result: 1
2025-06-03 03:32:32,215 - Project name: Math, Project ID: 10, MS:70.0 CV:100.0,Round:3,TC: 2,MT: 0
2025-06-03 03:32:44,752 - Project name: Math, Project ID: 10, Round:2, result: 1
2025-06-03 03:32:56,524 - Project name: Math, Project ID: 10, Result: Success
2025-06-03 03:33:51,159 - Project name: Math, Project ID: 16, MS:38.18181818181819 CV:100.0,Round:1,TC: 0,MT: 0
2025-06-03 03:34:00,895 - Project name: Math, Project ID: 16, Round:0, result: 0
2025-06-03 03:43:35,546 - Project name: Math, Project ID: 13, MS:93.10344827586206 CV:100.0,Round:2,TC: 1,MT: 0
2025-06-03 03:43:47,417 - Project name: Math, Project ID: 13, Round:1, result: 1
2025-06-03 03:43:59,579 - Project name: Math, Project ID: 13, Result: Success
2025-06-03 03:47:40,616 - Project name: Math, Project ID: 6, MS:53.93258426966292 CV:38.88888888888889,Round:3,TC: 1,MT: 1
2025-06-03 03:47:52,935 - Project name: Math, Project ID: 6, Round:2, result: 1
2025-06-03 03:58:31,944 - Project name: Math, Project ID: 1, MS:59.05172413793104 CV:55.14705882352941,Round:2,TC: 0,MT: 1
2025-06-03 03:58:42,412 - Project name: Math, Project ID: 1, Round:1, result: 1
2025-06-03 04:00:44,186 - Project name: Math, Project ID: 15, MS:69.0909090909091 CV:98.4375,Round:2,TC: 1,MT: 0
2025-06-03 04:00:54,376 - Project name: Math, Project ID: 15, Round:1, result: 0
2025-06-03 04:43:55,701 - Project name: Math, Project ID: 16, MS:46.36363636363636 CV:100.0,Round:2,TC: 1,MT: 0
2025-06-03 04:44:07,195 - Project name: Math, Project ID: 16, Round:1, result: 1
2025-06-03 04:46:32,010 - Project name: Math, Project ID: 15, MS:69.0909090909091 CV:98.4375,Round:3,TC: 2,MT: 0
2025-06-03 04:46:42,322 - Project name: Math, Project ID: 15, Round:2, result: 0
2025-06-03 05:17:10,122 - Project name: Math, Project ID: 15, MS:69.0909090909091 CV:98.4375,Round:4,TC: 3,MT: 0
2025-06-03 05:17:21,036 - Project name: Math, Project ID: 15, Round:3, result: 1
2025-06-03 05:17:27,836 - Project name: Math, Project ID: 18, MS:0.0 CV:47.82608695652174,Round:1,TC: 0,MT: 0
2025-06-03 05:17:31,754 - Project name: Math, Project ID: 15, Result: Success
2025-06-03 05:17:38,982 - Project name: Math, Project ID: 18, Round:0, result: 0
2025-06-03 05:20:02,312 - Project name: Math, Project ID: 12, MS:0.0 CV:100.0,Round:1,TC: 0,MT: 0
2025-06-03 05:20:14,420 - Project name: Math, Project ID: 12, Round:0, result: 0
2025-06-03 05:22:57,305 - Project name: Math, Project ID: 12, MS:0.0 CV:100.0,Round:2,TC: 1,MT: 0
2025-06-03 05:23:09,466 - Project name: Math, Project ID: 12, Round:1, result: 0
2025-06-03 05:25:51,714 - Project name: Math, Project ID: 12, MS:0.0 CV:100.0,Round:3,TC: 2,MT: 0
2025-06-03 05:26:03,816 - Project name: Math, Project ID: 12, Round:2, result: 0
2025-06-03 05:28:47,037 - Project name: Math, Project ID: 12, MS:0.0 CV:100.0,Round:4,TC: 3,MT: 0
2025-06-03 05:28:59,474 - Project name: Math, Project ID: 12, Round:3, result: 0
2025-06-03 05:29:11,794 - Project name: Math, Project ID: 12, Result: Generated, failed
2025-06-03 05:34:57,415 - Project name: Math, Project ID: 19, MS:0.0 CV:49.31506849315068,Round:1,TC: 0,MT: 0
2025-06-03 05:35:09,073 - Project name: Math, Project ID: 19, Round:0, result: 0
2025-06-03 05:46:10,618 - Project name: Math, Project ID: 16, MS:46.36363636363636 CV:100.0,Round:3,TC: 2,MT: 0
2025-06-03 05:46:22,535 - Project name: Math, Project ID: 16, Round:2, result: 1
2025-06-03 05:59:11,352 - Project name: Math, Project ID: 17, MS:58.69565217391305 CV:97.05882352941177,Round:1,TC: 0,MT: 0
2025-06-03 05:59:23,074 - Project name: Math, Project ID: 17, Round:0, result: 0
2025-06-03 06:42:37,897 - Project name: Math, Project ID: 19, MS:65.3061224489796 CV:100.0,Round:2,TC: 1,MT: 0
2025-06-03 06:42:50,192 - Project name: Math, Project ID: 19, Round:1, result: 1
2025-06-03 06:49:03,324 - Project name: Math, Project ID: 16, MS:48.18181818181818 CV:100.0,Round:4,TC: 3,MT: 0
2025-06-03 06:49:15,360 - Project name: Math, Project ID: 16, Round:3, result: 1
2025-06-03 06:49:27,905 - Project name: Math, Project ID: 16, Result: Success
2025-06-03 07:15:11,476 - Project name: Math, Project ID: 21, MS:75.15151515151514 CV:100.0,Round:1,TC: 0,MT: 0
2025-06-03 07:15:21,460 - Project name: Math, Project ID: 21, Round:0, result: 0
2025-06-03 07:16:17,000 - Project name: Math, Project ID: 19, MS:77.55102040816327 CV:100.0,Round:3,TC: 2,MT: 0
2025-06-03 07:16:29,511 - Project name: Math, Project ID: 19, Round:2, result: 1
2025-06-03 07:16:41,891 - Project name: Math, Project ID: 19, Result: Success
2025-06-03 07:21:47,837 - Project name: Math, Project ID: 22, MS:50.0 CV:80.0,Round:1,TC: 0,MT: 0
2025-06-03 07:21:57,527 - Project name: Math, Project ID: 22, Round:0, result: 1
2025-06-03 07:25:08,599 - Project name: Math, Project ID: 22, MS:100.0 CV:90.0,Round:2,TC: 1,MT: 0
2025-06-03 07:25:18,602 - Project name: Math, Project ID: 22, Round:1, result: 1
2025-06-03 07:26:37,921 - Project name: Math, Project ID: 22, MS:100.0 CV:90.0,Round:3,TC: 1,MT: 1
2025-06-03 07:26:47,837 - Project name: Math, Project ID: 22, Round:2, result: 1
2025-06-03 07:27:47,736 - Project name: Math, Project ID: 18, MS:0.0 CV:47.82608695652174,Round:2,TC: 1,MT: 0
2025-06-03 07:28:00,183 - Project name: Math, Project ID: 18, Round:1, result: 0
2025-06-03 07:28:07,907 - Project name: Math, Project ID: 22, MS:100.0 CV:90.0,Round:4,TC: 1,MT: 2
2025-06-03 07:28:17,655 - Project name: Math, Project ID: 22, Round:3, result: 1
2025-06-03 07:29:23,293 - Project name: Math, Project ID: 22, MS:100.0 CV:90.0,Round:5,TC: 2,MT: 2
2025-06-03 07:29:33,071 - Project name: Math, Project ID: 22, Round:4, result: 1
2025-06-03 07:29:42,721 - Project name: Math, Project ID: 22, Result: Success
2025-06-03 07:41:35,420 - Project name: Math, Project ID: 21, MS:74.5945945945946 CV:100.0,Round:2,TC: 0,MT: 1
2025-06-03 07:41:44,880 - Project name: Math, Project ID: 21, Round:1, result: 0
2025-06-03 08:05:12,077 - Project name: Math, Project ID: 20, MS:0.0 CV:65.21739130434783,Round:1,TC: 0,MT: 0
2025-06-03 08:05:21,862 - Project name: Math, Project ID: 20, Round:0, result: 0
2025-06-03 08:41:32,409 - Project name: Math, Project ID: 21, MS:82.70270270270271 CV:100.0,Round:3,TC: 1,MT: 1
2025-06-03 08:41:42,957 - Project name: Math, Project ID: 21, Round:2, result: 1
2025-06-03 08:41:53,540 - Project name: Math, Project ID: 21, Result: Success
2025-06-03 09:10:20,645 - Project name: Math, Project ID: 20, MS:0.0 CV:65.21739130434783,Round:2,TC: 1,MT: 0
2025-06-03 09:10:31,140 - Project name: Math, Project ID: 20, Round:1, result: 0
2025-06-03 09:12:33,409 - Project name: Math, Project ID: 17, MS:69.56521739130434 CV:98.0392156862745,Round:2,TC: 1,MT: 0
2025-06-03 09:12:45,917 - Project name: Math, Project ID: 17, Round:1, result: 0
2025-06-03 09:32:52,414 - Project name: Math, Project ID: 18, MS:0.0 CV:47.82608695652174,Round:3,TC: 2,MT: 0
2025-06-03 09:33:04,961 - Project name: Math, Project ID: 18, Round:2, result: 0
2025-06-03 10:20:14,666 - Project name: Math, Project ID: 20, MS:0.0 CV:65.21739130434783,Round:3,TC: 2,MT: 0
2025-06-03 10:20:25,657 - Project name: Math, Project ID: 20, Round:2, result: 0
2025-06-03 10:40:20,500 - Project name: Math, Project ID: 6, MS:55.172413793103445 CV:38.88888888888889,Round:4,TC: 2,MT: 1
2025-06-03 10:40:32,811 - Project name: Math, Project ID: 6, Round:3, result: 1
2025-06-03 10:40:45,077 - Project name: Math, Project ID: 6, Result: Success
2025-06-03 10:46:27,655 - Project name: Math, Project ID: 23, MS:35.13513513513514 CV:98.87005649717514,Round:1,TC: 0,MT: 0
2025-06-03 10:46:37,765 - Project name: Math, Project ID: 23, Round:0, result: 1
2025-06-03 10:52:55,135 - Project name: Math, Project ID: 25, MS:0.0 CV:34.61538461538461,Round:1,TC: 0,MT: 0
2025-06-03 10:53:11,260 - Project name: Math, Project ID: 25, Round:0, result: 0
2025-06-03 11:38:09,613 - Project name: Math, Project ID: 20, MS:0.0 CV:65.21739130434783,Round:4,TC: 3,MT: 0
2025-06-03 11:38:20,619 - Project name: Math, Project ID: 20, Round:3, result: 0
2025-06-03 11:38:31,483 - Project name: Math, Project ID: 20, Result: Generated, failed
2025-06-03 11:55:51,035 - Project name: Math, Project ID: 24, MS:0.0 CV:75.6024096385542,Round:1,TC: 0,MT: 0
2025-06-03 11:56:02,071 - Project name: Math, Project ID: 24, Round:0, result: 0
2025-06-03 11:56:14,986 - Project name: Math, Project ID: 18, MS:0.0 CV:47.82608695652174,Round:4,TC: 3,MT: 0
2025-06-03 11:56:29,350 - Project name: Math, Project ID: 18, Round:3, result: 0
2025-06-03 11:56:43,225 - Project name: Math, Project ID: 18, Result: Generated, failed
2025-06-03 11:58:54,860 - Project name: Math, Project ID: 17, MS:80.43478260869566 CV:99.01960784313727,Round:3,TC: 2,MT: 0
2025-06-03 11:59:07,893 - Project name: Math, Project ID: 17, Round:2, result: 1
2025-06-03 11:59:21,365 - Project name: Math, Project ID: 17, Result: Success
2025-06-03 12:01:09,952 - Project name: Math, Project ID: 27, MS:31.25 CV:94.11764705882352,Round:1,TC: 0,MT: 0
2025-06-03 12:01:20,735 - Project name: Math, Project ID: 27, Round:0, result: 1
2025-06-03 12:01:57,222 - Project name: Math, Project ID: 25, MS:0.0 CV:34.61538461538461,Round:2,TC: 1,MT: 0
2025-06-03 12:02:09,095 - Project name: Math, Project ID: 25, Round:1, result: 0
2025-06-03 12:16:37,536 - Project name: Math, Project ID: 27, MS:100.0 CV:100.0,Round:2,TC: 1,MT: 0
2025-06-03 12:16:48,369 - Project name: Math, Project ID: 27, Round:1, result: 1
2025-06-03 12:16:59,353 - Project name: Math, Project ID: 27, Result: Success
2025-06-03 12:29:44,730 - Project name: Math, Project ID: 29, MS:79.54545454545455 CV:100.0,Round:1,TC: 0,MT: 0
2025-06-03 12:29:56,720 - Project name: Math, Project ID: 29, Round:0, result: 1
2025-06-03 12:37:50,693 - Project name: Math, Project ID: 29, MS:76.92307692307693 CV:100.0,Round:2,TC: 0,MT: 1
2025-06-03 12:38:01,893 - Project name: Math, Project ID: 29, Round:1, result: 1
2025-06-03 12:53:51,767 - Project name: Math, Project ID: 28, MS:0.0 CV:86.61971830985915,Round:1,TC: 0,MT: 0
2025-06-03 12:54:09,389 - Project name: Math, Project ID: 28, Round:0, result: 0
2025-06-03 12:56:53,226 - Project name: Math, Project ID: 26, MS:71.28712871287128 CV:100.0,Round:1,TC: 0,MT: 0
2025-06-03 12:57:09,207 - Project name: Math, Project ID: 26, Round:0, result: 0
2025-06-03 12:57:50,929 - Project name: Math, Project ID: 29, MS:76.92307692307693 CV:100.0,Round:3,TC: 1,MT: 1
2025-06-03 12:58:08,186 - Project name: Math, Project ID: 29, Round:2, result: 1
2025-06-03 12:58:26,341 - Project name: Math, Project ID: 29, Result: Success
2025-06-03 13:07:06,560 - Project name: Math, Project ID: 30, MS:100.0 CV:100.0,Round:1,TC: 0,MT: 0
2025-06-03 13:07:16,621 - Project name: Math, Project ID: 30, Round:0, result: 0
2025-06-03 13:09:17,864 - Project name: Math, Project ID: 30, MS:100.0 CV:100.0,Round:2,TC: 0,MT: 1
2025-06-03 13:09:27,330 - Project name: Math, Project ID: 30, Round:1, result: 0
2025-06-03 13:11:28,705 - Project name: Math, Project ID: 30, MS:100.0 CV:100.0,Round:3,TC: 1,MT: 1
2025-06-03 13:11:38,328 - Project name: Math, Project ID: 30, Round:2, result: 0
2025-06-03 13:11:48,008 - Project name: Math, Project ID: 30, Result: Generated, failed
2025-06-03 13:19:03,487 - Project name: Math, Project ID: 25, MS:0.0 CV:34.61538461538461,Round:3,TC: 2,MT: 0
2025-06-03 13:19:16,133 - Project name: Math, Project ID: 25, Round:2, result: 0
2025-06-03 14:05:41,864 - Project name: Math, Project ID: 26, MS:69.02654867256636 CV:100.0,Round:2,TC: 0,MT: 1
2025-06-03 14:05:52,566 - Project name: Math, Project ID: 26, Round:1, result: 0
2025-06-03 14:33:14,848 - Project name: Math, Project ID: 25, MS:0.0 CV:34.61538461538461,Round:4,TC: 3,MT: 0
2025-06-03 14:33:28,198 - Project name: Math, Project ID: 25, Round:3, result: 0
2025-06-03 14:33:41,272 - Project name: Math, Project ID: 25, Result: Generated, failed
2025-06-03 15:08:11,895 - Project name: Math, Project ID: 32, MS:81.48148148148148 CV:92.72727272727272,Round:1,TC: 0,MT: 0
2025-06-03 15:08:21,989 - Project name: Math, Project ID: 32, Round:0, result: 0
2025-06-03 15:23:01,487 - Project name: Math, Project ID: 32, MS:66.21621621621621 CV:92.72727272727272,Round:2,TC: 0,MT: 1
2025-06-03 15:23:11,206 - Project name: Math, Project ID: 32, Round:1, result: 0
2025-06-03 16:21:47,526 - Project name: Math, Project ID: 32, MS:86.48648648648648 CV:100.0,Round:3,TC: 1,MT: 1
2025-06-03 16:21:59,825 - Project name: Math, Project ID: 32, Round:2, result: 1
2025-06-03 16:22:13,014 - Project name: Math, Project ID: 32, Result: Success
2025-06-03 16:43:45,854 - Project name: Math, Project ID: 33, MS:9.523809523809524 CV:72.09302325581395,Round:1,TC: 0,MT: 0
2025-06-03 16:43:56,125 - Project name: Math, Project ID: 33, Round:0, result: 0
2025-06-03 18:15:23,661 - Project name: Math, Project ID: 1, MS:67.24137931034483 CV:55.14705882352941,Round:3,TC: 1,MT: 1
2025-06-03 18:15:40,209 - Project name: Math, Project ID: 1, Round:2, result: 1
2025-06-03 18:26:01,098 - Project name: Math, Project ID: 26, MS:77.87610619469027 CV:100.0,Round:3,TC: 1,MT: 1
2025-06-03 18:26:13,043 - Project name: Math, Project ID: 26, Round:2, result: 1
2025-06-03 18:26:24,987 - Project name: Math, Project ID: 26, Result: Success
2025-06-03 18:27:00,785 - Project name: Math, Project ID: 33, MS:47.61904761904761 CV:97.67441860465115,Round:2,TC: 1,MT: 0
2025-06-03 18:27:13,802 - Project name: Math, Project ID: 33, Round:1, result: 0
2025-06-03 18:38:24,401 - Project name: Math, Project ID: 34, MS:36.36363636363637 CV:93.33333333333333,Round:1,TC: 0,MT: 0
2025-06-03 18:38:35,264 - Project name: Math, Project ID: 34, Round:0, result: 1
2025-06-03 19:05:53,553 - Project name: Math, Project ID: 34, MS:90.9090909090909 CV:100.0,Round:2,TC: 1,MT: 0
2025-06-03 19:06:04,255 - Project name: Math, Project ID: 34, Round:1, result: 1
2025-06-03 19:06:15,252 - Project name: Math, Project ID: 34, Result: Success
2025-06-03 19:24:25,745 - Project name: Math, Project ID: 35, MS:75.0 CV:100.0,Round:1,TC: 0,MT: 0
2025-06-03 19:24:37,838 - Project name: Math, Project ID: 35, Round:0, result: 1
2025-06-03 19:26:45,875 - Project name: Math, Project ID: 35, MS:72.72727272727273 CV:100.0,Round:2,TC: 0,MT: 1
2025-06-03 19:26:56,625 - Project name: Math, Project ID: 35, Round:1, result: 1
2025-06-03 19:45:16,438 - Project name: Math, Project ID: 35, MS:72.72727272727273 CV:100.0,Round:3,TC: 1,MT: 1
2025-06-03 19:45:27,683 - Project name: Math, Project ID: 35, Round:2, result: 1
2025-06-03 19:45:38,502 - Project name: Math, Project ID: 35, Result: Success
2025-06-03 19:51:42,586 - Project name: Math, Project ID: 36, MS:64.28571428571429 CV:86.66666666666667,Round:1,TC: 0,MT: 0
2025-06-03 19:51:54,365 - Project name: Math, Project ID: 36, Round:0, result: 0
2025-06-03 19:57:16,739 - Project name: Math, Project ID: 36, MS:64.28571428571429 CV:93.33333333333333,Round:2,TC: 1,MT: 0
2025-06-03 19:57:27,588 - Project name: Math, Project ID: 36, Round:1, result: 0
2025-06-03 20:00:09,853 - Project name: Math, Project ID: 33, MS:71.42857142857143 CV:100.0,Round:3,TC: 2,MT: 0
2025-06-03 20:00:24,434 - Project name: Math, Project ID: 33, Round:2, result: 0
2025-06-03 20:00:38,868 - Project name: Math, Project ID: 33, Result: Generated, failed
2025-06-03 20:02:52,917 - Project name: Math, Project ID: 36, MS:78.57142857142857 CV:93.33333333333333,Round:3,TC: 2,MT: 0
2025-06-03 20:03:03,179 - Project name: Math, Project ID: 36, Round:2, result: 1
2025-06-03 20:06:39,540 - Project name: Math, Project ID: 36, MS:57.14285714285714 CV:93.33333333333333,Round:4,TC: 2,MT: 1
2025-06-03 20:06:49,746 - Project name: Math, Project ID: 36, Round:3, result: 1
2025-06-03 20:07:00,391 - Project name: Math, Project ID: 36, Result: Success
2025-06-03 20:20:50,041 - Project name: Math, Project ID: 37, MS:66.05504587155964 CV:99.21875,Round:1,TC: 0,MT: 0
2025-06-03 20:20:59,761 - Project name: Math, Project ID: 37, Round:0, result: 1
2025-06-03 20:40:58,054 - Project name: Math, Project ID: 38, MS:0.0 CV:74.02234636871509,Round:1,TC: 0,MT: 0
2025-06-03 20:41:08,755 - Project name: Math, Project ID: 38, Round:0, result: 0
2025-06-03 21:06:12,159 - Project name: Math, Project ID: 37, MS:73.39449541284404 CV:100.0,Round:2,TC: 1,MT: 0
2025-06-03 21:06:25,952 - Project name: Math, Project ID: 37, Round:1, result: 1
2025-06-03 21:06:40,007 - Project name: Math, Project ID: 37, Result: Success
2025-06-03 22:28:36,631 - Project name: Math, Project ID: 31, MS:45.3125 CV:99.43502824858757,Round:1,TC: 0,MT: 0
2025-06-03 22:30:58,759 - Project name: Math, Project ID: 31, Round:0, result: 0
2025-06-03 22:39:35,779 - Project name: Math, Project ID: 39, MS:28.26086956521739 CV:98.0,Round:1,TC: 0,MT: 0
2025-06-03 22:39:49,443 - Project name: Math, Project ID: 39, Round:0, result: 0
2025-06-03 22:41:37,052 - Project name: Math, Project ID: 23, MS:65.69343065693431 CV:99.62335216572504,Round:2,TC: 1,MT: 0
2025-06-03 22:41:51,313 - Project name: Math, Project ID: 23, Round:1, result: 1
2025-06-03 23:11:24,851 - Project name: Math, Project ID: 24, MS:65.26315789473685 CV:100.0,Round:2,TC: 1,MT: 0
2025-06-03 23:11:38,223 - Project name: Math, Project ID: 24, Round:1, result: 1
2025-06-04 00:22:48,765 - Project name: Math, Project ID: 38, MS:0.0 CV:85.75418994413407,Round:2,TC: 1,MT: 0
2025-06-04 00:23:02,025 - Project name: Math, Project ID: 38, Round:1, result: 0
2025-06-04 02:47:41,321 - Project name: Math, Project ID: 28, MS:17.972350230414747 CV:95.07042253521126,Round:2,TC: 1,MT: 0
2025-06-04 02:47:58,312 - Project name: Math, Project ID: 28, Round:1, result: 0
2025-06-04 03:12:43,295 - Project name: Math, Project ID: 39, MS:53.48837209302325 CV:98.0,Round:2,TC: 1,MT: 0
2025-06-04 03:12:55,834 - Project name: Math, Project ID: 39, Round:1, result: 0
2025-06-04 03:54:45,691 - Project name: Math, Project ID: 38, MS:0.0 CV:85.75418994413407,Round:3,TC: 2,MT: 0
2025-06-04 03:55:00,840 - Project name: Math, Project ID: 38, Round:2, result: 0
2025-06-04 04:04:44,026 - Project name: Math, Project ID: 24, MS:69.47368421052632 CV:100.0,Round:3,TC: 2,MT: 0
2025-06-04 04:05:01,385 - Project name: Math, Project ID: 24, Round:2, result: 1
2025-06-04 05:53:38,511 - Project name: Math, Project ID: 39, MS:57.14285714285714 CV:99.33333333333333,Round:3,TC: 2,MT: 0
2025-06-04 05:53:51,850 - Project name: Math, Project ID: 39, Round:2, result: 0
2025-06-04 05:55:48,285 - Project name: Math, Project ID: 1, MS:67.67241379310344 CV:55.14705882352941,Round:4,TC: 2,MT: 1
2025-06-04 05:56:10,153 - Project name: Math, Project ID: 1, Round:3, result: 1
2025-06-04 05:56:31,879 - Project name: Math, Project ID: 1, Result: Success
2025-06-04 06:11:20,654 - Project name: Math, Project ID: 40, MS:22.22222222222222 CV:84.43396226415094,Round:1,TC: 0,MT: 0
2025-06-04 06:11:32,262 - Project name: Math, Project ID: 40, Round:0, result: 0
2025-06-04 06:59:18,652 - Project name: Math, Project ID: 23, MS:71.85185185185186 CV:99.62335216572504,Round:3,TC: 2,MT: 0
2025-06-04 06:59:32,456 - Project name: Math, Project ID: 23, Round:2, result: 1
2025-06-04 06:59:46,134 - Project name: Math, Project ID: 23, Result: Success
2025-06-04 07:06:27,105 - Project name: Math, Project ID: 40, MS:42.592592592592595 CV:96.22641509433963,Round:2,TC: 1,MT: 0
2025-06-04 07:06:40,913 - Project name: Math, Project ID: 40, Round:1, result: 0
2025-06-04 07:22:44,978 - Project name: Math, Project ID: 38, MS:0.0 CV:85.75418994413407,Round:4,TC: 3,MT: 0
2025-06-04 07:23:03,837 - Project name: Math, Project ID: 38, Round:3, result: 0
2025-06-04 07:23:23,325 - Project name: Math, Project ID: 38, Result: Generated, failed
2025-06-04 07:39:15,855 - Project name: Math, Project ID: 41, MS:75.75757575757575 CV:100.0,Round:1,TC: 0,MT: 0
2025-06-04 07:39:28,178 - Project name: Math, Project ID: 41, Round:0, result: 0
2025-06-04 07:45:15,852 - Project name: Math, Project ID: 40, MS:51.85185185185185 CV:96.69811320754717,Round:3,TC: 2,MT: 0
2025-06-04 07:45:28,366 - Project name: Math, Project ID: 40, Round:2, result: 1
2025-06-04 07:46:35,242 - Project name: Math, Project ID: 41, MS:67.44186046511628 CV:100.0,Round:2,TC: 0,MT: 1
2025-06-04 07:46:46,893 - Project name: Math, Project ID: 41, Round:1, result: 0
2025-06-04 07:54:52,091 - Project name: Math, Project ID: 42, unable to generate mutants,just test the original test
2025-06-04 07:54:52,097 - Project name: Math, Project ID: 42, Result: Generated, failed
2025-06-04 07:55:23,788 - Project name: Math, Project ID: 43, unable to generate mutants,just test the original test
2025-06-04 07:55:23,788 - Project name: Math, Project ID: 43, Result: Generated, failed
2025-06-04 07:55:45,450 - Project name: Math, Project ID: 44, unable to generate mutants,just test the original test
2025-06-04 07:55:45,456 - Project name: Math, Project ID: 44, Result: Generated, failed
2025-06-04 07:56:21,169 - Project name: Math, Project ID: 45, unable to generate mutants,just test the original test
2025-06-04 07:56:21,169 - Project name: Math, Project ID: 45, Result: Success
2025-06-04 07:56:29,685 - Project name: Math, Project ID: 24, MS:69.47368421052632 CV:100.0,Round:4,TC: 3,MT: 0
2025-06-04 07:56:46,406 - Project name: Math, Project ID: 24, Round:3, result: 1
2025-06-04 07:56:55,977 - Project name: Math, Project ID: 46, unable to generate mutants,just test the original test
2025-06-04 07:56:55,977 - Project name: Math, Project ID: 46, Result: Success
2025-06-04 07:57:03,684 - Project name: Math, Project ID: 24, Result: Success
2025-06-04 07:57:38,525 - Project name: Math, Project ID: 47, unable to generate mutants,just test the original test
2025-06-04 07:57:38,530 - Project name: Math, Project ID: 47, Result: Success
2025-06-04 07:57:51,931 - Project name: Math, Project ID: 48, unable to generate mutants,just test the original test
2025-06-04 07:57:51,931 - Project name: Math, Project ID: 48, Result: Generated, failed
2025-06-04 07:58:24,951 - Project name: Math, Project ID: 49, unable to generate mutants,just test the original test
2025-06-04 07:58:24,952 - Project name: Math, Project ID: 49, Result: Success
2025-06-04 07:58:30,498 - Project name: Math, Project ID: 50, unable to generate mutants,just test the original test
2025-06-04 07:58:30,504 - Project name: Math, Project ID: 50, Result: Generated, failed
2025-06-04 08:00:18,906 - Project name: Math, Project ID: 41, MS:67.44186046511628 CV:100.0,Round:3,TC: 1,MT: 1
2025-06-04 08:00:32,518 - Project name: Math, Project ID: 41, Round:2, result: 0
2025-06-04 08:02:50,298 - Project name: Math, Project ID: 40, MS:51.85185185185185 CV:96.69811320754717,Round:4,TC: 3,MT: 0
2025-06-04 08:03:05,129 - Project name: Math, Project ID: 40, Round:3, result: 1
2025-06-04 08:03:17,971 - Project name: Math, Project ID: 40, Result: Success
2025-06-04 08:09:59,676 - Project name: Math, Project ID: 41, MS:67.44186046511628 CV:100.0,Round:4,TC: 2,MT: 1
2025-06-04 08:10:11,973 - Project name: Math, Project ID: 41, Round:3, result: 0
2025-06-04 08:10:24,630 - Project name: Math, Project ID: 41, Result: Generated, failed
2025-06-04 09:09:34,171 - Project name: Math, Project ID: 28, MS:17.972350230414747 CV:95.07042253521126,Round:3,TC: 2,MT: 0
2025-06-04 09:09:53,608 - Project name: Math, Project ID: 28, Round:2, result: 0
2025-06-04 09:10:08,794 - Project name: Math, Project ID: 39, MS:57.14285714285714 CV:99.33333333333333,Round:4,TC: 3,MT: 0
2025-06-04 09:10:22,298 - Project name: Math, Project ID: 39, Round:3, result: 0
2025-06-04 09:10:36,498 - Project name: Math, Project ID: 39, Result: Generated, failed
2025-06-04 09:44:56,837 - Project name: Math, Project ID: 7, MS:40.42553191489361 CV:98.35164835164835,Round:2,TC: 1,MT: 0
2025-06-04 09:45:10,358 - Project name: Math, Project ID: 7, Round:1, result: 0
2025-06-04 11:05:54,456 - Project name: Math, Project ID: 28, MS:17.972350230414747 CV:95.07042253521126,Round:4,TC: 3,MT: 0
2025-06-04 11:06:14,009 - Project name: Math, Project ID: 28, Round:3, result: 0
2025-06-04 11:06:33,849 - Project name: Math, Project ID: 28, Result: Generated, failed
2025-06-04 11:40:07,055 - Project name: Math, Project ID: 7, MS:40.42553191489361 CV:98.35164835164835,Round:3,TC: 2,MT: 0
2025-06-04 11:40:20,191 - Project name: Math, Project ID: 7, Round:2, result: 0
2025-06-04 13:34:41,661 - Project name: Math, Project ID: 7, MS:40.42553191489361 CV:98.35164835164835,Round:4,TC: 3,MT: 0
2025-06-04 13:34:54,128 - Project name: Math, Project ID: 7, Round:3, result: 0
2025-06-04 13:35:06,664 - Project name: Math, Project ID: 7, Result: Generated, failed
2025-06-04 20:42:44,987 - Project name: Math, Project ID: 42, unable to generate mutants,just test the original test
2025-06-04 20:42:44,988 - Project name: Math, Project ID: 42, Result: Generated, failed
2025-06-04 23:06:20,618 - Project name: Math, Project ID: 31, MS:78.99159663865547 CV:100.0,Round:2,TC: 1,MT: 0
2025-06-04 23:12:05,061 - Project name: Math, Project ID: 31, Round:1, result: 1
2025-06-04 23:17:39,005 - Project name: Math, Project ID: 31, Result: Success
