2025-05-17 00:25:11,259 - ERROR - Project Chart test 1: encountered an error: 'str' object has no attribute 'endwith'
2025-05-17 00:25:11,259 - ERROR - Project Chart test 2: encountered an error: 'str' object has no attribute 'endwith'
2025-05-17 00:25:11,260 - ERROR - Project Chart test 3: encountered an error: 'str' object has no attribute 'endwith'
2025-05-17 00:25:11,260 - ERROR - Project Chart test 4: encountered an error: 'str' object has no attribute 'endwith'
2025-05-17 00:25:11,260 - ERROR - Project Chart test 5: encountered an error: 'str' object has no attribute 'endwith'
2025-05-17 00:25:11,260 - ERROR - Project Chart test 6: encountered an error: 'str' object has no attribute 'endwith'
2025-05-17 00:25:11,260 - ERROR - Project Chart test 7: encountered an error: 'str' object has no attribute 'endwith'
2025-05-17 00:25:11,260 - ERROR - Project Chart test 8: encountered an error: 'str' object has no attribute 'endwith'
2025-05-17 00:25:11,260 - ERROR - Project Chart test 9: encountered an error: 'str' object has no attribute 'endwith'
2025-05-17 00:25:11,260 - ERROR - Project Chart test 10: encountered an error: 'str' object has no attribute 'endwith'
2025-05-17 00:25:11,260 - ERROR - Project Chart test 11: encountered an error: 'str' object has no attribute 'endwith'
2025-05-17 00:25:11,260 - ERROR - Project Chart test 12: encountered an error: 'str' object has no attribute 'endwith'
2025-05-17 00:25:11,260 - ERROR - Project Chart test 13: encountered an error: 'str' object has no attribute 'endwith'
2025-05-17 00:25:11,260 - ERROR - Project Chart test 14: encountered an error: 'str' object has no attribute 'endwith'
2025-05-17 00:25:11,260 - ERROR - Project Chart test 15: encountered an error: 'str' object has no attribute 'endwith'
2025-05-17 00:25:11,260 - ERROR - Project Chart test 16: encountered an error: 'str' object has no attribute 'endwith'
2025-05-17 00:25:11,260 - ERROR - Project Chart test 17: encountered an error: 'str' object has no attribute 'endwith'
2025-05-17 00:25:11,260 - ERROR - Project Chart test 18: encountered an error: 'str' object has no attribute 'endwith'
2025-05-17 00:25:11,260 - ERROR - Project Chart test 19: encountered an error: 'str' object has no attribute 'endwith'
2025-05-17 00:25:11,260 - ERROR - Project Chart test 20: encountered an error: 'str' object has no attribute 'endwith'
2025-05-17 00:25:11,260 - ERROR - Project Chart test 21: encountered an error: 'str' object has no attribute 'endwith'
2025-05-17 00:25:11,260 - ERROR - Project Chart test 22: encountered an error: 'str' object has no attribute 'endwith'
2025-05-17 00:25:11,260 - ERROR - Project Chart test 23: encountered an error: 'str' object has no attribute 'endwith'
2025-05-17 00:25:11,260 - ERROR - Project Chart test 24: encountered an error: 'str' object has no attribute 'endwith'
2025-05-17 00:25:11,260 - ERROR - Project Chart test 25: encountered an error: 'str' object has no attribute 'endwith'
2025-05-17 00:25:11,261 - ERROR - Project Chart test 26: encountered an error: 'str' object has no attribute 'endwith'
2025-05-17 00:25:11,261 - ERROR - Project Cli test 1: encountered an error: 'str' object has no attribute 'endwith'
2025-05-17 00:25:11,261 - ERROR - Project Cli test 2: encountered an error: 'str' object has no attribute 'endwith'
2025-05-17 00:25:11,261 - ERROR - Project Cli test 3: encountered an error: 'str' object has no attribute 'endwith'
2025-05-17 00:25:11,261 - ERROR - Project Cli test 4: encountered an error: 'str' object has no attribute 'endwith'
2025-05-17 00:25:11,261 - ERROR - Project Cli test 5: encountered an error: 'str' object has no attribute 'endwith'
2025-05-17 00:25:11,261 - ERROR - Project Cli test 6: encountered an error: [Errno 2] No such file or directory: './defects4j_fixed/Cli/Cli_6_fixed'
2025-05-17 00:25:11,261 - ERROR - Project Cli test 7: encountered an error: 'str' object has no attribute 'endwith'
2025-05-17 00:25:11,261 - ERROR - Project Cli test 8: encountered an error: 'str' object has no attribute 'endwith'
2025-05-17 00:25:11,261 - ERROR - Project Cli test 9: encountered an error: 'str' object has no attribute 'endwith'
2025-05-17 00:25:11,261 - ERROR - Project Cli test 10: encountered an error: 'str' object has no attribute 'endwith'
2025-05-17 00:25:11,261 - ERROR - Project Cli test 11: encountered an error: 'str' object has no attribute 'endwith'
2025-05-17 00:25:11,261 - ERROR - Project Cli test 12: encountered an error: 'str' object has no attribute 'endwith'
2025-05-17 00:25:11,261 - ERROR - Project Cli test 13: encountered an error: 'str' object has no attribute 'endwith'
2025-05-17 00:25:11,261 - ERROR - Project Cli test 14: encountered an error: 'str' object has no attribute 'endwith'
2025-05-17 00:25:11,261 - ERROR - Project Cli test 15: encountered an error: 'str' object has no attribute 'endwith'
2025-05-17 00:25:11,261 - ERROR - Project Cli test 16: encountered an error: 'str' object has no attribute 'endwith'
2025-05-17 00:25:11,261 - ERROR - Project Cli test 17: encountered an error: 'str' object has no attribute 'endwith'
2025-05-17 00:25:11,261 - ERROR - Project Cli test 18: encountered an error: 'str' object has no attribute 'endwith'
2025-05-17 00:25:11,261 - ERROR - Project Cli test 19: encountered an error: 'str' object has no attribute 'endwith'
2025-05-17 00:25:11,261 - ERROR - Project Cli test 20: encountered an error: 'str' object has no attribute 'endwith'
2025-05-17 00:25:11,261 - ERROR - Project Cli test 21: encountered an error: 'str' object has no attribute 'endwith'
2025-05-17 00:25:11,262 - ERROR - Project Cli test 22: encountered an error: 'str' object has no attribute 'endwith'
2025-05-17 00:25:11,262 - ERROR - Project Cli test 23: encountered an error: 'str' object has no attribute 'endwith'
2025-05-17 00:25:11,262 - ERROR - Project Cli test 24: encountered an error: 'str' object has no attribute 'endwith'
2025-05-17 00:25:11,262 - ERROR - Project Cli test 25: encountered an error: 'str' object has no attribute 'endwith'
2025-05-17 00:25:11,262 - ERROR - Project Cli test 26: encountered an error: 'str' object has no attribute 'endwith'
2025-05-17 00:25:11,262 - ERROR - Project Cli test 27: encountered an error: 'str' object has no attribute 'endwith'
2025-05-17 00:25:11,262 - ERROR - Project Cli test 28: encountered an error: 'str' object has no attribute 'endwith'
2025-05-17 00:25:11,262 - ERROR - Project Cli test 29: encountered an error: 'str' object has no attribute 'endwith'
2025-05-17 00:25:11,262 - ERROR - Project Cli test 30: encountered an error: 'str' object has no attribute 'endwith'
2025-05-17 00:25:11,262 - ERROR - Project Cli test 31: encountered an error: 'str' object has no attribute 'endwith'
2025-05-17 00:25:11,262 - ERROR - Project Cli test 32: encountered an error: 'str' object has no attribute 'endwith'
2025-05-17 00:25:11,262 - ERROR - Project Cli test 33: encountered an error: 'str' object has no attribute 'endwith'
2025-05-17 00:25:11,262 - ERROR - Project Cli test 34: encountered an error: 'str' object has no attribute 'endwith'
2025-05-17 00:25:11,262 - ERROR - Project Cli test 35: encountered an error: 'str' object has no attribute 'endwith'
2025-05-17 00:25:11,262 - ERROR - Project Cli test 36: encountered an error: 'str' object has no attribute 'endwith'
2025-05-17 00:25:11,262 - ERROR - Project Cli test 37: encountered an error: 'str' object has no attribute 'endwith'
2025-05-17 00:25:11,262 - ERROR - Project Cli test 38: encountered an error: 'str' object has no attribute 'endwith'
2025-05-17 00:25:11,262 - ERROR - Project Cli test 39: encountered an error: 'str' object has no attribute 'endwith'
2025-05-17 00:25:11,262 - ERROR - Project Cli test 40: encountered an error: 'str' object has no attribute 'endwith'
2025-05-17 00:25:11,262 - ERROR - Project Compress test 1: encountered an error: 'str' object has no attribute 'endwith'
2025-05-17 00:25:11,262 - ERROR - Project Compress test 2: encountered an error: 'str' object has no attribute 'endwith'
2025-05-17 00:25:11,262 - ERROR - Project Compress test 3: encountered an error: 'str' object has no attribute 'endwith'
2025-05-17 00:25:11,262 - ERROR - Project Compress test 4: encountered an error: 'str' object has no attribute 'endwith'
2025-05-17 00:25:11,263 - ERROR - Project Compress test 5: encountered an error: 'str' object has no attribute 'endwith'
2025-05-17 00:25:11,263 - ERROR - Project Compress test 6: encountered an error: 'str' object has no attribute 'endwith'
2025-05-17 00:25:11,263 - ERROR - Project Compress test 7: encountered an error: 'str' object has no attribute 'endwith'
2025-05-17 00:25:11,263 - ERROR - Project Compress test 8: encountered an error: 'str' object has no attribute 'endwith'
2025-05-17 00:25:11,263 - ERROR - Project Compress test 9: encountered an error: 'str' object has no attribute 'endwith'
2025-05-17 00:25:11,263 - ERROR - Project Compress test 10: encountered an error: 'str' object has no attribute 'endwith'
2025-05-17 00:25:11,263 - ERROR - Project Compress test 11: encountered an error: 'str' object has no attribute 'endwith'
2025-05-17 00:25:11,263 - ERROR - Project Compress test 12: encountered an error: 'str' object has no attribute 'endwith'
2025-05-17 00:25:11,263 - ERROR - Project Compress test 13: encountered an error: 'str' object has no attribute 'endwith'
2025-05-17 00:25:11,263 - ERROR - Project Compress test 14: encountered an error: 'str' object has no attribute 'endwith'
2025-05-17 00:25:11,263 - ERROR - Project Compress test 15: encountered an error: 'str' object has no attribute 'endwith'
2025-05-17 00:25:11,263 - ERROR - Project Compress test 16: encountered an error: 'str' object has no attribute 'endwith'
2025-05-17 00:25:11,263 - ERROR - Project Compress test 17: encountered an error: 'str' object has no attribute 'endwith'
2025-05-17 00:25:11,263 - ERROR - Project Compress test 18: encountered an error: 'str' object has no attribute 'endwith'
2025-05-17 00:25:11,263 - ERROR - Project Compress test 19: encountered an error: 'str' object has no attribute 'endwith'
2025-05-17 00:25:11,263 - ERROR - Project Compress test 20: encountered an error: 'str' object has no attribute 'endwith'
2025-05-17 00:25:11,263 - ERROR - Project Compress test 21: encountered an error: 'str' object has no attribute 'endwith'
2025-05-17 00:25:11,263 - ERROR - Project Compress test 22: encountered an error: 'str' object has no attribute 'endwith'
2025-05-17 00:25:11,263 - ERROR - Project Compress test 23: encountered an error: 'str' object has no attribute 'endwith'
2025-05-17 00:25:11,263 - ERROR - Project Compress test 24: encountered an error: 'str' object has no attribute 'endwith'
2025-05-17 00:25:11,263 - ERROR - Project Compress test 25: encountered an error: 'str' object has no attribute 'endwith'
2025-05-17 00:25:11,263 - ERROR - Project Compress test 26: encountered an error: 'str' object has no attribute 'endwith'
2025-05-17 00:25:11,264 - ERROR - Project Compress test 27: encountered an error: 'str' object has no attribute 'endwith'
2025-05-17 00:25:11,264 - ERROR - Project Compress test 28: encountered an error: 'str' object has no attribute 'endwith'
2025-05-17 00:25:11,264 - ERROR - Project Compress test 29: encountered an error: 'str' object has no attribute 'endwith'
2025-05-17 00:25:11,264 - ERROR - Project Compress test 30: encountered an error: 'str' object has no attribute 'endwith'
2025-05-17 00:25:11,264 - ERROR - Project Compress test 31: encountered an error: 'str' object has no attribute 'endwith'
2025-05-17 00:25:11,264 - ERROR - Project Compress test 32: encountered an error: 'str' object has no attribute 'endwith'
2025-05-17 00:25:11,264 - ERROR - Project Compress test 33: encountered an error: 'str' object has no attribute 'endwith'
2025-05-17 00:25:11,264 - ERROR - Project Compress test 34: encountered an error: 'str' object has no attribute 'endwith'
2025-05-17 00:25:11,264 - ERROR - Project Compress test 35: encountered an error: 'str' object has no attribute 'endwith'
2025-05-17 00:25:11,264 - ERROR - Project Compress test 36: encountered an error: 'str' object has no attribute 'endwith'
2025-05-17 00:25:11,264 - ERROR - Project Compress test 37: encountered an error: 'str' object has no attribute 'endwith'
2025-05-17 00:25:11,264 - ERROR - Project Compress test 38: encountered an error: 'str' object has no attribute 'endwith'
2025-05-17 00:25:11,264 - ERROR - Project Compress test 39: encountered an error: 'str' object has no attribute 'endwith'
2025-05-17 00:25:11,264 - ERROR - Project Compress test 40: encountered an error: 'str' object has no attribute 'endwith'
2025-05-17 00:25:11,264 - ERROR - Project Compress test 41: encountered an error: 'str' object has no attribute 'endwith'
2025-05-17 00:25:11,264 - ERROR - Project Compress test 42: encountered an error: 'str' object has no attribute 'endwith'
2025-05-17 00:25:11,264 - ERROR - Project Compress test 43: encountered an error: 'str' object has no attribute 'endwith'
2025-05-17 00:25:11,264 - ERROR - Project Compress test 44: encountered an error: 'str' object has no attribute 'endwith'
2025-05-17 00:25:11,264 - ERROR - Project Compress test 45: encountered an error: 'str' object has no attribute 'endwith'
2025-05-17 00:25:11,264 - ERROR - Project Compress test 46: encountered an error: 'str' object has no attribute 'endwith'
2025-05-17 00:25:11,264 - ERROR - Project Compress test 47: encountered an error: 'str' object has no attribute 'endwith'
2025-05-17 00:25:11,264 - ERROR - Project Csv test 1: encountered an error: 'str' object has no attribute 'endwith'
2025-05-17 00:25:11,265 - ERROR - Project Csv test 2: encountered an error: 'str' object has no attribute 'endwith'
2025-05-17 00:25:11,265 - ERROR - Project Csv test 3: encountered an error: 'str' object has no attribute 'endwith'
2025-05-17 00:25:11,265 - ERROR - Project Csv test 4: encountered an error: 'str' object has no attribute 'endwith'
2025-05-17 00:25:11,265 - ERROR - Project Csv test 5: encountered an error: 'str' object has no attribute 'endwith'
2025-05-17 00:25:11,265 - ERROR - Project Csv test 6: encountered an error: 'str' object has no attribute 'endwith'
2025-05-17 00:25:11,265 - ERROR - Project Csv test 7: encountered an error: 'str' object has no attribute 'endwith'
2025-05-17 00:25:11,265 - ERROR - Project Csv test 8: encountered an error: 'str' object has no attribute 'endwith'
2025-05-17 00:25:11,265 - ERROR - Project Csv test 9: encountered an error: 'str' object has no attribute 'endwith'
2025-05-17 00:25:11,265 - ERROR - Project Csv test 10: encountered an error: 'str' object has no attribute 'endwith'
2025-05-17 00:25:11,265 - ERROR - Project Csv test 11: encountered an error: 'str' object has no attribute 'endwith'
2025-05-17 00:25:11,265 - ERROR - Project Csv test 12: encountered an error: 'str' object has no attribute 'endwith'
2025-05-17 00:25:11,265 - ERROR - Project Csv test 13: encountered an error: 'str' object has no attribute 'endwith'
2025-05-17 00:25:11,265 - ERROR - Project Csv test 14: encountered an error: 'str' object has no attribute 'endwith'
2025-05-17 00:25:11,265 - ERROR - Project Csv test 15: encountered an error: 'str' object has no attribute 'endwith'
2025-05-17 00:25:11,265 - ERROR - Project Csv test 16: encountered an error: 'str' object has no attribute 'endwith'
2025-05-17 00:25:11,265 - ERROR - Project Gson test 1: encountered an error: 'str' object has no attribute 'endwith'
2025-05-17 00:25:11,265 - ERROR - Project Gson test 2: encountered an error: 'str' object has no attribute 'endwith'
2025-05-17 00:25:11,265 - ERROR - Project Gson test 3: encountered an error: 'str' object has no attribute 'endwith'
2025-05-17 00:25:11,265 - ERROR - Project Gson test 4: encountered an error: 'str' object has no attribute 'endwith'
2025-05-17 00:25:11,265 - ERROR - Project Gson test 5: encountered an error: 'str' object has no attribute 'endwith'
2025-05-17 00:25:11,265 - ERROR - Project Gson test 6: encountered an error: 'str' object has no attribute 'endwith'
2025-05-17 00:25:11,265 - ERROR - Project Gson test 7: encountered an error: 'str' object has no attribute 'endwith'
2025-05-17 00:25:11,266 - ERROR - Project Gson test 8: encountered an error: 'str' object has no attribute 'endwith'
2025-05-17 00:25:11,266 - ERROR - Project Gson test 9: encountered an error: 'str' object has no attribute 'endwith'
2025-05-17 00:25:11,266 - ERROR - Project Gson test 10: encountered an error: 'str' object has no attribute 'endwith'
2025-05-17 00:25:11,266 - ERROR - Project Gson test 11: encountered an error: 'str' object has no attribute 'endwith'
2025-05-17 00:25:11,266 - ERROR - Project Gson test 12: encountered an error: 'str' object has no attribute 'endwith'
2025-05-17 00:25:11,266 - ERROR - Project Gson test 13: encountered an error: 'str' object has no attribute 'endwith'
2025-05-17 00:25:11,266 - ERROR - Project Gson test 14: encountered an error: 'str' object has no attribute 'endwith'
2025-05-17 00:25:11,266 - ERROR - Project Gson test 15: encountered an error: 'str' object has no attribute 'endwith'
2025-05-17 00:25:11,266 - ERROR - Project Gson test 16: encountered an error: 'str' object has no attribute 'endwith'
2025-05-17 00:25:11,266 - ERROR - Project Gson test 17: encountered an error: 'str' object has no attribute 'endwith'
2025-05-17 00:25:11,266 - ERROR - Project Gson test 18: encountered an error: 'str' object has no attribute 'endwith'
2025-05-17 00:25:11,266 - ERROR - Project JxPath test 1: encountered an error: 'str' object has no attribute 'endwith'
2025-05-17 00:25:11,266 - ERROR - Project JxPath test 2: encountered an error: 'str' object has no attribute 'endwith'
2025-05-17 00:25:11,266 - ERROR - Project JxPath test 3: encountered an error: 'str' object has no attribute 'endwith'
2025-05-17 00:25:11,266 - ERROR - Project JxPath test 4: encountered an error: 'str' object has no attribute 'endwith'
2025-05-17 00:25:11,266 - ERROR - Project JxPath test 5: encountered an error: 'str' object has no attribute 'endwith'
2025-05-17 00:25:11,266 - ERROR - Project JxPath test 6: encountered an error: 'str' object has no attribute 'endwith'
2025-05-17 00:25:11,266 - ERROR - Project JxPath test 7: encountered an error: 'str' object has no attribute 'endwith'
2025-05-17 00:25:11,266 - ERROR - Project JxPath test 8: encountered an error: 'str' object has no attribute 'endwith'
2025-05-17 00:25:11,266 - ERROR - Project JxPath test 9: encountered an error: 'str' object has no attribute 'endwith'
2025-05-17 00:25:11,266 - ERROR - Project JxPath test 10: encountered an error: 'str' object has no attribute 'endwith'
2025-05-17 00:25:11,267 - ERROR - Project JxPath test 11: encountered an error: 'str' object has no attribute 'endwith'
2025-05-17 00:25:11,267 - ERROR - Project JxPath test 12: encountered an error: 'str' object has no attribute 'endwith'
2025-05-17 00:25:11,267 - ERROR - Project JxPath test 13: encountered an error: 'str' object has no attribute 'endwith'
2025-05-17 00:25:11,267 - ERROR - Project JxPath test 14: encountered an error: 'str' object has no attribute 'endwith'
2025-05-17 00:25:11,267 - ERROR - Project JxPath test 15: encountered an error: 'str' object has no attribute 'endwith'
2025-05-17 00:25:11,267 - ERROR - Project JxPath test 16: encountered an error: 'str' object has no attribute 'endwith'
2025-05-17 00:25:11,267 - ERROR - Project JxPath test 17: encountered an error: 'str' object has no attribute 'endwith'
2025-05-17 00:25:11,267 - ERROR - Project JxPath test 18: encountered an error: 'str' object has no attribute 'endwith'
2025-05-17 00:25:11,267 - ERROR - Project JxPath test 19: encountered an error: 'str' object has no attribute 'endwith'
2025-05-17 00:25:11,267 - ERROR - Project JxPath test 20: encountered an error: 'str' object has no attribute 'endwith'
2025-05-17 00:25:11,267 - ERROR - Project JxPath test 21: encountered an error: 'str' object has no attribute 'endwith'
2025-05-17 00:25:11,267 - ERROR - Project JxPath test 22: encountered an error: 'str' object has no attribute 'endwith'
2025-05-17 00:25:11,267 - ERROR - Project Math test 1: encountered an error: 'str' object has no attribute 'endwith'
2025-05-17 00:25:11,267 - ERROR - Project Math test 2: encountered an error: 'str' object has no attribute 'endwith'
2025-05-17 00:25:11,267 - ERROR - Project Math test 3: encountered an error: 'str' object has no attribute 'endwith'
2025-05-17 00:25:11,267 - ERROR - Project Math test 4: encountered an error: 'str' object has no attribute 'endwith'
2025-05-17 00:25:11,267 - ERROR - Project Math test 5: encountered an error: 'str' object has no attribute 'endwith'
2025-05-17 00:25:11,267 - ERROR - Project Math test 6: encountered an error: 'str' object has no attribute 'endwith'
2025-05-17 00:25:11,267 - ERROR - Project Math test 7: encountered an error: 'str' object has no attribute 'endwith'
2025-05-17 00:25:11,267 - ERROR - Project Math test 8: encountered an error: 'str' object has no attribute 'endwith'
2025-05-17 00:25:11,267 - ERROR - Project Math test 9: encountered an error: 'str' object has no attribute 'endwith'
2025-05-17 00:25:11,268 - ERROR - Project Math test 10: encountered an error: 'str' object has no attribute 'endwith'
2025-05-17 00:25:11,268 - ERROR - Project Math test 11: encountered an error: 'str' object has no attribute 'endwith'
2025-05-17 00:25:11,268 - ERROR - Project Math test 12: encountered an error: 'str' object has no attribute 'endwith'
2025-05-17 00:25:11,268 - ERROR - Project Math test 13: encountered an error: 'str' object has no attribute 'endwith'
2025-05-17 00:25:11,268 - ERROR - Project Math test 14: encountered an error: 'str' object has no attribute 'endwith'
2025-05-17 00:25:11,268 - ERROR - Project Math test 15: encountered an error: 'str' object has no attribute 'endwith'
2025-05-17 00:25:11,268 - ERROR - Project Math test 16: encountered an error: 'str' object has no attribute 'endwith'
2025-05-17 00:25:11,268 - ERROR - Project Math test 17: encountered an error: 'str' object has no attribute 'endwith'
2025-05-17 00:25:11,268 - ERROR - Project Math test 18: encountered an error: 'str' object has no attribute 'endwith'
2025-05-17 00:25:11,268 - ERROR - Project Math test 19: encountered an error: 'str' object has no attribute 'endwith'
2025-05-17 00:25:11,268 - ERROR - Project Math test 20: encountered an error: 'str' object has no attribute 'endwith'
2025-05-17 00:25:11,268 - ERROR - Project Math test 21: encountered an error: 'str' object has no attribute 'endwith'
2025-05-17 00:25:11,268 - ERROR - Project Math test 22: encountered an error: 'str' object has no attribute 'endwith'
2025-05-17 00:25:11,268 - ERROR - Project Math test 23: encountered an error: 'str' object has no attribute 'endwith'
2025-05-17 00:25:11,268 - ERROR - Project Math test 24: encountered an error: 'str' object has no attribute 'endwith'
2025-05-17 00:25:11,268 - ERROR - Project Math test 25: encountered an error: 'str' object has no attribute 'endwith'
2025-05-17 00:25:11,268 - ERROR - Project Math test 26: encountered an error: 'str' object has no attribute 'endwith'
2025-05-17 00:25:11,268 - ERROR - Project Math test 27: encountered an error: 'str' object has no attribute 'endwith'
2025-05-17 00:25:11,268 - ERROR - Project Math test 28: encountered an error: 'str' object has no attribute 'endwith'
2025-05-17 00:25:11,268 - ERROR - Project Math test 29: encountered an error: 'str' object has no attribute 'endwith'
2025-05-17 00:25:11,268 - ERROR - Project Math test 30: encountered an error: 'str' object has no attribute 'endwith'
2025-05-17 00:25:11,268 - ERROR - Project Math test 31: encountered an error: 'str' object has no attribute 'endwith'
2025-05-17 00:25:11,269 - ERROR - Project Math test 32: encountered an error: 'str' object has no attribute 'endwith'
2025-05-17 00:25:11,269 - ERROR - Project Math test 33: encountered an error: 'str' object has no attribute 'endwith'
2025-05-17 00:25:11,269 - ERROR - Project Math test 34: encountered an error: 'str' object has no attribute 'endwith'
2025-05-17 00:25:11,269 - ERROR - Project Math test 35: encountered an error: 'str' object has no attribute 'endwith'
2025-05-17 00:25:11,269 - ERROR - Project Math test 36: encountered an error: 'str' object has no attribute 'endwith'
2025-05-17 00:25:11,269 - ERROR - Project Math test 37: encountered an error: 'str' object has no attribute 'endwith'
2025-05-17 00:25:11,269 - ERROR - Project Math test 38: encountered an error: 'str' object has no attribute 'endwith'
2025-05-17 00:25:11,269 - ERROR - Project Math test 39: encountered an error: 'str' object has no attribute 'endwith'
2025-05-17 00:25:11,269 - ERROR - Project Math test 40: encountered an error: 'str' object has no attribute 'endwith'
2025-05-17 00:25:11,269 - ERROR - Project Math test 41: encountered an error: 'str' object has no attribute 'endwith'
2025-05-17 00:25:11,269 - ERROR - Project Math test 42: encountered an error: 'str' object has no attribute 'endwith'
2025-05-17 00:25:11,269 - ERROR - Project Math test 43: encountered an error: 'str' object has no attribute 'endwith'
2025-05-17 00:25:11,269 - ERROR - Project Math test 44: encountered an error: 'str' object has no attribute 'endwith'
2025-05-17 00:25:11,269 - ERROR - Project Math test 45: encountered an error: 'str' object has no attribute 'endwith'
2025-05-17 00:25:11,269 - ERROR - Project Math test 46: encountered an error: 'str' object has no attribute 'endwith'
2025-05-17 00:25:11,269 - ERROR - Project Math test 47: encountered an error: 'str' object has no attribute 'endwith'
2025-05-17 00:25:11,269 - ERROR - Project Math test 48: encountered an error: 'str' object has no attribute 'endwith'
2025-05-17 00:25:11,269 - ERROR - Project Math test 49: encountered an error: 'str' object has no attribute 'endwith'
2025-05-17 00:25:11,269 - ERROR - Project Math test 50: encountered an error: 'str' object has no attribute 'endwith'
2025-05-17 00:25:11,269 - ERROR - Project Math test 51: encountered an error: 'str' object has no attribute 'endwith'
2025-05-17 00:25:11,269 - ERROR - Project Math test 52: encountered an error: 'str' object has no attribute 'endwith'
2025-05-17 00:25:11,269 - ERROR - Project Math test 53: encountered an error: 'str' object has no attribute 'endwith'
2025-05-17 00:25:11,269 - ERROR - Project Math test 54: encountered an error: 'str' object has no attribute 'endwith'
2025-05-17 00:25:11,270 - ERROR - Project Math test 55: encountered an error: 'str' object has no attribute 'endwith'
2025-05-17 00:25:11,270 - ERROR - Project Math test 56: encountered an error: 'str' object has no attribute 'endwith'
2025-05-17 00:25:11,270 - ERROR - Project Math test 57: encountered an error: 'str' object has no attribute 'endwith'
2025-05-17 00:25:11,270 - ERROR - Project Math test 58: encountered an error: 'str' object has no attribute 'endwith'
2025-05-17 00:25:11,270 - ERROR - Project Math test 59: encountered an error: 'str' object has no attribute 'endwith'
2025-05-17 00:25:11,270 - ERROR - Project Math test 60: encountered an error: 'str' object has no attribute 'endwith'
2025-05-17 00:25:11,270 - ERROR - Project Math test 61: encountered an error: 'str' object has no attribute 'endwith'
2025-05-17 00:25:11,270 - ERROR - Project Math test 62: encountered an error: 'str' object has no attribute 'endwith'
2025-05-17 00:25:11,270 - ERROR - Project Math test 63: encountered an error: 'str' object has no attribute 'endwith'
2025-05-17 00:25:11,270 - ERROR - Project Math test 64: encountered an error: 'str' object has no attribute 'endwith'
2025-05-17 00:25:11,270 - ERROR - Project Math test 65: encountered an error: 'str' object has no attribute 'endwith'
2025-05-17 00:25:11,270 - ERROR - Project Math test 66: encountered an error: 'str' object has no attribute 'endwith'
2025-05-17 00:25:11,270 - ERROR - Project Math test 67: encountered an error: 'str' object has no attribute 'endwith'
2025-05-17 00:25:11,270 - ERROR - Project Math test 68: encountered an error: 'str' object has no attribute 'endwith'
2025-05-17 00:25:11,270 - ERROR - Project Math test 69: encountered an error: 'str' object has no attribute 'endwith'
2025-05-17 00:25:11,270 - ERROR - Project Math test 70: encountered an error: 'str' object has no attribute 'endwith'
2025-05-17 00:25:11,270 - ERROR - Project Math test 71: encountered an error: 'str' object has no attribute 'endwith'
2025-05-17 00:25:11,270 - ERROR - Project Math test 72: encountered an error: 'str' object has no attribute 'endwith'
2025-05-17 00:25:11,270 - ERROR - Project Math test 73: encountered an error: 'str' object has no attribute 'endwith'
2025-05-17 00:25:11,270 - ERROR - Project Math test 74: encountered an error: 'str' object has no attribute 'endwith'
2025-05-17 00:25:11,270 - ERROR - Project Math test 75: encountered an error: 'str' object has no attribute 'endwith'
2025-05-17 00:25:11,270 - ERROR - Project Math test 76: encountered an error: 'str' object has no attribute 'endwith'
2025-05-17 00:25:11,270 - ERROR - Project Math test 77: encountered an error: 'str' object has no attribute 'endwith'
2025-05-17 00:25:11,270 - ERROR - Project Math test 78: encountered an error: 'str' object has no attribute 'endwith'
2025-05-17 00:25:11,271 - ERROR - Project Math test 79: encountered an error: 'str' object has no attribute 'endwith'
2025-05-17 00:25:11,271 - ERROR - Project Math test 80: encountered an error: 'str' object has no attribute 'endwith'
2025-05-17 00:25:11,271 - ERROR - Project Math test 81: encountered an error: 'str' object has no attribute 'endwith'
2025-05-17 00:25:11,271 - ERROR - Project Math test 82: encountered an error: 'str' object has no attribute 'endwith'
2025-05-17 00:25:11,271 - ERROR - Project Math test 83: encountered an error: 'str' object has no attribute 'endwith'
2025-05-17 00:25:11,271 - ERROR - Project Math test 84: encountered an error: 'str' object has no attribute 'endwith'
2025-05-17 00:25:11,271 - ERROR - Project Math test 85: encountered an error: 'str' object has no attribute 'endwith'
2025-05-17 00:25:11,271 - ERROR - Project Math test 86: encountered an error: 'str' object has no attribute 'endwith'
2025-05-17 00:25:11,271 - ERROR - Project Math test 87: encountered an error: 'str' object has no attribute 'endwith'
2025-05-17 00:25:11,271 - ERROR - Project Math test 88: encountered an error: 'str' object has no attribute 'endwith'
2025-05-17 00:25:11,271 - ERROR - Project Math test 89: encountered an error: 'str' object has no attribute 'endwith'
2025-05-17 00:25:11,271 - ERROR - Project Math test 90: encountered an error: 'str' object has no attribute 'endwith'
2025-05-17 00:25:11,271 - ERROR - Project Math test 91: encountered an error: 'str' object has no attribute 'endwith'
2025-05-17 00:25:11,271 - ERROR - Project Math test 92: encountered an error: 'str' object has no attribute 'endwith'
2025-05-17 00:25:11,271 - ERROR - Project Math test 93: encountered an error: 'str' object has no attribute 'endwith'
2025-05-17 00:25:11,271 - ERROR - Project Math test 94: encountered an error: 'str' object has no attribute 'endwith'
2025-05-17 00:25:11,271 - ERROR - Project Math test 95: encountered an error: 'str' object has no attribute 'endwith'
2025-05-17 00:25:11,271 - ERROR - Project Math test 96: encountered an error: 'str' object has no attribute 'endwith'
2025-05-17 00:25:11,271 - ERROR - Project Math test 97: encountered an error: 'str' object has no attribute 'endwith'
2025-05-17 00:25:11,271 - ERROR - Project Math test 98: encountered an error: 'str' object has no attribute 'endwith'
2025-05-17 00:25:11,271 - ERROR - Project Math test 99: encountered an error: 'str' object has no attribute 'endwith'
2025-05-17 00:25:11,271 - ERROR - Project Math test 100: encountered an error: 'str' object has no attribute 'endwith'
2025-05-17 00:25:11,271 - ERROR - Project Math test 101: encountered an error: 'str' object has no attribute 'endwith'
2025-05-17 00:25:11,272 - ERROR - Project Math test 102: encountered an error: 'str' object has no attribute 'endwith'
2025-05-17 00:25:11,272 - ERROR - Project Math test 103: encountered an error: 'str' object has no attribute 'endwith'
2025-05-17 00:25:11,272 - ERROR - Project Math test 104: encountered an error: 'str' object has no attribute 'endwith'
2025-05-17 00:25:11,272 - ERROR - Project Math test 105: encountered an error: 'str' object has no attribute 'endwith'
2025-05-17 00:25:11,272 - ERROR - Project Math test 106: encountered an error: 'str' object has no attribute 'endwith'
2025-05-17 00:26:06,519 - INFO - Project Chart test 1: coverage result saved
2025-05-17 00:26:06,519 - INFO - Project Chart test 2: coverage result saved
2025-05-17 00:26:06,520 - INFO - Project Chart test 3: coverage result saved
2025-05-17 00:26:06,521 - INFO - Project Chart test 4: coverage result saved
2025-05-17 00:26:06,522 - INFO - Project Chart test 5: coverage result saved
2025-05-17 00:26:06,522 - INFO - Project Chart test 6: coverage result saved
2025-05-17 00:26:06,523 - INFO - Project Chart test 7: coverage result saved
2025-05-17 00:26:06,523 - INFO - Project Chart test 8: coverage result saved
2025-05-17 00:26:06,524 - INFO - Project Chart test 9: coverage result saved
2025-05-17 00:26:06,526 - INFO - Project Chart test 10: coverage result saved
2025-05-17 00:26:06,527 - INFO - Project Chart test 11: coverage result saved
2025-05-17 00:26:06,528 - INFO - Project Chart test 12: coverage result saved
2025-05-17 00:26:06,529 - INFO - Project Chart test 13: coverage result saved
2025-05-17 00:26:06,531 - INFO - Project Chart test 14: coverage result saved
2025-05-17 00:26:06,532 - INFO - Project Chart test 15: coverage result saved
2025-05-17 00:26:06,533 - INFO - Project Chart test 16: coverage result saved
2025-05-17 00:26:06,534 - INFO - Project Chart test 17: coverage result saved
2025-05-17 00:26:06,535 - INFO - Project Chart test 18: coverage result saved
2025-05-17 00:26:06,537 - INFO - Project Chart test 19: coverage result saved
2025-05-17 00:26:06,538 - INFO - Project Chart test 20: coverage result saved
2025-05-17 00:26:06,540 - INFO - Project Chart test 21: coverage result saved
2025-05-17 00:26:06,542 - INFO - Project Chart test 22: coverage result saved
2025-05-17 00:26:06,544 - INFO - Project Chart test 23: coverage result saved
2025-05-17 00:26:06,545 - INFO - Project Chart test 24: coverage result saved
2025-05-17 00:26:06,546 - INFO - Project Chart test 25: coverage result saved
2025-05-17 00:26:06,547 - INFO - Project Chart test 26: coverage result saved
2025-05-17 00:26:06,548 - INFO - Project Cli test 1: coverage result saved
2025-05-17 00:26:06,555 - INFO - Project Cli test 2: coverage result saved
2025-05-17 00:26:06,557 - INFO - Project Cli test 3: coverage result saved
2025-05-17 00:26:06,558 - INFO - Project Cli test 4: coverage result saved
2025-05-17 00:26:06,559 - INFO - Project Cli test 5: coverage result saved
2025-05-17 00:26:06,559 - ERROR - Project Cli test 6: encountered an error: [Errno 2] No such file or directory: './defects4j_fixed/Cli/Cli_6_fixed'
2025-05-17 00:26:06,560 - INFO - Project Cli test 7: coverage result saved
2025-05-17 00:26:06,561 - INFO - Project Cli test 8: coverage result saved
2025-05-17 00:26:06,562 - INFO - Project Cli test 9: coverage result saved
2025-05-17 00:26:06,563 - INFO - Project Cli test 10: coverage result saved
2025-05-17 00:26:06,564 - INFO - Project Cli test 11: coverage result saved
2025-05-17 00:26:06,565 - INFO - Project Cli test 12: coverage result saved
2025-05-17 00:26:06,566 - INFO - Project Cli test 13: coverage result saved
2025-05-17 00:26:06,568 - INFO - Project Cli test 14: coverage result saved
2025-05-17 00:26:06,569 - INFO - Project Cli test 15: coverage result saved
2025-05-17 00:26:06,572 - INFO - Project Cli test 16: coverage result saved
2025-05-17 00:26:06,608 - INFO - Project Cli test 17: coverage result saved
2025-05-17 00:26:06,633 - INFO - Project Cli test 18: coverage result saved
2025-05-17 00:26:06,635 - INFO - Project Cli test 19: coverage result saved
2025-05-17 00:26:06,642 - INFO - Project Cli test 20: coverage result saved
2025-05-17 00:26:06,644 - INFO - Project Cli test 21: coverage result saved
2025-05-17 00:26:06,646 - INFO - Project Cli test 22: coverage result saved
2025-05-17 00:26:06,648 - INFO - Project Cli test 23: coverage result saved
2025-05-17 00:26:06,650 - INFO - Project Cli test 24: coverage result saved
2025-05-17 00:26:06,653 - INFO - Project Cli test 25: coverage result saved
2025-05-17 00:26:06,657 - INFO - Project Cli test 26: coverage result saved
2025-05-17 00:26:06,661 - INFO - Project Cli test 27: coverage result saved
2025-05-17 00:26:06,680 - INFO - Project Cli test 28: coverage result saved
2025-05-17 00:26:06,685 - INFO - Project Cli test 29: coverage result saved
2025-05-17 00:26:06,688 - INFO - Project Cli test 30: coverage result saved
2025-05-17 00:26:06,691 - INFO - Project Cli test 31: coverage result saved
2025-05-17 00:26:06,693 - INFO - Project Cli test 32: coverage result saved
2025-05-17 00:26:06,695 - INFO - Project Cli test 33: coverage result saved
2025-05-17 00:26:06,702 - INFO - Project Cli test 34: coverage result saved
2025-05-17 00:26:06,704 - INFO - Project Cli test 35: coverage result saved
2025-05-17 00:26:06,707 - INFO - Project Cli test 36: coverage result saved
2025-05-17 00:26:06,710 - INFO - Project Cli test 37: coverage result saved
2025-05-17 00:26:06,716 - INFO - Project Cli test 38: coverage result saved
2025-05-17 00:26:06,722 - INFO - Project Cli test 39: coverage result saved
2025-05-17 00:26:06,725 - INFO - Project Cli test 40: coverage result saved
2025-05-17 00:26:06,738 - INFO - Project Compress test 1: coverage result saved
2025-05-17 00:26:06,740 - INFO - Project Compress test 2: coverage result saved
2025-05-17 00:26:06,744 - INFO - Project Compress test 3: coverage result saved
2025-05-17 00:26:06,747 - INFO - Project Compress test 4: coverage result saved
2025-05-17 00:26:06,750 - INFO - Project Compress test 5: coverage result saved
2025-05-17 00:26:06,753 - INFO - Project Compress test 6: coverage result saved
2025-05-17 00:26:06,758 - INFO - Project Compress test 7: coverage result saved
2025-05-17 00:26:06,764 - INFO - Project Compress test 8: coverage result saved
2025-05-17 00:26:06,767 - INFO - Project Compress test 9: coverage result saved
2025-05-17 00:26:06,777 - INFO - Project Compress test 10: coverage result saved
2025-05-17 00:26:06,781 - INFO - Project Compress test 11: coverage result saved
2025-05-17 00:26:06,786 - INFO - Project Compress test 12: coverage result saved
2025-05-17 00:26:06,788 - INFO - Project Compress test 13: coverage result saved
2025-05-17 00:26:06,794 - INFO - Project Compress test 14: coverage result saved
2025-05-17 00:26:06,797 - INFO - Project Compress test 15: coverage result saved
2025-05-17 00:26:06,804 - INFO - Project Compress test 16: coverage result saved
2025-05-17 00:26:06,806 - INFO - Project Compress test 17: coverage result saved
2025-05-17 00:26:06,808 - INFO - Project Compress test 18: coverage result saved
2025-05-17 00:26:06,822 - INFO - Project Compress test 19: coverage result saved
2025-05-17 00:26:06,824 - INFO - Project Compress test 20: coverage result saved
2025-05-17 00:26:06,830 - INFO - Project Compress test 21: coverage result saved
2025-05-17 00:26:06,834 - INFO - Project Compress test 22: coverage result saved
2025-05-17 00:26:06,844 - INFO - Project Compress test 23: coverage result saved
2025-05-17 00:26:06,849 - INFO - Project Compress test 24: coverage result saved
2025-05-17 00:26:06,858 - INFO - Project Compress test 25: coverage result saved
2025-05-17 00:26:06,864 - INFO - Project Compress test 26: coverage result saved
2025-05-17 00:26:06,895 - INFO - Project Compress test 27: coverage result saved
2025-05-17 00:26:06,905 - INFO - Project Compress test 28: coverage result saved
2025-05-17 00:26:06,914 - INFO - Project Compress test 29: coverage result saved
2025-05-17 00:26:06,920 - INFO - Project Compress test 30: coverage result saved
2025-05-17 00:26:06,935 - INFO - Project Compress test 31: coverage result saved
2025-05-17 00:26:06,939 - INFO - Project Compress test 32: coverage result saved
2025-05-17 00:26:06,943 - INFO - Project Compress test 33: coverage result saved
2025-05-17 00:26:06,952 - INFO - Project Compress test 34: coverage result saved
2025-05-17 00:26:06,959 - INFO - Project Compress test 35: coverage result saved
2025-05-17 00:26:06,966 - INFO - Project Compress test 36: coverage result saved
2025-05-17 00:26:06,978 - INFO - Project Compress test 37: coverage result saved
2025-05-17 00:26:06,987 - INFO - Project Compress test 38: coverage result saved
2025-05-17 00:26:07,008 - INFO - Project Compress test 39: coverage result saved
2025-05-17 00:26:07,039 - INFO - Project Compress test 40: coverage result saved
2025-05-17 00:26:07,051 - INFO - Project Compress test 41: coverage result saved
2025-05-17 00:26:07,069 - INFO - Project Compress test 42: coverage result saved
2025-05-17 00:26:07,090 - INFO - Project Compress test 43: coverage result saved
2025-05-17 00:26:07,104 - INFO - Project Compress test 44: coverage result saved
2025-05-17 00:26:07,122 - INFO - Project Compress test 45: coverage result saved
2025-05-17 00:26:07,134 - INFO - Project Compress test 46: coverage result saved
2025-05-17 00:26:07,140 - INFO - Project Compress test 47: coverage result saved
2025-05-17 00:26:07,173 - INFO - Project Csv test 1: coverage result saved
2025-05-17 00:26:07,183 - INFO - Project Csv test 2: coverage result saved
2025-05-17 00:26:07,186 - INFO - Project Csv test 3: coverage result saved
2025-05-17 00:26:07,198 - INFO - Project Csv test 4: coverage result saved
2025-05-17 00:26:07,290 - INFO - Project Csv test 5: coverage result saved
2025-05-17 00:26:07,308 - INFO - Project Csv test 6: coverage result saved
2025-05-17 00:26:07,313 - INFO - Project Csv test 7: coverage result saved
2025-05-17 00:26:07,330 - INFO - Project Csv test 8: coverage result saved
2025-05-17 00:26:07,344 - INFO - Project Csv test 9: coverage result saved
2025-05-17 00:26:07,348 - INFO - Project Csv test 10: coverage result saved
2025-05-17 00:26:07,351 - INFO - Project Csv test 11: coverage result saved
2025-05-17 00:26:07,377 - INFO - Project Csv test 12: coverage result saved
2025-05-17 00:26:07,420 - INFO - Project Csv test 13: coverage result saved
2025-05-17 00:26:07,440 - INFO - Project Csv test 14: coverage result saved
2025-05-17 00:26:07,456 - INFO - Project Csv test 15: coverage result saved
2025-05-17 00:26:07,499 - INFO - Project Csv test 16: coverage result saved
2025-05-17 00:26:07,541 - INFO - Project Gson test 1: coverage result saved
2025-05-17 00:26:07,566 - INFO - Project Gson test 2: coverage result saved
2025-05-17 00:26:07,583 - INFO - Project Gson test 3: coverage result saved
2025-05-17 00:26:07,616 - INFO - Project Gson test 4: coverage result saved
2025-05-17 00:26:07,658 - INFO - Project Gson test 5: coverage result saved
2025-05-17 00:26:07,700 - INFO - Project Gson test 6: coverage result saved
2025-05-17 00:26:07,725 - INFO - Project Gson test 7: coverage result saved
2025-05-17 00:26:07,751 - INFO - Project Gson test 8: coverage result saved
2025-05-17 00:26:07,783 - INFO - Project Gson test 9: coverage result saved
2025-05-17 00:26:07,818 - INFO - Project Gson test 10: coverage result saved
2025-05-17 00:26:07,857 - INFO - Project Gson test 11: coverage result saved
2025-05-17 00:26:07,887 - INFO - Project Gson test 12: coverage result saved
2025-05-17 00:26:07,924 - INFO - Project Gson test 13: coverage result saved
2025-05-17 00:26:07,949 - INFO - Project Gson test 14: coverage result saved
2025-05-17 00:26:07,986 - INFO - Project Gson test 15: coverage result saved
2025-05-17 00:26:08,007 - INFO - Project Gson test 16: coverage result saved
2025-05-17 00:26:08,033 - INFO - Project Gson test 17: coverage result saved
2025-05-17 00:26:08,062 - INFO - Project Gson test 18: coverage result saved
2025-05-17 00:26:08,082 - INFO - Project JxPath test 1: coverage result saved
2025-05-17 00:26:08,121 - INFO - Project JxPath test 2: coverage result saved
2025-05-17 00:26:08,158 - INFO - Project JxPath test 3: coverage result saved
2025-05-17 00:26:08,180 - INFO - Project JxPath test 4: coverage result saved
2025-05-17 00:26:08,233 - INFO - Project JxPath test 5: coverage result saved
2025-05-17 00:26:08,245 - INFO - Project JxPath test 6: coverage result saved
2025-05-17 00:26:08,289 - INFO - Project JxPath test 7: coverage result saved
2025-05-17 00:26:08,310 - INFO - Project JxPath test 8: coverage result saved
2025-05-17 00:26:08,338 - INFO - Project JxPath test 9: coverage result saved
2025-05-17 00:26:08,367 - INFO - Project JxPath test 10: coverage result saved
2025-05-17 00:26:08,421 - INFO - Project JxPath test 11: coverage result saved
2025-05-17 00:26:08,442 - INFO - Project JxPath test 12: coverage result saved
2025-05-17 00:26:08,466 - INFO - Project JxPath test 13: coverage result saved
2025-05-17 00:26:08,506 - INFO - Project JxPath test 14: coverage result saved
2025-05-17 00:26:08,547 - INFO - Project JxPath test 15: coverage result saved
2025-05-17 00:26:08,574 - INFO - Project JxPath test 16: coverage result saved
2025-05-17 00:26:08,596 - INFO - Project JxPath test 17: coverage result saved
2025-05-17 00:26:08,640 - INFO - Project JxPath test 18: coverage result saved
2025-05-17 00:26:08,660 - INFO - Project JxPath test 19: coverage result saved
2025-05-17 00:26:08,683 - INFO - Project JxPath test 20: coverage result saved
2025-05-17 00:26:08,726 - INFO - Project JxPath test 21: coverage result saved
2025-05-17 00:26:08,741 - INFO - Project JxPath test 22: coverage result saved
2025-05-17 00:26:08,775 - INFO - Project Math test 1: coverage result saved
2025-05-17 00:26:08,813 - INFO - Project Math test 2: coverage result saved
2025-05-17 00:26:08,850 - INFO - Project Math test 3: coverage result saved
2025-05-17 00:26:08,882 - INFO - Project Math test 4: coverage result saved
2025-05-17 00:26:08,938 - INFO - Project Math test 5: coverage result saved
2025-05-17 00:26:08,965 - INFO - Project Math test 6: coverage result saved
2025-05-17 00:26:09,003 - INFO - Project Math test 7: coverage result saved
2025-05-17 00:26:09,027 - INFO - Project Math test 8: coverage result saved
2025-05-17 00:26:09,148 - INFO - Project Math test 9: coverage result saved
2025-05-17 00:26:09,173 - INFO - Project Math test 10: coverage result saved
2025-05-17 00:26:09,211 - INFO - Project Math test 11: coverage result saved
2025-05-17 00:26:09,247 - INFO - Project Math test 12: coverage result saved
2025-05-17 00:26:09,295 - INFO - Project Math test 13: coverage result saved
2025-05-17 00:26:09,328 - INFO - Project Math test 14: coverage result saved
2025-05-17 00:26:09,398 - INFO - Project Math test 15: coverage result saved
2025-05-17 00:26:09,444 - INFO - Project Math test 16: coverage result saved
2025-05-17 00:26:09,466 - INFO - Project Math test 17: coverage result saved
2025-05-17 00:26:09,491 - INFO - Project Math test 18: coverage result saved
2025-05-17 00:26:09,556 - INFO - Project Math test 19: coverage result saved
2025-05-17 00:26:09,603 - INFO - Project Math test 20: coverage result saved
2025-05-17 00:26:09,645 - INFO - Project Math test 21: coverage result saved
2025-05-17 00:26:09,682 - INFO - Project Math test 22: coverage result saved
2025-05-17 00:26:09,734 - INFO - Project Math test 23: coverage result saved
2025-05-17 00:26:09,752 - INFO - Project Math test 24: coverage result saved
2025-05-17 00:26:09,800 - INFO - Project Math test 25: coverage result saved
2025-05-17 00:26:09,822 - INFO - Project Math test 26: coverage result saved
2025-05-17 00:26:09,881 - INFO - Project Math test 27: coverage result saved
2025-05-17 00:26:09,905 - INFO - Project Math test 28: coverage result saved
2025-05-17 00:26:09,935 - INFO - Project Math test 29: coverage result saved
2025-05-17 00:26:10,005 - INFO - Project Math test 30: coverage result saved
2025-05-17 00:26:10,023 - INFO - Project Math test 31: coverage result saved
2025-05-17 00:26:10,114 - INFO - Project Math test 32: coverage result saved
2025-05-17 00:26:10,145 - INFO - Project Math test 33: coverage result saved
2025-05-17 00:26:10,183 - INFO - Project Math test 34: coverage result saved
2025-05-17 00:26:10,246 - INFO - Project Math test 35: coverage result saved
2025-05-17 00:26:10,284 - INFO - Project Math test 36: coverage result saved
2025-05-17 00:26:10,328 - INFO - Project Math test 37: coverage result saved
2025-05-17 00:26:10,361 - INFO - Project Math test 38: coverage result saved
2025-05-17 00:26:10,438 - INFO - Project Math test 39: coverage result saved
2025-05-17 00:26:10,494 - INFO - Project Math test 40: coverage result saved
2025-05-17 00:26:10,517 - INFO - Project Math test 41: coverage result saved
2025-05-17 00:26:10,565 - INFO - Project Math test 42: coverage result saved
2025-05-17 00:26:10,609 - INFO - Project Math test 43: coverage result saved
2025-05-17 00:26:10,673 - INFO - Project Math test 44: coverage result saved
2025-05-17 00:26:10,718 - INFO - Project Math test 45: coverage result saved
2025-05-17 00:26:10,745 - INFO - Project Math test 46: coverage result saved
2025-05-17 00:26:10,794 - INFO - Project Math test 47: coverage result saved
2025-05-17 00:26:10,837 - INFO - Project Math test 48: coverage result saved
2025-05-17 00:26:10,924 - INFO - Project Math test 49: coverage result saved
2025-05-17 00:26:10,961 - INFO - Project Math test 50: coverage result saved
2025-05-17 00:26:11,063 - INFO - Project Math test 51: coverage result saved
2025-05-17 00:26:11,106 - INFO - Project Math test 52: coverage result saved
2025-05-17 00:26:11,170 - INFO - Project Math test 53: coverage result saved
2025-05-17 00:26:11,207 - INFO - Project Math test 54: coverage result saved
2025-05-17 00:26:11,247 - INFO - Project Math test 55: coverage result saved
2025-05-17 00:26:11,309 - INFO - Project Math test 56: coverage result saved
2025-05-17 00:26:11,382 - INFO - Project Math test 57: coverage result saved
2025-05-17 00:26:11,450 - INFO - Project Math test 58: coverage result saved
2025-05-17 00:26:11,586 - INFO - Project Math test 59: coverage result saved
2025-05-17 00:26:11,610 - INFO - Project Math test 60: coverage result saved
2025-05-17 00:26:11,644 - INFO - Project Math test 61: coverage result saved
2025-05-17 00:26:11,684 - INFO - Project Math test 62: coverage result saved
2025-05-17 00:26:11,699 - INFO - Project Math test 63: coverage result saved
2025-05-17 00:26:11,794 - INFO - Project Math test 64: coverage result saved
2025-05-17 00:26:11,829 - INFO - Project Math test 65: coverage result saved
2025-05-17 00:26:11,862 - INFO - Project Math test 66: coverage result saved
2025-05-17 00:26:11,908 - INFO - Project Math test 67: coverage result saved
2025-05-17 00:26:11,948 - INFO - Project Math test 68: coverage result saved
2025-05-17 00:26:11,972 - INFO - Project Math test 69: coverage result saved
2025-05-17 00:26:11,998 - INFO - Project Math test 70: coverage result saved
2025-05-17 00:26:12,050 - INFO - Project Math test 71: coverage result saved
2025-05-17 00:26:12,082 - INFO - Project Math test 72: coverage result saved
2025-05-17 00:26:12,101 - INFO - Project Math test 73: coverage result saved
2025-05-17 00:26:12,173 - INFO - Project Math test 74: coverage result saved
2025-05-17 00:26:12,208 - INFO - Project Math test 75: coverage result saved
2025-05-17 00:26:12,250 - INFO - Project Math test 76: coverage result saved
2025-05-17 00:26:12,286 - INFO - Project Math test 77: coverage result saved
2025-05-17 00:26:12,339 - INFO - Project Math test 78: coverage result saved
2025-05-17 00:26:12,380 - INFO - Project Math test 79: coverage result saved
2025-05-17 00:26:12,414 - INFO - Project Math test 80: coverage result saved
2025-05-17 00:26:12,456 - INFO - Project Math test 81: coverage result saved
2025-05-17 00:26:12,507 - INFO - Project Math test 82: coverage result saved
2025-05-17 00:26:12,578 - INFO - Project Math test 83: coverage result saved
2025-05-17 00:26:12,610 - INFO - Project Math test 84: coverage result saved
2025-05-17 00:26:12,642 - INFO - Project Math test 85: coverage result saved
2025-05-17 00:26:12,674 - INFO - Project Math test 86: coverage result saved
2025-05-17 00:26:12,737 - INFO - Project Math test 87: coverage result saved
2025-05-17 00:26:12,782 - INFO - Project Math test 88: coverage result saved
2025-05-17 00:26:12,820 - INFO - Project Math test 89: coverage result saved
2025-05-17 00:26:12,865 - INFO - Project Math test 90: coverage result saved
2025-05-17 00:26:12,901 - INFO - Project Math test 91: coverage result saved
2025-05-17 00:26:12,967 - INFO - Project Math test 92: coverage result saved
2025-05-17 00:26:12,982 - INFO - Project Math test 93: coverage result saved
2025-05-17 00:26:13,012 - INFO - Project Math test 94: coverage result saved
2025-05-17 00:26:13,064 - INFO - Project Math test 95: coverage result saved
2025-05-17 00:26:13,122 - INFO - Project Math test 96: coverage result saved
2025-05-17 00:26:13,158 - INFO - Project Math test 97: coverage result saved
2025-05-17 00:26:13,220 - INFO - Project Math test 98: coverage result saved
2025-05-17 00:26:13,270 - INFO - Project Math test 99: coverage result saved
2025-05-17 00:26:13,300 - INFO - Project Math test 100: coverage result saved
2025-05-17 00:26:13,373 - INFO - Project Math test 101: coverage result saved
2025-05-17 00:26:13,435 - INFO - Project Math test 102: coverage result saved
2025-05-17 00:26:13,496 - INFO - Project Math test 103: coverage result saved
2025-05-17 00:26:13,548 - INFO - Project Math test 104: coverage result saved
2025-05-17 00:26:13,651 - INFO - Project Math test 105: coverage result saved
2025-05-17 00:26:13,704 - INFO - Project Math test 106: coverage result saved
2025-05-17 00:27:53,515 - INFO - Project Chart test 1: coverage result saved
2025-05-17 00:28:00,456 - INFO - Project Chart test 2: coverage result saved
2025-05-17 00:28:07,099 - INFO - Project Chart test 3: coverage result saved
2025-05-17 03:32:14,052 - INFO - Project Chart test 1: coverage result saved
2025-05-17 03:32:20,306 - INFO - Project Chart test 2: coverage result saved
2025-05-17 03:32:26,128 - INFO - Project Chart test 3: coverage result saved
2025-05-17 03:32:33,030 - INFO - Project Chart test 4: coverage result saved
2025-05-17 03:32:38,910 - INFO - Project Chart test 5: coverage result saved
2025-05-17 03:32:43,953 - INFO - Project Chart test 6: coverage result saved
2025-05-17 03:32:44,027 - INFO - Project Chart test 7: coverage result saved
2025-05-17 03:32:49,428 - INFO - Project Chart test 8: coverage result saved
2025-05-17 03:32:55,321 - INFO - Project Chart test 9: coverage result saved
2025-05-17 03:33:00,249 - INFO - Project Chart test 10: coverage result saved
2025-05-17 03:33:06,472 - INFO - Project Chart test 11: coverage result saved
2025-05-17 03:33:12,255 - INFO - Project Chart test 12: coverage result saved
2025-05-17 03:33:18,405 - INFO - Project Chart test 13: coverage result saved
2025-05-17 03:33:25,720 - INFO - Project Chart test 14: coverage result saved
2025-05-17 03:33:32,059 - INFO - Project Chart test 15: coverage result saved
2025-05-17 03:33:37,263 - INFO - Project Chart test 16: coverage result saved
2025-05-17 03:33:42,942 - INFO - Project Chart test 17: coverage result saved
2025-05-17 03:33:48,049 - INFO - Project Chart test 18: coverage result saved
2025-05-17 03:33:54,574 - INFO - Project Chart test 19: coverage result saved
2025-05-17 03:34:00,285 - INFO - Project Chart test 20: coverage result saved
2025-05-17 03:34:06,692 - INFO - Project Chart test 21: coverage result saved
2025-05-17 03:34:12,945 - INFO - Project Chart test 22: coverage result saved
2025-05-17 03:34:18,082 - INFO - Project Chart test 23: coverage result saved
2025-05-17 03:34:23,108 - INFO - Project Chart test 24: coverage result saved
2025-05-17 03:34:30,105 - INFO - Project Chart test 25: coverage result saved
2025-05-17 03:34:36,338 - INFO - Project Chart test 26: coverage result saved
2025-05-17 03:34:41,409 - INFO - Project Cli test 1: coverage result saved
2025-05-17 03:34:47,276 - INFO - Project Cli test 2: coverage result saved
2025-05-17 03:34:51,234 - INFO - Project Cli test 3: coverage result saved
2025-05-17 03:34:55,164 - INFO - Project Cli test 4: coverage result saved
2025-05-17 03:34:59,169 - INFO - Project Cli test 5: coverage result saved
2025-05-17 03:34:59,169 - ERROR - Project Cli test 6: encountered an error: [Errno 2] No such file or directory: './defects4j_fixed/Cli/Cli_6_fixed'
2025-05-17 03:35:05,332 - INFO - Project Cli test 7: coverage result saved
2025-05-17 03:35:10,768 - INFO - Project Cli test 8: coverage result saved
2025-05-17 03:35:16,556 - INFO - Project Cli test 9: coverage result saved
2025-05-17 03:35:22,449 - INFO - Project Cli test 10: coverage result saved
2025-05-17 03:35:27,667 - INFO - Project Cli test 11: coverage result saved
2025-05-17 03:35:33,479 - INFO - Project Cli test 12: coverage result saved
2025-05-17 03:35:33,557 - INFO - Project Cli test 13: coverage result saved
2025-05-17 03:35:39,568 - INFO - Project Cli test 14: coverage result saved
2025-05-17 03:35:45,505 - INFO - Project Cli test 15: coverage result saved
2025-05-17 03:35:45,586 - INFO - Project Cli test 16: coverage result saved
2025-05-17 03:35:51,453 - INFO - Project Cli test 17: coverage result saved
2025-05-17 03:35:57,438 - INFO - Project Cli test 18: coverage result saved
2025-05-17 03:36:01,433 - INFO - Project Cli test 19: coverage result saved
2025-05-17 03:36:07,310 - INFO - Project Cli test 20: coverage result saved
2025-05-17 03:36:07,386 - INFO - Project Cli test 21: coverage result saved
2025-05-17 03:36:13,569 - INFO - Project Cli test 22: coverage result saved
2025-05-17 03:36:18,775 - INFO - Project Cli test 23: coverage result saved
2025-05-17 03:36:24,066 - INFO - Project Cli test 24: coverage result saved
2025-05-17 03:36:29,302 - INFO - Project Cli test 25: coverage result saved
2025-05-17 03:36:34,596 - INFO - Project Cli test 26: coverage result saved
2025-05-17 03:36:39,676 - INFO - Project Cli test 27: coverage result saved
2025-05-17 03:36:45,908 - INFO - Project Cli test 28: coverage result saved
2025-05-17 03:36:51,039 - INFO - Project Cli test 29: coverage result saved
2025-05-17 03:36:57,124 - INFO - Project Cli test 30: coverage result saved
2025-05-17 03:37:03,197 - INFO - Project Cli test 31: coverage result saved
2025-05-17 03:37:08,357 - INFO - Project Cli test 32: coverage result saved
2025-05-17 03:37:15,515 - INFO - Project Cli test 33: coverage result saved
2025-05-17 03:37:19,475 - INFO - Project Cli test 34: coverage result saved
2025-05-17 03:37:24,547 - INFO - Project Cli test 35: coverage result saved
2025-05-17 03:37:30,441 - INFO - Project Cli test 36: coverage result saved
2025-05-17 03:37:36,297 - INFO - Project Cli test 37: coverage result saved
2025-05-17 03:37:42,261 - INFO - Project Cli test 38: coverage result saved
2025-05-17 03:37:48,272 - INFO - Project Cli test 39: coverage result saved
2025-05-17 03:37:53,568 - INFO - Project Cli test 40: coverage result saved
2025-05-17 03:37:59,075 - INFO - Project Compress test 1: coverage result saved
2025-05-17 03:38:04,830 - INFO - Project Compress test 2: coverage result saved
2025-05-17 03:38:10,456 - INFO - Project Compress test 3: coverage result saved
2025-05-17 03:38:16,034 - INFO - Project Compress test 4: coverage result saved
2025-05-17 03:38:21,549 - INFO - Project Compress test 5: coverage result saved
2025-05-17 03:38:26,995 - INFO - Project Compress test 6: coverage result saved
2025-05-17 03:38:32,370 - INFO - Project Compress test 7: coverage result saved
2025-05-17 03:38:37,805 - INFO - Project Compress test 8: coverage result saved
2025-05-17 03:38:43,574 - INFO - Project Compress test 9: coverage result saved
2025-05-17 03:38:44,676 - INFO - Project Compress test 10: coverage result saved
2025-05-17 03:38:50,378 - INFO - Project Compress test 11: coverage result saved
2025-05-17 03:38:56,059 - INFO - Project Compress test 12: coverage result saved
2025-05-17 03:39:01,587 - INFO - Project Compress test 13: coverage result saved
2025-05-17 03:39:07,019 - INFO - Project Compress test 14: coverage result saved
2025-05-17 03:39:12,614 - INFO - Project Compress test 15: coverage result saved
2025-05-17 03:39:18,226 - INFO - Project Compress test 16: coverage result saved
2025-05-18 20:15:42,592 - INFO - Project Chart test 1: coverage result saved
2025-05-18 20:15:49,024 - INFO - Project Chart test 2: coverage result saved
2025-05-18 20:15:55,004 - INFO - Project Chart test 3: coverage result saved
2025-05-18 20:16:01,762 - INFO - Project Chart test 4: coverage result saved
2025-05-18 20:16:07,383 - INFO - Project Chart test 5: coverage result saved
2025-05-18 20:16:12,338 - INFO - Project Chart test 6: coverage result saved
2025-05-18 20:16:12,414 - INFO - Project Chart test 7: coverage result saved
2025-05-18 20:16:17,630 - INFO - Project Chart test 8: coverage result saved
2025-05-18 20:16:23,459 - INFO - Project Chart test 9: coverage result saved
2025-05-18 20:16:28,514 - INFO - Project Chart test 10: coverage result saved
2025-05-18 20:16:34,635 - INFO - Project Chart test 11: coverage result saved
2025-05-18 20:16:40,425 - INFO - Project Chart test 12: coverage result saved
2025-05-18 20:16:46,385 - INFO - Project Chart test 13: coverage result saved
2025-05-18 20:16:53,649 - INFO - Project Chart test 14: coverage result saved
2025-05-18 20:16:59,701 - INFO - Project Chart test 15: coverage result saved
2025-05-18 20:17:04,782 - INFO - Project Chart test 16: coverage result saved
2025-05-18 20:17:10,547 - INFO - Project Chart test 17: coverage result saved
2025-05-18 20:17:15,836 - INFO - Project Chart test 18: coverage result saved
2025-05-18 20:17:22,435 - INFO - Project Chart test 19: coverage result saved
2025-05-18 20:17:28,007 - INFO - Project Chart test 20: coverage result saved
2025-05-18 20:17:34,166 - INFO - Project Chart test 21: coverage result saved
2025-05-18 20:17:40,175 - INFO - Project Chart test 22: coverage result saved
2025-05-18 20:17:45,419 - INFO - Project Chart test 23: coverage result saved
2025-05-18 20:17:50,519 - INFO - Project Chart test 24: coverage result saved
2025-05-18 20:17:57,483 - INFO - Project Chart test 25: coverage result saved
2025-05-18 20:18:04,013 - INFO - Project Chart test 26: coverage result saved
2025-05-18 20:18:10,350 - INFO - Project Cli test 1: coverage result saved
2025-05-18 20:18:16,116 - INFO - Project Cli test 2: coverage result saved
2025-05-18 20:18:19,887 - INFO - Project Cli test 3: coverage result saved
2025-05-18 20:18:23,672 - INFO - Project Cli test 4: coverage result saved
2025-05-18 20:18:27,451 - INFO - Project Cli test 5: coverage result saved
2025-05-18 20:18:27,451 - ERROR - Project Cli test 6: encountered an error: [Errno 2] No such file or directory: './defects4j_fixed/Cli/Cli_6_fixed'
2025-05-18 20:18:33,358 - INFO - Project Cli test 7: coverage result saved
2025-05-18 20:18:38,537 - INFO - Project Cli test 8: coverage result saved
2025-05-18 20:18:44,484 - INFO - Project Cli test 9: coverage result saved
2025-05-18 20:18:50,130 - INFO - Project Cli test 10: coverage result saved
2025-05-18 20:18:55,106 - INFO - Project Cli test 11: coverage result saved
2025-05-18 20:19:00,604 - INFO - Project Cli test 12: coverage result saved
2025-05-18 20:19:00,681 - INFO - Project Cli test 13: coverage result saved
2025-05-18 20:19:06,399 - INFO - Project Cli test 14: coverage result saved
2025-05-18 20:19:12,099 - INFO - Project Cli test 15: coverage result saved
2025-05-18 20:19:12,183 - INFO - Project Cli test 16: coverage result saved
2025-05-18 20:19:17,950 - INFO - Project Cli test 17: coverage result saved
2025-05-18 20:19:23,666 - INFO - Project Cli test 18: coverage result saved
2025-05-18 20:19:27,449 - INFO - Project Cli test 19: coverage result saved
2025-05-18 20:19:33,303 - INFO - Project Cli test 20: coverage result saved
2025-05-18 20:19:33,382 - INFO - Project Cli test 21: coverage result saved
2025-05-18 20:19:39,335 - INFO - Project Cli test 22: coverage result saved
2025-05-18 20:19:44,484 - INFO - Project Cli test 23: coverage result saved
2025-05-18 20:19:49,582 - INFO - Project Cli test 24: coverage result saved
2025-05-18 20:19:54,616 - INFO - Project Cli test 25: coverage result saved
2025-05-18 20:19:59,503 - INFO - Project Cli test 26: coverage result saved
2025-05-18 20:20:04,299 - INFO - Project Cli test 27: coverage result saved
2025-05-18 20:20:10,296 - INFO - Project Cli test 28: coverage result saved
2025-05-18 20:20:15,171 - INFO - Project Cli test 29: coverage result saved
2025-05-18 20:20:21,045 - INFO - Project Cli test 30: coverage result saved
2025-05-18 20:20:26,809 - INFO - Project Cli test 31: coverage result saved
2025-05-18 20:20:31,787 - INFO - Project Cli test 32: coverage result saved
2025-05-18 20:20:37,495 - INFO - Project Cli test 33: coverage result saved
2025-05-18 20:20:41,247 - INFO - Project Cli test 34: coverage result saved
2025-05-18 20:20:46,172 - INFO - Project Cli test 35: coverage result saved
2025-05-18 20:20:51,605 - INFO - Project Cli test 36: coverage result saved
2025-05-18 20:20:57,384 - INFO - Project Cli test 37: coverage result saved
2025-05-18 20:21:02,861 - INFO - Project Cli test 38: coverage result saved
2025-05-18 20:21:08,439 - INFO - Project Cli test 39: coverage result saved
2025-05-18 20:21:13,408 - INFO - Project Cli test 40: coverage result saved
2025-05-18 20:21:19,542 - INFO - Project Compress test 1: coverage result saved
2025-05-18 20:21:25,116 - INFO - Project Compress test 2: coverage result saved
2025-05-18 20:21:31,421 - INFO - Project Compress test 3: coverage result saved
2025-05-18 20:21:37,753 - INFO - Project Compress test 4: coverage result saved
2025-05-18 20:21:43,032 - INFO - Project Compress test 5: coverage result saved
2025-05-18 20:21:49,068 - INFO - Project Compress test 6: coverage result saved
2025-05-18 20:21:55,037 - INFO - Project Compress test 7: coverage result saved
2025-05-18 20:22:01,056 - INFO - Project Compress test 8: coverage result saved
2025-05-18 20:22:06,619 - INFO - Project Compress test 9: coverage result saved
2025-05-18 20:22:07,640 - INFO - Project Compress test 10: coverage result saved
2025-05-18 20:22:12,938 - INFO - Project Compress test 11: coverage result saved
2025-05-18 20:22:18,327 - INFO - Project Compress test 12: coverage result saved
2025-05-18 20:22:24,374 - INFO - Project Compress test 13: coverage result saved
2025-05-18 20:22:30,260 - INFO - Project Compress test 14: coverage result saved
2025-05-18 20:22:36,268 - INFO - Project Compress test 15: coverage result saved
2025-05-18 20:22:41,671 - INFO - Project Compress test 16: coverage result saved
2025-05-18 20:22:44,606 - INFO - Project Compress test 17: coverage result saved
2025-05-18 20:22:49,037 - INFO - Project Compress test 18: coverage result saved
2025-05-18 20:22:54,246 - INFO - Project Compress test 19: coverage result saved
2025-05-18 20:22:55,304 - INFO - Project Compress test 20: coverage result saved
2025-05-18 20:23:00,616 - INFO - Project Compress test 21: coverage result saved
2025-05-18 20:23:06,501 - INFO - Project Compress test 22: coverage result saved
2025-05-18 20:23:12,326 - INFO - Project Compress test 23: coverage result saved
2025-05-18 20:23:17,529 - INFO - Project Compress test 24: coverage result saved
2025-05-18 20:23:23,052 - INFO - Project Compress test 25: coverage result saved
2025-05-18 20:23:27,297 - INFO - Project Compress test 26: coverage result saved
2025-05-18 20:23:32,544 - INFO - Project Compress test 27: coverage result saved
2025-05-18 20:23:36,797 - INFO - Project Compress test 28: coverage result saved
2025-05-18 20:23:42,534 - INFO - Project Compress test 29: coverage result saved
2025-05-18 20:23:48,025 - INFO - Project Compress test 30: coverage result saved
2025-05-18 20:23:53,374 - INFO - Project Compress test 31: coverage result saved
2025-05-18 20:23:58,836 - INFO - Project Compress test 32: coverage result saved
2025-05-18 20:24:04,399 - INFO - Project Compress test 33: coverage result saved
2025-05-18 20:24:09,536 - INFO - Project Compress test 34: coverage result saved
2025-05-18 20:24:14,806 - INFO - Project Compress test 35: coverage result saved
2025-05-18 20:24:20,335 - INFO - Project Compress test 36: coverage result saved
2025-05-18 20:26:09,737 - INFO - Project Compress test 37: coverage result saved
2025-05-18 20:26:15,287 - INFO - Project Compress test 38: coverage result saved
2025-05-18 20:26:20,652 - INFO - Project Compress test 39: coverage result saved
2025-05-18 20:26:26,216 - INFO - Project Compress test 40: coverage result saved
2025-05-18 20:26:27,277 - INFO - Project Compress test 41: coverage result saved
2025-05-18 20:26:27,354 - INFO - Project Compress test 42: coverage result saved
2025-05-18 20:26:33,288 - INFO - Project Compress test 43: coverage result saved
2025-05-18 20:26:37,455 - INFO - Project Compress test 44: coverage result saved
2025-05-18 20:26:42,794 - INFO - Project Compress test 45: coverage result saved
2025-05-18 20:26:48,100 - INFO - Project Compress test 46: coverage result saved
2025-05-18 20:26:54,012 - INFO - Project Compress test 47: coverage result saved
2025-05-18 20:26:59,884 - INFO - Project Csv test 1: coverage result saved
2025-05-18 20:27:05,610 - INFO - Project Csv test 2: coverage result saved
2025-05-18 20:27:11,410 - INFO - Project Csv test 3: coverage result saved
2025-05-18 20:27:15,676 - INFO - Project Csv test 4: coverage result saved
2025-05-18 20:27:20,114 - INFO - Project Csv test 5: coverage result saved
2025-05-18 20:27:25,435 - INFO - Project Csv test 6: coverage result saved
2025-05-18 20:27:29,771 - INFO - Project Csv test 7: coverage result saved
2025-05-18 20:27:34,895 - INFO - Project Csv test 8: coverage result saved
2025-05-18 20:27:40,049 - INFO - Project Csv test 9: coverage result saved
2025-05-18 20:27:45,808 - INFO - Project Csv test 10: coverage result saved
2025-05-18 20:27:50,264 - INFO - Project Csv test 11: coverage result saved
2025-05-18 20:27:56,885 - INFO - Project Csv test 12: coverage result saved
2025-05-18 20:27:57,995 - INFO - Project Csv test 13: coverage result saved
2025-05-18 20:28:03,369 - INFO - Project Csv test 14: coverage result saved
2025-05-18 20:28:08,684 - INFO - Project Csv test 15: coverage result saved
2025-05-18 20:28:14,556 - INFO - Project Csv test 16: coverage result saved
2025-05-18 20:28:20,302 - INFO - Project Gson test 1: coverage result saved
2025-05-18 20:28:21,241 - INFO - Project Gson test 2: coverage result saved
2025-05-18 20:28:26,872 - INFO - Project Gson test 3: coverage result saved
2025-05-18 20:28:27,820 - INFO - Project Gson test 4: coverage result saved
2025-05-18 20:28:32,671 - INFO - Project Gson test 5: coverage result saved
2025-05-18 20:28:37,359 - INFO - Project Gson test 6: coverage result saved
2025-05-18 20:28:42,535 - INFO - Project Gson test 7: coverage result saved
2025-05-18 20:28:47,784 - INFO - Project Gson test 8: coverage result saved
2025-05-18 20:28:52,904 - INFO - Project Gson test 9: coverage result saved
2025-05-18 20:28:53,849 - INFO - Project Gson test 10: coverage result saved
2025-05-18 20:28:57,604 - INFO - Project Gson test 11: coverage result saved
2025-05-18 20:29:03,840 - INFO - Project Gson test 12: coverage result saved
2025-05-18 20:29:12,221 - INFO - Project Gson test 13: coverage result saved
2025-05-18 20:29:17,894 - INFO - Project Gson test 14: coverage result saved
2025-05-18 20:29:18,842 - INFO - Project Gson test 15: coverage result saved
2025-05-18 20:29:24,570 - INFO - Project Gson test 16: coverage result saved
2025-05-18 20:29:30,268 - INFO - Project Gson test 17: coverage result saved
2025-05-18 20:29:35,751 - INFO - Project Gson test 18: coverage result saved
2025-05-18 20:29:42,500 - INFO - Project JxPath test 1: coverage result saved
2025-05-18 20:29:48,580 - INFO - Project JxPath test 2: coverage result saved
2025-05-18 20:29:55,129 - INFO - Project JxPath test 3: coverage result saved
2025-05-18 20:30:01,800 - INFO - Project JxPath test 4: coverage result saved
2025-05-18 20:30:07,886 - INFO - Project JxPath test 5: coverage result saved
2025-05-18 20:30:14,032 - INFO - Project JxPath test 6: coverage result saved
2025-05-18 20:30:19,049 - INFO - Project JxPath test 7: coverage result saved
2025-05-18 20:30:24,874 - INFO - Project JxPath test 8: coverage result saved
2025-05-18 20:30:25,907 - INFO - Project JxPath test 9: coverage result saved
2025-05-18 20:30:31,793 - INFO - Project JxPath test 10: coverage result saved
2025-05-18 20:30:37,879 - INFO - Project JxPath test 11: coverage result saved
2025-05-18 20:30:43,986 - INFO - Project JxPath test 12: coverage result saved
2025-05-18 20:30:50,251 - INFO - Project JxPath test 13: coverage result saved
2025-05-18 20:30:56,463 - INFO - Project JxPath test 14: coverage result saved
2025-05-18 20:31:02,386 - INFO - Project JxPath test 15: coverage result saved
2025-05-18 20:31:08,608 - INFO - Project JxPath test 16: coverage result saved
2025-05-18 20:31:14,728 - INFO - Project JxPath test 17: coverage result saved
2025-05-18 20:31:20,589 - INFO - Project JxPath test 18: coverage result saved
2025-05-18 20:31:27,116 - INFO - Project JxPath test 19: coverage result saved
2025-05-18 20:31:33,438 - INFO - Project JxPath test 20: coverage result saved
2025-05-18 20:31:38,618 - INFO - Project JxPath test 21: coverage result saved
2025-05-18 20:31:44,994 - INFO - Project JxPath test 22: coverage result saved
2025-05-18 20:31:51,905 - INFO - Project Math test 1: coverage result saved
2025-05-18 20:31:58,375 - INFO - Project Math test 2: coverage result saved
2025-05-18 20:32:04,976 - INFO - Project Math test 3: coverage result saved
2025-05-18 20:32:12,483 - INFO - Project Math test 4: coverage result saved
2025-05-18 20:32:18,931 - INFO - Project Math test 5: coverage result saved
2025-05-18 20:32:26,206 - INFO - Project Math test 6: coverage result saved
2025-05-18 20:32:33,328 - INFO - Project Math test 7: coverage result saved
2025-05-18 20:32:34,661 - INFO - Project Math test 8: coverage result saved
2025-05-18 20:32:41,549 - INFO - Project Math test 9: coverage result saved
2025-05-18 20:32:48,095 - INFO - Project Math test 10: coverage result saved
2025-05-18 20:32:54,973 - INFO - Project Math test 11: coverage result saved
2025-05-18 20:33:00,277 - INFO - Project Math test 12: coverage result saved
2025-05-18 20:33:07,344 - INFO - Project Math test 13: coverage result saved
2025-05-18 20:33:14,280 - INFO - Project Math test 14: coverage result saved
2025-05-18 20:33:20,861 - INFO - Project Math test 15: coverage result saved
2025-05-18 20:33:27,399 - INFO - Project Math test 16: coverage result saved
2025-05-18 20:33:32,735 - INFO - Project Math test 17: coverage result saved
2025-05-18 20:33:39,378 - INFO - Project Math test 18: coverage result saved
2025-05-18 20:33:46,745 - INFO - Project Math test 19: coverage result saved
2025-05-18 20:33:53,882 - INFO - Project Math test 20: coverage result saved
2025-05-18 20:33:59,206 - INFO - Project Math test 21: coverage result saved
2025-05-18 20:34:05,825 - INFO - Project Math test 22: coverage result saved
2025-05-18 20:34:13,025 - INFO - Project Math test 23: coverage result saved
2025-05-18 20:34:20,156 - INFO - Project Math test 24: coverage result saved
2025-05-18 20:34:26,795 - INFO - Project Math test 25: coverage result saved
2025-05-18 20:34:28,146 - INFO - Project Math test 26: coverage result saved
2025-05-18 20:34:34,589 - INFO - Project Math test 27: coverage result saved
2025-05-18 20:34:41,716 - INFO - Project Math test 28: coverage result saved
2025-05-18 20:34:49,177 - INFO - Project Math test 29: coverage result saved
2025-05-18 20:34:54,543 - INFO - Project Math test 30: coverage result saved
2025-05-18 20:35:01,776 - INFO - Project Math test 31: coverage result saved
2025-05-18 20:35:08,804 - INFO - Project Math test 32: coverage result saved
2025-05-18 20:35:16,017 - INFO - Project Math test 33: coverage result saved
2025-05-18 20:35:21,332 - INFO - Project Math test 34: coverage result saved
2025-05-18 20:35:28,184 - INFO - Project Math test 35: coverage result saved
2025-05-18 20:35:34,737 - INFO - Project Math test 36: coverage result saved
2025-05-18 20:35:41,458 - INFO - Project Math test 37: coverage result saved
2025-05-18 20:35:48,988 - INFO - Project Math test 38: coverage result saved
2025-05-18 20:35:50,551 - INFO - Project Math test 39: coverage result saved
2025-05-18 20:35:56,049 - INFO - Project Math test 40: coverage result saved
2025-05-18 20:36:02,755 - INFO - Project Math test 41: coverage result saved
2025-05-18 20:36:10,303 - INFO - Project Math test 42: coverage result saved
2025-05-18 20:36:17,594 - INFO - Project Math test 43: coverage result saved
2025-05-18 20:36:24,952 - INFO - Project Math test 44: coverage result saved
2025-05-18 20:36:30,217 - INFO - Project Math test 45: coverage result saved
2025-05-18 20:36:36,591 - INFO - Project Math test 46: coverage result saved
2025-05-18 20:36:41,935 - INFO - Project Math test 47: coverage result saved
2025-05-18 20:36:43,269 - INFO - Project Math test 48: coverage result saved
2025-05-18 20:36:51,077 - INFO - Project Math test 49: coverage result saved
2025-05-18 20:36:52,398 - INFO - Project Math test 50: coverage result saved
2025-05-18 20:36:53,983 - INFO - Project Math test 51: coverage result saved
2025-05-18 20:37:01,336 - INFO - Project Math test 52: coverage result saved
2025-05-18 20:37:07,648 - INFO - Project Math test 53: coverage result saved
2025-05-18 20:37:14,590 - INFO - Project Math test 54: coverage result saved
2025-05-18 20:37:21,247 - INFO - Project Math test 55: coverage result saved
2025-05-18 20:37:28,090 - INFO - Project Math test 56: coverage result saved
2025-05-18 20:37:35,651 - INFO - Project Math test 57: coverage result saved
2025-05-18 20:37:43,432 - INFO - Project Math test 58: coverage result saved
2025-05-18 20:37:51,007 - INFO - Project Math test 59: coverage result saved
2025-05-18 20:37:57,912 - INFO - Project Math test 60: coverage result saved
2025-05-18 20:38:04,879 - INFO - Project Math test 61: coverage result saved
2025-05-18 20:38:13,280 - INFO - Project Math test 62: coverage result saved
2025-05-18 20:38:20,522 - INFO - Project Math test 63: coverage result saved
2025-05-18 20:38:27,807 - INFO - Project Math test 64: coverage result saved
2025-05-18 20:38:29,172 - INFO - Project Math test 65: coverage result saved
2025-05-18 20:38:30,594 - INFO - Project Math test 66: coverage result saved
2025-05-18 20:38:37,708 - INFO - Project Math test 67: coverage result saved
2025-05-18 20:38:44,833 - INFO - Project Math test 68: coverage result saved
2025-05-18 20:38:52,127 - INFO - Project Math test 69: coverage result saved
2025-05-18 20:38:59,533 - INFO - Project Math test 70: coverage result saved
2025-05-18 20:39:00,879 - INFO - Project Math test 71: coverage result saved
2025-05-18 20:39:08,318 - INFO - Project Math test 72: coverage result saved
2025-05-18 20:39:15,883 - INFO - Project Math test 73: coverage result saved
2025-05-18 20:47:35,889 - INFO - Project Math test 74: coverage result saved
2025-05-18 20:47:43,369 - INFO - Project Math test 75: coverage result saved
2025-05-18 20:47:50,487 - INFO - Project Math test 76: coverage result saved
2025-05-18 20:47:56,858 - INFO - Project Math test 77: coverage result saved
2025-05-18 20:48:03,764 - INFO - Project Math test 78: coverage result saved
2025-05-18 20:48:10,091 - INFO - Project Math test 79: coverage result saved
2025-05-18 20:48:16,489 - INFO - Project Math test 80: coverage result saved
2025-05-18 20:48:23,829 - INFO - Project Math test 81: coverage result saved
2025-05-18 20:48:30,725 - INFO - Project Math test 82: coverage result saved
2025-05-18 20:48:38,143 - INFO - Project Math test 83: coverage result saved
2025-05-18 20:48:44,987 - INFO - Project Math test 84: coverage result saved
2025-05-18 20:48:51,923 - INFO - Project Math test 85: coverage result saved
2025-05-18 20:48:53,479 - INFO - Project Math test 86: coverage result saved
2025-05-18 20:48:59,896 - INFO - Project Math test 87: coverage result saved
2025-05-18 20:49:06,886 - INFO - Project Math test 88: coverage result saved
2025-05-18 20:49:14,151 - INFO - Project Math test 89: coverage result saved
2025-05-18 20:49:21,488 - INFO - Project Math test 90: coverage result saved
2025-05-18 20:49:27,808 - INFO - Project Math test 91: coverage result saved
2025-05-18 20:49:34,140 - INFO - Project Math test 92: coverage result saved
2025-05-18 20:49:40,485 - INFO - Project Math test 93: coverage result saved
2025-05-18 20:49:46,759 - INFO - Project Math test 94: coverage result saved
2025-05-18 20:49:53,403 - INFO - Project Math test 95: coverage result saved
2025-05-18 20:49:59,719 - INFO - Project Math test 96: coverage result saved
2025-05-18 20:50:06,831 - INFO - Project Math test 97: coverage result saved
2025-05-18 20:50:13,427 - INFO - Project Math test 98: coverage result saved
2025-05-18 20:50:19,717 - INFO - Project Math test 99: coverage result saved
2025-05-18 20:50:33,327 - INFO - Project Math test 100: coverage result saved
2025-05-18 20:50:44,145 - INFO - Project Math test 101: coverage result saved
2025-05-18 20:50:54,051 - INFO - Project Math test 102: coverage result saved
2025-05-18 20:51:04,125 - INFO - Project Math test 103: coverage result saved
2025-05-18 20:51:12,745 - INFO - Project Math test 104: coverage result saved
2025-05-18 20:51:22,463 - INFO - Project Math test 105: coverage result saved
2025-05-18 20:51:33,429 - INFO - Project Math test 106: coverage result saved
