2025-05-17 17:49:19,048 - INFO - Project Chart test 1: coverage result saved
2025-05-17 17:49:26,511 - INFO - Project Chart test 2: coverage result saved
2025-05-17 17:49:32,725 - INFO - Project Chart test 3: coverage result saved
2025-05-17 17:49:41,904 - INFO - Project Chart test 4: coverage result saved
2025-05-17 17:49:47,897 - INFO - Project Chart test 5: coverage result saved
2025-05-17 17:49:53,298 - INFO - Project Chart test 6: coverage result saved
2025-05-17 17:49:59,937 - INFO - Project Chart test 7: coverage result saved
2025-05-17 17:50:05,672 - INFO - Project Chart test 8: coverage result saved
2025-05-17 17:50:11,853 - INFO - Project Chart test 9: coverage result saved
2025-05-17 17:50:17,201 - INFO - Project Chart test 10: coverage result saved
2025-05-17 17:50:23,011 - INFO - Project Chart test 11: coverage result saved
2025-05-17 17:50:29,691 - INFO - Project Chart test 12: coverage result saved
2025-05-17 17:50:35,587 - INFO - Project Chart test 13: coverage result saved
2025-05-17 17:50:47,517 - INFO - Project Chart test 14: coverage result saved
2025-05-17 17:50:55,955 - INFO - Project Chart test 15: coverage result saved
2025-05-17 17:51:02,083 - INFO - Project Chart test 16: coverage result saved
2025-05-17 17:51:08,274 - INFO - Project Chart test 17: coverage result saved
2025-05-17 17:51:14,753 - INFO - Project Chart test 18: coverage result saved
2025-05-17 17:51:22,489 - INFO - Project Chart test 19: coverage result saved
2025-05-17 17:51:28,668 - INFO - Project Chart test 20: coverage result saved
2025-05-17 17:51:34,666 - INFO - Project Chart test 21: coverage result saved
2025-05-17 17:51:40,954 - INFO - Project Chart test 22: coverage result saved
2025-05-17 17:51:47,525 - INFO - Project Chart test 23: coverage result saved
2025-05-17 17:51:52,979 - INFO - Project Chart test 24: coverage result saved
2025-05-17 17:51:59,370 - INFO - Project Chart test 25: coverage result saved
2025-05-17 17:52:06,536 - INFO - Project Chart test 26: coverage result saved
2025-05-17 17:52:11,993 - INFO - Project Cli test 1: coverage result saved
2025-05-17 17:52:17,451 - INFO - Project Cli test 2: coverage result saved
2025-05-17 17:52:22,845 - INFO - Project Cli test 3: coverage result saved
2025-05-17 17:52:29,077 - INFO - Project Cli test 4: coverage result saved
2025-05-17 17:52:34,346 - INFO - Project Cli test 5: coverage result saved
2025-05-17 17:52:34,346 - ERROR - Project Cli test 6: encountered an error: [Errno 2] No such file or directory: './defects4j_fixed/Cli/Cli_6_fixed'
2025-05-17 17:52:39,995 - INFO - Project Cli test 7: coverage result saved
2025-05-17 17:52:45,666 - INFO - Project Cli test 8: coverage result saved
2025-05-17 17:52:51,958 - INFO - Project Cli test 9: coverage result saved
2025-05-17 17:52:58,343 - INFO - Project Cli test 10: coverage result saved
2025-05-17 17:53:04,746 - INFO - Project Cli test 11: coverage result saved
2025-05-17 17:53:10,098 - INFO - Project Cli test 12: coverage result saved
2025-05-17 17:53:17,732 - INFO - Project Cli test 13: coverage result saved
2025-05-17 17:53:24,385 - INFO - Project Cli test 14: coverage result saved
2025-05-17 17:53:30,149 - INFO - Project Cli test 15: coverage result saved
2025-05-17 17:53:38,056 - INFO - Project Cli test 16: coverage result saved
2025-05-17 17:53:43,439 - INFO - Project Cli test 17: coverage result saved
2025-05-17 17:53:48,909 - INFO - Project Cli test 18: coverage result saved
2025-05-17 17:53:54,353 - INFO - Project Cli test 19: coverage result saved
2025-05-17 17:53:59,815 - INFO - Project Cli test 20: coverage result saved
2025-05-17 17:54:07,566 - INFO - Project Cli test 21: coverage result saved
2025-05-17 17:54:12,966 - INFO - Project Cli test 22: coverage result saved
2025-05-17 17:54:19,397 - INFO - Project Cli test 23: coverage result saved
2025-05-17 17:54:25,715 - INFO - Project Cli test 24: coverage result saved
2025-05-17 17:54:32,004 - INFO - Project Cli test 25: coverage result saved
2025-05-17 17:54:37,449 - INFO - Project Cli test 26: coverage result saved
2025-05-17 17:54:42,755 - INFO - Project Cli test 27: coverage result saved
2025-05-17 17:54:48,265 - INFO - Project Cli test 28: coverage result saved
2025-05-17 17:54:53,613 - INFO - Project Cli test 29: coverage result saved
2025-05-17 17:54:59,975 - INFO - Project Cli test 30: coverage result saved
2025-05-17 17:55:06,668 - INFO - Project Cli test 31: coverage result saved
2025-05-17 17:55:12,335 - INFO - Project Cli test 32: coverage result saved
2025-05-17 17:55:18,789 - INFO - Project Cli test 33: coverage result saved
2025-05-17 17:55:24,426 - INFO - Project Cli test 34: coverage result saved
2025-05-17 17:55:29,828 - INFO - Project Cli test 35: coverage result saved
2025-05-17 17:55:35,389 - INFO - Project Cli test 36: coverage result saved
2025-05-17 17:55:40,867 - INFO - Project Cli test 37: coverage result saved
2025-05-17 17:55:46,344 - INFO - Project Cli test 38: coverage result saved
2025-05-17 17:55:47,432 - INFO - Project Cli test 39: coverage result saved
2025-05-17 17:55:52,796 - INFO - Project Cli test 40: coverage result saved
2025-05-17 17:55:58,663 - INFO - Project Compress test 1: coverage result saved
2025-05-17 17:56:05,064 - INFO - Project Compress test 2: coverage result saved
2025-05-17 17:56:10,794 - INFO - Project Compress test 3: coverage result saved
2025-05-17 17:56:17,212 - INFO - Project Compress test 4: coverage result saved
2025-05-17 17:56:23,821 - INFO - Project Compress test 5: coverage result saved
2025-05-17 17:56:29,742 - INFO - Project Compress test 6: coverage result saved
2025-05-17 17:56:35,309 - INFO - Project Compress test 7: coverage result saved
2025-05-17 17:56:41,188 - INFO - Project Compress test 8: coverage result saved
2025-05-17 17:56:47,286 - INFO - Project Compress test 9: coverage result saved
2025-05-17 17:56:53,365 - INFO - Project Compress test 10: coverage result saved
2025-05-17 17:56:59,369 - INFO - Project Compress test 11: coverage result saved
2025-05-17 17:57:05,351 - INFO - Project Compress test 12: coverage result saved
2025-05-17 17:57:11,402 - INFO - Project Compress test 13: coverage result saved
2025-05-17 17:57:17,148 - INFO - Project Compress test 14: coverage result saved
2025-05-17 17:57:23,298 - INFO - Project Compress test 15: coverage result saved
2025-05-17 17:57:29,202 - INFO - Project Compress test 16: coverage result saved
2025-05-17 17:57:35,075 - INFO - Project Compress test 17: coverage result saved
2025-05-17 17:57:41,085 - INFO - Project Compress test 18: coverage result saved
2025-05-17 17:57:46,854 - INFO - Project Compress test 19: coverage result saved
2025-05-17 17:57:52,770 - INFO - Project Compress test 20: coverage result saved
2025-05-17 17:57:59,091 - INFO - Project Compress test 21: coverage result saved
2025-05-17 17:58:04,907 - INFO - Project Compress test 22: coverage result saved
2025-05-17 17:58:11,605 - INFO - Project Compress test 23: coverage result saved
2025-05-17 17:58:17,522 - INFO - Project Compress test 24: coverage result saved
2025-05-17 17:58:23,544 - INFO - Project Compress test 25: coverage result saved
2025-05-17 17:58:29,221 - INFO - Project Compress test 26: coverage result saved
2025-05-17 17:58:35,051 - INFO - Project Compress test 27: coverage result saved
2025-05-17 17:58:40,981 - INFO - Project Compress test 28: coverage result saved
2025-05-17 17:58:48,998 - INFO - Project Compress test 29: coverage result saved
2025-05-17 17:58:54,834 - INFO - Project Compress test 30: coverage result saved
2025-05-17 17:59:00,670 - INFO - Project Compress test 31: coverage result saved
2025-05-17 17:59:07,444 - INFO - Project Compress test 32: coverage result saved
2025-05-17 17:59:13,508 - INFO - Project Compress test 33: coverage result saved
2025-05-17 17:59:19,272 - INFO - Project Compress test 34: coverage result saved
2025-05-17 17:59:25,157 - INFO - Project Compress test 35: coverage result saved
2025-05-17 17:59:31,028 - INFO - Project Compress test 36: coverage result saved
2025-05-17 17:59:37,720 - INFO - Project Compress test 37: coverage result saved
2025-05-17 17:59:44,076 - INFO - Project Compress test 38: coverage result saved
2025-05-17 17:59:50,147 - INFO - Project Compress test 39: coverage result saved
2025-05-17 17:59:55,899 - INFO - Project Compress test 40: coverage result saved
2025-05-17 18:00:02,028 - INFO - Project Compress test 41: coverage result saved
2025-05-17 18:00:09,316 - INFO - Project Compress test 42: coverage result saved
2025-05-17 18:00:15,756 - INFO - Project Compress test 43: coverage result saved
2025-05-17 18:00:21,480 - INFO - Project Compress test 44: coverage result saved
2025-05-17 18:00:27,260 - INFO - Project Compress test 45: coverage result saved
2025-05-17 18:00:33,285 - INFO - Project Compress test 46: coverage result saved
2025-05-17 18:00:39,468 - INFO - Project Compress test 47: coverage result saved
2025-05-17 18:00:44,949 - INFO - Project Csv test 1: coverage result saved
2025-05-17 18:00:50,500 - INFO - Project Csv test 2: coverage result saved
2025-05-17 18:00:56,884 - INFO - Project Csv test 3: coverage result saved
2025-05-17 18:01:03,227 - INFO - Project Csv test 4: coverage result saved
2025-05-17 18:01:10,208 - INFO - Project Csv test 5: coverage result saved
2025-05-17 18:01:15,820 - INFO - Project Csv test 6: coverage result saved
2025-05-17 18:01:22,285 - INFO - Project Csv test 7: coverage result saved
2025-05-17 18:01:29,061 - INFO - Project Csv test 8: coverage result saved
2025-05-17 18:01:34,595 - INFO - Project Csv test 9: coverage result saved
2025-05-17 18:01:41,666 - INFO - Project Csv test 10: coverage result saved
2025-05-17 18:01:48,091 - INFO - Project Csv test 11: coverage result saved
2025-05-17 18:01:53,912 - INFO - Project Csv test 12: coverage result saved
2025-05-17 18:02:01,388 - INFO - Project Csv test 13: coverage result saved
2025-05-17 18:02:09,563 - INFO - Project Csv test 14: coverage result saved
2025-05-17 18:02:20,656 - INFO - Project Csv test 15: coverage result saved
2025-05-17 18:02:26,440 - INFO - Project Csv test 16: coverage result saved
2025-05-17 18:02:31,788 - INFO - Project Gson test 1: coverage result saved
2025-05-17 18:02:37,762 - INFO - Project Gson test 2: coverage result saved
2025-05-17 18:02:43,061 - INFO - Project Gson test 3: coverage result saved
2025-05-17 18:02:50,087 - INFO - Project Gson test 4: coverage result saved
2025-05-17 18:02:55,448 - INFO - Project Gson test 5: coverage result saved
2025-05-17 18:03:01,764 - INFO - Project Gson test 6: coverage result saved
2025-05-17 18:03:07,519 - INFO - Project Gson test 7: coverage result saved
2025-05-17 18:03:07,596 - INFO - Project Gson test 8: coverage result saved
2025-05-17 18:03:14,681 - INFO - Project Gson test 9: coverage result saved
2025-05-17 18:03:20,303 - INFO - Project Gson test 10: coverage result saved
2025-05-17 18:03:27,089 - INFO - Project Gson test 11: coverage result saved
2025-05-17 18:03:32,670 - INFO - Project Gson test 12: coverage result saved
2025-05-17 18:03:38,364 - INFO - Project Gson test 13: coverage result saved
2025-05-17 18:03:39,332 - INFO - Project Gson test 14: coverage result saved
2025-05-17 18:03:44,915 - INFO - Project Gson test 15: coverage result saved
2025-05-17 18:03:45,874 - INFO - Project Gson test 16: coverage result saved
2025-05-17 18:03:51,380 - INFO - Project Gson test 17: coverage result saved
2025-05-17 18:03:52,358 - INFO - Project Gson test 18: coverage result saved
2025-05-17 18:04:00,309 - INFO - Project JxPath test 1: coverage result saved
2025-05-17 18:04:06,409 - INFO - Project JxPath test 2: coverage result saved
2025-05-17 18:04:12,504 - INFO - Project JxPath test 3: coverage result saved
2025-05-17 18:04:19,834 - INFO - Project JxPath test 4: coverage result saved
2025-05-17 18:04:26,045 - INFO - Project JxPath test 5: coverage result saved
2025-05-17 18:04:33,375 - INFO - Project JxPath test 6: coverage result saved
2025-05-17 18:04:39,986 - INFO - Project JxPath test 7: coverage result saved
2025-05-17 18:04:45,968 - INFO - Project JxPath test 8: coverage result saved
2025-05-17 18:04:52,521 - INFO - Project JxPath test 9: coverage result saved
2025-05-17 18:04:58,475 - INFO - Project JxPath test 10: coverage result saved
2025-05-17 18:05:04,944 - INFO - Project JxPath test 11: coverage result saved
2025-05-17 18:05:11,778 - INFO - Project JxPath test 12: coverage result saved
2025-05-17 18:05:18,751 - INFO - Project JxPath test 13: coverage result saved
2025-05-17 18:05:26,312 - INFO - Project JxPath test 14: coverage result saved
2025-05-17 18:05:32,093 - INFO - Project JxPath test 15: coverage result saved
2025-05-17 18:05:40,220 - INFO - Project JxPath test 16: coverage result saved
2025-05-17 18:05:46,544 - INFO - Project JxPath test 17: coverage result saved
2025-05-17 18:05:52,414 - INFO - Project JxPath test 18: coverage result saved
2025-05-17 18:06:00,119 - INFO - Project JxPath test 19: coverage result saved
2025-05-17 18:06:06,236 - INFO - Project JxPath test 20: coverage result saved
2025-05-17 18:06:12,123 - INFO - Project JxPath test 21: coverage result saved
2025-05-17 18:06:19,024 - INFO - Project JxPath test 22: coverage result saved
2025-05-17 18:06:26,738 - INFO - Project Math test 1: coverage result saved
2025-05-17 18:06:33,881 - INFO - Project Math test 2: coverage result saved
2025-05-17 18:06:42,134 - INFO - Project Math test 3: coverage result saved
2025-05-17 18:06:49,572 - INFO - Project Math test 4: coverage result saved
2025-05-17 18:06:57,209 - INFO - Project Math test 5: coverage result saved
2025-05-17 18:07:05,923 - INFO - Project Math test 6: coverage result saved
2025-05-17 18:07:14,570 - INFO - Project Math test 7: coverage result saved
2025-05-17 18:07:21,618 - INFO - Project Math test 8: coverage result saved
2025-05-17 18:07:28,682 - INFO - Project Math test 9: coverage result saved
2025-05-17 18:07:36,276 - INFO - Project Math test 10: coverage result saved
2025-05-17 18:07:43,539 - INFO - Project Math test 11: coverage result saved
2025-05-17 18:07:50,559 - INFO - Project Math test 12: coverage result saved
2025-05-17 18:07:57,445 - INFO - Project Math test 13: coverage result saved
2025-05-17 18:08:04,789 - INFO - Project Math test 14: coverage result saved
2025-05-17 18:08:12,803 - INFO - Project Math test 15: coverage result saved
2025-05-17 18:08:20,783 - INFO - Project Math test 16: coverage result saved
2025-05-17 18:08:27,821 - INFO - Project Math test 17: coverage result saved
2025-05-17 18:08:36,367 - INFO - Project Math test 18: coverage result saved
2025-05-17 18:08:43,959 - INFO - Project Math test 19: coverage result saved
2025-05-17 18:08:52,439 - INFO - Project Math test 20: coverage result saved
2025-05-17 18:09:00,876 - INFO - Project Math test 21: coverage result saved
2025-05-17 18:09:08,873 - INFO - Project Math test 22: coverage result saved
2025-05-17 18:09:15,962 - INFO - Project Math test 23: coverage result saved
2025-05-17 18:09:23,847 - INFO - Project Math test 24: coverage result saved
2025-05-17 18:09:30,959 - INFO - Project Math test 25: coverage result saved
2025-05-17 18:09:38,115 - INFO - Project Math test 26: coverage result saved
2025-05-17 18:09:45,184 - INFO - Project Math test 27: coverage result saved
2025-05-17 18:09:53,527 - INFO - Project Math test 28: coverage result saved
2025-05-17 18:10:02,092 - INFO - Project Math test 29: coverage result saved
2025-05-17 18:10:09,024 - INFO - Project Math test 30: coverage result saved
2025-05-17 18:10:15,714 - INFO - Project Math test 31: coverage result saved
2025-05-17 18:10:22,834 - INFO - Project Math test 32: coverage result saved
2025-05-17 18:10:30,216 - INFO - Project Math test 33: coverage result saved
2025-05-17 18:10:37,699 - INFO - Project Math test 34: coverage result saved
2025-05-17 18:10:44,449 - INFO - Project Math test 35: coverage result saved
2025-05-17 18:10:51,867 - INFO - Project Math test 36: coverage result saved
2025-05-17 18:10:59,197 - INFO - Project Math test 37: coverage result saved
2025-05-17 18:11:06,584 - INFO - Project Math test 38: coverage result saved
2025-05-17 18:11:14,646 - INFO - Project Math test 39: coverage result saved
2025-05-17 18:11:21,900 - INFO - Project Math test 40: coverage result saved
2025-05-17 18:11:28,911 - INFO - Project Math test 41: coverage result saved
2025-05-17 18:11:36,485 - INFO - Project Math test 42: coverage result saved
2025-05-17 18:11:43,684 - INFO - Project Math test 43: coverage result saved
2025-05-17 18:11:52,247 - INFO - Project Math test 44: coverage result saved
2025-05-17 18:11:59,635 - INFO - Project Math test 45: coverage result saved
2025-05-17 18:12:07,573 - INFO - Project Math test 46: coverage result saved
2025-05-17 18:12:15,435 - INFO - Project Math test 47: coverage result saved
2025-05-17 18:12:23,034 - INFO - Project Math test 48: coverage result saved
2025-05-17 18:12:31,373 - INFO - Project Math test 49: coverage result saved
2025-05-17 18:12:38,836 - INFO - Project Math test 50: coverage result saved
2025-05-17 18:12:46,319 - INFO - Project Math test 51: coverage result saved
2025-05-17 18:12:54,375 - INFO - Project Math test 52: coverage result saved
2025-05-17 18:13:03,000 - INFO - Project Math test 53: coverage result saved
2025-05-17 18:13:10,314 - INFO - Project Math test 54: coverage result saved
2025-05-17 18:13:17,965 - INFO - Project Math test 55: coverage result saved
2025-05-17 18:13:25,981 - INFO - Project Math test 56: coverage result saved
2025-05-17 18:13:33,277 - INFO - Project Math test 57: coverage result saved
2025-05-17 18:13:39,613 - INFO - Project Math test 58: coverage result saved
2025-05-17 18:13:49,858 - INFO - Project Math test 59: coverage result saved
2025-05-17 18:13:57,115 - INFO - Project Math test 60: coverage result saved
2025-05-17 18:14:04,346 - INFO - Project Math test 61: coverage result saved
2025-05-17 18:14:12,422 - INFO - Project Math test 62: coverage result saved
2025-05-17 18:14:21,226 - INFO - Project Math test 63: coverage result saved
2025-05-17 18:14:29,016 - INFO - Project Math test 64: coverage result saved
2025-05-17 18:14:36,895 - INFO - Project Math test 65: coverage result saved
2025-05-17 18:14:43,972 - INFO - Project Math test 66: coverage result saved
2025-05-17 18:14:52,177 - INFO - Project Math test 67: coverage result saved
2025-05-17 18:14:59,180 - INFO - Project Math test 68: coverage result saved
2025-05-17 18:15:06,083 - INFO - Project Math test 69: coverage result saved
2025-05-17 18:15:12,919 - INFO - Project Math test 70: coverage result saved
2025-05-17 18:15:21,148 - INFO - Project Math test 71: coverage result saved
2025-05-17 18:15:27,999 - INFO - Project Math test 72: coverage result saved
2025-05-17 18:15:34,958 - INFO - Project Math test 73: coverage result saved
2025-05-17 18:15:42,643 - INFO - Project Math test 74: coverage result saved
2025-05-17 18:15:50,244 - INFO - Project Math test 75: coverage result saved
2025-05-17 18:15:57,333 - INFO - Project Math test 76: coverage result saved
2025-05-17 18:16:06,337 - INFO - Project Math test 77: coverage result saved
2025-05-17 18:16:14,177 - INFO - Project Math test 78: coverage result saved
2025-05-17 18:16:21,415 - INFO - Project Math test 79: coverage result saved
2025-05-17 18:16:28,766 - INFO - Project Math test 80: coverage result saved
2025-05-17 18:16:36,070 - INFO - Project Math test 81: coverage result saved
2025-05-17 18:16:43,956 - INFO - Project Math test 82: coverage result saved
2025-05-17 18:16:51,212 - INFO - Project Math test 83: coverage result saved
2025-05-17 18:16:59,090 - INFO - Project Math test 84: coverage result saved
2025-05-17 18:17:06,025 - INFO - Project Math test 85: coverage result saved
2025-05-17 18:17:13,067 - INFO - Project Math test 86: coverage result saved
2025-05-17 18:17:20,088 - INFO - Project Math test 87: coverage result saved
2025-05-17 18:17:27,021 - INFO - Project Math test 88: coverage result saved
2025-05-17 18:17:34,421 - INFO - Project Math test 89: coverage result saved
2025-05-17 18:17:42,192 - INFO - Project Math test 90: coverage result saved
2025-05-17 18:17:49,206 - INFO - Project Math test 91: coverage result saved
2025-05-17 18:17:56,522 - INFO - Project Math test 92: coverage result saved
2025-05-17 18:18:03,788 - INFO - Project Math test 93: coverage result saved
2025-05-17 18:18:11,036 - INFO - Project Math test 94: coverage result saved
2025-05-17 18:18:17,955 - INFO - Project Math test 95: coverage result saved
2025-05-17 18:18:24,976 - INFO - Project Math test 96: coverage result saved
2025-05-17 18:18:31,929 - INFO - Project Math test 97: coverage result saved
2025-05-17 18:18:39,651 - INFO - Project Math test 98: coverage result saved
2025-05-17 18:18:46,918 - INFO - Project Math test 99: coverage result saved
2025-05-17 18:18:58,728 - INFO - Project Math test 100: coverage result saved
2025-05-17 18:19:09,050 - INFO - Project Math test 101: coverage result saved
2025-05-17 18:19:19,533 - INFO - Project Math test 102: coverage result saved
2025-05-17 18:19:30,379 - INFO - Project Math test 103: coverage result saved
2025-05-17 18:19:40,664 - INFO - Project Math test 104: coverage result saved
2025-05-17 18:19:51,029 - INFO - Project Math test 105: coverage result saved
2025-05-17 18:20:01,906 - INFO - Project Math test 106: coverage result saved
