2025-05-08 18:01:48,304 - INFO - Project Chart test 1: result = 0,number_fixed =  0,number_bug = 0
2025-05-08 18:03:21,661 - INFO - Project Chart test 2: result = 0,number_fixed =  0,number_bug = 0
2025-05-08 18:04:42,055 - INFO - Project Chart test 3: result = 0,number_fixed =  0,number_bug = 0
2025-05-08 18:06:28,736 - INFO - Project Chart test 4: result = 1,number_fixed =  0,number_bug = 1
2025-05-08 18:07:43,736 - INFO - Project Chart test 5: result = 0,number_fixed =  0,number_bug = 0
2025-05-08 18:08:57,265 - INFO - Project Chart test 6: result = 0,number_fixed =  0,number_bug = 0
2025-05-08 18:10:14,216 - INFO - Project Chart test 7: result = 0,number_fixed =  0,number_bug = 0
2025-05-08 18:11:26,404 - INFO - Project Chart test 8: result = 1,number_fixed =  0,number_bug = 1
2025-05-08 18:12:46,099 - INFO - Project Chart test 9: result = 0,number_fixed =  0,number_bug = 0
2025-05-08 18:13:57,591 - INFO - Project Chart test 10: result = 0,number_fixed =  0,number_bug = 0
2025-05-08 18:15:12,722 - INFO - Project Chart test 11: result = 1,number_fixed =  0,number_bug = 3
2025-05-08 18:16:39,492 - INFO - Project Chart test 12: result = 0,number_fixed =  0,number_bug = 0
2025-05-08 18:17:56,252 - INFO - Project Chart test 13: result = 0,number_fixed =  0,number_bug = 0
2025-05-08 18:20:10,621 - INFO - Project Chart test 14: result = 1,number_fixed =  0,number_bug = 8
2025-05-08 18:21:51,312 - INFO - Project Chart test 15: result = 1,number_fixed =  0,number_bug = 5
2025-05-08 18:23:14,455 - INFO - Project Chart test 16: result = 1,number_fixed =  0,number_bug = 5
2025-05-08 18:24:32,890 - INFO - Project Chart test 17: result = 1,number_fixed =  0,number_bug = 1
2025-05-08 18:25:55,247 - INFO - Project Chart test 18: result = 1,number_fixed =  0,number_bug = 4
2025-05-08 18:27:29,337 - INFO - Project Chart test 19: result = 1,number_fixed =  0,number_bug = 2
2025-05-08 18:28:52,971 - INFO - Project Chart test 20: result = 0,number_fixed =  0,number_bug = 0
2025-05-08 18:30:04,488 - INFO - Project Chart test 21: result = 1,number_fixed =  0,number_bug = 1
2025-05-08 18:31:16,679 - INFO - Project Chart test 22: result = 1,number_fixed =  0,number_bug = 5
2025-05-08 18:32:32,444 - INFO - Project Chart test 23: result = 1,number_fixed =  0,number_bug = 3
2025-05-08 18:33:39,002 - INFO - Project Chart test 24: result = 0,number_fixed =  0,number_bug = 0
2025-05-08 18:34:56,804 - INFO - Project Chart test 25: result = 0,number_fixed =  0,number_bug = 0
2025-05-08 18:36:17,638 - INFO - Project Chart test 26: result = 1,number_fixed =  0,number_bug = 1
2025-05-08 18:36:52,966 - INFO - Project Cli test 1: result = 0,number_fixed =  0,number_bug = 0
2025-05-08 18:37:30,621 - INFO - Project Cli test 2: result = 1,number_fixed =  0,number_bug = 1
2025-05-08 18:38:07,472 - INFO - Project Cli test 3: result = 0,number_fixed =  0,number_bug = 0
2025-05-08 18:38:48,292 - INFO - Project Cli test 4: result = 0,number_fixed =  0,number_bug = 0
2025-05-08 18:39:22,331 - INFO - Project Cli test 5: result = 1,number_fixed =  0,number_bug = 1
2025-05-08 18:39:22,461 - INFO - Project Cli test 6: result = 0,number_fixed =  -1,number_bug = -1
2025-05-08 18:39:58,760 - INFO - Project Cli test 7: result = 0,number_fixed =  0,number_bug = 0
2025-05-08 18:40:36,323 - INFO - Project Cli test 8: result = 1,number_fixed =  0,number_bug = 2
2025-05-08 18:41:15,723 - INFO - Project Cli test 9: result = 0,number_fixed =  0,number_bug = 0
2025-05-08 18:41:57,288 - INFO - Project Cli test 10: result = 0,number_fixed =  0,number_bug = 0
2025-05-08 18:42:40,117 - INFO - Project Cli test 11: result = 0,number_fixed =  0,number_bug = 0
2025-05-08 18:43:15,315 - INFO - Project Cli test 12: result = 0,number_fixed =  0,number_bug = 0
2025-05-08 18:43:57,680 - INFO - Project Cli test 13: result = 1,number_fixed =  0,number_bug = -1
2025-05-08 18:44:43,892 - INFO - Project Cli test 14: result = 0,number_fixed =  0,number_bug = 0
2025-05-08 18:45:24,223 - INFO - Project Cli test 15: result = 1,number_fixed =  0,number_bug = 1
2025-05-08 18:46:07,204 - INFO - Project Cli test 16: result = 1,number_fixed =  1,number_bug = -1
2025-05-08 18:46:44,603 - INFO - Project Cli test 17: result = 0,number_fixed =  0,number_bug = 0
2025-05-08 18:47:22,630 - INFO - Project Cli test 18: result = 1,number_fixed =  0,number_bug = 1
2025-05-08 18:47:58,719 - INFO - Project Cli test 19: result = 1,number_fixed =  0,number_bug = 1
2025-05-08 18:48:35,480 - INFO - Project Cli test 20: result = 1,number_fixed =  0,number_bug = 1
2025-05-08 18:49:29,888 - INFO - Project Cli test 21: result = 0,number_fixed =  0,number_bug = 0
2025-05-08 18:50:05,480 - INFO - Project Cli test 22: result = 1,number_fixed =  0,number_bug = 2
2025-05-08 18:50:47,784 - INFO - Project Cli test 23: result = 1,number_fixed =  0,number_bug = 5
2025-05-08 18:51:32,288 - INFO - Project Cli test 24: result = 1,number_fixed =  0,number_bug = 2
2025-05-08 18:52:16,731 - INFO - Project Cli test 25: result = 1,number_fixed =  0,number_bug = 2
2025-05-08 18:52:53,078 - INFO - Project Cli test 26: result = 0,number_fixed =  0,number_bug = 0
2025-05-08 18:53:28,180 - INFO - Project Cli test 27: result = 0,number_fixed =  0,number_bug = 0
2025-05-08 18:54:06,049 - INFO - Project Cli test 28: result = 0,number_fixed =  0,number_bug = 0
2025-05-08 18:54:41,564 - INFO - Project Cli test 29: result = 1,number_fixed =  0,number_bug = 2
2025-05-08 18:55:23,569 - INFO - Project Cli test 30: result = 0,number_fixed =  0,number_bug = 0
2025-05-08 18:56:12,656 - INFO - Project Cli test 31: result = 1,number_fixed =  0,number_bug = 1
2025-05-08 18:56:49,304 - INFO - Project Cli test 32: result = 1,number_fixed =  0,number_bug = 4
2025-05-08 18:57:30,964 - INFO - Project Cli test 33: result = 0,number_fixed =  0,number_bug = 0
2025-05-08 18:58:13,143 - INFO - Project Cli test 34: result = 1,number_fixed =  0,number_bug = 4
2025-05-08 18:58:48,267 - INFO - Project Cli test 35: result = 0,number_fixed =  0,number_bug = 0
2025-05-08 18:59:26,198 - INFO - Project Cli test 36: result = 0,number_fixed =  0,number_bug = 0
2025-05-08 19:00:01,956 - INFO - Project Cli test 37: result = 0,number_fixed =  0,number_bug = 0
2025-05-08 19:00:37,969 - INFO - Project Cli test 38: result = 0,number_fixed =  0,number_bug = 0
2025-05-08 19:00:58,792 - INFO - Project Cli test 39: result = 0,number_fixed =  -1,number_bug = -1
2025-05-08 19:01:33,353 - INFO - Project Cli test 40: result = 1,number_fixed =  0,number_bug = 1
2025-05-08 19:02:13,871 - INFO - Project Compress test 1: result = 1,number_fixed =  0,number_bug = 2
2025-05-08 19:02:56,088 - INFO - Project Compress test 2: result = 0,number_fixed =  0,number_bug = 0
2025-05-08 19:03:35,085 - INFO - Project Compress test 3: result = 1,number_fixed =  0,number_bug = 1
2025-05-08 19:04:19,544 - INFO - Project Compress test 4: result = 1,number_fixed =  0,number_bug = 3
2025-05-08 19:05:06,451 - INFO - Project Compress test 5: result = 0,number_fixed =  0,number_bug = 0
2025-05-08 19:05:45,298 - INFO - Project Compress test 6: result = 1,number_fixed =  0,number_bug = 1
2025-05-08 19:06:23,830 - INFO - Project Compress test 7: result = 0,number_fixed =  0,number_bug = 0
2025-05-08 19:07:00,271 - INFO - Project Compress test 8: result = 1,number_fixed =  0,number_bug = 3
2025-05-08 19:07:41,135 - INFO - Project Compress test 9: result = 1,number_fixed =  0,number_bug = 1
2025-05-08 19:08:19,592 - INFO - Project Compress test 10: result = 0,number_fixed =  0,number_bug = 0
2025-05-08 19:08:59,160 - INFO - Project Compress test 11: result = 1,number_fixed =  0,number_bug = 1
2025-05-08 19:09:39,046 - INFO - Project Compress test 12: result = 0,number_fixed =  0,number_bug = 0
2025-05-08 19:10:22,323 - INFO - Project Compress test 13: result = 0,number_fixed =  0,number_bug = 0
2025-05-08 19:11:01,724 - INFO - Project Compress test 14: result = 1,number_fixed =  0,number_bug = 2
2025-05-08 19:11:44,482 - INFO - Project Compress test 15: result = 0,number_fixed =  0,number_bug = 0
2025-05-08 19:12:25,632 - INFO - Project Compress test 16: result = 0,number_fixed =  0,number_bug = 0
2025-05-08 19:13:06,176 - INFO - Project Compress test 17: result = 1,number_fixed =  0,number_bug = 1
2025-05-08 19:13:46,708 - INFO - Project Compress test 18: result = 1,number_fixed =  0,number_bug = 1
2025-05-08 19:14:23,598 - INFO - Project Compress test 19: result = 1,number_fixed =  0,number_bug = 1
2025-05-08 19:15:01,805 - INFO - Project Compress test 20: result = 0,number_fixed =  0,number_bug = 0
2025-05-08 19:15:45,053 - INFO - Project Compress test 21: result = 0,number_fixed =  0,number_bug = 0
2025-05-08 19:16:22,085 - INFO - Project Compress test 22: result = 0,number_fixed =  0,number_bug = 0
2025-05-08 19:17:07,252 - INFO - Project Compress test 23: result = 1,number_fixed =  0,number_bug = 1
2025-05-08 19:17:47,004 - INFO - Project Compress test 24: result = 1,number_fixed =  0,number_bug = 1
2025-05-08 19:18:26,029 - INFO - Project Compress test 25: result = 0,number_fixed =  0,number_bug = 0
2025-05-08 19:19:04,242 - INFO - Project Compress test 26: result = 0,number_fixed =  0,number_bug = 0
2025-05-08 19:19:41,812 - INFO - Project Compress test 27: result = 0,number_fixed =  0,number_bug = 0
2025-05-08 19:20:24,730 - INFO - Project Compress test 28: result = 0,number_fixed =  0,number_bug = 0
2025-05-08 19:21:21,765 - INFO - Project Compress test 29: result = 0,number_fixed =  0,number_bug = 0
2025-05-08 19:22:01,581 - INFO - Project Compress test 30: result = 0,number_fixed =  0,number_bug = 0
2025-05-08 19:22:40,740 - INFO - Project Compress test 31: result = 1,number_fixed =  2,number_bug = 1
2025-05-08 19:23:25,491 - INFO - Project Compress test 32: result = 0,number_fixed =  0,number_bug = 0
2025-05-08 19:23:59,282 - INFO - Project Compress test 33: result = 1,number_fixed =  0,number_bug = -1
2025-05-08 19:24:35,208 - INFO - Project Compress test 34: result = 1,number_fixed =  0,number_bug = 1
2025-05-08 19:25:13,953 - INFO - Project Compress test 35: result = 0,number_fixed =  0,number_bug = 0
2025-05-08 19:25:52,932 - INFO - Project Compress test 36: result = 0,number_fixed =  0,number_bug = 0
2025-05-08 19:26:37,825 - INFO - Project Compress test 37: result = 0,number_fixed =  0,number_bug = 0
2025-05-08 19:27:22,903 - INFO - Project Compress test 38: result = 0,number_fixed =  0,number_bug = 0
2025-05-08 19:28:04,106 - INFO - Project Compress test 39: result = 0,number_fixed =  0,number_bug = 0
2025-05-08 19:28:43,023 - INFO - Project Compress test 40: result = 0,number_fixed =  0,number_bug = 0
2025-05-08 19:29:25,969 - INFO - Project Compress test 41: result = 1,number_fixed =  0,number_bug = 1
2025-05-08 19:30:11,910 - INFO - Project Compress test 42: result = 0,number_fixed =  0,number_bug = 0
2025-05-08 19:30:56,736 - INFO - Project Compress test 43: result = 0,number_fixed =  0,number_bug = 0
2025-05-08 19:31:35,233 - INFO - Project Compress test 44: result = 1,number_fixed =  0,number_bug = 2
2025-05-08 19:32:19,007 - INFO - Project Compress test 45: result = 1,number_fixed =  0,number_bug = 2
2025-05-08 19:33:00,391 - INFO - Project Compress test 46: result = 1,number_fixed =  0,number_bug = 1
2025-05-08 19:33:41,263 - INFO - Project Compress test 47: result = 0,number_fixed =  0,number_bug = 0
2025-05-08 19:34:16,799 - INFO - Project Csv test 1: result = 0,number_fixed =  0,number_bug = 0
2025-05-08 19:34:54,736 - INFO - Project Csv test 2: result = 0,number_fixed =  0,number_bug = 0
2025-05-08 19:35:33,431 - INFO - Project Csv test 3: result = 1,number_fixed =  0,number_bug = 2
2025-05-08 19:36:15,379 - INFO - Project Csv test 4: result = 1,number_fixed =  0,number_bug = 1
2025-05-08 19:37:04,917 - INFO - Project Csv test 5: result = 0,number_fixed =  0,number_bug = 0
2025-05-08 19:37:42,884 - INFO - Project Csv test 6: result = 1,number_fixed =  0,number_bug = 1
2025-05-08 19:38:25,341 - INFO - Project Csv test 7: result = 0,number_fixed =  0,number_bug = 0
2025-05-08 19:39:07,319 - INFO - Project Csv test 8: result = 1,number_fixed =  0,number_bug = 1
2025-05-08 19:39:44,034 - INFO - Project Csv test 9: result = 1,number_fixed =  0,number_bug = 1
2025-05-08 19:40:32,320 - INFO - Project Csv test 10: result = 1,number_fixed =  0,number_bug = 1
2025-05-08 19:41:16,508 - INFO - Project Csv test 11: result = 1,number_fixed =  0,number_bug = 2
2025-05-08 19:41:58,172 - INFO - Project Csv test 12: result = 1,number_fixed =  0,number_bug = 1
2025-05-08 19:42:51,980 - INFO - Project Csv test 13: result = 1,number_fixed =  0,number_bug = 7
2025-05-08 19:43:44,915 - INFO - Project Csv test 14: result = 0,number_fixed =  0,number_bug = 0
2025-05-08 19:44:45,602 - INFO - Project Csv test 15: result = 0,number_fixed =  0,number_bug = 0
2025-05-08 19:45:16,358 - INFO - Project Csv test 16: result = 1,number_fixed =  0,number_bug = -1
2025-05-08 19:45:52,258 - INFO - Project Gson test 1: result = 0,number_fixed =  0,number_bug = 0
2025-05-08 19:46:34,362 - INFO - Project Gson test 2: result = 1,number_fixed =  1,number_bug = 6
2025-05-08 19:47:10,009 - INFO - Project Gson test 3: result = 0,number_fixed =  0,number_bug = 0
2025-05-08 19:47:52,456 - INFO - Project Gson test 4: result = 1,number_fixed =  0,number_bug = 29
2025-05-08 19:48:29,007 - INFO - Project Gson test 5: result = 0,number_fixed =  0,number_bug = 0
2025-05-08 19:49:09,914 - INFO - Project Gson test 6: result = 0,number_fixed =  0,number_bug = 0
2025-05-08 19:49:51,860 - INFO - Project Gson test 7: result = 1,number_fixed =  0,number_bug = 3
2025-05-08 19:50:02,235 - INFO - Project Gson test 8: result = 0,number_fixed =  -1,number_bug = -1
2025-05-08 19:50:52,899 - INFO - Project Gson test 9: result = 1,number_fixed =  0,number_bug = 2
2025-05-08 19:51:31,895 - INFO - Project Gson test 10: result = 0,number_fixed =  0,number_bug = 0
2025-05-08 19:52:18,993 - INFO - Project Gson test 11: result = 1,number_fixed =  7,number_bug = 0
2025-05-08 19:52:58,347 - INFO - Project Gson test 12: result = 1,number_fixed =  0,number_bug = 1
2025-05-08 19:53:47,828 - INFO - Project Gson test 13: result = 1,number_fixed =  134,number_bug = 0
2025-05-08 19:54:06,825 - INFO - Project Gson test 14: result = 0,number_fixed =  -1,number_bug = -1
2025-05-08 19:54:45,882 - INFO - Project Gson test 15: result = 0,number_fixed =  0,number_bug = 0
2025-05-08 19:55:06,061 - INFO - Project Gson test 16: result = 0,number_fixed =  -1,number_bug = -1
2025-05-08 19:55:41,621 - INFO - Project Gson test 17: result = 1,number_fixed =  0,number_bug = 1
2025-05-08 19:56:02,129 - INFO - Project Gson test 18: result = 0,number_fixed =  -1,number_bug = -1
2025-05-08 19:57:02,723 - INFO - Project JxPath test 1: result = 0,number_fixed =  0,number_bug = 0
2025-05-08 19:57:43,901 - INFO - Project JxPath test 2: result = 1,number_fixed =  1,number_bug = 0
2025-05-08 19:58:27,965 - INFO - Project JxPath test 3: result = 0,number_fixed =  0,number_bug = 0
2025-05-08 19:59:25,167 - INFO - Project JxPath test 4: result = 0,number_fixed =  0,number_bug = 0
2025-05-08 20:00:11,172 - INFO - Project JxPath test 5: result = 1,number_fixed =  0,number_bug = 1
2025-05-08 20:01:00,863 - INFO - Project JxPath test 6: result = 0,number_fixed =  0,number_bug = 0
2025-05-08 20:01:36,809 - INFO - Project JxPath test 7: result = 1,number_fixed =  0,number_bug = -1
2025-05-08 20:02:18,869 - INFO - Project JxPath test 8: result = 1,number_fixed =  0,number_bug = 1
2025-05-08 20:03:07,247 - INFO - Project JxPath test 9: result = 1,number_fixed =  0,number_bug = 2
2025-05-08 20:03:50,228 - INFO - Project JxPath test 10: result = 0,number_fixed =  0,number_bug = 0
2025-05-08 20:04:37,647 - INFO - Project JxPath test 11: result = 0,number_fixed =  0,number_bug = 0
2025-05-08 20:05:27,679 - INFO - Project JxPath test 12: result = 1,number_fixed =  0,number_bug = 1
2025-05-08 20:06:04,259 - INFO - Project JxPath test 13: result = 1,number_fixed =  0,number_bug = -1
2025-05-08 20:07:00,387 - INFO - Project JxPath test 14: result = 1,number_fixed =  0,number_bug = 1
2025-05-08 20:07:43,109 - INFO - Project JxPath test 15: result = 0,number_fixed =  0,number_bug = 0
2025-05-08 20:08:44,948 - INFO - Project JxPath test 16: result = 1,number_fixed =  0,number_bug = 1
2025-05-08 20:09:32,049 - INFO - Project JxPath test 17: result = 0,number_fixed =  0,number_bug = 0
2025-05-08 20:10:14,593 - INFO - Project JxPath test 18: result = 1,number_fixed =  0,number_bug = 1
2025-05-08 20:11:09,808 - INFO - Project JxPath test 19: result = 0,number_fixed =  0,number_bug = 0
2025-05-08 20:11:53,826 - INFO - Project JxPath test 20: result = 0,number_fixed =  2,number_bug = 2
2025-05-08 20:12:36,022 - INFO - Project JxPath test 21: result = 0,number_fixed =  0,number_bug = 0
2025-05-08 20:13:28,299 - INFO - Project JxPath test 22: result = 0,number_fixed =  0,number_bug = 0
2025-05-08 20:14:24,888 - INFO - Project Math test 1: result = 1,number_fixed =  0,number_bug = 18
2025-05-08 20:15:17,077 - INFO - Project Math test 2: result = 0,number_fixed =  0,number_bug = 0
2025-05-08 20:16:17,791 - INFO - Project Math test 3: result = 1,number_fixed =  0,number_bug = 1
2025-05-08 20:17:12,417 - INFO - Project Math test 4: result = 1,number_fixed =  0,number_bug = 2
2025-05-08 20:18:07,938 - INFO - Project Math test 5: result = 1,number_fixed =  0,number_bug = 1
2025-05-08 20:19:10,700 - INFO - Project Math test 6: result = 1,number_fixed =  0,number_bug = 1
2025-05-08 20:20:09,550 - INFO - Project Math test 7: result = 0,number_fixed =  0,number_bug = 0
2025-05-08 20:20:56,759 - INFO - Project Math test 8: result = 0,number_fixed =  0,number_bug = 0
2025-05-08 20:21:42,964 - INFO - Project Math test 9: result = 0,number_fixed =  0,number_bug = 0
2025-05-08 20:22:41,499 - INFO - Project Math test 10: result = 0,number_fixed =  10,number_bug = 10
2025-05-08 20:23:34,583 - INFO - Project Math test 11: result = 1,number_fixed =  0,number_bug = 1
2025-05-08 20:24:25,207 - INFO - Project Math test 12: result = 0,number_fixed =  0,number_bug = 0
2025-05-08 20:25:14,971 - INFO - Project Math test 13: result = 0,number_fixed =  0,number_bug = 0
2025-05-08 20:26:01,911 - INFO - Project Math test 14: result = 1,number_fixed =  0,number_bug = 2
2025-05-08 20:27:05,059 - INFO - Project Math test 15: result = 0,number_fixed =  0,number_bug = 0
2025-05-08 20:28:11,684 - INFO - Project Math test 16: result = 0,number_fixed =  0,number_bug = 0
2025-05-08 20:28:58,579 - INFO - Project Math test 17: result = 0,number_fixed =  0,number_bug = 0
2025-05-08 20:29:51,595 - INFO - Project Math test 18: result = 0,number_fixed =  0,number_bug = 0
2025-05-08 20:30:48,070 - INFO - Project Math test 19: result = 0,number_fixed =  0,number_bug = 0
2025-05-08 20:31:41,982 - INFO - Project Math test 20: result = 0,number_fixed =  0,number_bug = 0
2025-05-08 20:32:32,070 - INFO - Project Math test 21: result = 0,number_fixed =  0,number_bug = 0
2025-05-08 20:33:26,412 - INFO - Project Math test 22: result = 1,number_fixed =  0,number_bug = 2
2025-05-08 20:34:17,535 - INFO - Project Math test 23: result = 1,number_fixed =  0,number_bug = 2
2025-05-08 20:35:12,105 - INFO - Project Math test 24: result = 1,number_fixed =  0,number_bug = 2
2025-05-08 20:36:01,663 - INFO - Project Math test 25: result = 1,number_fixed =  0,number_bug = 1
2025-05-08 20:36:53,529 - INFO - Project Math test 26: result = 0,number_fixed =  0,number_bug = 0
2025-05-08 20:37:42,868 - INFO - Project Math test 27: result = 0,number_fixed =  0,number_bug = 0
2025-05-08 20:38:38,242 - INFO - Project Math test 28: result = 0,number_fixed =  0,number_bug = 0
2025-05-08 20:39:37,806 - INFO - Project Math test 29: result = 1,number_fixed =  0,number_bug = 1
2025-05-08 20:40:30,442 - INFO - Project Math test 30: result = 0,number_fixed =  0,number_bug = 0
2025-05-08 20:41:16,423 - INFO - Project Math test 31: result = 0,number_fixed =  0,number_bug = 0
2025-05-08 20:42:05,931 - INFO - Project Math test 32: result = 1,number_fixed =  0,number_bug = 2
2025-05-08 20:42:53,531 - INFO - Project Math test 33: result = 0,number_fixed =  0,number_bug = 0
2025-05-08 20:43:45,644 - INFO - Project Math test 34: result = 0,number_fixed =  0,number_bug = 0
2025-05-08 20:44:34,153 - INFO - Project Math test 35: result = 1,number_fixed =  0,number_bug = 2
2025-05-08 20:45:23,943 - INFO - Project Math test 36: result = 1,number_fixed =  0,number_bug = 1
2025-05-08 20:46:18,430 - INFO - Project Math test 37: result = 1,number_fixed =  0,number_bug = 4
2025-05-08 20:47:08,359 - INFO - Project Math test 38: result = 0,number_fixed =  0,number_bug = 0
2025-05-08 20:48:03,123 - INFO - Project Math test 39: result = 0,number_fixed =  0,number_bug = 0
2025-05-08 20:48:54,152 - INFO - Project Math test 40: result = 1,number_fixed =  0,number_bug = 2
2025-05-08 20:49:44,659 - INFO - Project Math test 41: result = 0,number_fixed =  0,number_bug = 0
2025-05-08 20:50:39,043 - INFO - Project Math test 42: result = 0,number_fixed =  0,number_bug = 0
2025-05-08 20:51:31,812 - INFO - Project Math test 43: result = 0,number_fixed =  0,number_bug = 0
2025-05-08 20:52:33,762 - INFO - Project Math test 44: result = 0,number_fixed =  0,number_bug = 0
2025-05-08 20:53:23,197 - INFO - Project Math test 45: result = 1,number_fixed =  0,number_bug = 1
2025-05-08 20:54:18,455 - INFO - Project Math test 46: result = 1,number_fixed =  0,number_bug = 2
2025-05-08 20:55:12,142 - INFO - Project Math test 47: result = 1,number_fixed =  0,number_bug = 1
2025-05-08 20:56:03,988 - INFO - Project Math test 48: result = 0,number_fixed =  0,number_bug = 0
2025-05-08 20:57:03,628 - INFO - Project Math test 49: result = 0,number_fixed =  1,number_bug = 1
2025-05-08 20:57:54,461 - INFO - Project Math test 50: result = 0,number_fixed =  0,number_bug = 0
2025-05-08 20:58:46,055 - INFO - Project Math test 51: result = 0,number_fixed =  0,number_bug = 0
2025-05-08 20:59:42,309 - INFO - Project Math test 52: result = 0,number_fixed =  0,number_bug = 0
2025-05-08 21:00:38,045 - INFO - Project Math test 53: result = 0,number_fixed =  0,number_bug = 0
2025-05-08 21:01:25,337 - INFO - Project Math test 54: result = 0,number_fixed =  0,number_bug = 0
2025-05-08 21:02:19,121 - INFO - Project Math test 55: result = 0,number_fixed =  0,number_bug = 0
2025-05-08 21:03:16,311 - INFO - Project Math test 56: result = 1,number_fixed =  0,number_bug = 1
2025-05-08 21:04:08,564 - INFO - Project Math test 57: result = 0,number_fixed =  0,number_bug = 0
2025-05-08 21:05:00,151 - INFO - Project Math test 58: result = 0,number_fixed =  0,number_bug = 0
2025-05-08 21:06:03,268 - INFO - Project Math test 59: result = 1,number_fixed =  0,number_bug = 1
2025-05-08 21:06:56,901 - INFO - Project Math test 60: result = 1,number_fixed =  0,number_bug = 1
2025-05-08 21:07:46,858 - INFO - Project Math test 61: result = 1,number_fixed =  0,number_bug = 1
2025-05-08 21:08:44,634 - INFO - Project Math test 62: result = 0,number_fixed =  0,number_bug = 0
2025-05-08 21:09:47,874 - INFO - Project Math test 63: result = 1,number_fixed =  0,number_bug = 1
2025-05-08 21:10:39,003 - INFO - Project Math test 64: result = 0,number_fixed =  0,number_bug = 0
2025-05-08 21:11:31,252 - INFO - Project Math test 65: result = 0,number_fixed =  0,number_bug = 0
2025-05-08 21:12:21,683 - INFO - Project Math test 66: result = 1,number_fixed =  0,number_bug = 8
2025-05-08 21:13:20,266 - INFO - Project Math test 67: result = 0,number_fixed =  1,number_bug = 1
2025-05-08 21:14:07,173 - INFO - Project Math test 68: result = 0,number_fixed =  0,number_bug = 0
2025-05-08 21:14:58,253 - INFO - Project Math test 69: result = 0,number_fixed =  0,number_bug = 0
2025-05-08 21:15:43,635 - INFO - Project Math test 70: result = 0,number_fixed =  0,number_bug = 0
2025-05-08 21:16:39,119 - INFO - Project Math test 71: result = 0,number_fixed =  0,number_bug = 0
2025-05-08 21:17:25,249 - INFO - Project Math test 72: result = 0,number_fixed =  0,number_bug = 0
2025-05-08 21:18:10,476 - INFO - Project Math test 73: result = 1,number_fixed =  0,number_bug = 1
2025-05-08 21:19:05,527 - INFO - Project Math test 74: result = 0,number_fixed =  0,number_bug = 0
2025-05-08 21:20:00,196 - INFO - Project Math test 75: result = 0,number_fixed =  0,number_bug = 0
2025-05-08 21:20:49,246 - INFO - Project Math test 76: result = 0,number_fixed =  0,number_bug = 0
2025-05-08 21:21:58,417 - INFO - Project Math test 77: result = 0,number_fixed =  0,number_bug = 0
2025-05-08 21:22:53,215 - INFO - Project Math test 78: result = 0,number_fixed =  0,number_bug = 0
2025-05-08 21:23:45,606 - INFO - Project Math test 79: result = 0,number_fixed =  0,number_bug = 0
2025-05-08 21:24:32,490 - INFO - Project Math test 80: result = 0,number_fixed =  0,number_bug = 0
2025-05-08 21:25:23,181 - INFO - Project Math test 81: result = 0,number_fixed =  0,number_bug = 0
2025-05-08 21:26:14,001 - INFO - Project Math test 82: result = 0,number_fixed =  0,number_bug = 0
2025-05-08 21:27:01,035 - INFO - Project Math test 83: result = 0,number_fixed =  0,number_bug = 0
2025-05-08 21:27:56,204 - INFO - Project Math test 84: result = 0,number_fixed =  0,number_bug = 0
2025-05-08 21:28:42,868 - INFO - Project Math test 85: result = 1,number_fixed =  0,number_bug = 1
2025-05-08 21:29:27,336 - INFO - Project Math test 86: result = 0,number_fixed =  0,number_bug = 0
2025-05-08 21:30:17,807 - INFO - Project Math test 87: result = 1,number_fixed =  0,number_bug = 4
2025-05-08 21:31:09,305 - INFO - Project Math test 88: result = 0,number_fixed =  0,number_bug = 0
2025-05-08 21:32:04,472 - INFO - Project Math test 89: result = 1,number_fixed =  0,number_bug = 1
2025-05-08 21:32:58,073 - INFO - Project Math test 90: result = 0,number_fixed =  0,number_bug = 0
2025-05-08 21:33:48,946 - INFO - Project Math test 91: result = 0,number_fixed =  0,number_bug = 0
2025-05-08 21:34:43,227 - INFO - Project Math test 92: result = 1,number_fixed =  0,number_bug = 4
2025-05-08 21:35:36,807 - INFO - Project Math test 93: result = 0,number_fixed =  0,number_bug = 0
2025-05-08 21:36:30,678 - INFO - Project Math test 94: result = 0,number_fixed =  0,number_bug = 0
2025-05-08 21:37:19,175 - INFO - Project Math test 95: result = 1,number_fixed =  0,number_bug = 1
2025-05-08 21:38:05,011 - INFO - Project Math test 96: result = 0,number_fixed =  0,number_bug = 0
2025-05-08 21:38:49,585 - INFO - Project Math test 97: result = 1,number_fixed =  0,number_bug = 3
2025-05-08 21:39:44,318 - INFO - Project Math test 98: result = 1,number_fixed =  0,number_bug = 2
2025-05-08 21:40:37,627 - INFO - Project Math test 99: result = 1,number_fixed =  0,number_bug = 3
2025-05-08 21:41:40,371 - INFO - Project Math test 100: result = 0,number_fixed =  0,number_bug = 0
2025-05-08 21:42:37,683 - INFO - Project Math test 101: result = 1,number_fixed =  0,number_bug = 1
2025-05-08 21:43:34,897 - INFO - Project Math test 102: result = 1,number_fixed =  0,number_bug = 1
2025-05-08 21:44:31,378 - INFO - Project Math test 103: result = 0,number_fixed =  0,number_bug = 0
2025-05-08 21:45:27,976 - INFO - Project Math test 104: result = 0,number_fixed =  0,number_bug = 0
2025-05-08 21:46:24,538 - INFO - Project Math test 105: result = 0,number_fixed =  0,number_bug = 0
2025-05-08 21:47:25,744 - INFO - Project Math test 106: result = 0,number_fixed =  0,number_bug = 0
