2025-05-15 02:01:59,737 - Project name: Math, Project ID: 107, Result: error cannot unpack non-iterable NoneType object
2025-05-15 02:27:10,056 - Project name: Math, Project ID: 1, MS:81.25 CV:55.14705882352941,Round:1,TC: 0,MT: 0
2025-05-15 03:03:16,286 - Project name: Math, Project ID: 1, MS:47.540983606557376 CV:55.14705882352941,Round:2,TC: 0,MT: 1
2025-05-15 11:00:57,157 - Project name: Math, Project ID: 1, MS:54.09836065573771 CV:55.14705882352941,Round:3,TC: 1,MT: 1
2025-05-15 14:05:16,756 - Project name: Math, Project ID: 2, MS:41.66666666666667 CV:75.0,Round:1,TC: 0,MT: 0
2025-05-15 14:05:29,133 - Project name: Math, Project ID: 5, MS:100.0 CV:100.0,Round:1,TC: 0,MT: 0
2025-05-15 14:05:37,855 - Project name: Math, Project ID: 9, MS:75.0 CV:95.0,Round:1,TC: 0,MT: 0
2025-05-15 14:06:25,652 - Project name: Math, Project ID: 4, MS:62.5 CV:78.26086956521739,Round:1,TC: 0,MT: 0
2025-05-15 14:07:09,853 - Project name: Math, Project ID: 5, MS:100.0 CV:100.0,Round:2,TC: 0,MT: 1
2025-05-15 14:08:45,139 - Project name: Math, Project ID: 9, MS:76.19047619047619 CV:95.0,Round:2,TC: 0,MT: 1
2025-05-15 14:08:51,246 - Project name: Math, Project ID: 5, MS:100.0 CV:100.0,Round:3,TC: 1,MT: 1
2025-05-15 14:09:00,919 - Project name: Math, Project ID: 5, Result: Success
2025-05-15 14:12:29,321 - Project name: Math, Project ID: 3, MS:85.0 CV:100.0,Round:1,TC: 0,MT: 0
2025-05-15 14:13:22,014 - Project name: Math, Project ID: 9, MS:69.23076923076923 CV:95.0,Round:3,TC: 0,MT: 2
2025-05-15 14:14:42,038 - Project name: Math, Project ID: 10, MS:0.0 CV:57.14285714285714,Round:1,TC: 0,MT: 0
2025-05-15 14:16:50,621 - Project name: Math, Project ID: 3, MS:83.33333333333334 CV:100.0,Round:2,TC: 0,MT: 1
2025-05-15 14:22:25,429 - Project name: Math, Project ID: 2, MS:100.0 CV:100.0,Round:2,TC: 1,MT: 0
2025-05-15 14:22:37,620 - Project name: Math, Project ID: 2, Result: Success
2025-05-15 14:23:49,530 - Project name: Math, Project ID: 9, MS:69.23076923076923 CV:95.0,Round:4,TC: 1,MT: 2
2025-05-15 14:24:10,111 - Project name: Math, Project ID: 4, MS:100.0 CV:78.26086956521739,Round:2,TC: 1,MT: 0
2025-05-15 14:29:50,939 - Project name: Math, Project ID: 11, MS:78.57142857142857 CV:100.0,Round:1,TC: 0,MT: 0
2025-05-15 14:30:42,122 - Project name: Math, Project ID: 4, MS:83.33333333333334 CV:78.26086956521739,Round:3,TC: 1,MT: 1
2025-05-15 14:31:52,303 - Project name: Math, Project ID: 10, MS:100.0 CV:100.0,Round:2,TC: 1,MT: 0
2025-05-15 14:32:05,590 - Project name: Math, Project ID: 10, Result: Success
2025-05-15 14:32:51,614 - Project name: Math, Project ID: 11, MS:72.22222222222221 CV:100.0,Round:2,TC: 0,MT: 1
2025-05-15 14:33:04,391 - Project name: Math, Project ID: 3, MS:83.33333333333334 CV:100.0,Round:3,TC: 1,MT: 1
2025-05-15 14:33:15,012 - Project name: Math, Project ID: 3, Result: Success
2025-05-15 14:34:04,003 - Project name: Math, Project ID: 9, MS:73.07692307692307 CV:95.0,Round:5,TC: 2,MT: 2
2025-05-15 14:34:16,534 - Project name: Math, Project ID: 9, Result: Success
2025-05-15 14:39:47,085 - Project name: Math, Project ID: 4, MS:65.71428571428571 CV:78.26086956521739,Round:4,TC: 1,MT: 2
2025-05-15 14:41:21,460 - Project name: Math, Project ID: 11, MS:77.77777777777779 CV:100.0,Round:3,TC: 1,MT: 1
2025-05-15 14:41:33,894 - Project name: Math, Project ID: 11, Result: Success
2025-05-15 14:42:37,887 - Project name: Math, Project ID: 14, unable to generate mutants,just test the original test
2025-05-15 14:42:37,887 - Project name: Math, Project ID: 14, Result: Success
2025-05-15 14:44:20,874 - Project name: Math, Project ID: 13, MS:53.333333333333336 CV:77.14285714285715,Round:1,TC: 0,MT: 0
2025-05-15 14:46:55,930 - Project name: Math, Project ID: 4, MS:65.71428571428571 CV:78.26086956521739,Round:5,TC: 2,MT: 2
2025-05-15 14:47:08,133 - Project name: Math, Project ID: 4, Result: Generated, failed
2025-05-15 14:52:38,378 - Project name: Math, Project ID: 16, MS:40.476190476190474 CV:100.0,Round:1,TC: 0,MT: 0
2025-05-15 15:14:54,027 - Project name: Math, Project ID: 15, MS:14.285714285714285 CV:96.875,Round:1,TC: 0,MT: 0
2025-05-15 15:16:37,662 - Project name: Math, Project ID: 7, MS:68.75 CV:93.95604395604396,Round:1,TC: 0,MT: 0
2025-05-15 15:18:21,116 - Project name: Math, Project ID: 16, MS:83.33333333333334 CV:100.0,Round:2,TC: 1,MT: 0
2025-05-15 15:18:30,997 - Project name: Math, Project ID: 16, Result: Success
2025-05-15 15:23:46,334 - Project name: Math, Project ID: 13, MS:86.66666666666667 CV:80.0,Round:2,TC: 1,MT: 0
2025-05-15 15:33:26,202 - Project name: Math, Project ID: 13, MS:61.36363636363637 CV:80.0,Round:3,TC: 1,MT: 1
2025-05-15 16:01:54,448 - Project name: Math, Project ID: 15, MS:35.714285714285715 CV:98.4375,Round:2,TC: 1,MT: 0
2025-05-15 16:06:23,142 - Project name: Math, Project ID: 8, MS:75.0 CV:96.42857142857143,Round:1,TC: 0,MT: 0
2025-05-15 16:11:08,764 - Project name: Math, Project ID: 8, MS:75.0 CV:96.42857142857143,Round:2,TC: 0,MT: 1
2025-05-15 16:25:05,408 - Project name: Math, Project ID: 15, MS:35.714285714285715 CV:98.4375,Round:3,TC: 2,MT: 0
2025-05-15 16:25:58,240 - Project name: Math, Project ID: 13, MS:68.18181818181817 CV:100.0,Round:4,TC: 2,MT: 1
2025-05-15 16:26:11,537 - Project name: Math, Project ID: 13, Result: Success
2025-05-15 16:30:20,811 - Project name: Math, Project ID: 8, MS:100.0 CV:100.0,Round:3,TC: 1,MT: 1
2025-05-15 16:30:33,614 - Project name: Math, Project ID: 8, Result: Success
2025-05-15 16:32:34,645 - Project name: Math, Project ID: 12, MS:0.0 CV:100.0,Round:1,TC: 0,MT: 0
2025-05-15 16:33:36,898 - Project name: Math, Project ID: 12, MS:0.0 CV:100.0,Round:2,TC: 1,MT: 0
2025-05-15 16:34:38,420 - Project name: Math, Project ID: 12, MS:0.0 CV:100.0,Round:3,TC: 2,MT: 0
2025-05-15 16:35:44,411 - Project name: Math, Project ID: 12, MS:0.0 CV:100.0,Round:4,TC: 3,MT: 0
2025-05-15 16:35:57,366 - Project name: Math, Project ID: 12, Result: Generated, failed
2025-05-15 16:38:55,910 - Project name: Math, Project ID: 19, MS:0.0 CV:50.68493150684932,Round:1,TC: 0,MT: 0
2025-05-15 16:42:58,846 - Project name: Math, Project ID: 21, MS:87.5 CV:100.0,Round:1,TC: 0,MT: 0
2025-05-15 16:48:11,512 - Project name: Math, Project ID: 21, MS:87.5 CV:100.0,Round:2,TC: 0,MT: 1
2025-05-15 16:50:35,964 - Project name: Math, Project ID: 15, MS:35.714285714285715 CV:98.4375,Round:4,TC: 3,MT: 0
2025-05-15 16:50:47,333 - Project name: Math, Project ID: 15, Result: Success
2025-05-15 16:51:04,164 - Project name: Math, Project ID: 17, MS:66.66666666666666 CV:99.01960784313727,Round:1,TC: 0,MT: 0
2025-05-15 16:52:45,835 - Project name: Math, Project ID: 21, MS:87.5 CV:100.0,Round:3,TC: 1,MT: 1
2025-05-15 16:52:56,727 - Project name: Math, Project ID: 21, Result: Generated, failed
2025-05-15 16:58:50,805 - Project name: Math, Project ID: 22, MS:66.66666666666666 CV:80.0,Round:1,TC: 0,MT: 0
2025-05-15 17:02:46,836 - Project name: Math, Project ID: 6, unable to generate mutants,just test the original test
2025-05-15 17:02:46,836 - Project name: Math, Project ID: 6, Result: Generated, failed
2025-05-15 17:03:42,691 - Project name: Math, Project ID: 22, MS:66.66666666666666 CV:80.0,Round:2,TC: 1,MT: 0
2025-05-15 17:05:58,141 - Project name: Math, Project ID: 7, MS:70.96774193548387 CV:95.6043956043956,Round:2,TC: 1,MT: 0
2025-05-15 17:06:10,691 - Project name: Math, Project ID: 7, Result: Generated, failed
2025-05-15 17:08:15,435 - Project name: Math, Project ID: 22, MS:75.0 CV:80.0,Round:3,TC: 2,MT: 0
2025-05-15 17:11:44,577 - Project name: Math, Project ID: 22, MS:62.5 CV:80.0,Round:4,TC: 2,MT: 1
2025-05-15 17:11:54,761 - Project name: Math, Project ID: 22, Result: Success
2025-05-15 17:12:09,381 - Project name: Math, Project ID: 25, MS:0.0 CV:34.61538461538461,Round:1,TC: 0,MT: 0
2025-05-15 17:20:40,157 - Project name: Math, Project ID: 20, MS:0.0 CV:65.21739130434783,Round:1,TC: 0,MT: 0
2025-05-15 17:26:22,552 - Project name: Math, Project ID: 26, MS:85.71428571428571 CV:100.0,Round:1,TC: 0,MT: 0
2025-05-15 17:29:03,766 - Project name: Math, Project ID: 18, unable to generate mutants,just test the original test
2025-05-15 17:29:03,766 - Project name: Math, Project ID: 18, Result: Generated, failed
2025-05-15 17:29:33,270 - Project name: Math, Project ID: 26, MS:81.25 CV:100.0,Round:2,TC: 0,MT: 1
2025-05-15 17:32:27,148 - Project name: Math, Project ID: 27, MS:92.85714285714286 CV:94.11764705882352,Round:1,TC: 0,MT: 0
2025-05-15 17:34:59,645 - Project name: Math, Project ID: 27, MS:77.77777777777779 CV:94.11764705882352,Round:2,TC: 0,MT: 1
2025-05-15 17:38:22,271 - Project name: Math, Project ID: 19, MS:61.111111111111114 CV:97.26027397260275,Round:2,TC: 1,MT: 0
2025-05-15 17:38:27,225 - Project name: Math, Project ID: 27, MS:66.66666666666666 CV:94.11764705882352,Round:3,TC: 0,MT: 2
2025-05-15 17:38:34,692 - Project name: Math, Project ID: 23, MS:0.0 CV:98.68173258003766,Round:1,TC: 0,MT: 0
2025-05-15 17:41:02,718 - Project name: Math, Project ID: 24, unable to generate mutants,just test the original test
2025-05-15 17:41:02,718 - Project name: Math, Project ID: 24, Result: Generated, failed
2025-05-15 17:47:01,436 - Project name: Math, Project ID: 27, MS:66.66666666666666 CV:94.11764705882352,Round:4,TC: 1,MT: 2
2025-05-15 17:47:58,434 - Project name: Math, Project ID: 26, MS:87.5 CV:100.0,Round:3,TC: 1,MT: 1
2025-05-15 17:48:08,811 - Project name: Math, Project ID: 26, Result: Generated, failed
2025-05-15 17:53:05,080 - Project name: Math, Project ID: 25, MS:0.0 CV:34.61538461538461,Round:2,TC: 1,MT: 0
2025-05-15 17:57:15,230 - Project name: Math, Project ID: 27, MS:66.66666666666666 CV:94.11764705882352,Round:5,TC: 2,MT: 2
2025-05-15 17:57:26,767 - Project name: Math, Project ID: 27, Result: Success
2025-05-15 17:58:43,037 - Project name: Math, Project ID: 29, MS:66.66666666666666 CV:100.0,Round:1,TC: 0,MT: 0
2025-05-15 18:01:42,191 - Project name: Math, Project ID: 28, MS:0.0 CV:92.25352112676056,Round:1,TC: 0,MT: 0
2025-05-15 18:07:58,393 - Project name: Math, Project ID: 19, MS:61.111111111111114 CV:97.26027397260275,Round:3,TC: 2,MT: 0
2025-05-15 18:10:16,064 - Project name: Math, Project ID: 30, MS:100.0 CV:100.0,Round:1,TC: 0,MT: 0
2025-05-15 18:12:01,676 - Project name: Math, Project ID: 30, MS:100.0 CV:100.0,Round:2,TC: 0,MT: 1
2025-05-15 18:13:45,593 - Project name: Math, Project ID: 30, MS:100.0 CV:100.0,Round:3,TC: 1,MT: 1
2025-05-15 18:13:56,023 - Project name: Math, Project ID: 30, Result: Generated, failed
2025-05-15 18:20:15,719 - Project name: Math, Project ID: 25, MS:0.0 CV:34.61538461538461,Round:3,TC: 2,MT: 0
2025-05-15 18:37:25,921 - Project name: Math, Project ID: 19, MS:61.111111111111114 CV:97.26027397260275,Round:4,TC: 3,MT: 0
2025-05-15 18:37:38,940 - Project name: Math, Project ID: 19, Result: Success
2025-05-15 18:38:07,844 - Project name: Math, Project ID: 29, MS:75.75757575757575 CV:100.0,Round:2,TC: 1,MT: 0
2025-05-15 18:38:19,567 - Project name: Math, Project ID: 29, Result: Success
2025-05-15 18:46:30,083 - Project name: Math, Project ID: 25, MS:0.0 CV:34.61538461538461,Round:4,TC: 3,MT: 0
2025-05-15 18:46:43,933 - Project name: Math, Project ID: 25, Result: Generated, failed
2025-05-15 18:47:03,542 - Project name: Math, Project ID: 28, MS:0.0 CV:92.25352112676056,Round:2,TC: 1,MT: 0
2025-05-15 18:49:33,545 - Project name: Math, Project ID: 17, MS:66.66666666666666 CV:99.01960784313727,Round:2,TC: 1,MT: 0
2025-05-15 18:52:43,614 - Project name: Math, Project ID: 23, MS:25.0 CV:99.05838041431262,Round:2,TC: 1,MT: 0
2025-05-15 18:56:57,085 - Project name: Math, Project ID: 20, MS:0.0 CV:65.21739130434783,Round:2,TC: 1,MT: 0
2025-05-15 18:58:37,349 - Project name: Math, Project ID: 32, MS:64.28571428571429 CV:96.36363636363636,Round:1,TC: 0,MT: 0
2025-05-15 19:07:39,515 - Project name: Math, Project ID: 1, MS:54.09836065573771 CV:55.14705882352941,Round:4,TC: 2,MT: 1
2025-05-15 19:08:02,472 - Project name: Math, Project ID: 1, Result: Success
2025-05-15 19:16:11,627 - Project name: Math, Project ID: 33, MS:0.0 CV:46.51162790697674,Round:1,TC: 0,MT: 0
2025-05-15 19:19:13,536 - Project name: Math, Project ID: 34, MS:55.55555555555556 CV:93.33333333333333,Round:1,TC: 0,MT: 0
2025-05-15 19:28:07,130 - Project name: Math, Project ID: 28, MS:0.0 CV:92.25352112676056,Round:3,TC: 2,MT: 0
2025-05-15 19:29:02,700 - Project name: Math, Project ID: 32, MS:64.28571428571429 CV:96.36363636363636,Round:2,TC: 1,MT: 0
2025-05-15 19:30:08,788 - Project name: Math, Project ID: 31, MS:58.333333333333336 CV:99.43502824858757,Round:1,TC: 0,MT: 0
2025-05-15 19:32:18,954 - Project name: Math, Project ID: 34, MS:66.66666666666666 CV:93.33333333333333,Round:2,TC: 1,MT: 0
2025-05-15 19:39:31,085 - Project name: Math, Project ID: 32, MS:64.28571428571429 CV:96.36363636363636,Round:3,TC: 2,MT: 0
2025-05-15 19:43:40,897 - Project name: Math, Project ID: 34, MS:66.66666666666666 CV:93.33333333333333,Round:3,TC: 2,MT: 0
2025-05-15 19:53:24,232 - Project name: Math, Project ID: 32, MS:64.28571428571429 CV:96.36363636363636,Round:4,TC: 3,MT: 0
2025-05-15 19:53:36,306 - Project name: Math, Project ID: 32, Result: Generated, failed
2025-05-15 19:56:11,365 - Project name: Math, Project ID: 34, MS:88.88888888888889 CV:93.33333333333333,Round:4,TC: 3,MT: 0
2025-05-15 19:56:22,715 - Project name: Math, Project ID: 34, Result: Success
2025-05-15 20:01:58,386 - Project name: Math, Project ID: 36, MS:73.33333333333333 CV:86.66666666666667,Round:1,TC: 0,MT: 0
2025-05-15 20:05:46,679 - Project name: Math, Project ID: 35, MS:76.92307692307693 CV:100.0,Round:1,TC: 0,MT: 0
2025-05-15 20:06:00,280 - Project name: Math, Project ID: 36, MS:47.82608695652174 CV:86.66666666666667,Round:2,TC: 0,MT: 1
2025-05-15 20:06:50,923 - Project name: Math, Project ID: 20, MS:0.0 CV:65.21739130434783,Round:3,TC: 2,MT: 0
2025-05-15 20:08:36,864 - Project name: Math, Project ID: 35, MS:75.0 CV:100.0,Round:2,TC: 0,MT: 1
2025-05-15 20:10:47,956 - Project name: Math, Project ID: 33, MS:0.0 CV:51.162790697674424,Round:2,TC: 1,MT: 0
2025-05-15 20:11:08,971 - Project name: Math, Project ID: 28, MS:0.0 CV:92.25352112676056,Round:4,TC: 3,MT: 0
2025-05-15 20:11:22,351 - Project name: Math, Project ID: 28, Result: Generated, failed
2025-05-15 20:12:59,289 - Project name: Math, Project ID: 23, MS:25.0 CV:99.05838041431262,Round:3,TC: 2,MT: 0
2025-05-15 20:16:18,238 - Project name: Math, Project ID: 35, MS:75.0 CV:100.0,Round:3,TC: 1,MT: 1
2025-05-15 20:16:30,708 - Project name: Math, Project ID: 35, Result: Success
2025-05-15 20:19:14,102 - Project name: Math, Project ID: 37, MS:66.66666666666666 CV:99.21875,Round:1,TC: 0,MT: 0
2025-05-15 20:19:25,535 - Project name: Math, Project ID: 36, MS:69.56521739130434 CV:93.33333333333333,Round:3,TC: 1,MT: 1
2025-05-15 20:19:49,298 - Project name: Math, Project ID: 17, MS:66.66666666666666 CV:99.01960784313727,Round:3,TC: 2,MT: 0
2025-05-15 20:27:47,472 - Project name: Math, Project ID: 36, MS:69.56521739130434 CV:93.33333333333333,Round:4,TC: 2,MT: 1
2025-05-15 20:27:59,388 - Project name: Math, Project ID: 36, Result: Success
2025-05-15 20:31:56,291 - Project name: Math, Project ID: 37, MS:80.0 CV:99.21875,Round:2,TC: 1,MT: 0
2025-05-15 20:31:57,766 - Project name: Math, Project ID: 38, MS:0.0 CV:70.39106145251397,Round:1,TC: 0,MT: 0
2025-05-15 20:32:06,408 - Project name: Math, Project ID: 37, Result: Success
2025-05-15 20:49:47,873 - Project name: Math, Project ID: 31, MS:83.33333333333334 CV:99.43502824858757,Round:2,TC: 1,MT: 0
2025-05-15 20:50:27,393 - Project name: Math, Project ID: 31, Result: Success
2025-05-15 20:54:05,316 - Project name: Math, Project ID: 40, MS:0.0 CV:72.64150943396226,Round:1,TC: 0,MT: 0
2025-05-15 21:00:36,861 - Project name: Math, Project ID: 33, MS:0.0 CV:76.74418604651163,Round:3,TC: 2,MT: 0
2025-05-15 21:03:41,690 - Project name: Math, Project ID: 38, MS:0.0 CV:79.88826815642457,Round:2,TC: 1,MT: 0
2025-05-15 21:05:33,992 - Project name: Math, Project ID: 41, MS:92.85714285714286 CV:100.0,Round:1,TC: 0,MT: 0
2025-05-15 21:07:52,143 - Project name: Math, Project ID: 41, MS:93.75 CV:100.0,Round:2,TC: 0,MT: 1
2025-05-15 21:10:26,479 - Project name: Math, Project ID: 23, MS:31.25 CV:99.43502824858757,Round:4,TC: 3,MT: 0
2025-05-15 21:10:38,744 - Project name: Math, Project ID: 23, Result: Success
2025-05-15 21:15:17,864 - Project name: Math, Project ID: 41, MS:100.0 CV:100.0,Round:3,TC: 1,MT: 1
2025-05-15 21:15:30,363 - Project name: Math, Project ID: 41, Result: Success
2025-05-15 21:16:36,936 - Project name: Math, Project ID: 20, MS:0.0 CV:65.21739130434783,Round:4,TC: 3,MT: 0
2025-05-15 21:16:50,204 - Project name: Math, Project ID: 20, Result: Generated, failed
2025-05-15 21:23:03,536 - Project name: Math, Project ID: 43, MS:90.9090909090909 CV:100.0,Round:1,TC: 0,MT: 0
2025-05-15 21:26:34,541 - Project name: Math, Project ID: 43, MS:92.3076923076923 CV:100.0,Round:2,TC: 0,MT: 1
2025-05-15 21:31:57,254 - Project name: Math, Project ID: 43, MS:92.3076923076923 CV:100.0,Round:3,TC: 1,MT: 1
2025-05-15 21:32:10,050 - Project name: Math, Project ID: 43, Result: Generated, failed
2025-05-15 21:34:22,970 - Project name: Math, Project ID: 38, MS:0.0 CV:79.88826815642457,Round:3,TC: 2,MT: 0
2025-05-15 21:38:27,154 - Project name: Math, Project ID: 45, MS:54.54545454545454 CV:100.0,Round:1,TC: 0,MT: 0
2025-05-15 21:38:32,178 - Project name: Math, Project ID: 33, MS:0.0 CV:76.74418604651163,Round:4,TC: 3,MT: 0
2025-05-15 21:38:45,916 - Project name: Math, Project ID: 33, Result: Generated, failed
2025-05-15 21:42:51,368 - Project name: Math, Project ID: 46, MS:92.85714285714286 CV:100.0,Round:1,TC: 0,MT: 0
2025-05-15 21:44:48,552 - Project name: Math, Project ID: 40, MS:18.75 CV:95.28301886792453,Round:2,TC: 1,MT: 0
2025-05-15 21:45:10,618 - Project name: Math, Project ID: 46, MS:87.5 CV:100.0,Round:2,TC: 0,MT: 1
2025-05-15 21:49:32,007 - Project name: Math, Project ID: 46, MS:87.5 CV:100.0,Round:3,TC: 1,MT: 1
2025-05-15 21:49:43,336 - Project name: Math, Project ID: 46, Result: Success
2025-05-15 21:52:02,752 - Project name: Math, Project ID: 17, MS:88.88888888888889 CV:99.01960784313727,Round:4,TC: 3,MT: 0
2025-05-15 21:52:10,563 - Project name: Math, Project ID: 45, MS:77.27272727272727 CV:100.0,Round:2,TC: 1,MT: 0
2025-05-15 21:52:16,690 - Project name: Math, Project ID: 17, Result: Success
2025-05-15 21:52:26,714 - Project name: Math, Project ID: 45, Result: Success
2025-05-15 21:54:38,730 - Project name: Math, Project ID: 42, MS:70.0 CV:100.0,Round:1,TC: 0,MT: 0
2025-05-15 21:58:28,935 - Project name: Math, Project ID: 39, MS:26.08695652173913 CV:96.66666666666667,Round:1,TC: 0,MT: 0
2025-05-15 21:59:50,722 - Project name: Math, Project ID: 38, MS:0.0 CV:79.88826815642457,Round:4,TC: 3,MT: 0
2025-05-15 22:00:04,470 - Project name: Math, Project ID: 38, Result: Generated, failed
2025-05-15 22:00:51,359 - Project name: Math, Project ID: 42, MS:73.07692307692307 CV:100.0,Round:2,TC: 0,MT: 1
2025-05-15 22:02:41,274 - Project name: Math, Project ID: 47, MS:85.71428571428571 CV:72.41379310344827,Round:1,TC: 0,MT: 0
2025-05-15 22:03:22,082 - Project name: Math, Project ID: 49, MS:100.0 CV:100.0,Round:1,TC: 0,MT: 0
2025-05-15 22:05:09,292 - Project name: Math, Project ID: 49, MS:100.0 CV:100.0,Round:2,TC: 0,MT: 1
2025-05-15 22:06:47,769 - Project name: Math, Project ID: 49, MS:100.0 CV:100.0,Round:3,TC: 1,MT: 1
2025-05-15 22:06:59,970 - Project name: Math, Project ID: 49, Result: Success
2025-05-15 22:11:17,129 - Project name: Math, Project ID: 47, MS:28.26086956521739 CV:72.41379310344827,Round:2,TC: 0,MT: 1
2025-05-15 22:17:43,301 - Project name: Math, Project ID: 48, MS:0.0 CV:83.59375,Round:1,TC: 0,MT: 0
2025-05-15 22:19:24,702 - Project name: Math, Project ID: 42, MS:73.07692307692307 CV:100.0,Round:3,TC: 1,MT: 1
2025-05-15 22:19:38,525 - Project name: Math, Project ID: 42, Result: Generated, failed
2025-05-15 22:25:28,871 - Project name: Math, Project ID: 40, MS:21.875 CV:95.28301886792453,Round:3,TC: 2,MT: 0
2025-05-15 22:49:12,164 - Project name: Math, Project ID: 52, MS:26.923076923076923 CV:98.76543209876543,Round:1,TC: 0,MT: 0
2025-05-15 22:51:12,384 - Project name: Math, Project ID: 51, MS:0.0 CV:70.99236641221374,Round:1,TC: 0,MT: 0
2025-05-15 22:55:41,449 - Project name: Math, Project ID: 44, MS:0.0 CV:84.18367346938776,Round:1,TC: 0,MT: 0
2025-05-15 23:06:01,192 - Project name: Math, Project ID: 47, MS:84.78260869565217 CV:100.0,Round:3,TC: 1,MT: 1
2025-05-15 23:06:15,511 - Project name: Math, Project ID: 47, Result: Success
2025-05-15 23:10:21,927 - Project name: Math, Project ID: 53, MS:72.22222222222221 CV:100.0,Round:1,TC: 0,MT: 0
2025-05-15 23:13:37,307 - Project name: Math, Project ID: 53, MS:72.22222222222221 CV:100.0,Round:2,TC: 0,MT: 1
2025-05-15 23:14:22,191 - Project name: Math, Project ID: 40, MS:21.875 CV:95.28301886792453,Round:4,TC: 3,MT: 0
2025-05-15 23:14:35,722 - Project name: Math, Project ID: 40, Result: Success
2025-05-15 23:18:21,511 - Project name: Math, Project ID: 48, MS:0.0 CV:83.59375,Round:2,TC: 1,MT: 0
2025-05-15 23:19:42,335 - Project name: Math, Project ID: 53, MS:100.0 CV:100.0,Round:3,TC: 1,MT: 1
2025-05-15 23:19:52,881 - Project name: Math, Project ID: 53, Result: Success
2025-05-15 23:26:54,723 - Project name: Math, Project ID: 55, MS:83.33333333333334 CV:100.0,Round:1,TC: 0,MT: 0
2025-05-15 23:31:26,207 - Project name: Math, Project ID: 55, MS:82.35294117647058 CV:100.0,Round:2,TC: 0,MT: 1
2025-05-15 23:41:21,883 - Project name: Math, Project ID: 55, MS:82.35294117647058 CV:100.0,Round:3,TC: 1,MT: 1
2025-05-15 23:41:34,306 - Project name: Math, Project ID: 55, Result: Success
2025-05-15 23:50:37,353 - Project name: Math, Project ID: 56, MS:100.0 CV:100.0,Round:1,TC: 0,MT: 0
2025-05-15 23:51:58,791 - Project name: Math, Project ID: 50, MS:37.5 CV:84.67741935483872,Round:1,TC: 0,MT: 0
2025-05-15 23:52:26,307 - Project name: Math, Project ID: 56, MS:100.0 CV:100.0,Round:2,TC: 0,MT: 1
2025-05-15 23:54:16,341 - Project name: Math, Project ID: 56, MS:100.0 CV:100.0,Round:3,TC: 1,MT: 1
2025-05-15 23:54:26,993 - Project name: Math, Project ID: 56, Result: Success
2025-05-15 23:56:17,925 - Project name: Math, Project ID: 54, MS:0.0 CV:68.21192052980133,Round:1,TC: 0,MT: 0
2025-05-16 00:05:17,032 - Project name: Math, Project ID: 39, MS:26.08695652173913 CV:96.66666666666667,Round:2,TC: 1,MT: 0
2025-05-16 00:13:05,813 - Project name: Math, Project ID: 48, MS:14.285714285714285 CV:87.5,Round:3,TC: 2,MT: 0
2025-05-16 00:15:14,595 - Project name: Math, Project ID: 50, MS:37.5 CV:84.67741935483872,Round:2,TC: 1,MT: 0
2025-05-16 00:17:44,612 - Project name: Math, Project ID: 52, MS:73.07692307692307 CV:100.0,Round:2,TC: 1,MT: 0
2025-05-16 00:18:00,350 - Project name: Math, Project ID: 52, Result: Success
2025-05-16 00:19:39,190 - Project name: Math, Project ID: 44, MS:64.70588235294117 CV:89.28571428571429,Round:2,TC: 1,MT: 0
2025-05-16 00:38:36,760 - Project name: Math, Project ID: 58, MS:88.88888888888889 CV:100.0,Round:1,TC: 0,MT: 0
2025-05-16 00:40:18,012 - Project name: Math, Project ID: 58, MS:90.0 CV:100.0,Round:2,TC: 0,MT: 1
2025-05-16 00:45:28,002 - Project name: Math, Project ID: 58, MS:90.0 CV:100.0,Round:3,TC: 1,MT: 1
2025-05-16 00:45:41,413 - Project name: Math, Project ID: 58, Result: Generated, failed
2025-05-16 00:48:52,765 - Project name: Math, Project ID: 50, MS:37.5 CV:86.29032258064517,Round:3,TC: 2,MT: 0
2025-05-16 00:52:30,362 - Project name: Math, Project ID: 48, MS:14.285714285714285 CV:87.5,Round:4,TC: 3,MT: 0
2025-05-16 00:52:44,881 - Project name: Math, Project ID: 48, Result: Generated, failed
2025-05-16 00:52:57,826 - Project name: Math, Project ID: 59, MS:64.28571428571429 CV:100.0,Round:1,TC: 0,MT: 0
2025-05-16 01:01:24,833 - Project name: Math, Project ID: 60, MS:80.0 CV:100.0,Round:1,TC: 0,MT: 0
2025-05-16 01:04:46,359 - Project name: Math, Project ID: 60, MS:79.16666666666666 CV:100.0,Round:2,TC: 0,MT: 1
2025-05-16 01:08:20,284 - Project name: Math, Project ID: 59, MS:85.71428571428571 CV:100.0,Round:2,TC: 1,MT: 0
2025-05-16 01:08:31,219 - Project name: Math, Project ID: 59, Result: Success
2025-05-16 01:13:07,112 - Project name: Math, Project ID: 60, MS:83.33333333333334 CV:100.0,Round:3,TC: 1,MT: 1
2025-05-16 01:13:18,063 - Project name: Math, Project ID: 60, Result: Generated, failed
2025-05-16 01:15:13,471 - Project name: Math, Project ID: 54, MS:89.47368421052632 CV:88.74172185430463,Round:2,TC: 1,MT: 0
2025-05-16 01:19:23,974 - Project name: Math, Project ID: 61, MS:69.23076923076923 CV:100.0,Round:1,TC: 0,MT: 0
2025-05-16 01:26:32,005 - Project name: Math, Project ID: 57, MS:0.0 CV:65.0,Round:1,TC: 0,MT: 0
2025-05-16 01:27:16,788 - Project name: Math, Project ID: 54, MS:34.54545454545455 CV:88.74172185430463,Round:3,TC: 1,MT: 1
2025-05-16 01:33:20,119 - Project name: Math, Project ID: 44, MS:64.70588235294117 CV:89.28571428571429,Round:3,TC: 2,MT: 0
2025-05-16 01:34:43,343 - Project name: Math, Project ID: 61, MS:100.0 CV:100.0,Round:2,TC: 1,MT: 0
2025-05-16 01:34:56,053 - Project name: Math, Project ID: 61, Result: Success
2025-05-16 01:37:32,701 - Project name: Math, Project ID: 50, MS:37.5 CV:86.29032258064517,Round:4,TC: 3,MT: 0
2025-05-16 01:37:49,241 - Project name: Math, Project ID: 50, Result: Generated, failed
2025-05-16 01:40:12,042 - Project name: Math, Project ID: 62, MS:53.84615384615385 CV:95.34883720930233,Round:1,TC: 0,MT: 0
2025-05-16 01:40:55,416 - Project name: Math, Project ID: 63, MS:71.42857142857143 CV:94.11764705882352,Round:1,TC: 0,MT: 0
2025-05-16 01:43:48,743 - Project name: Math, Project ID: 63, MS:66.66666666666666 CV:94.11764705882352,Round:2,TC: 0,MT: 1
2025-05-16 01:52:52,388 - Project name: Math, Project ID: 51, MS:6.666666666666667 CV:83.20610687022901,Round:2,TC: 1,MT: 0
2025-05-16 02:02:52,335 - Project name: Math, Project ID: 63, MS:83.33333333333334 CV:100.0,Round:3,TC: 1,MT: 1
2025-05-16 02:03:03,994 - Project name: Math, Project ID: 63, Result: Success
2025-05-16 02:13:44,034 - Project name: Math, Project ID: 62, MS:84.61538461538461 CV:95.34883720930233,Round:2,TC: 1,MT: 0
2025-05-16 02:14:00,963 - Project name: Math, Project ID: 62, Result: Success
2025-05-16 02:16:36,529 - Project name: Math, Project ID: 65, MS:92.85714285714286 CV:71.42857142857143,Round:1,TC: 0,MT: 0
2025-05-16 02:25:07,123 - Project name: Math, Project ID: 65, MS:41.66666666666667 CV:71.42857142857143,Round:2,TC: 0,MT: 1
2025-05-16 02:27:57,584 - Project name: Math, Project ID: 64, MS:0.0 CV:94.89626556016597,Round:1,TC: 0,MT: 0
2025-05-16 02:34:05,318 - Project name: Math, Project ID: 44, MS:64.70588235294117 CV:89.28571428571429,Round:4,TC: 3,MT: 0
2025-05-16 02:34:19,586 - Project name: Math, Project ID: 44, Result: Success
2025-05-16 02:41:20,030 - Project name: Math, Project ID: 57, MS:69.23076923076923 CV:100.0,Round:2,TC: 1,MT: 0
2025-05-16 02:45:50,677 - Project name: Math, Project ID: 39, MS:26.08695652173913 CV:96.66666666666667,Round:3,TC: 2,MT: 0
2025-05-16 02:57:04,504 - Project name: Math, Project ID: 67, unable to generate mutants,just test the original test
2025-05-16 02:57:04,504 - Project name: Math, Project ID: 67, Result: Success
2025-05-16 02:59:08,161 - Project name: Math, Project ID: 65, MS:41.66666666666667 CV:75.51020408163265,Round:3,TC: 1,MT: 1
2025-05-16 03:07:07,448 - Project name: Math, Project ID: 57, MS:69.23076923076923 CV:100.0,Round:3,TC: 2,MT: 0
2025-05-16 03:22:38,591 - Project name: Math, Project ID: 64, MS:0.0 CV:96.30705394190872,Round:2,TC: 1,MT: 0
2025-05-16 03:28:07,904 - Project name: Math, Project ID: 65, MS:41.66666666666667 CV:75.51020408163265,Round:4,TC: 2,MT: 1
2025-05-16 03:28:20,421 - Project name: Math, Project ID: 65, Result: Success
2025-05-16 03:30:50,195 - Project name: Math, Project ID: 54, MS:45.45454545454545 CV:90.72847682119205,Round:4,TC: 2,MT: 1
2025-05-16 03:31:03,181 - Project name: Math, Project ID: 54, Result: Success
2025-05-16 03:35:56,141 - Project name: Math, Project ID: 69, MS:30.76923076923077 CV:100.0,Round:1,TC: 0,MT: 0
2025-05-16 03:43:22,788 - Project name: Math, Project ID: 57, MS:69.23076923076923 CV:100.0,Round:4,TC: 3,MT: 0
2025-05-16 03:43:36,534 - Project name: Math, Project ID: 57, Result: Generated, failed
2025-05-16 03:48:26,890 - Project name: Math, Project ID: 70, unable to generate mutants,just test the original test
2025-05-16 03:48:26,890 - Project name: Math, Project ID: 70, Result: Generated, failed
2025-05-16 03:50:52,731 - Project name: Math, Project ID: 69, MS:84.61538461538461 CV:100.0,Round:2,TC: 1,MT: 0
2025-05-16 03:51:06,651 - Project name: Math, Project ID: 69, Result: Generated, failed
2025-05-16 04:00:18,832 - Project name: Math, Project ID: 51, MS:6.666666666666667 CV:83.96946564885496,Round:3,TC: 2,MT: 0
2025-05-16 04:10:25,949 - Project name: Math, Project ID: 64, MS:0.0 CV:96.30705394190872,Round:3,TC: 2,MT: 0
2025-05-16 04:17:36,851 - Project name: Math, Project ID: 73, MS:35.294117647058826 CV:93.87755102040816,Round:1,TC: 0,MT: 0
2025-05-16 04:17:54,208 - Project name: Math, Project ID: 72, MS:57.14285714285714 CV:97.95918367346938,Round:1,TC: 0,MT: 0
2025-05-16 04:43:16,856 - Project name: Math, Project ID: 66, MS:15.0 CV:99.69135802469135,Round:1,TC: 0,MT: 0
2025-05-16 04:53:06,312 - Project name: Math, Project ID: 72, MS:71.42857142857143 CV:98.9795918367347,Round:2,TC: 1,MT: 0
2025-05-16 04:53:18,285 - Project name: Math, Project ID: 72, Result: Success
2025-05-16 05:12:13,729 - Project name: Math, Project ID: 39, MS:26.08695652173913 CV:96.66666666666667,Round:4,TC: 3,MT: 0
2025-05-16 05:12:27,538 - Project name: Math, Project ID: 39, Result: Generated, failed
2025-05-16 05:14:51,989 - Project name: Math, Project ID: 64, MS:0.0 CV:96.47302904564316,Round:4,TC: 3,MT: 0
2025-05-16 05:15:03,606 - Project name: Math, Project ID: 64, Result: Generated, failed
2025-05-16 05:18:47,460 - Project name: Math, Project ID: 73, MS:47.05882352941176 CV:97.95918367346938,Round:2,TC: 1,MT: 0
2025-05-16 05:19:14,517 - Project name: Math, Project ID: 71, MS:100.0 CV:81.77083333333334,Round:1,TC: 0,MT: 0
2025-05-16 05:33:24,791 - Project name: Math, Project ID: 75, MS:36.36363636363637 CV:100.0,Round:1,TC: 0,MT: 0
2025-05-16 05:33:56,098 - Project name: Math, Project ID: 66, MS:25.0 CV:100.0,Round:2,TC: 1,MT: 0
2025-05-16 05:34:29,144 - Project name: Math, Project ID: 76, MS:0.0 CV:48.51485148514851,Round:1,TC: 0,MT: 0
2025-05-16 05:36:38,763 - Project name: Math, Project ID: 75, MS:36.36363636363637 CV:100.0,Round:2,TC: 1,MT: 0
2025-05-16 05:39:49,547 - Project name: Math, Project ID: 75, MS:36.36363636363637 CV:100.0,Round:3,TC: 2,MT: 0
2025-05-16 05:42:57,084 - Project name: Math, Project ID: 75, MS:36.36363636363637 CV:100.0,Round:4,TC: 3,MT: 0
2025-05-16 05:43:08,658 - Project name: Math, Project ID: 75, Result: Generated, failed
2025-05-16 05:45:07,479 - Project name: Math, Project ID: 71, MS:44.827586206896555 CV:81.77083333333334,Round:2,TC: 0,MT: 1
2025-05-16 05:51:22,223 - Project name: Math, Project ID: 77, MS:0.0 CV:50.0,Round:1,TC: 0,MT: 0
2025-05-16 05:59:36,062 - Project name: Math, Project ID: 66, MS:25.0 CV:100.0,Round:3,TC: 2,MT: 0
2025-05-16 06:06:18,468 - Project name: Math, Project ID: 77, MS:100.0 CV:55.55555555555556,Round:2,TC: 1,MT: 0
2025-05-16 06:11:12,216 - Project name: Math, Project ID: 77, MS:74.07407407407408 CV:55.55555555555556,Round:3,TC: 1,MT: 1
2025-05-16 06:17:29,326 - Project name: Math, Project ID: 73, MS:64.70588235294117 CV:97.95918367346938,Round:3,TC: 2,MT: 0
2025-05-16 06:20:13,471 - Project name: Math, Project ID: 77, MS:65.95744680851064 CV:55.55555555555556,Round:4,TC: 1,MT: 2
2025-05-16 06:28:57,654 - Project name: Math, Project ID: 77, MS:65.95744680851064 CV:55.55555555555556,Round:5,TC: 2,MT: 2
2025-05-16 06:29:08,060 - Project name: Math, Project ID: 77, Result: Success
2025-05-16 06:35:33,464 - Project name: Math, Project ID: 68, MS:0.0 CV:88.36967808930426,Round:1,TC: 0,MT: 0
2025-05-16 06:39:08,945 - Project name: Math, Project ID: 66, MS:25.0 CV:100.0,Round:4,TC: 3,MT: 0
2025-05-16 06:39:21,643 - Project name: Math, Project ID: 66, Result: Success
2025-05-16 06:44:44,858 - Project name: Math, Project ID: 78, MS:0.0 CV:83.18181818181817,Round:1,TC: 0,MT: 0
2025-05-16 06:47:50,210 - Project name: Math, Project ID: 79, MS:0.0 CV:80.76923076923077,Round:1,TC: 0,MT: 0
2025-05-16 06:52:05,907 - Project name: Math, Project ID: 73, MS:64.70588235294117 CV:97.95918367346938,Round:4,TC: 3,MT: 0
2025-05-16 06:52:27,360 - Project name: Math, Project ID: 73, Result: Success
2025-05-16 06:56:46,541 - Project name: Math, Project ID: 51, MS:6.666666666666667 CV:83.96946564885496,Round:4,TC: 3,MT: 0
2025-05-16 06:57:00,779 - Project name: Math, Project ID: 51, Result: Generated, failed
2025-05-16 07:02:17,954 - Project name: Math, Project ID: 80, MS:14.285714285714285 CV:100.0,Round:1,TC: 0,MT: 0
2025-05-16 07:12:58,523 - Project name: Math, Project ID: 79, MS:0.0 CV:80.76923076923077,Round:2,TC: 1,MT: 0
2025-05-16 07:15:21,034 - Project name: Math, Project ID: 74, MS:20.0 CV:94.82758620689656,Round:1,TC: 0,MT: 0
2025-05-16 07:21:38,884 - Project name: Math, Project ID: 80, MS:71.42857142857143 CV:100.0,Round:2,TC: 1,MT: 0
2025-05-16 07:21:49,371 - Project name: Math, Project ID: 80, Result: Success
2025-05-16 07:24:57,806 - Project name: Math, Project ID: 81, MS:0.0 CV:63.1979695431472,Round:1,TC: 0,MT: 0
2025-05-16 07:32:19,874 - Project name: Math, Project ID: 82, MS:0.0 CV:57.89473684210527,Round:1,TC: 0,MT: 0
2025-05-16 07:36:10,767 - Project name: Math, Project ID: 76, MS:95.83333333333334 CV:71.28712871287128,Round:2,TC: 1,MT: 0
2025-05-16 07:37:36,033 - Project name: Math, Project ID: 79, MS:0.0 CV:80.76923076923077,Round:3,TC: 2,MT: 0
2025-05-16 07:47:53,577 - Project name: Math, Project ID: 81, MS:0.0 CV:63.1979695431472,Round:2,TC: 1,MT: 0
2025-05-16 07:58:23,835 - Project name: Math, Project ID: 76, MS:48.45360824742268 CV:71.28712871287128,Round:3,TC: 1,MT: 1
2025-05-16 08:02:50,418 - Project name: Math, Project ID: 79, MS:0.0 CV:80.76923076923077,Round:4,TC: 3,MT: 0
2025-05-16 08:03:02,006 - Project name: Math, Project ID: 79, Result: Generated, failed
2025-05-16 08:07:00,555 - Project name: Math, Project ID: 82, MS:0.0 CV:57.89473684210527,Round:2,TC: 1,MT: 0
2025-05-16 08:11:06,930 - Project name: Math, Project ID: 81, MS:0.0 CV:70.05076142131979,Round:3,TC: 2,MT: 0
2025-05-16 08:13:38,623 - Project name: Math, Project ID: 71, MS:50.877192982456144 CV:82.8125,Round:3,TC: 1,MT: 1
2025-05-16 08:16:34,191 - Project name: Math, Project ID: 78, MS:8.823529411764707 CV:93.18181818181817,Round:2,TC: 1,MT: 0
2025-05-16 08:34:59,743 - Project name: Math, Project ID: 81, MS:0.0 CV:70.05076142131979,Round:4,TC: 3,MT: 0
2025-05-16 08:35:10,950 - Project name: Math, Project ID: 81, Result: Success
2025-05-16 08:43:19,577 - Project name: Math, Project ID: 82, MS:0.0 CV:57.89473684210527,Round:3,TC: 2,MT: 0
2025-05-16 08:58:14,510 - Project name: Math, Project ID: 84, MS:0.0 CV:79.41176470588235,Round:1,TC: 0,MT: 0
2025-05-16 09:02:43,431 - Project name: Math, Project ID: 83, MS:0.0 CV:97.22222222222221,Round:1,TC: 0,MT: 0
2025-05-16 09:24:12,340 - Project name: Math, Project ID: 82, MS:0.0 CV:57.89473684210527,Round:4,TC: 3,MT: 0
2025-05-16 09:24:25,394 - Project name: Math, Project ID: 82, Result: Generated, failed
2025-05-16 09:31:05,132 - Project name: Math, Project ID: 78, MS:11.76470588235294 CV:93.18181818181817,Round:3,TC: 2,MT: 0
2025-05-16 09:53:00,761 - Project name: Math, Project ID: 85, MS:25.0 CV:100.0,Round:1,TC: 0,MT: 0
2025-05-16 09:54:14,532 - Project name: Math, Project ID: 83, MS:0.0 CV:97.22222222222221,Round:2,TC: 1,MT: 0
2025-05-16 09:54:24,865 - Project name: Math, Project ID: 74, MS:100.0 CV:91.37931034482759,Round:2,TC: 1,MT: 0
2025-05-16 10:10:12,270 - Project name: Math, Project ID: 84, MS:0.0 CV:84.31372549019608,Round:2,TC: 1,MT: 0
2025-05-16 10:13:00,882 - Project name: Math, Project ID: 76, MS:72.63157894736842 CV:74.25742574257426,Round:4,TC: 2,MT: 1
2025-05-16 10:13:23,732 - Project name: Math, Project ID: 76, Result: Success
2025-05-16 10:38:35,712 - Project name: Math, Project ID: 83, MS:0.0 CV:97.22222222222221,Round:3,TC: 2,MT: 0
2025-05-16 10:51:40,807 - Project name: Math, Project ID: 85, MS:-1 CV:63.04347826086957,Round:2,TC: 1,MT: 0
2025-05-16 10:54:34,454 - Project name: Math, Project ID: 78, MS:8.823529411764707 CV:93.18181818181817,Round:4,TC: 3,MT: 0
2025-05-16 10:54:55,131 - Project name: Math, Project ID: 78, Result: Generated, failed
2025-05-16 11:04:19,156 - Project name: Math, Project ID: 71, MS:52.72727272727272 CV:83.85416666666666,Round:4,TC: 2,MT: 1
2025-05-16 11:04:50,993 - Project name: Math, Project ID: 71, Result: Generated, failed
2025-05-16 11:08:33,387 - Project name: Math, Project ID: 87, MS:0.0 CV:46.15384615384615,Round:1,TC: 0,MT: 0
2025-05-16 11:10:18,746 - Project name: Math, Project ID: 85, MS:80.0 CV:100.0,Round:3,TC: 2,MT: 0
2025-05-16 11:10:30,244 - Project name: Math, Project ID: 85, Result: Success
2025-05-16 11:12:46,122 - Project name: Math, Project ID: 86, unable to generate mutants,just test the original test
2025-05-16 11:12:46,123 - Project name: Math, Project ID: 86, Result: Generated, failed
2025-05-16 11:28:19,430 - Project name: Math, Project ID: 89, MS:50.0 CV:80.0,Round:1,TC: 0,MT: 0
2025-05-16 11:28:21,193 - Project name: Math, Project ID: 83, MS:0.0 CV:97.22222222222221,Round:4,TC: 3,MT: 0
2025-05-16 11:28:35,097 - Project name: Math, Project ID: 83, Result: Generated, failed
2025-05-16 11:31:19,890 - Project name: Math, Project ID: 90, MS:57.14285714285714 CV:95.0,Round:1,TC: 0,MT: 0
2025-05-16 11:31:27,474 - Project name: Math, Project ID: 88, MS:75.0 CV:100.0,Round:1,TC: 0,MT: 0
2025-05-16 11:32:47,900 - Project name: Math, Project ID: 91, MS:100.0 CV:82.6086956521739,Round:1,TC: 0,MT: 0
2025-05-16 11:34:26,537 - Project name: Math, Project ID: 84, MS:0.0 CV:84.31372549019608,Round:3,TC: 2,MT: 0
2025-05-16 11:36:18,404 - Project name: Math, Project ID: 91, MS:80.0 CV:82.6086956521739,Round:2,TC: 0,MT: 1
2025-05-16 11:36:34,204 - Project name: Math, Project ID: 88, MS:67.85714285714286 CV:100.0,Round:2,TC: 0,MT: 1
2025-05-16 11:42:03,083 - Project name: Math, Project ID: 91, MS:59.25925925925925 CV:82.6086956521739,Round:3,TC: 0,MT: 2
2025-05-16 11:53:05,428 - Project name: Math, Project ID: 91, MS:100.0 CV:100.0,Round:4,TC: 1,MT: 2
2025-05-16 11:54:46,369 - Project name: Math, Project ID: 88, MS:67.85714285714286 CV:100.0,Round:3,TC: 1,MT: 1
2025-05-16 11:56:39,793 - Project name: Math, Project ID: 91, MS:100.0 CV:100.0,Round:5,TC: 2,MT: 2
2025-05-16 11:56:50,174 - Project name: Math, Project ID: 91, Result: Generated, failed
2025-05-16 11:58:04,358 - Project name: Math, Project ID: 90, MS:78.57142857142857 CV:100.0,Round:2,TC: 1,MT: 0
2025-05-16 11:58:17,577 - Project name: Math, Project ID: 90, Result: Generated, failed
2025-05-16 11:59:50,368 - Project name: Math, Project ID: 68, MS:-1 CV:88.36967808930426,Round:2,TC: 1,MT: 0
2025-05-16 12:03:17,236 - Project name: Math, Project ID: 68, MS:-1 CV:88.36967808930426,Round:3,TC: 2,MT: 0
2025-05-16 12:04:50,989 - Project name: Math, Project ID: 93, MS:77.77777777777779 CV:100.0,Round:1,TC: 0,MT: 0
2025-05-16 12:06:50,892 - Project name: Math, Project ID: 87, MS:0.0 CV:84.61538461538461,Round:2,TC: 1,MT: 0
2025-05-16 12:07:11,928 - Project name: Math, Project ID: 68, MS:-1 CV:88.36967808930426,Round:4,TC: 3,MT: 0
2025-05-16 12:07:20,309 - Project name: Math, Project ID: 68, Result: Generated, failed
2025-05-16 12:08:33,799 - Project name: Math, Project ID: 93, MS:83.33333333333334 CV:100.0,Round:2,TC: 0,MT: 1
2025-05-16 12:08:36,789 - Project name: Math, Project ID: 92, MS:76.47058823529412 CV:98.6046511627907,Round:1,TC: 0,MT: 0
2025-05-16 12:17:06,284 - Project name: Math, Project ID: 92, MS:68.75 CV:98.6046511627907,Round:2,TC: 0,MT: 1
2025-05-16 12:17:58,191 - Project name: Math, Project ID: 88, MS:78.57142857142857 CV:100.0,Round:4,TC: 2,MT: 1
2025-05-16 12:18:11,378 - Project name: Math, Project ID: 74, MS:21.21212121212121 CV:94.82758620689656,Round:3,TC: 1,MT: 1
2025-05-16 12:18:11,681 - Project name: Math, Project ID: 88, Result: Generated, failed
2025-05-16 12:20:00,752 - Project name: Math, Project ID: 89, MS:77.77777777777779 CV:100.0,Round:2,TC: 1,MT: 0
2025-05-16 12:20:12,778 - Project name: Math, Project ID: 89, Result: Success
2025-05-16 12:23:17,594 - Project name: Math, Project ID: 96, MS:85.71428571428571 CV:100.0,Round:1,TC: 0,MT: 0
2025-05-16 12:26:30,765 - Project name: Math, Project ID: 96, MS:87.5 CV:100.0,Round:2,TC: 0,MT: 1
2025-05-16 12:27:25,275 - Project name: Math, Project ID: 95, MS:100.0 CV:95.65217391304348,Round:1,TC: 0,MT: 0
2025-05-16 12:29:05,336 - Project name: Math, Project ID: 93, MS:83.33333333333334 CV:100.0,Round:3,TC: 1,MT: 1
2025-05-16 12:29:15,980 - Project name: Math, Project ID: 93, Result: Success
2025-05-16 12:29:59,642 - Project name: Math, Project ID: 96, MS:93.75 CV:100.0,Round:3,TC: 1,MT: 1
2025-05-16 12:30:10,969 - Project name: Math, Project ID: 96, Result: Generated, failed
2025-05-16 12:30:34,452 - Project name: Math, Project ID: 95, MS:92.3076923076923 CV:95.65217391304348,Round:2,TC: 0,MT: 1
2025-05-16 12:36:02,491 - Project name: Math, Project ID: 95, MS:100.0 CV:100.0,Round:3,TC: 1,MT: 1
2025-05-16 12:36:12,396 - Project name: Math, Project ID: 95, Result: Success
2025-05-16 12:36:51,274 - Project name: Math, Project ID: 92, MS:70.83333333333334 CV:98.6046511627907,Round:3,TC: 1,MT: 1
2025-05-16 12:37:01,972 - Project name: Math, Project ID: 92, Result: Success
2025-05-16 12:39:59,649 - Project name: Math, Project ID: 98, MS:0.0 CV:38.70967741935484,Round:1,TC: 0,MT: 0
2025-05-16 12:42:31,517 - Project name: Math, Project ID: 99, MS:83.33333333333334 CV:98.63013698630137,Round:1,TC: 0,MT: 0
2025-05-16 12:43:51,218 - Project name: Math, Project ID: 94, MS:20.0 CV:92.10526315789474,Round:1,TC: 0,MT: 0
2025-05-16 12:45:58,975 - Project name: Math, Project ID: 99, MS:73.91304347826086 CV:98.63013698630137,Round:2,TC: 0,MT: 1
2025-05-16 12:49:24,428 - Project name: Math, Project ID: 84, MS:0.0 CV:84.31372549019608,Round:4,TC: 3,MT: 0
2025-05-16 12:49:38,728 - Project name: Math, Project ID: 84, Result: Generated, failed
2025-05-16 12:54:21,756 - Project name: Math, Project ID: 98, MS:100.0 CV:58.06451612903226,Round:2,TC: 1,MT: 0
2025-05-16 12:55:21,795 - Project name: Math, Project ID: 99, MS:78.26086956521739 CV:98.63013698630137,Round:3,TC: 1,MT: 1
2025-05-16 12:55:32,878 - Project name: Math, Project ID: 99, Result: Success
2025-05-16 12:56:12,434 - Project name: Math, Project ID: 101, MS:93.75 CV:100.0,Round:1,TC: 0,MT: 0
2025-05-16 12:57:40,816 - Project name: Math, Project ID: 100, MS:72.72727272727273 CV:98.0392156862745,Round:1,TC: 0,MT: 0
2025-05-16 13:00:07,479 - Project name: Math, Project ID: 101, MS:94.44444444444444 CV:100.0,Round:2,TC: 0,MT: 1
2025-05-16 13:01:37,066 - Project name: Math, Project ID: 97, MS:56.36363636363636 CV:90.9090909090909,Round:1,TC: 0,MT: 0
2025-05-16 13:01:47,969 - Project name: Math, Project ID: 98, MS:74.19354838709677 CV:58.06451612903226,Round:3,TC: 1,MT: 1
2025-05-16 13:05:37,917 - Project name: Math, Project ID: 100, MS:68.96551724137932 CV:98.0392156862745,Round:2,TC: 0,MT: 1
2025-05-16 13:05:41,943 - Project name: Math, Project ID: 101, MS:94.44444444444444 CV:100.0,Round:3,TC: 1,MT: 1
2025-05-16 13:06:01,212 - Project name: Math, Project ID: 101, Result: Success
2025-05-16 13:12:48,334 - Project name: Math, Project ID: 87, MS:70.0 CV:92.3076923076923,Round:3,TC: 2,MT: 0
2025-05-16 13:15:50,688 - Project name: Math, Project ID: 98, MS:57.89473684210527 CV:58.06451612903226,Round:4,TC: 1,MT: 2
2025-05-16 13:18:11,786 - Project name: Math, Project ID: 103, MS:28.125 CV:81.25,Round:1,TC: 0,MT: 0
2025-05-16 13:18:27,816 - Project name: Math, Project ID: 87, MS:66.66666666666666 CV:92.3076923076923,Round:4,TC: 2,MT: 1
2025-05-16 13:18:40,757 - Project name: Math, Project ID: 87, Result: Generated, failed
2025-05-16 13:19:36,092 - Project name: Math, Project ID: 102, MS:75.92592592592592 CV:100.0,Round:1,TC: 0,MT: 0
2025-05-16 13:26:20,143 - Project name: Math, Project ID: 94, MS:60.0 CV:100.0,Round:2,TC: 1,MT: 0
2025-05-16 13:27:47,213 - Project name: Math, Project ID: 100, MS:93.10344827586206 CV:100.0,Round:3,TC: 1,MT: 1
2025-05-16 13:28:09,644 - Project name: Math, Project ID: 100, Result: Success
2025-05-16 13:34:58,758 - Project name: Math, Project ID: 102, MS:67.74193548387096 CV:100.0,Round:2,TC: 0,MT: 1
2025-05-16 13:35:47,098 - Project name: Math, Project ID: 105, MS:100.0 CV:88.63636363636364,Round:1,TC: 0,MT: 0
2025-05-16 13:41:57,343 - Project name: Math, Project ID: 105, MS:58.333333333333336 CV:88.63636363636364,Round:2,TC: 0,MT: 1
2025-05-16 13:48:39,379 - Project name: Math, Project ID: 104, MS:0.0 CV:100.0,Round:1,TC: 0,MT: 0
2025-05-16 13:49:37,742 - Project name: Math, Project ID: 98, MS:66.66666666666666 CV:58.06451612903226,Round:5,TC: 2,MT: 2
2025-05-16 13:49:50,545 - Project name: Math, Project ID: 98, Result: Success
2025-05-16 13:51:22,901 - Project name: Math, Project ID: 104, MS:0.0 CV:100.0,Round:2,TC: 1,MT: 0
2025-05-16 13:55:00,422 - Project name: Math, Project ID: 104, MS:0.0 CV:100.0,Round:3,TC: 2,MT: 0
2025-05-16 13:56:06,135 - Project name: Math, Project ID: 105, MS:95.83333333333334 CV:100.0,Round:3,TC: 1,MT: 1
2025-05-16 13:57:01,567 - Project name: Math, Project ID: 105, Result: Success
2025-05-16 13:58:21,630 - Project name: Math, Project ID: 104, MS:0.0 CV:100.0,Round:4,TC: 3,MT: 0
2025-05-16 13:58:25,575 - Project name: Math, Project ID: 106, MS:81.81818181818183 CV:98.27586206896551,Round:1,TC: 0,MT: 0
2025-05-16 13:58:42,258 - Project name: Math, Project ID: 104, Result: Success
2025-05-16 13:59:39,845 - Project name: Math, Project ID: 103, MS:43.75 CV:81.25,Round:2,TC: 1,MT: 0
2025-05-16 14:05:17,832 - Project name: Math, Project ID: 94, MS:60.0 CV:100.0,Round:3,TC: 2,MT: 0
2025-05-16 14:07:11,956 - Project name: Math, Project ID: 106, MS:70.37037037037037 CV:98.27586206896551,Round:2,TC: 0,MT: 1
2025-05-16 14:20:30,637 - Project name: Math, Project ID: 106, MS:74.07407407407408 CV:100.0,Round:3,TC: 1,MT: 1
2025-05-16 14:20:51,382 - Project name: Math, Project ID: 106, Result: Success
2025-05-16 14:29:26,634 - Project name: Math, Project ID: 102, MS:74.19354838709677 CV:100.0,Round:3,TC: 1,MT: 1
2025-05-16 14:29:47,929 - Project name: Math, Project ID: 102, Result: Success
2025-05-16 14:35:10,303 - Project name: Math, Project ID: 97, MS:78.18181818181819 CV:100.0,Round:2,TC: 1,MT: 0
2025-05-16 14:35:22,712 - Project name: Math, Project ID: 97, Result: Success
2025-05-16 14:37:49,738 - Project name: Math, Project ID: 103, MS:43.75 CV:81.25,Round:3,TC: 2,MT: 0
2025-05-16 14:44:53,088 - Project name: Math, Project ID: 94, MS:60.0 CV:100.0,Round:4,TC: 3,MT: 0
2025-05-16 14:45:02,990 - Project name: Math, Project ID: 94, Result: Success
2025-05-16 15:11:47,542 - Project name: Math, Project ID: 103, MS:43.75 CV:81.25,Round:4,TC: 3,MT: 0
2025-05-16 15:12:08,049 - Project name: Math, Project ID: 103, Result: Generated, failed
2025-05-16 17:35:06,986 - Project name: Math, Project ID: 74, MS:21.21212121212121 CV:94.82758620689656,Round:4,TC: 2,MT: 1
2025-05-16 17:35:20,230 - Project name: Math, Project ID: 74, Result: Generated, failed
