2025-05-16 17:14:40,588 - Project name: Csv, Project ID: 5, MS:0.0 CV:44.44444444444444,Round:1,TC: 0,MT: 0
2025-05-16 17:15:57,254 - Project name: Csv, Project ID: 4, MS:41.66666666666667 CV:93.75,Round:1,TC: 0,MT: 0
2025-05-16 17:16:29,355 - Project name: Csv, Project ID: 6, MS:87.5 CV:100.0,Round:1,TC: 0,MT: 0
2025-05-16 17:18:05,917 - Project name: Csv, Project ID: 6, MS:87.5 CV:100.0,Round:2,TC: 0,MT: 1
2025-05-16 17:20:10,661 - Project name: Csv, Project ID: 6, MS:87.5 CV:100.0,Round:3,TC: 1,MT: 1
2025-05-16 17:20:17,898 - Project name: Csv, Project ID: 6, Result: Success
2025-05-16 17:24:01,016 - Project name: Csv, Project ID: 2, MS:71.42857142857143 CV:100.0,Round:1,TC: 0,MT: 0
2025-05-16 17:24:07,865 - Project name: Csv, Project ID: 5, MS:75.0 CV:100.0,Round:2,TC: 1,MT: 0
2025-05-16 17:24:16,752 - Project name: Csv, Project ID: 5, Result: Generated, failed
2025-05-16 17:24:56,306 - Project name: Csv, Project ID: 7, MS:0.0 CV:67.74193548387096,Round:1,TC: 0,MT: 0
2025-05-16 17:26:04,750 - Project name: Csv, Project ID: 8, MS:70.37037037037037 CV:64.92537313432835,Round:1,TC: 0,MT: 0
2025-05-16 17:27:16,510 - Project name: Csv, Project ID: 2, MS:75.0 CV:100.0,Round:2,TC: 0,MT: 1
2025-05-16 17:27:35,244 - Project name: Csv, Project ID: 9, MS:94.11764705882352 CV:95.83333333333334,Round:1,TC: 0,MT: 0
2025-05-16 17:29:47,201 - Project name: Csv, Project ID: 9, MS:84.21052631578947 CV:95.83333333333334,Round:2,TC: 0,MT: 1
2025-05-16 17:35:12,975 - Project name: Csv, Project ID: 4, MS:41.66666666666667 CV:93.75,Round:2,TC: 1,MT: 0
2025-05-16 17:35:19,516 - Project name: Csv, Project ID: 9, MS:100.0 CV:100.0,Round:3,TC: 1,MT: 1
2025-05-16 17:35:26,703 - Project name: Csv, Project ID: 9, Result: Success
2025-05-16 17:44:59,009 - Project name: Csv, Project ID: 10, MS:28.57142857142857 CV:88.0,Round:1,TC: 0,MT: 0
2025-05-16 17:45:18,436 - Project name: Csv, Project ID: 2, MS:75.0 CV:100.0,Round:3,TC: 1,MT: 1
2025-05-16 17:45:27,512 - Project name: Csv, Project ID: 2, Result: Success
2025-05-16 17:50:37,092 - Project name: Csv, Project ID: 8, MS:18.852459016393443 CV:64.92537313432835,Round:2,TC: 0,MT: 1
2025-05-16 17:51:59,740 - Project name: Csv, Project ID: 11, MS:0.0 CV:45.23809523809524,Round:1,TC: 0,MT: 0
2025-05-16 17:56:40,835 - Project name: Csv, Project ID: 3, MS:0.0 CV:58.139534883720934,Round:1,TC: 0,MT: 0
2025-05-16 17:56:51,443 - Project name: Csv, Project ID: 10, MS:28.57142857142857 CV:88.0,Round:2,TC: 1,MT: 0
2025-05-16 17:59:01,694 - Project name: Csv, Project ID: 4, MS:41.66666666666667 CV:93.75,Round:3,TC: 2,MT: 0
2025-05-16 17:59:07,943 - Project name: Csv, Project ID: 1, MS:7.142857142857142 CV:66.66666666666666,Round:1,TC: 0,MT: 0
2025-05-16 18:10:35,655 - Project name: Csv, Project ID: 10, MS:28.57142857142857 CV:88.0,Round:3,TC: 2,MT: 0
2025-05-16 18:16:07,646 - Project name: Csv, Project ID: 4, MS:41.66666666666667 CV:93.75,Round:4,TC: 3,MT: 0
2025-05-16 18:16:15,738 - Project name: Csv, Project ID: 4, Result: Success
2025-05-16 18:27:29,078 - Project name: Csv, Project ID: 10, MS:28.57142857142857 CV:88.0,Round:4,TC: 3,MT: 0
2025-05-16 18:27:37,601 - Project name: Csv, Project ID: 10, Result: Success
2025-05-16 18:38:02,414 - Project name: Csv, Project ID: 7, MS:12.5 CV:75.80645161290323,Round:2,TC: 1,MT: 0
2025-05-16 18:44:09,998 - Project name: Csv, Project ID: 14, unable to generate mutants,just test the original test
2025-05-16 18:44:09,998 - Project name: Csv, Project ID: 14, Result: Generated, failed
2025-05-16 19:00:55,207 - Project name: Csv, Project ID: 15, unable to generate mutants,just test the original test
2025-05-16 19:00:55,208 - Project name: Csv, Project ID: 15, Result: Generated, failed
2025-05-16 19:11:14,353 - Project name: Csv, Project ID: 11, MS:38.88888888888889 CV:83.33333333333334,Round:2,TC: 1,MT: 0
2025-05-16 19:22:34,186 - Project name: Csv, Project ID: 16, MS:64.28571428571429 CV:97.1830985915493,Round:1,TC: 0,MT: 0
2025-05-16 19:26:54,368 - Project name: Csv, Project ID: 7, MS:12.5 CV:75.80645161290323,Round:3,TC: 2,MT: 0
2025-05-16 19:29:17,067 - Project name: Csv, Project ID: 16, MS:64.28571428571429 CV:97.1830985915493,Round:2,TC: 1,MT: 0
2025-05-16 19:35:54,592 - Project name: Csv, Project ID: 16, MS:64.28571428571429 CV:97.1830985915493,Round:3,TC: 2,MT: 0
2025-05-16 19:42:32,091 - Project name: Csv, Project ID: 16, MS:64.28571428571429 CV:97.1830985915493,Round:4,TC: 3,MT: 0
2025-05-16 19:42:40,226 - Project name: Csv, Project ID: 16, Result: Success
2025-05-16 19:45:47,515 - Project name: Csv, Project ID: 1, MS:7.142857142857142 CV:100.0,Round:2,TC: 1,MT: 0
2025-05-16 19:54:57,158 - Project name: Csv, Project ID: 11, MS:44.44444444444444 CV:85.71428571428571,Round:3,TC: 2,MT: 0
2025-05-16 20:19:35,314 - Project name: Csv, Project ID: 7, MS:12.5 CV:75.80645161290323,Round:4,TC: 3,MT: 0
2025-05-16 20:19:46,273 - Project name: Csv, Project ID: 7, Result: Generated, failed
2025-05-16 20:32:05,906 - Project name: Csv, Project ID: 12, MS:76.0 CV:100.0,Round:1,TC: 0,MT: 0
2025-05-16 20:32:36,553 - Project name: Csv, Project ID: 11, MS:47.22222222222222 CV:85.71428571428571,Round:4,TC: 3,MT: 0
2025-05-16 20:32:44,966 - Project name: Csv, Project ID: 11, Result: Generated, failed
2025-05-16 20:36:22,269 - Project name: Csv, Project ID: 12, MS:75.86206896551724 CV:100.0,Round:2,TC: 0,MT: 1
2025-05-16 20:41:28,823 - Project name: Csv, Project ID: 12, MS:75.86206896551724 CV:100.0,Round:3,TC: 1,MT: 1
2025-05-16 20:41:42,437 - Project name: Csv, Project ID: 12, Result: Success
2025-05-16 20:55:46,277 - Project name: Csv, Project ID: 13, unable to generate mutants,just test the original test
2025-05-16 20:55:46,277 - Project name: Csv, Project ID: 13, Result: Success
2025-05-16 21:13:51,741 - Project name: Csv, Project ID: 3, MS:0.0 CV:58.139534883720934,Round:2,TC: 1,MT: 0
2025-05-16 21:44:57,165 - Project name: Csv, Project ID: 8, MS:47.540983606557376 CV:82.08955223880598,Round:3,TC: 1,MT: 1
2025-05-16 23:16:22,101 - Project name: Csv, Project ID: 1, MS:83.33333333333334 CV:100.0,Round:3,TC: 2,MT: 0
2025-05-16 23:16:32,496 - Project name: Csv, Project ID: 1, Result: Success
2025-05-17 00:20:01,634 - Project name: Csv, Project ID: 3, MS:0.0 CV:58.139534883720934,Round:3,TC: 2,MT: 0
2025-05-17 00:43:01,043 - Project name: Csv, Project ID: 8, Result: error [Errno 2] No such file or directory: './defects4j_fixed/Csv/Csv_8_fixed/coverage.xml'
2025-05-17 03:08:15,901 - Project name: Csv, Project ID: 3, MS:0.0 CV:58.139534883720934,Round:4,TC: 3,MT: 0
2025-05-17 03:08:24,228 - Project name: Csv, Project ID: 3, Result: Generated, failed
