
2025-05-15 20:14:04,025 - Project name: Compress, Project ID: 1, MS:21.428571428571427 CV:85.91549295774648,Round:1,TC: 0,MT: 0
2025-05-15 20:14:06,523 - Project name: Compress, Project ID: 6, MS:68.0 CV:92.3076923076923,Round:1,TC: 0,MT: 0
2025-05-15 20:14:29,594 - Project name: Compress, Project ID: 7, MS:77.27272727272727 CV:100.0,Round:1,TC: 0,MT: 0
2025-05-15 20:14:31,685 - Project name: Compress, Project ID: 4, MS:0.0 CV:30.434782608695656,Round:1,TC: 0,MT: 0
2025-05-15 20:18:03,314 - Project name: Compress, Project ID: 7, MS:75.86206896551724 CV:100.0,Round:2,TC: 0,MT: 1
2025-05-15 20:18:27,777 - Project name: Compress, Project ID: 5, MS:0.0 CV:40.87301587301587,Round:1,TC: 0,MT: 0
2025-05-15 20:20:26,275 - Project name: Compress, Project ID: 8, unable to generate mutants,just test the original test
2025-05-15 20:20:26,275 - Project name: Compress, Project ID: 8, Result: Success
2025-05-15 20:25:50,226 - Project name: Compress, Project ID: 6, MS:68.0 CV:92.3076923076923,Round:2,TC: 1,MT: 0
2025-05-15 20:27:02,414 - Project name: Compress, Project ID: 3, MS:0.0 CV:98.0392156862745,Round:1,TC: 0,MT: 0
2025-05-15 20:28:33,512 - Project name: Compress, Project ID: 9, MS:11.11111111111111 CV:69.04761904761905,Round:1,TC: 0,MT: 0
2025-05-15 20:32:49,271 - Project name: Compress, Project ID: 7, MS:79.3103448275862 CV:100.0,Round:3,TC: 1,MT: 1
2025-05-15 20:33:02,083 - Project name: Compress, Project ID: 7, Result: Success
2025-05-15 20:35:03,177 - Project name: Compress, Project ID: 4, MS:83.33333333333334 CV:31.88405797101449,Round:2,TC: 1,MT: 0
2025-05-15 20:38:21,246 - Project name: Compress, Project ID: 6, MS:68.0 CV:92.3076923076923,Round:3,TC: 2,MT: 0
2025-05-15 20:48:22,845 - Project name: Compress, Project ID: 2, MS:33.33333333333333 CV:96.75745784695201,Round:1,TC: 0,MT: 0
2025-05-15 20:50:23,051 - Project name: Compress, Project ID: 6, MS:68.0 CV:92.3076923076923,Round:4,TC: 3,MT: 0
2025-05-15 20:50:31,308 - Project name: Compress, Project ID: 6, Result: Success
2025-05-15 20:51:24,506 - Project name: Compress, Project ID: 9, MS:11.11111111111111 CV:69.04761904761905,Round:2,TC: 1,MT: 0
2025-05-15 20:53:16,229 - Project name: Compress, Project ID: 3, MS:84.61538461538461 CV:99.01960784313727,Round:2,TC: 1,MT: 0
2025-05-15 20:53:24,321 - Project name: Compress, Project ID: 3, Result: Success
2025-05-15 20:55:46,613 - Project name: Compress, Project ID: 4, MS:22.666666666666664 CV:31.88405797101449,Round:3,TC: 1,MT: 1
2025-05-15 20:59:34,522 - Project name: Compress, Project ID: 1, MS:21.428571428571427 CV:88.73239436619718,Round:2,TC: 1,MT: 0
2025-05-15 21:03:02,396 - Project name: Compress, Project ID: 9, MS:11.11111111111111 CV:69.04761904761905,Round:3,TC: 2,MT: 0
2025-05-15 21:04:44,157 - Project name: Compress, Project ID: 11, MS:42.857142857142854 CV:90.1639344262295,Round:1,TC: 0,MT: 0
2025-05-15 21:18:12,772 - Project name: Compress, Project ID: 10, MS:0.0 CV:67.3469387755102,Round:1,TC: 0,MT: 0
2025-05-15 21:18:58,784 - Project name: Compress, Project ID: 12, MS:15.384615384615385 CV:57.333333333333336,Round:1,TC: 0,MT: 0
2025-05-15 21:20:53,825 - Project name: Compress, Project ID: 5, MS:25.0 CV:76.19047619047619,Round:2,TC: 1,MT: 0
2025-05-15 21:22:26,139 - Project name: Compress, Project ID: 9, MS:11.11111111111111 CV:92.85714285714286,Round:4,TC: 3,MT: 0
2025-05-15 21:22:34,908 - Project name: Compress, Project ID: 9, Result: Generated, failed
2025-05-15 21:26:55,409 - Project name: Compress, Project ID: 11, MS:42.857142857142854 CV:90.1639344262295,Round:2,TC: 1,MT: 0
2025-05-15 21:29:49,230 - Project name: Compress, Project ID: 1, MS:21.428571428571427 CV:88.73239436619718,Round:3,TC: 2,MT: 0
2025-05-15 21:34:30,775 - Project name: Compress, Project ID: 13, MS:60.0 CV:94.44444444444444,Round:1,TC: 0,MT: 0
2025-05-15 21:42:07,847 - Project name: Compress, Project ID: 13, MS:95.0 CV:100.0,Round:2,TC: 1,MT: 0
2025-05-15 21:42:15,481 - Project name: Compress, Project ID: 13, Result: Success
2025-05-15 21:45:41,412 - Project name: Compress, Project ID: 14, MS:85.71428571428571 CV:96.15384615384616,Round:1,TC: 0,MT: 0
2025-05-15 21:48:35,535 - Project name: Compress, Project ID: 14, MS:63.63636363636363 CV:96.15384615384616,Round:2,TC: 0,MT: 1
2025-05-15 21:48:38,947 - Project name: Compress, Project ID: 11, MS:42.857142857142854 CV:90.1639344262295,Round:3,TC: 2,MT: 0
2025-05-15 21:58:54,804 - Project name: Compress, Project ID: 10, MS:0.0 CV:67.3469387755102,Round:2,TC: 1,MT: 0
2025-05-15 22:00:21,653 - Project name: Compress, Project ID: 5, MS:25.0 CV:79.76190476190477,Round:3,TC: 2,MT: 0
2025-05-15 22:00:31,292 - Project name: Compress, Project ID: 1, MS:21.428571428571427 CV:88.73239436619718,Round:4,TC: 3,MT: 0
2025-05-15 22:00:39,471 - Project name: Compress, Project ID: 1, Result: Generated, failed
2025-05-15 22:05:05,977 - Project name: Compress, Project ID: 15, MS:50.0 CV:95.23809523809523,Round:1,TC: 0,MT: 0
2025-05-15 22:05:18,153 - Project name: Compress, Project ID: 12, MS:26.923076923076923 CV:69.33333333333334,Round:2,TC: 1,MT: 0
2025-05-15 22:05:26,671 - Project name: Compress, Project ID: 14, MS:95.45454545454545 CV:100.0,Round:3,TC: 1,MT: 1
2025-05-15 22:05:33,919 - Project name: Compress, Project ID: 14, Result: Success
2025-05-15 22:14:24,125 - Project name: Compress, Project ID: 16, MS:16.666666666666664 CV:84.375,Round:1,TC: 0,MT: 0
2025-05-15 22:19:59,970 - Project name: Compress, Project ID: 11, MS:57.14285714285714 CV:90.98360655737704,Round:4,TC: 3,MT: 0
2025-05-15 22:20:09,371 - Project name: Compress, Project ID: 11, Result: Success
2025-05-15 22:20:47,918 - Project name: Compress, Project ID: 15, MS:70.83333333333334 CV:95.23809523809523,Round:2,TC: 1,MT: 0
2025-05-15 22:20:55,824 - Project name: Compress, Project ID: 15, Result: Generated, failed
2025-05-15 22:21:22,073 - Project name: Compress, Project ID: 4, MS:25.333333333333336 CV:37.68115942028986,Round:4,TC: 2,MT: 1
2025-05-15 22:21:30,729 - Project name: Compress, Project ID: 4, Result: Generated, failed
2025-05-15 22:24:13,698 - Project name: Compress, Project ID: 2, MS:51.85185185185185 CV:98.44357976653697,Round:2,TC: 1,MT: 0
2025-05-15 22:33:49,978 - Project name: Compress, Project ID: 19, MS:76.92307692307693 CV:100.0,Round:1,TC: 0,MT: 0
2025-05-15 22:36:09,322 - Project name: Compress, Project ID: 10, MS:0.0 CV:67.3469387755102,Round:3,TC: 2,MT: 0
2025-05-15 22:37:05,759 - Project name: Compress, Project ID: 19, MS:66.66666666666666 CV:100.0,Round:2,TC: 0,MT: 1
2025-05-15 22:45:13,650 - Project name: Compress, Project ID: 17, MS:0.0 CV:54.71698113207547,Round:1,TC: 0,MT: 0
2025-05-15 22:45:55,198 - Project name: Compress, Project ID: 18, MS:40.0 CV:100.0,Round:1,TC: 0,MT: 0
2025-05-15 22:46:01,220 - Project name: Compress, Project ID: 19, MS:66.66666666666666 CV:100.0,Round:3,TC: 1,MT: 1
2025-05-15 22:51:34,842 - Project name: Compress, Project ID: 5, MS:30.0 CV:79.76190476190477,Round:4,TC: 3,MT: 0
2025-05-15 22:51:45,036 - Project name: Compress, Project ID: 5, Result: Generated, failed
2025-05-15 22:52:40,866 - Project name: Compress, Project ID: 12, MS:26.923076923076923 CV:69.33333333333334,Round:3,TC: 2,MT: 0
2025-05-15 22:55:05,966 - Project name: Compress, Project ID: 19, MS:66.66666666666666 CV:100.0,Round:4,TC: 2,MT: 1
2025-05-15 22:55:13,423 - Project name: Compress, Project ID: 19, Result: Generated, failed
2025-05-15 23:09:15,227 - Project name: Compress, Project ID: 21, MS:0.0 CV:51.21951219512195,Round:1,TC: 0,MT: 0
2025-05-15 23:15:21,440 - Project name: Compress, Project ID: 17, MS:0.0 CV:54.71698113207547,Round:2,TC: 1,MT: 0
2025-05-15 23:25:41,018 - Project name: Compress, Project ID: 18, MS:40.0 CV:100.0,Round:2,TC: 1,MT: 0
2025-05-15 23:25:57,286 - Project name: Compress, Project ID: 16, MS:16.666666666666664 CV:84.375,Round:2,TC: 1,MT: 0
2025-05-15 23:32:31,319 - Project name: Compress, Project ID: 10, MS:0.0 CV:67.3469387755102,Round:4,TC: 3,MT: 0
2025-05-15 23:32:39,394 - Project name: Compress, Project ID: 10, Result: Generated, failed
2025-05-15 23:45:01,276 - Project name: Compress, Project ID: 17, MS:0.0 CV:54.71698113207547,Round:3,TC: 2,MT: 0
2025-05-15 23:53:19,475 - Project name: Compress, Project ID: 12, MS:38.46153846153847 CV:80.0,Round:4,TC: 3,MT: 0
2025-05-15 23:53:29,796 - Project name: Compress, Project ID: 12, Result: Success
2025-05-15 23:53:46,705 - Project name: Compress, Project ID: 2, MS:51.85185185185185 CV:98.57328145265889,Round:3,TC: 2,MT: 0
2025-05-15 23:57:41,163 - Project name: Compress, Project ID: 21, MS:59.25925925925925 CV:79.6008869179601,Round:2,TC: 1,MT: 0
2025-05-16 00:07:33,743 - Project name: Compress, Project ID: 18, MS:45.0 CV:100.0,Round:3,TC: 2,MT: 0
2025-05-16 00:14:26,689 - Project name: Compress, Project ID: 17, MS:0.0 CV:54.71698113207547,Round:4,TC: 3,MT: 0
2025-05-16 00:14:36,487 - Project name: Compress, Project ID: 17, Result: Generated, failed
2025-05-16 00:18:01,898 - Project name: Compress, Project ID: 20, MS:8.333333333333332 CV:95.05050505050505,Round:1,TC: 0,MT: 0
2025-05-16 00:18:19,387 - Project name: Compress, Project ID: 21, MS:59.25925925925925 CV:81.1529933481153,Round:3,TC: 2,MT: 0
2025-05-16 00:19:34,859 - Project name: Compress, Project ID: 24, MS:92.0 CV:100.0,Round:1,TC: 0,MT: 0
2025-05-16 00:22:37,945 - Project name: Compress, Project ID: 24, MS:93.10344827586206 CV:100.0,Round:2,TC: 0,MT: 1
2025-05-16 00:27:02,502 - Project name: Compress, Project ID: 22, MS:0.0 CV:84.8314606741573,Round:1,TC: 0,MT: 0
2025-05-16 00:28:06,095 - Project name: Compress, Project ID: 24, MS:96.55172413793103 CV:100.0,Round:3,TC: 1,MT: 1
2025-05-16 00:28:13,101 - Project name: Compress, Project ID: 24, Result: Success
2025-05-16 00:36:07,858 - Project name: Compress, Project ID: 18, MS:50.0 CV:100.0,Round:4,TC: 3,MT: 0
2025-05-16 00:36:16,650 - Project name: Compress, Project ID: 18, Result: Success
2025-05-16 00:39:01,592 - Project name: Compress, Project ID: 21, MS:70.37037037037037 CV:81.81818181818183,Round:4,TC: 3,MT: 0
2025-05-16 00:39:13,097 - Project name: Compress, Project ID: 21, Result: Generated, failed
2025-05-16 00:44:01,560 - Project name: Compress, Project ID: 20, MS:8.333333333333332 CV:95.55555555555556,Round:2,TC: 1,MT: 0
2025-05-16 00:44:01,708 - Project name: Compress, Project ID: 27, MS:63.63636363636363 CV:97.87234042553192,Round:1,TC: 0,MT: 0
2025-05-16 00:44:51,375 - Project name: Compress, Project ID: 25, MS:7.142857142857142 CV:95.7983193277311,Round:1,TC: 0,MT: 0
2025-05-16 00:48:02,478 - Project name: Compress, Project ID: 27, MS:100.0 CV:100.0,Round:2,TC: 1,MT: 0
2025-05-16 00:48:12,839 - Project name: Compress, Project ID: 27, Result: Success
2025-05-16 00:56:56,256 - Project name: Compress, Project ID: 16, MS:16.666666666666664 CV:84.375,Round:3,TC: 2,MT: 0
2025-05-16 00:57:47,418 - Project name: Compress, Project ID: 28, MS:14.285714285714285 CV:63.33333333333333,Round:1,TC: 0,MT: 0
2025-05-16 00:58:18,866 - Project name: Compress, Project ID: 22, MS:0.0 CV:84.8314606741573,Round:2,TC: 1,MT: 0
2025-05-16 01:03:44,926 - Project name: Compress, Project ID: 20, MS:25.0 CV:95.55555555555556,Round:3,TC: 2,MT: 0
2025-05-16 01:20:46,099 - Project name: Compress, Project ID: 20, MS:25.0 CV:95.55555555555556,Round:4,TC: 3,MT: 0
2025-05-16 01:20:55,650 - Project name: Compress, Project ID: 20, Result: Generated, failed
2025-05-16 01:24:33,412 - Project name: Compress, Project ID: 22, MS:0.0 CV:84.8314606741573,Round:3,TC: 2,MT: 0
2025-05-16 01:24:54,855 - Project name: Compress, Project ID: 26, MS:37.93103448275862 CV:92.0,Round:1,TC: 0,MT: 0
2025-05-16 01:30:50,911 - Project name: Compress, Project ID: 28, MS:14.285714285714285 CV:63.33333333333333,Round:2,TC: 1,MT: 0
2025-05-16 01:32:02,471 - Project name: Compress, Project ID: 2, MS:51.85185185185185 CV:98.57328145265889,Round:4,TC: 3,MT: 0
2025-05-16 01:32:13,234 - Project name: Compress, Project ID: 2, Result: Success
2025-05-16 01:35:19,367 - Project name: Compress, Project ID: 29, MS:28.57142857142857 CV:33.33333333333333,Round:1,TC: 0,MT: 0
2025-05-16 01:38:12,522 - Project name: Compress, Project ID: 23, MS:0.0 CV:68.28193832599119,Round:1,TC: 0,MT: 0
2025-05-16 01:43:35,654 - Project name: Compress, Project ID: 29, MS:64.28571428571429 CV:37.94037940379404,Round:2,TC: 1,MT: 0
2025-05-16 01:49:43,899 - Project name: Compress, Project ID: 22, MS:0.0 CV:84.8314606741573,Round:4,TC: 3,MT: 0
2025-05-16 01:49:53,943 - Project name: Compress, Project ID: 22, Result: Generated, failed
2025-05-16 01:51:24,751 - Project name: Compress, Project ID: 25, MS:7.142857142857142 CV:95.7983193277311,Round:2,TC: 1,MT: 0
2025-05-16 01:52:46,414 - Project name: Compress, Project ID: 31, MS:91.66666666666666 CV:95.74468085106383,Round:1,TC: 0,MT: 0
2025-05-16 01:53:07,127 - Project name: Compress, Project ID: 30, MS:0.0 CV:62.33766233766234,Round:1,TC: 0,MT: 0
2025-05-16 01:55:06,378 - Project name: Compress, Project ID: 31, MS:72.22222222222221 CV:95.74468085106383,Round:2,TC: 0,MT: 1
2025-05-16 01:59:57,192 - Project name: Compress, Project ID: 31, MS:83.33333333333334 CV:97.87234042553192,Round:3,TC: 1,MT: 1
2025-05-16 02:00:05,034 - Project name: Compress, Project ID: 31, Result: Success
2025-05-16 02:02:23,446 - Project name: Compress, Project ID: 28, MS:14.285714285714285 CV:63.33333333333333,Round:3,TC: 2,MT: 0
2025-05-16 02:04:56,069 - Project name: Compress, Project ID: 29, MS:64.28571428571429 CV:37.94037940379404,Round:3,TC: 2,MT: 0
2025-05-16 02:06:23,229 - Project name: Compress, Project ID: 16, MS:16.666666666666664 CV:84.375,Round:4,TC: 3,MT: 0
2025-05-16 02:06:32,588 - Project name: Compress, Project ID: 16, Result: Success
2025-05-16 02:08:49,915 - Project name: Compress, Project ID: 32, MS:0.0 CV:10.714285714285714,Round:1,TC: 0,MT: 0
2025-05-16 02:18:16,035 - Project name: Compress, Project ID: 33, MS:0.0 CV:95.34883720930233,Round:1,TC: 0,MT: 0
2025-05-16 02:20:58,524 - Project name: Compress, Project ID: 23, MS:0.0 CV:70.04405286343612,Round:2,TC: 1,MT: 0
2025-05-16 02:23:10,573 - Project name: Compress, Project ID: 33, MS:0.0 CV:95.34883720930233,Round:2,TC: 1,MT: 0
2025-05-16 02:23:35,690 - Project name: Compress, Project ID: 29, MS:64.28571428571429 CV:37.94037940379404,Round:4,TC: 3,MT: 0
2025-05-16 02:23:45,802 - Project name: Compress, Project ID: 29, Result: Generated, failed
2025-05-16 02:26:52,754 - Project name: Compress, Project ID: 34, MS:7.142857142857142 CV:91.66666666666666,Round:1,TC: 0,MT: 0
2025-05-16 02:28:14,047 - Project name: Compress, Project ID: 33, MS:0.0 CV:95.34883720930233,Round:3,TC: 2,MT: 0
2025-05-16 02:33:20,770 - Project name: Compress, Project ID: 33, MS:0.0 CV:95.34883720930233,Round:4,TC: 3,MT: 0
2025-05-16 02:33:29,264 - Project name: Compress, Project ID: 33, Result: Generated, failed
2025-05-16 02:33:54,786 - Project name: Compress, Project ID: 32, MS:77.27272727272727 CV:82.14285714285714,Round:2,TC: 1,MT: 0
2025-05-16 02:36:46,842 - Project name: Compress, Project ID: 28, MS:14.285714285714285 CV:63.33333333333333,Round:4,TC: 3,MT: 0
2025-05-16 02:36:56,523 - Project name: Compress, Project ID: 28, Result: Generated, failed
2025-05-16 02:38:26,836 - Project name: Compress, Project ID: 35, MS:10.0 CV:94.36619718309859,Round:1,TC: 0,MT: 0
2025-05-16 02:39:19,029 - Project name: Compress, Project ID: 30, MS:5.555555555555555 CV:77.92207792207793,Round:2,TC: 1,MT: 0
2025-05-16 02:41:06,692 - Project name: Compress, Project ID: 32, MS:45.0 CV:82.14285714285714,Round:3,TC: 1,MT: 1
2025-05-16 02:42:39,498 - Project name: Compress, Project ID: 26, MS:37.93103448275862 CV:92.0,Round:2,TC: 1,MT: 0
2025-05-16 02:42:56,953 - Project name: Compress, Project ID: 34, MS:78.57142857142857 CV:100.0,Round:2,TC: 1,MT: 0
2025-05-16 02:43:04,757 - Project name: Compress, Project ID: 34, Result: Success
2025-05-16 02:43:50,759 - Project name: Compress, Project ID: 36, MS:0.0 CV:56.00000000000001,Round:1,TC: 0,MT: 0
2025-05-16 02:52:07,260 - Project name: Compress, Project ID: 35, MS:10.0 CV:94.36619718309859,Round:2,TC: 1,MT: 0
2025-05-16 03:02:43,957 - Project name: Compress, Project ID: 35, MS:90.0 CV:94.36619718309859,Round:3,TC: 2,MT: 0
2025-05-16 03:05:37,220 - Project name: Compress, Project ID: 35, MS:45.0 CV:94.36619718309859,Round:4,TC: 2,MT: 1
2025-05-16 03:05:45,073 - Project name: Compress, Project ID: 35, Result: Generated, failed
2025-05-16 03:08:40,842 - Project name: Compress, Project ID: 32, MS:52.5 CV:89.28571428571429,Round:4,TC: 2,MT: 1
2025-05-16 03:08:49,553 - Project name: Compress, Project ID: 32, Result: Generated, failed
2025-05-16 03:09:02,534 - Project name: Compress, Project ID: 38, MS:85.71428571428571 CV:94.44444444444444,Round:1,TC: 0,MT: 0
2025-05-16 03:11:08,540 - Project name: Compress, Project ID: 38, MS:66.66666666666666 CV:94.44444444444444,Round:2,TC: 0,MT: 1
2025-05-16 03:12:11,229 - Project name: Compress, Project ID: 30, MS:5.555555555555555 CV:77.92207792207793,Round:3,TC: 2,MT: 0
2025-05-16 03:14:21,386 - Project name: Compress, Project ID: 39, MS:61.53846153846154 CV:92.5925925925926,Round:1,TC: 0,MT: 0
2025-05-16 03:14:53,525 - Project name: Compress, Project ID: 23, MS:0.0 CV:70.04405286343612,Round:3,TC: 2,MT: 0
2025-05-16 03:17:30,872 - Project name: Compress, Project ID: 38, MS:94.44444444444444 CV:100.0,Round:3,TC: 1,MT: 1
2025-05-16 03:17:38,501 - Project name: Compress, Project ID: 38, Result: Generated, failed
2025-05-16 03:23:27,668 - Project name: Compress, Project ID: 37, MS:0.0 CV:58.95522388059702,Round:1,TC: 0,MT: 0
2025-05-16 03:23:32,929 - Project name: Compress, Project ID: 39, MS:84.61538461538461 CV:100.0,Round:2,TC: 1,MT: 0
2025-05-16 03:23:40,907 - Project name: Compress, Project ID: 39, Result: Success
2025-05-16 03:25:42,406 - Project name: Compress, Project ID: 40, MS:36.36363636363637 CV:88.88888888888889,Round:1,TC: 0,MT: 0
2025-05-16 03:33:49,219 - Project name: Compress, Project ID: 41, MS:25.0 CV:91.05691056910568,Round:1,TC: 0,MT: 0
2025-05-16 03:36:03,459 - Project name: Compress, Project ID: 25, MS:21.428571428571427 CV:95.7983193277311,Round:3,TC: 2,MT: 0
2025-05-16 03:39:46,608 - Project name: Compress, Project ID: 36, MS:0.0 CV:56.00000000000001,Round:2,TC: 1,MT: 0
2025-05-16 03:43:59,333 - Project name: Compress, Project ID: 40, MS:40.909090909090914 CV:89.47368421052632,Round:2,TC: 1,MT: 0
2025-05-16 03:47:41,818 - Project name: Compress, Project ID: 26, MS:37.93103448275862 CV:92.0,Round:3,TC: 2,MT: 0
2025-05-16 03:48:01,780 - Project name: Compress, Project ID: 30, MS:5.555555555555555 CV:77.92207792207793,Round:4,TC: 3,MT: 0
2025-05-16 03:48:12,766 - Project name: Compress, Project ID: 30, Result: Generated, failed
2025-05-16 03:49:59,934 - Project name: Compress, Project ID: 42, Result: error list index out of range
2025-05-16 04:00:57,015 - Project name: Compress, Project ID: 40, MS:40.909090909090914 CV:89.47368421052632,Round:3,TC: 2,MT: 0
2025-05-16 04:08:07,149 - Project name: Compress, Project ID: 23, MS:0.0 CV:70.04405286343612,Round:4,TC: 3,MT: 0
2025-05-16 04:08:17,782 - Project name: Compress, Project ID: 23, Result: Generated, failed
2025-05-16 04:11:48,573 - Project name: Compress, Project ID: 44, MS:31.25 CV:73.68421052631578,Round:1,TC: 0,MT: 0
2025-05-16 04:18:52,923 - Project name: Compress, Project ID: 40, MS:40.909090909090914 CV:89.47368421052632,Round:4,TC: 3,MT: 0
2025-05-16 04:19:01,703 - Project name: Compress, Project ID: 40, Result: Generated, failed
2025-05-16 04:20:53,891 - Project name: Compress, Project ID: 44, MS:31.25 CV:73.68421052631578,Round:2,TC: 1,MT: 0
2025-05-16 04:22:48,197 - Project name: Compress, Project ID: 45, MS:38.88888888888889 CV:96.7741935483871,Round:1,TC: 0,MT: 0
2025-05-16 04:29:03,907 - Project name: Compress, Project ID: 44, MS:31.25 CV:73.68421052631578,Round:3,TC: 2,MT: 0
2025-05-16 04:33:50,244 - Project name: Compress, Project ID: 45, MS:50.0 CV:98.38709677419355,Round:2,TC: 1,MT: 0
2025-05-16 04:35:14,216 - Project name: Compress, Project ID: 36, MS:0.0 CV:56.00000000000001,Round:3,TC: 2,MT: 0
2025-05-16 04:38:24,538 - Project name: Compress, Project ID: 44, MS:31.25 CV:73.68421052631578,Round:4,TC: 3,MT: 0
2025-05-16 04:38:32,724 - Project name: Compress, Project ID: 44, Result: Success
2025-05-16 04:44:02,297 - Project name: Compress, Project ID: 46, MS:28.57142857142857 CV:85.71428571428571,Round:1,TC: 0,MT: 0
2025-05-16 04:49:08,426 - Project name: Compress, Project ID: 45, MS:72.22222222222221 CV:98.38709677419355,Round:3,TC: 2,MT: 0
2025-05-16 04:49:15,758 - Project name: Compress, Project ID: 45, Result: Generated, failed
2025-05-16 04:55:30,722 - Project name: Compress, Project ID: 26, MS:37.93103448275862 CV:92.0,Round:4,TC: 3,MT: 0
2025-05-16 04:55:39,879 - Project name: Compress, Project ID: 26, Result: Generated, failed
2025-05-16 04:56:19,591 - Project name: Compress, Project ID: 25, MS:21.428571428571427 CV:96.63865546218487,Round:4,TC: 3,MT: 0
2025-05-16 04:56:27,447 - Project name: Compress, Project ID: 25, Result: Generated, failed
2025-05-16 04:59:50,187 - Project name: Compress, Project ID: 46, MS:85.71428571428571 CV:100.0,Round:2,TC: 1,MT: 0
2025-05-16 04:59:57,740 - Project name: Compress, Project ID: 46, Result: Success
2025-05-16 05:03:22,010 - Project name: Compress, Project ID: 41, MS:25.0 CV:91.05691056910568,Round:2,TC: 1,MT: 0
2025-05-16 05:23:02,502 - Project name: Compress, Project ID: 36, MS:0.0 CV:56.00000000000001,Round:4,TC: 3,MT: 0
2025-05-16 05:23:12,959 - Project name: Compress, Project ID: 36, Result: Generated, failed
2025-05-16 05:34:05,294 - Project name: Compress, Project ID: 47, MS:25.0 CV:87.14285714285714,Round:1,TC: 0,MT: 0
2025-05-16 05:45:40,668 - Project name: Compress, Project ID: 37, MS:100.0 CV:64.92537313432835,Round:2,TC: 1,MT: 0
2025-05-16 05:54:32,354 - Project name: Compress, Project ID: 47, MS:25.0 CV:87.14285714285714,Round:2,TC: 1,MT: 0
2025-05-16 06:02:23,417 - Project name: Compress, Project ID: 43, MS:100.0 CV:76.54723127035831,Round:1,TC: 0,MT: 0
2025-05-16 06:14:51,608 - Project name: Compress, Project ID: 47, MS:25.0 CV:87.14285714285714,Round:3,TC: 2,MT: 0
2025-05-16 06:21:40,593 - Project name: Compress, Project ID: 41, MS:-1 CV:91.05691056910568,Round:3,TC: 2,MT: 0
2025-05-16 06:23:06,089 - Project name: Compress, Project ID: 41, MS:-1 CV:91.05691056910568,Round:4,TC: 3,MT: 0
2025-05-16 06:23:11,705 - Project name: Compress, Project ID: 41, Result: Generated, failed
2025-05-16 06:32:29,880 - Project name: Compress, Project ID: 47, MS:-1 CV:87.14285714285714,Round:4,TC: 3,MT: 0
2025-05-16 06:32:34,863 - Project name: Compress, Project ID: 47, Result: Generated, failed
2025-05-16 06:33:05,463 - Project name: Compress, Project ID: 43, MS:23.88059701492537 CV:76.54723127035831,Round:2,TC: 0,MT: 1
2025-05-16 09:06:39,435 - Project name: Compress, Project ID: 37, MS:0.0 CV:64.92537313432835,Round:3,TC: 1,MT: 1
2025-05-16 20:39:38,045 - Project name: Compress, Project ID: 43, MS:23.88059701492537 CV:76.54723127035831,Round:3,TC: 1,MT: 1
2025-05-17 01:53:02,502 - Project name: Compress, Project ID: 37, MS:-1 CV:65.67164179104478,Round:4,TC: 2,MT: 1
2025-05-17 01:56:06,158 - Project name: Compress, Project ID: 37, Result: Success
2025-05-17 09:23:02,631 - Project name: Compress, Project ID: 43, MS:46.875 CV:76.54723127035831,Round:4,TC: 2,MT: 1
2025-05-17 09:23:11,015 - Project name: Compress, Project ID: 43, Result: Success
