2025-05-16 17:12:14,418 - Project name: Compress, Project ID: 7, MS:93.33333333333333 CV:100.0,Round:1,TC: 0,MT: 0
2025-05-16 17:13:08,065 - Project name: Compress, Project ID: 6, MS:77.77777777777779 CV:92.3076923076923,Round:1,TC: 0,MT: 0
2025-05-16 17:14:01,969 - Project name: Compress, Project ID: 7, MS:82.35294117647058 CV:100.0,Round:2,TC: 0,MT: 1
2025-05-16 17:15:33,846 - Project name: Compress, Project ID: 4, MS:50.0 CV:42.028985507246375,Round:1,TC: 0,MT: 0
2025-05-16 17:17:08,580 - Project name: Compress, Project ID: 6, MS:53.57142857142857 CV:92.3076923076923,Round:2,TC: 0,MT: 1
2025-05-16 17:18:26,037 - Project name: Compress, Project ID: 8, MS:76.66666666666667 CV:98.52941176470588,Round:1,TC: 0,MT: 0
2025-05-16 17:19:02,834 - Project name: Compress, Project ID: 7, MS:82.35294117647058 CV:100.0,Round:3,TC: 1,MT: 1
2025-05-16 17:19:10,077 - Project name: Compress, Project ID: 7, Result: Success
2025-05-16 17:20:19,519 - Project name: Compress, Project ID: 1, MS:0.0 CV:50.70422535211267,Round:1,TC: 0,MT: 0
2025-05-16 17:22:13,408 - Project name: Compress, Project ID: 4, MS:66.66666666666666 CV:42.028985507246375,Round:2,TC: 1,MT: 0
2025-05-16 17:25:24,758 - Project name: Compress, Project ID: 3, MS:26.31578947368421 CV:98.0392156862745,Round:1,TC: 0,MT: 0
2025-05-16 17:27:20,203 - Project name: Compress, Project ID: 8, MS:69.73684210526315 CV:98.52941176470588,Round:2,TC: 0,MT: 1
2025-05-16 17:27:32,267 - Project name: Compress, Project ID: 5, unable to generate mutants,just test the original test
2025-05-16 17:27:32,267 - Project name: Compress, Project ID: 5, Result: Generated, failed
2025-05-16 17:27:45,729 - Project name: Compress, Project ID: 4, MS:66.66666666666666 CV:42.028985507246375,Round:3,TC: 2,MT: 0
2025-05-16 17:32:05,015 - Project name: Compress, Project ID: 4, MS:66.66666666666666 CV:42.028985507246375,Round:4,TC: 3,MT: 0
2025-05-16 17:32:12,740 - Project name: Compress, Project ID: 4, Result: Generated, failed
2025-05-16 17:36:35,196 - Project name: Compress, Project ID: 6, MS:57.14285714285714 CV:92.3076923076923,Round:3,TC: 1,MT: 1
2025-05-16 17:46:57,959 - Project name: Compress, Project ID: 9, MS:3.0303030303030303 CV:69.04761904761905,Round:1,TC: 0,MT: 0
2025-05-16 17:48:32,947 - Project name: Compress, Project ID: 3, MS:73.68421052631578 CV:99.01960784313727,Round:2,TC: 1,MT: 0
2025-05-16 17:48:41,473 - Project name: Compress, Project ID: 3, Result: Success
2025-05-16 17:50:08,292 - Project name: Compress, Project ID: 11, MS:38.983050847457626 CV:91.80327868852459,Round:1,TC: 0,MT: 0
2025-05-16 17:50:15,353 - Project name: Compress, Project ID: 8, MS:94.73684210526315 CV:100.0,Round:3,TC: 1,MT: 1
2025-05-16 17:50:23,113 - Project name: Compress, Project ID: 8, Result: Success
2025-05-16 17:54:51,889 - Project name: Compress, Project ID: 6, MS:57.14285714285714 CV:92.3076923076923,Round:4,TC: 2,MT: 1
2025-05-16 17:54:59,954 - Project name: Compress, Project ID: 6, Result: Success
2025-05-16 18:01:42,601 - Project name: Compress, Project ID: 13, MS:75.0 CV:100.0,Round:1,TC: 0,MT: 0
2025-05-16 18:03:40,200 - Project name: Compress, Project ID: 13, MS:72.22222222222221 CV:100.0,Round:2,TC: 0,MT: 1
2025-05-16 18:04:23,148 - Project name: Compress, Project ID: 14, MS:80.3921568627451 CV:96.15384615384616,Round:1,TC: 0,MT: 0
2025-05-16 18:08:56,026 - Project name: Compress, Project ID: 13, MS:100.0 CV:100.0,Round:3,TC: 1,MT: 1
2025-05-16 18:09:03,917 - Project name: Compress, Project ID: 13, Result: Success
2025-05-16 18:12:04,303 - Project name: Compress, Project ID: 14, MS:71.64179104477611 CV:96.15384615384616,Round:2,TC: 0,MT: 1
2025-05-16 18:17:18,708 - Project name: Compress, Project ID: 15, MS:84.21052631578947 CV:95.23809523809523,Round:1,TC: 0,MT: 0
2025-05-16 18:20:47,564 - Project name: Compress, Project ID: 12, unable to generate mutants,just test the original test
2025-05-16 18:20:47,564 - Project name: Compress, Project ID: 12, Result: Generated, failed
2025-05-16 18:22:11,451 - Project name: Compress, Project ID: 2, unable to generate mutants,just test the original test
2025-05-16 18:22:11,452 - Project name: Compress, Project ID: 2, Result: Generated, failed
2025-05-16 18:24:47,444 - Project name: Compress, Project ID: 15, MS:73.58490566037736 CV:95.23809523809523,Round:2,TC: 0,MT: 1
2025-05-16 18:32:19,094 - Project name: Compress, Project ID: 14, MS:92.53731343283582 CV:100.0,Round:3,TC: 1,MT: 1
2025-05-16 18:32:26,939 - Project name: Compress, Project ID: 14, Result: Success
2025-05-16 18:34:10,158 - Project name: Compress, Project ID: 16, MS:57.407407407407405 CV:87.5,Round:1,TC: 0,MT: 0
2025-05-16 18:46:34,014 - Project name: Compress, Project ID: 15, MS:75.47169811320755 CV:95.23809523809523,Round:3,TC: 1,MT: 1
2025-05-16 18:46:42,293 - Project name: Compress, Project ID: 15, Result: Generated, failed
2025-05-16 18:50:58,250 - Project name: Compress, Project ID: 17, MS:0.0 CV:54.71698113207547,Round:1,TC: 0,MT: 0
2025-05-16 18:57:28,200 - Project name: Compress, Project ID: 19, MS:55.172413793103445 CV:100.0,Round:1,TC: 0,MT: 0
2025-05-16 18:59:57,531 - Project name: Compress, Project ID: 1, MS:24.615384615384617 CV:92.95774647887323,Round:2,TC: 1,MT: 0
2025-05-16 19:07:28,956 - Project name: Compress, Project ID: 18, MS:12.76595744680851 CV:100.0,Round:1,TC: 0,MT: 0
2025-05-16 19:18:57,327 - Project name: Compress, Project ID: 19, MS:55.172413793103445 CV:100.0,Round:2,TC: 1,MT: 0
2025-05-16 19:23:47,799 - Project name: Compress, Project ID: 10, MS:0.0 CV:67.3469387755102,Round:1,TC: 0,MT: 0
2025-05-16 19:48:14,795 - Project name: Compress, Project ID: 19, MS:57.14285714285714 CV:100.0,Round:3,TC: 2,MT: 0
2025-05-16 20:06:20,643 - Project name: Compress, Project ID: 16, MS:59.25925925925925 CV:87.5,Round:2,TC: 1,MT: 0
2025-05-16 20:08:27,479 - Project name: Compress, Project ID: 9, MS:19.696969696969695 CV:90.47619047619048,Round:2,TC: 1,MT: 0
2025-05-16 20:09:04,039 - Project name: Compress, Project ID: 19, MS:64.28571428571429 CV:100.0,Round:4,TC: 3,MT: 0
2025-05-16 20:09:11,861 - Project name: Compress, Project ID: 19, Result: Generated, failed
2025-05-16 20:12:46,844 - Project name: Compress, Project ID: 17, MS:0.0 CV:54.71698113207547,Round:2,TC: 1,MT: 0
2025-05-16 20:24:11,023 - Project name: Compress, Project ID: 11, MS:52.54237288135594 CV:95.08196721311475,Round:2,TC: 1,MT: 0
2025-05-16 20:35:58,277 - Project name: Compress, Project ID: 1, MS:26.153846153846157 CV:92.95774647887323,Round:3,TC: 2,MT: 0
2025-05-16 20:45:37,852 - Project name: Compress, Project ID: 20, unable to generate mutants,just test the original test
2025-05-16 20:45:37,852 - Project name: Compress, Project ID: 20, Result: Generated, failed
2025-05-16 21:01:32,998 - Project name: Compress, Project ID: 18, MS:59.57446808510638 CV:100.0,Round:2,TC: 1,MT: 0
2025-05-16 21:02:51,341 - Project name: Compress, Project ID: 21, MS:0.0 CV:33.03769401330377,Round:1,TC: 0,MT: 0
2025-05-16 21:36:31,711 - Project name: Compress, Project ID: 16, MS:59.25925925925925 CV:87.5,Round:3,TC: 2,MT: 0
2025-05-16 21:36:49,520 - Project name: Compress, Project ID: 17, MS:0.0 CV:54.71698113207547,Round:3,TC: 2,MT: 0
2025-05-16 22:00:51,806 - Project name: Compress, Project ID: 1, MS:27.692307692307693 CV:92.95774647887323,Round:4,TC: 3,MT: 0
2025-05-16 22:01:02,033 - Project name: Compress, Project ID: 1, Result: Generated, failed
2025-05-16 22:13:52,990 - Project name: Compress, Project ID: 18, MS:59.57446808510638 CV:100.0,Round:3,TC: 2,MT: 0
2025-05-16 22:14:36,864 - Project name: Compress, Project ID: 10, MS:0.0 CV:67.3469387755102,Round:2,TC: 1,MT: 0
2025-05-16 22:23:16,367 - Project name: Compress, Project ID: 21, MS:65.3061224489796 CV:73.39246119733924,Round:2,TC: 1,MT: 0
2025-05-16 22:29:03,767 - Project name: Compress, Project ID: 9, MS:33.33333333333333 CV:97.61904761904762,Round:3,TC: 2,MT: 0
2025-05-16 22:34:05,706 - Project name: Compress, Project ID: 11, MS:54.23728813559322 CV:95.08196721311475,Round:3,TC: 2,MT: 0
2025-05-16 23:01:26,538 - Project name: Compress, Project ID: 17, MS:0.0 CV:54.71698113207547,Round:4,TC: 3,MT: 0
2025-05-16 23:01:33,971 - Project name: Compress, Project ID: 17, Result: Generated, failed
2025-05-16 23:03:56,055 - Project name: Compress, Project ID: 22, unable to generate mutants,just test the original test
2025-05-16 23:03:56,056 - Project name: Compress, Project ID: 22, Result: Generated, failed
2025-05-16 23:04:42,659 - Project name: Compress, Project ID: 21, MS:73.46938775510205 CV:81.81818181818183,Round:3,TC: 2,MT: 0
2025-05-16 23:22:35,341 - Project name: Compress, Project ID: 16, MS:59.25925925925925 CV:87.5,Round:4,TC: 3,MT: 0
2025-05-16 23:22:44,812 - Project name: Compress, Project ID: 16, Result: Generated, failed
2025-05-16 23:23:09,767 - Project name: Compress, Project ID: 18, MS:72.3404255319149 CV:100.0,Round:4,TC: 3,MT: 0
2025-05-16 23:23:19,420 - Project name: Compress, Project ID: 18, Result: Success
2025-05-16 23:27:56,318 - Project name: Compress, Project ID: 24, MS:84.0909090909091 CV:100.0,Round:1,TC: 0,MT: 0
2025-05-16 23:35:22,235 - Project name: Compress, Project ID: 25, unable to generate mutants,just test the original test
2025-05-16 23:35:22,236 - Project name: Compress, Project ID: 25, Result: Generated, failed
2025-05-16 23:42:52,980 - Project name: Compress, Project ID: 27, MS:84.78260869565217 CV:97.87234042553192,Round:1,TC: 0,MT: 0
2025-05-16 23:50:15,690 - Project name: Compress, Project ID: 27, MS:80.0 CV:97.87234042553192,Round:2,TC: 0,MT: 1
2025-05-16 23:54:04,883 - Project name: Compress, Project ID: 26, MS:42.10526315789473 CV:92.0,Round:1,TC: 0,MT: 0
2025-05-16 23:56:22,278 - Project name: Compress, Project ID: 21, MS:20.975609756097562 CV:81.81818181818183,Round:4,TC: 2,MT: 1
2025-05-16 23:56:33,968 - Project name: Compress, Project ID: 21, Result: Generated, failed
2025-05-16 23:58:48,653 - Project name: Compress, Project ID: 24, MS:81.13207547169812 CV:100.0,Round:2,TC: 0,MT: 1
2025-05-17 00:02:35,085 - Project name: Compress, Project ID: 27, MS:94.54545454545455 CV:100.0,Round:3,TC: 1,MT: 1
2025-05-17 00:02:42,603 - Project name: Compress, Project ID: 27, Result: Success
2025-05-17 00:05:03,363 - Project name: Compress, Project ID: 23, unable to generate mutants,just test the original test
2025-05-17 00:05:03,363 - Project name: Compress, Project ID: 23, Result: Generated, failed
2025-05-17 00:05:39,970 - Project name: Compress, Project ID: 28, MS:7.4074074074074066 CV:63.33333333333333,Round:1,TC: 0,MT: 0
2025-05-17 00:11:36,901 - Project name: Compress, Project ID: 11, MS:59.32203389830508 CV:95.08196721311475,Round:4,TC: 3,MT: 0
2025-05-17 00:11:46,658 - Project name: Compress, Project ID: 11, Result: Success
2025-05-17 00:18:19,662 - Project name: Compress, Project ID: 9, MS:33.33333333333333 CV:97.61904761904762,Round:4,TC: 3,MT: 0
2025-05-17 00:18:30,346 - Project name: Compress, Project ID: 9, Result: Generated, failed
2025-05-17 00:19:56,463 - Project name: Compress, Project ID: 29, unable to generate mutants,just test the original test
2025-05-17 00:19:56,463 - Project name: Compress, Project ID: 29, Result: Generated, failed
2025-05-17 00:20:25,154 - Project name: Compress, Project ID: 31, MS:77.77777777777779 CV:95.74468085106383,Round:1,TC: 0,MT: 0
2025-05-17 00:24:22,993 - Project name: Compress, Project ID: 30, unable to generate mutants,just test the original test
2025-05-17 00:24:22,993 - Project name: Compress, Project ID: 30, Result: Generated, failed
2025-05-17 00:28:19,691 - Project name: Compress, Project ID: 34, MS:25.0 CV:91.66666666666666,Round:1,TC: 0,MT: 0
2025-05-17 00:29:24,626 - Project name: Compress, Project ID: 31, MS:72.88135593220339 CV:95.74468085106383,Round:2,TC: 0,MT: 1
2025-05-17 00:29:29,073 - Project name: Compress, Project ID: 33, MS:0.0 CV:83.72093023255815,Round:1,TC: 0,MT: 0
2025-05-17 00:30:08,669 - Project name: Compress, Project ID: 33, MS:0.0 CV:83.72093023255815,Round:2,TC: 1,MT: 0
2025-05-17 00:30:49,362 - Project name: Compress, Project ID: 33, MS:0.0 CV:83.72093023255815,Round:3,TC: 2,MT: 0
2025-05-17 00:31:29,825 - Project name: Compress, Project ID: 33, MS:0.0 CV:83.72093023255815,Round:4,TC: 3,MT: 0
2025-05-17 00:31:37,395 - Project name: Compress, Project ID: 33, Result: Generated, failed
2025-05-17 00:32:59,119 - Project name: Compress, Project ID: 32, MS:22.22222222222222 CV:60.71428571428571,Round:1,TC: 0,MT: 0
2025-05-17 00:36:05,463 - Project name: Compress, Project ID: 24, MS:96.22641509433963 CV:100.0,Round:3,TC: 1,MT: 1
2025-05-17 00:36:13,311 - Project name: Compress, Project ID: 24, Result: Success
2025-05-17 00:36:27,604 - Project name: Compress, Project ID: 26, MS:42.10526315789473 CV:92.0,Round:2,TC: 1,MT: 0
2025-05-17 00:38:19,743 - Project name: Compress, Project ID: 35, MS:29.411764705882355 CV:94.36619718309859,Round:1,TC: 0,MT: 0
2025-05-17 00:46:09,916 - Project name: Compress, Project ID: 31, MS:86.4406779661017 CV:97.87234042553192,Round:3,TC: 1,MT: 1
2025-05-17 00:46:17,984 - Project name: Compress, Project ID: 31, Result: Success
2025-05-17 00:46:21,407 - Project name: Compress, Project ID: 36, MS:0.0 CV:56.00000000000001,Round:1,TC: 0,MT: 0
2025-05-17 00:48:04,616 - Project name: Compress, Project ID: 28, MS:7.4074074074074066 CV:63.33333333333333,Round:2,TC: 1,MT: 0
2025-05-17 00:50:05,613 - Project name: Compress, Project ID: 34, MS:93.75 CV:100.0,Round:2,TC: 1,MT: 0
2025-05-17 00:50:12,745 - Project name: Compress, Project ID: 34, Result: Success
2025-05-17 00:54:35,890 - Project name: Compress, Project ID: 38, MS:41.17647058823529 CV:88.88888888888889,Round:1,TC: 0,MT: 0
2025-05-17 00:57:26,283 - Project name: Compress, Project ID: 35, MS:88.23529411764706 CV:94.36619718309859,Round:2,TC: 1,MT: 0
2025-05-17 00:59:05,669 - Project name: Compress, Project ID: 32, MS:55.55555555555556 CV:89.28571428571429,Round:2,TC: 1,MT: 0
2025-05-17 01:01:50,334 - Project name: Compress, Project ID: 35, MS:58.620689655172406 CV:94.36619718309859,Round:3,TC: 1,MT: 1
2025-05-17 01:05:51,095 - Project name: Compress, Project ID: 38, MS:88.23529411764706 CV:100.0,Round:2,TC: 1,MT: 0
2025-05-17 01:05:58,834 - Project name: Compress, Project ID: 38, Result: Generated, failed
2025-05-17 01:13:40,757 - Project name: Compress, Project ID: 37, unable to generate mutants,just test the original test
2025-05-17 01:13:40,758 - Project name: Compress, Project ID: 37, Result: Success
2025-05-17 01:14:14,540 - Project name: Compress, Project ID: 39, MS:70.83333333333334 CV:92.5925925925926,Round:1,TC: 0,MT: 0
2025-05-17 01:16:38,899 - Project name: Compress, Project ID: 32, MS:55.55555555555556 CV:89.28571428571429,Round:3,TC: 2,MT: 0
2025-05-17 01:18:02,379 - Project name: Compress, Project ID: 26, MS:42.10526315789473 CV:92.0,Round:3,TC: 2,MT: 0
2025-05-17 01:22:36,700 - Project name: Compress, Project ID: 35, MS:58.620689655172406 CV:94.36619718309859,Round:4,TC: 2,MT: 1
2025-05-17 01:22:45,172 - Project name: Compress, Project ID: 35, Result: Success
2025-05-17 01:23:09,811 - Project name: Compress, Project ID: 39, MS:57.35294117647059 CV:92.5925925925926,Round:2,TC: 0,MT: 1
2025-05-17 01:24:03,108 - Project name: Compress, Project ID: 28, MS:7.4074074074074066 CV:63.33333333333333,Round:3,TC: 2,MT: 0
2025-05-17 01:27:20,288 - Project name: Compress, Project ID: 40, MS:35.714285714285715 CV:89.47368421052632,Round:1,TC: 0,MT: 0
2025-05-17 01:29:14,171 - Project name: Compress, Project ID: 10, MS:-1 CV:67.3469387755102,Round:3,TC: 2,MT: 0
2025-05-17 01:32:11,268 - Project name: Compress, Project ID: 10, MS:-1 CV:67.3469387755102,Round:4,TC: 3,MT: 0
2025-05-17 01:32:16,017 - Project name: Compress, Project ID: 10, Result: Generated, failed
2025-05-17 01:33:21,594 - Project name: Compress, Project ID: 32, MS:74.07407407407408 CV:92.85714285714286,Round:4,TC: 3,MT: 0
2025-05-17 01:33:26,816 - Project name: Compress, Project ID: 42, Result: error list index out of range
2025-05-17 01:33:30,347 - Project name: Compress, Project ID: 32, Result: Generated, failed
2025-05-17 01:36:33,916 - Project name: Compress, Project ID: 44, MS:18.75 CV:73.68421052631578,Round:1,TC: 0,MT: 0
2025-05-17 01:37:53,583 - Project name: Compress, Project ID: 41, unable to generate mutants,just test the original test
2025-05-17 01:37:53,583 - Project name: Compress, Project ID: 41, Result: Generated, failed
2025-05-17 01:47:20,976 - Project name: Compress, Project ID: 44, MS:18.75 CV:73.68421052631578,Round:2,TC: 1,MT: 0
2025-05-17 01:47:22,008 - Project name: Compress, Project ID: 45, MS:34.42622950819672 CV:79.03225806451613,Round:1,TC: 0,MT: 0
2025-05-17 01:47:52,042 - Project name: Compress, Project ID: 39, MS:86.76470588235294 CV:100.0,Round:3,TC: 1,MT: 1
2025-05-17 01:48:00,156 - Project name: Compress, Project ID: 39, Result: Success
2025-05-17 01:53:24,495 - Project name: Compress, Project ID: 46, MS:100.0 CV:100.0,Round:1,TC: 0,MT: 0
2025-05-17 01:54:39,860 - Project name: Compress, Project ID: 46, MS:100.0 CV:100.0,Round:2,TC: 0,MT: 1
2025-05-17 01:55:56,315 - Project name: Compress, Project ID: 46, MS:100.0 CV:100.0,Round:3,TC: 1,MT: 1
2025-05-17 01:56:04,190 - Project name: Compress, Project ID: 46, Result: Success
2025-05-17 01:58:18,066 - Project name: Compress, Project ID: 44, MS:18.75 CV:73.68421052631578,Round:3,TC: 2,MT: 0
2025-05-17 02:01:57,165 - Project name: Compress, Project ID: 28, MS:7.6923076923076925 CV:63.33333333333333,Round:4,TC: 3,MT: 0
2025-05-17 02:02:06,698 - Project name: Compress, Project ID: 28, Result: Generated, failed
2025-05-17 02:04:38,887 - Project name: Compress, Project ID: 26, MS:42.10526315789473 CV:92.0,Round:4,TC: 3,MT: 0
2025-05-17 02:04:47,833 - Project name: Compress, Project ID: 26, Result: Generated, failed
2025-05-17 02:06:06,457 - Project name: Compress, Project ID: 36, MS:0.0 CV:56.00000000000001,Round:2,TC: 1,MT: 0
2025-05-17 02:10:56,851 - Project name: Compress, Project ID: 44, MS:18.75 CV:73.68421052631578,Round:4,TC: 3,MT: 0
2025-05-17 02:11:05,470 - Project name: Compress, Project ID: 44, Result: Success
2025-05-17 02:12:31,727 - Project name: Compress, Project ID: 40, MS:37.5 CV:89.47368421052632,Round:2,TC: 1,MT: 0
2025-05-17 02:32:09,248 - Project name: Compress, Project ID: 43, unable to generate mutants,just test the original test
2025-05-17 02:32:09,249 - Project name: Compress, Project ID: 43, Result: Generated, failed
2025-05-17 02:33:26,251 - Project name: Compress, Project ID: 45, MS:68.85245901639344 CV:98.38709677419355,Round:2,TC: 1,MT: 0
2025-05-17 02:34:57,031 - Project name: Compress, Project ID: 47, MS:0.0 CV:85.71428571428571,Round:1,TC: 0,MT: 0
2025-05-17 02:56:00,107 - Project name: Compress, Project ID: 45, MS:70.49180327868852 CV:98.38709677419355,Round:3,TC: 2,MT: 0
2025-05-17 02:56:08,415 - Project name: Compress, Project ID: 45, Result: Generated, failed
2025-05-17 02:57:09,955 - Project name: Compress, Project ID: 40, MS:37.5 CV:89.47368421052632,Round:3,TC: 2,MT: 0
2025-05-17 03:02:29,327 - Project name: Compress, Project ID: 47, MS:0.0 CV:85.71428571428571,Round:2,TC: 1,MT: 0
2025-05-17 03:23:42,401 - Project name: Compress, Project ID: 36, MS:0.0 CV:56.00000000000001,Round:3,TC: 2,MT: 0
2025-05-17 03:27:30,080 - Project name: Compress, Project ID: 47, MS:0.0 CV:85.71428571428571,Round:3,TC: 2,MT: 0
2025-05-17 03:40:03,901 - Project name: Compress, Project ID: 40, MS:37.5 CV:89.47368421052632,Round:4,TC: 3,MT: 0
2025-05-17 03:40:14,041 - Project name: Compress, Project ID: 40, Result: Generated, failed
2025-05-17 03:52:29,601 - Project name: Compress, Project ID: 47, MS:0.0 CV:85.71428571428571,Round:4,TC: 3,MT: 0
2025-05-17 03:52:38,246 - Project name: Compress, Project ID: 47, Result: Success
2025-05-17 04:37:44,145 - Project name: Compress, Project ID: 36, MS:0.0 CV:56.00000000000001,Round:4,TC: 3,MT: 0
2025-05-17 04:37:54,802 - Project name: Compress, Project ID: 36, Result: Generated, failed
