2025-05-19 22:08:27,871 - Project name: Math, Project ID: 5, MS:95.83333333333334 CV:100.0,Round:1,TC: 0,MT: 0
2025-05-19 22:09:29,416 - Project name: Math, Project ID: 2, MS:43.75 CV:75.0,Round:1,TC: 0,MT: 0
2025-05-19 22:11:32,472 - Project name: Math, Project ID: 5, MS:96.15384615384616 CV:100.0,Round:2,TC: 0,MT: 1
2025-05-19 22:15:39,730 - Project name: Math, Project ID: 5, MS:96.15384615384616 CV:100.0,Round:3,TC: 1,MT: 1
2025-05-19 22:15:49,572 - Project name: Math, Project ID: 5, Result: Success
2025-05-19 22:20:06,827 - Project name: Math, Project ID: 9, MS:0.0 CV:100.0,Round:1,TC: 0,MT: 0
2025-05-19 22:21:28,966 - Project name: Math, Project ID: 3, MS:59.25925925925925 CV:100.0,Round:1,TC: 0,MT: 0
2025-05-19 22:22:17,102 - Project name: Math, Project ID: 8, MS:71.42857142857143 CV:96.42857142857143,Round:1,TC: 0,MT: 0
2025-05-19 22:26:50,955 - Project name: Math, Project ID: 8, MS:65.38461538461539 CV:96.42857142857143,Round:2,TC: 0,MT: 1
2025-05-19 22:36:59,487 - Project name: Math, Project ID: 9, MS:88.88888888888889 CV:100.0,Round:2,TC: 1,MT: 0
2025-05-19 22:37:10,758 - Project name: Math, Project ID: 9, Result: Generated, failed
2025-05-19 22:39:16,210 - Project name: Math, Project ID: 4, MS:30.0 CV:76.08695652173914,Round:1,TC: 0,MT: 0
2025-05-19 22:40:06,632 - Project name: Math, Project ID: 2, MS:100.0 CV:100.0,Round:2,TC: 1,MT: 0
2025-05-19 22:40:21,942 - Project name: Math, Project ID: 2, Result: Success
2025-05-19 22:44:23,357 - Project name: Math, Project ID: 11, MS:81.81818181818183 CV:100.0,Round:1,TC: 0,MT: 0
2025-05-19 22:47:10,216 - Project name: Math, Project ID: 11, MS:73.33333333333333 CV:100.0,Round:2,TC: 0,MT: 1
2025-05-19 22:48:02,043 - Project name: Math, Project ID: 1, MS:87.5 CV:55.14705882352941,Round:1,TC: 0,MT: 0
2025-05-19 22:48:30,958 - Project name: Math, Project ID: 8, MS:100.0 CV:100.0,Round:3,TC: 1,MT: 1
2025-05-19 22:48:43,557 - Project name: Math, Project ID: 8, Result: Generated, failed
2025-05-19 22:52:20,099 - Project name: Math, Project ID: 11, MS:93.33333333333333 CV:100.0,Round:3,TC: 1,MT: 1
2025-05-19 22:52:31,440 - Project name: Math, Project ID: 11, Result: Generated, failed
2025-05-19 22:52:52,095 - Project name: Math, Project ID: 7, MS:4.166666666666666 CV:87.91208791208791,Round:1,TC: 0,MT: 0
2025-05-19 22:54:03,606 - Project name: Math, Project ID: 10, MS:40.0 CV:100.0,Round:1,TC: 0,MT: 0
2025-05-19 22:56:43,172 - Project name: Math, Project ID: 4, MS:95.0 CV:78.26086956521739,Round:2,TC: 1,MT: 0
2025-05-19 23:03:46,202 - Project name: Math, Project ID: 4, MS:79.3103448275862 CV:78.26086956521739,Round:3,TC: 1,MT: 1
2025-05-19 23:09:44,730 - Project name: Math, Project ID: 13, MS:58.620689655172406 CV:80.0,Round:1,TC: 0,MT: 0
2025-05-19 23:13:38,166 - Project name: Math, Project ID: 4, MS:69.76744186046511 CV:78.26086956521739,Round:4,TC: 1,MT: 2
2025-05-19 23:26:13,264 - Project name: Math, Project ID: 10, MS:52.5 CV:100.0,Round:2,TC: 1,MT: 0
2025-05-19 23:40:25,855 - Project name: Math, Project ID: 1, MS:59.49367088607595 CV:55.14705882352941,Round:2,TC: 0,MT: 1
2025-05-19 23:42:05,519 - Project name: Math, Project ID: 4, MS:69.76744186046511 CV:78.26086956521739,Round:5,TC: 2,MT: 2
2025-05-19 23:42:18,021 - Project name: Math, Project ID: 4, Result: Success
2025-05-19 23:43:12,795 - Project name: Math, Project ID: 3, MS:75.92592592592592 CV:100.0,Round:2,TC: 1,MT: 0
2025-05-19 23:43:23,816 - Project name: Math, Project ID: 3, Result: Success
2025-05-19 23:44:59,169 - Project name: Math, Project ID: 13, MS:100.0 CV:100.0,Round:2,TC: 1,MT: 0
2025-05-19 23:45:10,963 - Project name: Math, Project ID: 13, Result: Success
2025-05-19 23:49:18,661 - Project name: Math, Project ID: 14, unable to generate mutants,just test the original test
2025-05-19 23:49:18,661 - Project name: Math, Project ID: 14, Result: Success
2025-05-19 23:51:27,449 - Project name: Math, Project ID: 10, MS:52.5 CV:100.0,Round:3,TC: 2,MT: 0
2025-05-19 23:56:48,265 - Project name: Math, Project ID: 16, MS:27.27272727272727 CV:100.0,Round:1,TC: 0,MT: 0
2025-05-20 00:22:28,131 - Project name: Math, Project ID: 6, unable to generate mutants,just test the original test
2025-05-20 00:22:28,131 - Project name: Math, Project ID: 6, Result: Success
2025-05-20 00:22:40,790 - Project name: Math, Project ID: 15, MS:42.592592592592595 CV:96.875,Round:1,TC: 0,MT: 0
2025-05-20 00:24:56,308 - Project name: Math, Project ID: 10, MS:70.0 CV:100.0,Round:4,TC: 3,MT: 0
2025-05-20 00:25:08,286 - Project name: Math, Project ID: 10, Result: Success
2025-05-20 00:37:42,866 - Project name: Math, Project ID: 16, MS:40.0 CV:100.0,Round:2,TC: 1,MT: 0
2025-05-20 00:46:25,519 - Project name: Math, Project ID: 19, MS:0.0 CV:50.68493150684932,Round:1,TC: 0,MT: 0
2025-05-20 01:04:17,599 - Project name: Math, Project ID: 12, unable to generate mutants,just test the original test
2025-05-20 01:04:17,599 - Project name: Math, Project ID: 12, Result: Generated, failed
2025-05-20 01:10:50,483 - Project name: Math, Project ID: 16, MS:40.0 CV:100.0,Round:3,TC: 2,MT: 0
2025-05-20 01:19:00,001 - Project name: Math, Project ID: 15, MS:64.81481481481481 CV:98.4375,Round:2,TC: 1,MT: 0
2025-05-20 01:21:21,448 - Project name: Math, Project ID: 20, MS:0.0 CV:65.21739130434783,Round:1,TC: 0,MT: 0
2025-05-20 01:25:37,645 - Project name: Math, Project ID: 18, MS:0.0 CV:47.82608695652174,Round:1,TC: 0,MT: 0
2025-05-20 01:43:24,437 - Project name: Math, Project ID: 17, MS:64.0 CV:96.07843137254902,Round:1,TC: 0,MT: 0
2025-05-20 01:46:03,081 - Project name: Math, Project ID: 16, MS:41.81818181818181 CV:100.0,Round:4,TC: 3,MT: 0
2025-05-20 01:46:13,837 - Project name: Math, Project ID: 16, Result: Success
2025-05-20 02:02:19,125 - Project name: Math, Project ID: 21, MS:76.36363636363637 CV:100.0,Round:1,TC: 0,MT: 0
2025-05-20 02:02:22,526 - Project name: Math, Project ID: 19, MS:66.0377358490566 CV:98.63013698630137,Round:2,TC: 1,MT: 0
2025-05-20 02:15:08,254 - Project name: Math, Project ID: 20, MS:0.0 CV:65.21739130434783,Round:2,TC: 1,MT: 0
2025-05-20 02:16:21,990 - Project name: Math, Project ID: 21, MS:76.92307692307693 CV:100.0,Round:2,TC: 0,MT: 1
2025-05-20 02:33:51,608 - Project name: Math, Project ID: 19, MS:66.0377358490566 CV:100.0,Round:3,TC: 2,MT: 0
2025-05-20 02:34:21,909 - Project name: Math, Project ID: 21, MS:80.0 CV:100.0,Round:3,TC: 1,MT: 1
2025-05-20 02:34:33,255 - Project name: Math, Project ID: 21, Result: Generated, failed
2025-05-20 02:40:05,862 - Project name: Math, Project ID: 22, MS:75.0 CV:80.0,Round:1,TC: 0,MT: 0
2025-05-20 02:40:57,809 - Project name: Math, Project ID: 15, MS:72.22222222222221 CV:98.4375,Round:3,TC: 2,MT: 0
2025-05-20 02:41:08,828 - Project name: Math, Project ID: 15, Result: Success
2025-05-20 02:41:56,586 - Project name: Math, Project ID: 22, MS:62.5 CV:80.0,Round:2,TC: 0,MT: 1
2025-05-20 02:45:28,266 - Project name: Math, Project ID: 22, MS:75.0 CV:80.0,Round:3,TC: 1,MT: 1
2025-05-20 02:47:36,788 - Project name: Math, Project ID: 22, MS:50.0 CV:80.0,Round:4,TC: 1,MT: 2
2025-05-20 02:52:41,457 - Project name: Math, Project ID: 22, MS:100.0 CV:90.0,Round:5,TC: 2,MT: 2
2025-05-20 02:52:51,147 - Project name: Math, Project ID: 22, Result: Success
2025-05-20 02:59:11,982 - Project name: Math, Project ID: 18, MS:0.0 CV:47.82608695652174,Round:2,TC: 1,MT: 0
2025-05-20 03:04:32,709 - Project name: Math, Project ID: 19, MS:67.9245283018868 CV:100.0,Round:4,TC: 3,MT: 0
2025-05-20 03:04:45,672 - Project name: Math, Project ID: 19, Result: Success
2025-05-20 03:07:43,972 - Project name: Math, Project ID: 20, MS:0.0 CV:65.21739130434783,Round:3,TC: 2,MT: 0
2025-05-20 03:22:35,567 - Project name: Math, Project ID: 25, MS:0.0 CV:34.61538461538461,Round:1,TC: 0,MT: 0
2025-05-20 03:28:23,140 - Project name: Math, Project ID: 24, MS:0.0 CV:71.3855421686747,Round:1,TC: 0,MT: 0
2025-05-20 04:08:16,240 - Project name: Math, Project ID: 20, MS:0.0 CV:65.21739130434783,Round:4,TC: 3,MT: 0
2025-05-20 04:08:28,668 - Project name: Math, Project ID: 20, Result: Generated, failed
2025-05-20 04:27:56,538 - Project name: Math, Project ID: 18, MS:0.0 CV:47.82608695652174,Round:3,TC: 2,MT: 0
2025-05-20 04:30:31,682 - Project name: Math, Project ID: 25, MS:0.0 CV:34.61538461538461,Round:2,TC: 1,MT: 0
2025-05-20 04:51:52,160 - Project name: Math, Project ID: 17, MS:70.0 CV:99.01960784313727,Round:2,TC: 1,MT: 0
2025-05-20 04:52:05,147 - Project name: Math, Project ID: 17, Result: Success
2025-05-20 04:54:04,466 - Project name: Math, Project ID: 26, MS:76.0 CV:100.0,Round:1,TC: 0,MT: 0
2025-05-20 04:55:42,492 - Project name: Math, Project ID: 27, MS:50.0 CV:94.11764705882352,Round:1,TC: 0,MT: 0
2025-05-20 05:07:24,447 - Project name: Math, Project ID: 27, MS:100.0 CV:100.0,Round:2,TC: 1,MT: 0
2025-05-20 05:07:34,415 - Project name: Math, Project ID: 27, Result: Success
2025-05-20 05:24:16,620 - Project name: Math, Project ID: 7, MS:41.86046511627907 CV:99.45054945054946,Round:2,TC: 1,MT: 0
2025-05-20 05:25:47,059 - Project name: Math, Project ID: 28, MS:0.0 CV:86.61971830985915,Round:1,TC: 0,MT: 0
2025-05-20 05:31:31,092 - Project name: Math, Project ID: 26, MS:66.66666666666666 CV:100.0,Round:2,TC: 0,MT: 1
2025-05-20 05:34:33,607 - Project name: Math, Project ID: 25, MS:0.0 CV:34.61538461538461,Round:3,TC: 2,MT: 0
2025-05-20 05:56:50,307 - Project name: Math, Project ID: 18, MS:0.0 CV:47.82608695652174,Round:4,TC: 3,MT: 0
2025-05-20 05:57:03,438 - Project name: Math, Project ID: 18, Result: Generated, failed
2025-05-20 06:00:21,723 - Project name: Math, Project ID: 23, unable to generate mutants,just test the original test
2025-05-20 06:00:21,723 - Project name: Math, Project ID: 23, Result: Generated, failed
2025-05-20 06:06:03,506 - Project name: Math, Project ID: 29, MS:82.75862068965517 CV:100.0,Round:1,TC: 0,MT: 0
2025-05-20 06:08:57,138 - Project name: Math, Project ID: 30, MS:100.0 CV:100.0,Round:1,TC: 0,MT: 0
2025-05-20 06:11:12,646 - Project name: Math, Project ID: 30, MS:100.0 CV:100.0,Round:2,TC: 0,MT: 1
2025-05-20 06:11:22,765 - Project name: Math, Project ID: 29, MS:84.84848484848484 CV:100.0,Round:2,TC: 0,MT: 1
2025-05-20 06:13:26,123 - Project name: Math, Project ID: 30, MS:100.0 CV:100.0,Round:3,TC: 1,MT: 1
2025-05-20 06:13:37,614 - Project name: Math, Project ID: 30, Result: Generated, failed
2025-05-20 06:19:12,970 - Project name: Math, Project ID: 29, MS:93.93939393939394 CV:100.0,Round:3,TC: 1,MT: 1
2025-05-20 06:19:24,491 - Project name: Math, Project ID: 29, Result: Success
2025-05-20 06:42:11,688 - Project name: Math, Project ID: 25, MS:0.0 CV:34.61538461538461,Round:4,TC: 3,MT: 0
2025-05-20 06:42:26,715 - Project name: Math, Project ID: 25, Result: Generated, failed
2025-05-20 06:48:28,285 - Project name: Math, Project ID: 32, MS:20.754716981132077 CV:96.36363636363636,Round:1,TC: 0,MT: 0
2025-05-20 07:40:53,923 - Project name: Math, Project ID: 26, MS:76.66666666666667 CV:100.0,Round:3,TC: 1,MT: 1
2025-05-20 07:41:05,067 - Project name: Math, Project ID: 26, Result: Success
2025-05-20 07:49:14,342 - Project name: Math, Project ID: 31, MS:59.57446808510638 CV:99.43502824858757,Round:1,TC: 0,MT: 0
2025-05-20 07:49:37,193 - Project name: Math, Project ID: 33, MS:0.0 CV:86.04651162790698,Round:1,TC: 0,MT: 0
2025-05-20 08:01:41,145 - Project name: Math, Project ID: 34, MS:25.0 CV:93.33333333333333,Round:1,TC: 0,MT: 0
2025-05-20 08:26:24,594 - Project name: Math, Project ID: 28, MS:32.72727272727273 CV:97.53521126760563,Round:2,TC: 1,MT: 0
2025-05-20 08:26:28,297 - Project name: Math, Project ID: 1, MS:63.29113924050633 CV:55.14705882352941,Round:3,TC: 1,MT: 1
2025-05-20 08:28:58,143 - Project name: Math, Project ID: 34, MS:83.33333333333334 CV:100.0,Round:2,TC: 1,MT: 0
2025-05-20 08:29:09,627 - Project name: Math, Project ID: 34, Result: Success
2025-05-20 08:32:49,576 - Project name: Math, Project ID: 35, MS:100.0 CV:100.0,Round:1,TC: 0,MT: 0
2025-05-20 08:33:25,170 - Project name: Math, Project ID: 35, MS:100.0 CV:100.0,Round:2,TC: 0,MT: 1
2025-05-20 08:34:02,348 - Project name: Math, Project ID: 35, MS:100.0 CV:100.0,Round:3,TC: 1,MT: 1
2025-05-20 08:34:13,797 - Project name: Math, Project ID: 35, Result: Success
2025-05-20 08:39:05,528 - Project name: Math, Project ID: 36, MS:57.14285714285714 CV:86.66666666666667,Round:1,TC: 0,MT: 0
2025-05-20 08:42:05,045 - Project name: Math, Project ID: 36, MS:57.14285714285714 CV:93.33333333333333,Round:2,TC: 1,MT: 0
2025-05-20 08:42:46,926 - Project name: Math, Project ID: 32, MS:69.81132075471697 CV:96.36363636363636,Round:2,TC: 1,MT: 0
2025-05-20 08:45:02,026 - Project name: Math, Project ID: 36, MS:100.0 CV:93.33333333333333,Round:3,TC: 2,MT: 0
2025-05-20 08:46:48,677 - Project name: Math, Project ID: 36, MS:70.0 CV:93.33333333333333,Round:4,TC: 2,MT: 1
2025-05-20 08:46:59,067 - Project name: Math, Project ID: 36, Result: Success
2025-05-20 08:52:53,009 - Project name: Math, Project ID: 24, MS:30.0 CV:99.69879518072288,Round:2,TC: 1,MT: 0
2025-05-20 08:57:57,014 - Project name: Math, Project ID: 37, MS:67.27272727272727 CV:99.21875,Round:1,TC: 0,MT: 0
2025-05-20 09:19:07,047 - Project name: Math, Project ID: 32, MS:88.67924528301887 CV:100.0,Round:3,TC: 2,MT: 0
2025-05-20 09:19:14,469 - Project name: Math, Project ID: 7, MS:47.61904761904761 CV:98.35164835164835,Round:3,TC: 2,MT: 0
2025-05-20 09:19:20,235 - Project name: Math, Project ID: 32, Result: Generated, failed
2025-05-20 09:20:49,993 - Project name: Math, Project ID: 37, MS:72.72727272727273 CV:99.21875,Round:2,TC: 1,MT: 0
2025-05-20 09:21:00,236 - Project name: Math, Project ID: 37, Result: Success
2025-05-20 09:30:18,968 - Project name: Math, Project ID: 33, MS:42.857142857142854 CV:100.0,Round:2,TC: 1,MT: 0
2025-05-20 09:41:00,839 - Project name: Math, Project ID: 38, MS:0.0 CV:70.39106145251397,Round:1,TC: 0,MT: 0
2025-05-20 10:38:57,568 - Project name: Math, Project ID: 28, MS:32.72727272727273 CV:97.53521126760563,Round:3,TC: 2,MT: 0
2025-05-20 10:50:05,679 - Project name: Math, Project ID: 39, MS:0.0 CV:55.333333333333336,Round:1,TC: 0,MT: 0
2025-05-20 10:56:03,658 - Project name: Math, Project ID: 33, MS:47.61904761904761 CV:100.0,Round:3,TC: 2,MT: 0
2025-05-20 11:29:01,174 - Project name: Math, Project ID: 38, MS:0.0 CV:79.3296089385475,Round:2,TC: 1,MT: 0
2025-05-20 11:57:46,860 - Project name: Math, Project ID: 33, MS:47.61904761904761 CV:100.0,Round:4,TC: 3,MT: 0
2025-05-20 11:58:01,603 - Project name: Math, Project ID: 33, Result: Generated, failed
2025-05-20 12:18:08,002 - Project name: Math, Project ID: 40, MS:28.57142857142857 CV:74.52830188679245,Round:1,TC: 0,MT: 0
2025-05-20 12:43:25,775 - Project name: Math, Project ID: 24, MS:50.0 CV:100.0,Round:3,TC: 2,MT: 0
2025-05-20 13:09:06,302 - Project name: Math, Project ID: 40, MS:44.89795918367347 CV:98.11320754716981,Round:2,TC: 1,MT: 0
2025-05-20 13:12:53,451 - Project name: Math, Project ID: 28, MS:32.72727272727273 CV:97.53521126760563,Round:4,TC: 3,MT: 0
2025-05-20 13:13:10,326 - Project name: Math, Project ID: 28, Result: Generated, failed
2025-05-20 13:27:08,036 - Project name: Math, Project ID: 38, MS:0.0 CV:79.3296089385475,Round:3,TC: 2,MT: 0
2025-05-20 13:33:09,144 - Project name: Math, Project ID: 31, MS:77.27272727272727 CV:99.43502824858757,Round:2,TC: 1,MT: 0
2025-05-20 13:33:34,111 - Project name: Math, Project ID: 7, MS:47.61904761904761 CV:98.35164835164835,Round:4,TC: 3,MT: 0
2025-05-20 13:33:48,374 - Project name: Math, Project ID: 7, Result: Generated, failed
2025-05-20 13:36:32,295 - Project name: Math, Project ID: 31, Result: Success
2025-05-20 13:45:46,012 - Project name: Math, Project ID: 43, MS:85.0 CV:100.0,Round:1,TC: 0,MT: 0
2025-05-20 13:48:09,530 - Project name: Math, Project ID: 40, MS:53.06122448979592 CV:98.11320754716981,Round:3,TC: 2,MT: 0
2025-05-20 13:49:34,819 - Project name: Math, Project ID: 43, MS:86.36363636363636 CV:100.0,Round:2,TC: 0,MT: 1
2025-05-20 13:54:36,220 - Project name: Math, Project ID: 41, MS:78.78787878787878 CV:100.0,Round:1,TC: 0,MT: 0
2025-05-20 13:54:59,980 - Project name: Math, Project ID: 43, MS:100.0 CV:100.0,Round:3,TC: 1,MT: 1
2025-05-20 13:55:11,177 - Project name: Math, Project ID: 43, Result: Generated, failed
2025-05-20 14:01:59,482 - Project name: Math, Project ID: 41, MS:65.85365853658537 CV:100.0,Round:2,TC: 0,MT: 1
2025-05-20 14:18:43,978 - Project name: Math, Project ID: 42, MS:43.75 CV:97.05882352941177,Round:1,TC: 0,MT: 0
2025-05-20 14:27:17,272 - Project name: Math, Project ID: 40, MS:53.06122448979592 CV:98.11320754716981,Round:4,TC: 3,MT: 0
2025-05-20 14:27:30,678 - Project name: Math, Project ID: 40, Result: Success
2025-05-20 14:32:06,428 - Project name: Math, Project ID: 45, MS:50.0 CV:100.0,Round:1,TC: 0,MT: 0
2025-05-20 14:41:05,403 - Project name: Math, Project ID: 45, MS:83.33333333333334 CV:100.0,Round:2,TC: 1,MT: 0
2025-05-20 14:41:19,166 - Project name: Math, Project ID: 45, Result: Success
2025-05-20 14:45:49,711 - Project name: Math, Project ID: 46, MS:86.66666666666667 CV:100.0,Round:1,TC: 0,MT: 0
2025-05-20 14:48:24,512 - Project name: Math, Project ID: 46, MS:82.35294117647058 CV:100.0,Round:2,TC: 0,MT: 1
2025-05-20 14:54:08,773 - Project name: Math, Project ID: 46, MS:94.11764705882352 CV:100.0,Round:3,TC: 1,MT: 1
2025-05-20 14:54:19,014 - Project name: Math, Project ID: 46, Result: Success
2025-05-20 14:58:42,841 - Project name: Math, Project ID: 47, MS:78.57142857142857 CV:100.0,Round:1,TC: 0,MT: 0
2025-05-20 15:00:54,133 - Project name: Math, Project ID: 47, MS:75.0 CV:100.0,Round:2,TC: 0,MT: 1
2025-05-20 15:08:16,515 - Project name: Math, Project ID: 47, MS:93.75 CV:100.0,Round:3,TC: 1,MT: 1
2025-05-20 15:08:29,146 - Project name: Math, Project ID: 47, Result: Success
2025-05-20 15:12:23,339 - Project name: Math, Project ID: 38, MS:0.0 CV:79.88826815642457,Round:4,TC: 3,MT: 0
2025-05-20 15:12:39,055 - Project name: Math, Project ID: 38, Result: Generated, failed
2025-05-20 15:28:41,063 - Project name: Math, Project ID: 49, MS:90.0 CV:100.0,Round:1,TC: 0,MT: 0
2025-05-20 15:30:37,634 - Project name: Math, Project ID: 49, MS:91.66666666666666 CV:100.0,Round:2,TC: 0,MT: 1
2025-05-20 15:32:14,159 - Project name: Math, Project ID: 44, Result: error local variable 'compile_output' referenced before assignment
2025-05-20 15:34:39,200 - Project name: Math, Project ID: 49, MS:100.0 CV:100.0,Round:3,TC: 1,MT: 1
2025-05-20 15:34:51,593 - Project name: Math, Project ID: 49, Result: Success
2025-05-20 15:37:12,125 - Project name: Math, Project ID: 42, MS:56.25 CV:100.0,Round:2,TC: 1,MT: 0
2025-05-20 15:43:59,292 - Project name: Math, Project ID: 41, MS:75.60975609756098 CV:100.0,Round:3,TC: 1,MT: 1
2025-05-20 15:44:12,550 - Project name: Math, Project ID: 41, Result: Generated, failed
2025-05-20 15:54:06,093 - Project name: Math, Project ID: 24, MS:54.0 CV:100.0,Round:4,TC: 3,MT: 0
2025-05-20 15:54:20,043 - Project name: Math, Project ID: 24, Result: Generated, failed
2025-05-20 15:57:14,930 - Project name: Math, Project ID: 53, MS:90.0 CV:100.0,Round:1,TC: 0,MT: 0
2025-05-20 15:58:58,496 - Project name: Math, Project ID: 53, MS:83.33333333333334 CV:100.0,Round:2,TC: 0,MT: 1
2025-05-20 16:01:59,899 - Project name: Math, Project ID: 53, MS:83.33333333333334 CV:100.0,Round:3,TC: 1,MT: 1
2025-05-20 16:02:09,996 - Project name: Math, Project ID: 53, Result: Generated, failed
2025-05-20 16:14:06,806 - Project name: Math, Project ID: 39, MS:58.69565217391305 CV:95.33333333333334,Round:2,TC: 1,MT: 0
2025-05-20 16:18:00,835 - Project name: Math, Project ID: 51, MS:44.44444444444444 CV:85.49618320610686,Round:1,TC: 0,MT: 0
2025-05-20 16:18:55,916 - Project name: Math, Project ID: 52, MS:78.18181818181819 CV:98.76543209876543,Round:1,TC: 0,MT: 0
2025-05-20 16:34:07,182 - Project name: Math, Project ID: 52, MS:67.90123456790124 CV:98.76543209876543,Round:2,TC: 0,MT: 1
2025-05-20 16:37:10,877 - Project name: Math, Project ID: 42, MS:56.25 CV:100.0,Round:3,TC: 2,MT: 0
2025-05-20 16:40:23,168 - Project name: Math, Project ID: 54, MS:16.9811320754717 CV:49.668874172185426,Round:1,TC: 0,MT: 0
2025-05-20 16:47:23,581 - Project name: Math, Project ID: 1, MS:63.29113924050633 CV:55.14705882352941,Round:4,TC: 2,MT: 1
2025-05-20 16:47:43,075 - Project name: Math, Project ID: 1, Result: Success
2025-05-20 16:50:06,073 - Project name: Math, Project ID: 48, MS:24.074074074074073 CV:79.6875,Round:1,TC: 0,MT: 0
2025-05-20 16:55:32,985 - Project name: Math, Project ID: 55, MS:67.56756756756756 CV:100.0,Round:1,TC: 0,MT: 0
2025-05-20 17:13:05,972 - Project name: Math, Project ID: 55, MS:94.5945945945946 CV:100.0,Round:2,TC: 1,MT: 0
2025-05-20 17:13:16,665 - Project name: Math, Project ID: 55, Result: Success
2025-05-20 17:16:50,009 - Project name: Math, Project ID: 50, MS:35.84905660377358 CV:81.45161290322581,Round:1,TC: 0,MT: 0
2025-05-20 17:26:02,964 - Project name: Math, Project ID: 42, MS:56.25 CV:100.0,Round:4,TC: 3,MT: 0
2025-05-20 17:26:16,287 - Project name: Math, Project ID: 42, Result: Success
2025-05-20 17:53:09,516 - Project name: Math, Project ID: 56, MS:78.26086956521739 CV:100.0,Round:1,TC: 0,MT: 0
2025-05-20 18:14:41,035 - Project name: Math, Project ID: 56, MS:79.3103448275862 CV:100.0,Round:2,TC: 0,MT: 1
2025-05-20 18:58:18,643 - Project name: Math, Project ID: 51, MS:46.2962962962963 CV:85.49618320610686,Round:2,TC: 1,MT: 0
2025-05-20 19:01:22,314 - Project name: Math, Project ID: 52, MS:90.12345679012346 CV:100.0,Round:3,TC: 1,MT: 1
2025-05-20 19:01:35,990 - Project name: Math, Project ID: 52, Result: Success
2025-05-20 19:02:13,265 - Project name: Math, Project ID: 56, MS:86.20689655172413 CV:100.0,Round:3,TC: 1,MT: 1
2025-05-20 19:02:24,278 - Project name: Math, Project ID: 56, Result: Success
2025-05-20 19:08:24,319 - Project name: Math, Project ID: 59, MS:85.71428571428571 CV:100.0,Round:1,TC: 0,MT: 0
2025-05-20 19:09:53,625 - Project name: Math, Project ID: 59, MS:88.88888888888889 CV:100.0,Round:2,TC: 0,MT: 1
2025-05-20 19:15:01,176 - Project name: Math, Project ID: 59, MS:88.88888888888889 CV:100.0,Round:3,TC: 1,MT: 1
2025-05-20 19:15:12,376 - Project name: Math, Project ID: 59, Result: Success
2025-05-20 19:16:01,589 - Project name: Math, Project ID: 57, MS:29.03225806451613 CV:100.0,Round:1,TC: 0,MT: 0
2025-05-20 19:19:20,280 - Project name: Math, Project ID: 54, MS:63.46153846153846 CV:90.72847682119205,Round:2,TC: 1,MT: 0
2025-05-20 19:22:45,926 - Project name: Math, Project ID: 60, MS:88.88888888888889 CV:100.0,Round:1,TC: 0,MT: 0
2025-05-20 19:24:45,814 - Project name: Math, Project ID: 60, MS:88.88888888888889 CV:100.0,Round:2,TC: 0,MT: 1
2025-05-20 19:27:28,904 - Project name: Math, Project ID: 60, MS:88.88888888888889 CV:100.0,Round:3,TC: 1,MT: 1
2025-05-20 19:27:39,370 - Project name: Math, Project ID: 60, Result: Success
2025-05-20 19:27:45,353 - Project name: Math, Project ID: 39, MS:58.69565217391305 CV:95.33333333333334,Round:3,TC: 2,MT: 0
2025-05-20 19:40:07,761 - Project name: Math, Project ID: 61, MS:88.88888888888889 CV:100.0,Round:1,TC: 0,MT: 0
2025-05-20 19:41:47,270 - Project name: Math, Project ID: 61, MS:81.81818181818183 CV:100.0,Round:2,TC: 0,MT: 1
2025-05-20 19:48:17,407 - Project name: Math, Project ID: 61, MS:100.0 CV:100.0,Round:3,TC: 1,MT: 1
2025-05-20 19:48:27,849 - Project name: Math, Project ID: 61, Result: Success
2025-05-20 20:09:07,053 - Project name: Math, Project ID: 62, MS:82.75862068965517 CV:100.0,Round:1,TC: 0,MT: 0
2025-05-20 20:15:26,794 - Project name: Math, Project ID: 62, MS:84.84848484848484 CV:100.0,Round:2,TC: 0,MT: 1
2025-05-20 20:39:05,770 - Project name: Math, Project ID: 62, MS:90.9090909090909 CV:100.0,Round:3,TC: 1,MT: 1
2025-05-20 20:39:19,887 - Project name: Math, Project ID: 62, Result: Success
2025-05-20 20:46:03,429 - Project name: Math, Project ID: 63, MS:25.0 CV:94.11764705882352,Round:1,TC: 0,MT: 0
2025-05-20 20:54:11,066 - Project name: Math, Project ID: 58, MS:0.0 CV:83.33333333333334,Round:1,TC: 0,MT: 0
2025-05-20 20:58:05,495 - Project name: Math, Project ID: 63, MS:87.5 CV:100.0,Round:2,TC: 1,MT: 0
2025-05-20 20:58:19,991 - Project name: Math, Project ID: 63, Result: Success
2025-05-20 21:01:57,058 - Project name: Math, Project ID: 54, MS:66.66666666666666 CV:96.02649006622516,Round:3,TC: 2,MT: 0
2025-05-20 21:02:44,938 - Project name: Math, Project ID: 48, MS:24.528301886792452 CV:82.03125,Round:2,TC: 1,MT: 0
2025-05-20 21:10:54,658 - Project name: Math, Project ID: 58, MS:25.0 CV:100.0,Round:2,TC: 1,MT: 0
2025-05-20 21:14:52,260 - Project name: Math, Project ID: 50, MS:35.41666666666667 CV:87.90322580645162,Round:2,TC: 1,MT: 0
2025-05-20 21:27:33,817 - Project name: Math, Project ID: 58, MS:50.0 CV:100.0,Round:3,TC: 2,MT: 0
2025-05-20 21:39:01,694 - Project name: Math, Project ID: 58, MS:50.0 CV:100.0,Round:4,TC: 3,MT: 0
2025-05-20 21:39:14,233 - Project name: Math, Project ID: 58, Result: Generated, failed
2025-05-20 21:51:40,647 - Project name: Math, Project ID: 65, MS:100.0 CV:71.42857142857143,Round:1,TC: 0,MT: 0
2025-05-20 21:59:40,967 - Project name: Math, Project ID: 65, MS:29.03225806451613 CV:71.42857142857143,Round:2,TC: 0,MT: 1
2025-05-20 22:15:57,301 - Project name: Math, Project ID: 39, MS:57.77777777777777 CV:95.33333333333334,Round:4,TC: 3,MT: 0
2025-05-20 22:16:15,394 - Project name: Math, Project ID: 39, Result: Generated, failed
2025-05-20 22:17:35,040 - Project name: Math, Project ID: 51, MS:46.2962962962963 CV:85.49618320610686,Round:3,TC: 2,MT: 0
2025-05-20 22:23:51,949 - Project name: Math, Project ID: 54, MS:68.62745098039215 CV:96.02649006622516,Round:4,TC: 3,MT: 0
2025-05-20 22:24:07,355 - Project name: Math, Project ID: 54, Result: Success
2025-05-20 22:31:13,486 - Project name: Math, Project ID: 57, MS:75.0 CV:100.0,Round:2,TC: 1,MT: 0
2025-05-20 22:31:26,056 - Project name: Math, Project ID: 57, Result: Generated, failed
2025-05-20 22:32:24,474 - Project name: Math, Project ID: 67, MS:0.0 CV:100.0,Round:1,TC: 0,MT: 0
2025-05-20 22:42:10,828 - Project name: Math, Project ID: 67, MS:100.0 CV:100.0,Round:2,TC: 1,MT: 0
2025-05-20 22:42:21,782 - Project name: Math, Project ID: 67, Result: Success
2025-05-20 22:50:47,860 - Project name: Math, Project ID: 69, MS:78.94736842105263 CV:100.0,Round:1,TC: 0,MT: 0
2025-05-20 22:53:26,099 - Project name: Math, Project ID: 65, MS:74.19354838709677 CV:100.0,Round:3,TC: 1,MT: 1
2025-05-20 22:53:38,294 - Project name: Math, Project ID: 65, Result: Success
2025-05-20 22:54:55,195 - Project name: Math, Project ID: 69, MS:78.26086956521739 CV:100.0,Round:2,TC: 0,MT: 1
2025-05-20 23:06:51,628 - Project name: Math, Project ID: 69, MS:95.65217391304348 CV:100.0,Round:3,TC: 1,MT: 1
2025-05-20 23:07:02,581 - Project name: Math, Project ID: 69, Result: Generated, failed
2025-05-20 23:20:19,127 - Project name: Math, Project ID: 70, unable to generate mutants,just test the original test
2025-05-20 23:20:19,127 - Project name: Math, Project ID: 70, Result: Generated, failed
2025-05-20 23:40:50,973 - Project name: Math, Project ID: 71, MS:100.0 CV:79.6875,Round:1,TC: 0,MT: 0
2025-05-20 23:53:08,238 - Project name: Math, Project ID: 66, MS:51.02040816326531 CV:100.0,Round:1,TC: 0,MT: 0
2025-05-21 00:07:22,967 - Project name: Math, Project ID: 71, MS:20.754716981132077 CV:79.6875,Round:2,TC: 0,MT: 1
2025-05-21 00:08:03,362 - Project name: Math, Project ID: 64, unable to generate mutants,just test the original test
2025-05-21 00:08:03,363 - Project name: Math, Project ID: 64, Result: Generated, failed
2025-05-21 00:35:39,085 - Project name: Math, Project ID: 72, MS:37.77777777777778 CV:92.85714285714286,Round:1,TC: 0,MT: 0
2025-05-21 00:40:10,376 - Project name: Math, Project ID: 73, MS:37.77777777777778 CV:93.87755102040816,Round:1,TC: 0,MT: 0
2025-05-21 00:45:40,949 - Project name: Math, Project ID: 66, MS:53.06122448979592 CV:100.0,Round:2,TC: 1,MT: 0
2025-05-21 00:59:01,291 - Project name: Math, Project ID: 51, MS:50.0 CV:85.49618320610686,Round:4,TC: 3,MT: 0
2025-05-21 00:59:16,012 - Project name: Math, Project ID: 51, Result: Generated, failed
2025-05-21 01:08:27,751 - Project name: Math, Project ID: 50, MS:28.57142857142857 CV:88.70967741935483,Round:3,TC: 2,MT: 0
2025-05-21 01:30:47,206 - Project name: Math, Project ID: 66, MS:55.10204081632652 CV:100.0,Round:3,TC: 2,MT: 0
2025-05-21 01:46:52,290 - Project name: Math, Project ID: 68, MS:0.0 CV:88.36967808930426,Round:1,TC: 0,MT: 0
2025-05-21 02:10:51,399 - Project name: Math, Project ID: 48, MS:17.391304347826086 CV:84.375,Round:3,TC: 2,MT: 0
2025-05-21 02:26:22,174 - Project name: Math, Project ID: 74, MS:4.444444444444445 CV:91.37931034482759,Round:1,TC: 0,MT: 0
2025-05-21 02:29:53,006 - Project name: Math, Project ID: 66, MS:57.14285714285714 CV:100.0,Round:4,TC: 3,MT: 0
2025-05-21 02:30:06,033 - Project name: Math, Project ID: 66, Result: Success
2025-05-21 02:45:40,123 - Project name: Math, Project ID: 75, MS:0.0 CV:100.0,Round:1,TC: 0,MT: 0
2025-05-21 02:55:27,307 - Project name: Math, Project ID: 75, MS:66.66666666666666 CV:100.0,Round:2,TC: 1,MT: 0
2025-05-21 02:59:39,004 - Project name: Math, Project ID: 75, MS:66.66666666666666 CV:100.0,Round:3,TC: 2,MT: 0
2025-05-21 03:00:37,571 - Project name: Math, Project ID: 71, MS:34.61538461538461 CV:83.85416666666666,Round:3,TC: 1,MT: 1
2025-05-21 03:03:00,992 - Project name: Math, Project ID: 75, MS:66.66666666666666 CV:100.0,Round:4,TC: 3,MT: 0
2025-05-21 03:03:12,382 - Project name: Math, Project ID: 75, Result: Success
2025-05-21 03:28:35,957 - Project name: Math, Project ID: 76, MS:14.285714285714285 CV:56.43564356435643,Round:1,TC: 0,MT: 0
2025-05-21 03:32:01,043 - Project name: Math, Project ID: 72, MS:60.0 CV:98.9795918367347,Round:2,TC: 1,MT: 0
2025-05-21 03:35:33,046 - Project name: Math, Project ID: 73, MS:64.44444444444444 CV:97.95918367346938,Round:2,TC: 1,MT: 0
2025-05-21 05:17:10,669 - Project name: Math, Project ID: 76, MS:57.14285714285714 CV:76.23762376237624,Round:2,TC: 1,MT: 0
2025-05-21 05:26:14,490 - Project name: Math, Project ID: 73, MS:66.66666666666666 CV:97.95918367346938,Round:3,TC: 2,MT: 0
2025-05-21 05:36:01,066 - Project name: Math, Project ID: 72, MS:75.55555555555556 CV:98.9795918367347,Round:3,TC: 2,MT: 0
2025-05-21 05:36:15,022 - Project name: Math, Project ID: 72, Result: Success
2025-05-21 05:41:56,051 - Project name: Math, Project ID: 77, MS:0.0 CV:50.0,Round:1,TC: 0,MT: 0
2025-05-21 05:50:44,168 - Project name: Math, Project ID: 77, MS:100.0 CV:55.55555555555556,Round:2,TC: 1,MT: 0
2025-05-21 05:55:19,448 - Project name: Math, Project ID: 77, MS:71.42857142857143 CV:55.55555555555556,Round:3,TC: 1,MT: 1
2025-05-21 06:04:46,748 - Project name: Math, Project ID: 77, MS:59.09090909090909 CV:55.55555555555556,Round:4,TC: 1,MT: 2
2025-05-21 06:06:32,656 - Project name: Math, Project ID: 48, MS:43.47826086956522 CV:87.5,Round:4,TC: 3,MT: 0
2025-05-21 06:06:52,228 - Project name: Math, Project ID: 48, Result: Generated, failed
2025-05-21 06:09:57,566 - Project name: Math, Project ID: 68, MS:1.8181818181818181 CV:91.06957424714433,Round:2,TC: 1,MT: 0
2025-05-21 06:12:19,920 - Project name: Math, Project ID: 71, MS:34.61538461538461 CV:83.85416666666666,Round:4,TC: 2,MT: 1
2025-05-21 06:12:38,191 - Project name: Math, Project ID: 71, Result: Generated, failed
2025-05-21 06:13:36,229 - Project name: Math, Project ID: 77, MS:59.09090909090909 CV:55.55555555555556,Round:5,TC: 2,MT: 2
2025-05-21 06:13:51,428 - Project name: Math, Project ID: 77, Result: Success
2025-05-21 06:18:58,095 - Project name: Math, Project ID: 76, MS:83.6734693877551 CV:77.22772277227723,Round:3,TC: 2,MT: 0
2025-05-21 06:22:15,640 - Project name: Math, Project ID: 79, MS:0.0 CV:80.76923076923077,Round:1,TC: 0,MT: 0
2025-05-21 06:22:49,261 - Project name: Math, Project ID: 80, MS:0.0 CV:44.44444444444444,Round:1,TC: 0,MT: 0
2025-05-21 06:23:34,079 - Project name: Math, Project ID: 50, MS:21.62162162162162 CV:90.32258064516128,Round:4,TC: 3,MT: 0
2025-05-21 06:23:48,483 - Project name: Math, Project ID: 50, Result: Generated, failed
2025-05-21 06:24:45,679 - Project name: Math, Project ID: 78, MS:17.647058823529413 CV:87.27272727272727,Round:1,TC: 0,MT: 0
2025-05-21 06:38:31,162 - Project name: Math, Project ID: 76, MS:46.93877551020408 CV:77.22772277227723,Round:4,TC: 2,MT: 1
2025-05-21 06:38:48,934 - Project name: Math, Project ID: 76, Result: Generated, failed
2025-05-21 06:50:26,163 - Project name: Math, Project ID: 80, MS:0.0 CV:44.44444444444444,Round:2,TC: 1,MT: 0
2025-05-21 06:55:10,193 - Project name: Math, Project ID: 81, MS:3.7735849056603774 CV:63.1979695431472,Round:1,TC: 0,MT: 0
2025-05-21 06:55:13,335 - Project name: Math, Project ID: 82, MS:0.0 CV:42.10526315789473,Round:1,TC: 0,MT: 0
2025-05-21 06:56:08,044 - Project name: Math, Project ID: 79, MS:0.0 CV:80.76923076923077,Round:2,TC: 1,MT: 0
2025-05-21 06:58:47,180 - Project name: Math, Project ID: 73, MS:66.66666666666666 CV:97.95918367346938,Round:4,TC: 3,MT: 0
2025-05-21 06:59:01,576 - Project name: Math, Project ID: 73, Result: Success
2025-05-21 07:11:53,005 - Project name: Math, Project ID: 74, MS:58.536585365853654 CV:96.55172413793103,Round:2,TC: 1,MT: 0
2025-05-21 07:18:16,492 - Project name: Math, Project ID: 80, MS:0.0 CV:44.44444444444444,Round:3,TC: 2,MT: 0
2025-05-21 07:29:36,134 - Project name: Math, Project ID: 79, MS:0.0 CV:80.76923076923077,Round:3,TC: 2,MT: 0
2025-05-21 07:41:00,354 - Project name: Math, Project ID: 82, MS:0.0 CV:42.10526315789473,Round:2,TC: 1,MT: 0
2025-05-21 07:45:29,777 - Project name: Math, Project ID: 80, MS:0.0 CV:44.44444444444444,Round:4,TC: 3,MT: 0
2025-05-21 07:45:40,425 - Project name: Math, Project ID: 80, Result: Generated, failed
2025-05-21 07:53:32,870 - Project name: Math, Project ID: 83, MS:50.0 CV:97.22222222222221,Round:1,TC: 0,MT: 0
2025-05-21 08:04:18,656 - Project name: Math, Project ID: 79, MS:0.0 CV:80.76923076923077,Round:4,TC: 3,MT: 0
2025-05-21 08:04:29,523 - Project name: Math, Project ID: 79, Result: Generated, failed
2025-05-21 08:07:14,410 - Project name: Math, Project ID: 78, MS:37.254901960784316 CV:90.0,Round:2,TC: 1,MT: 0
2025-05-21 08:13:18,495 - Project name: Math, Project ID: 83, MS:50.0 CV:97.22222222222221,Round:2,TC: 1,MT: 0
2025-05-21 08:26:56,741 - Project name: Math, Project ID: 81, MS:5.660377358490567 CV:64.72081218274111,Round:2,TC: 1,MT: 0
2025-05-21 08:29:55,384 - Project name: Math, Project ID: 82, MS:0.0 CV:42.10526315789473,Round:3,TC: 2,MT: 0
2025-05-21 08:38:53,914 - Project name: Math, Project ID: 83, MS:50.0 CV:97.22222222222221,Round:3,TC: 2,MT: 0
2025-05-21 08:41:31,382 - Project name: Math, Project ID: 84, MS:0.0 CV:84.31372549019608,Round:1,TC: 0,MT: 0
2025-05-21 08:43:42,121 - Project name: Math, Project ID: 85, MS:14.285714285714285 CV:97.82608695652173,Round:1,TC: 0,MT: 0
2025-05-21 09:06:12,544 - Project name: Math, Project ID: 83, MS:50.0 CV:97.22222222222221,Round:4,TC: 3,MT: 0
2025-05-21 09:06:24,791 - Project name: Math, Project ID: 83, Result: Success
2025-05-21 09:15:29,591 - Project name: Math, Project ID: 78, MS:50.98039215686274 CV:90.0,Round:3,TC: 2,MT: 0
2025-05-21 09:23:34,071 - Project name: Math, Project ID: 82, MS:0.0 CV:78.94736842105263,Round:4,TC: 3,MT: 0
2025-05-21 09:23:47,092 - Project name: Math, Project ID: 82, Result: Generated, failed
2025-05-21 09:39:14,121 - Project name: Math, Project ID: 86, unable to generate mutants,just test the original test
2025-05-21 09:39:14,121 - Project name: Math, Project ID: 86, Result: Generated, failed
2025-05-21 09:39:58,138 - Project name: Math, Project ID: 87, MS:25.0 CV:92.3076923076923,Round:1,TC: 0,MT: 0
2025-05-21 09:53:46,415 - Project name: Math, Project ID: 88, MS:0.0 CV:100.0,Round:1,TC: 0,MT: 0
2025-05-21 09:54:16,760 - Project name: Math, Project ID: 74, MS:68.29268292682927 CV:96.55172413793103,Round:3,TC: 2,MT: 0
2025-05-21 09:58:40,346 - Project name: Math, Project ID: 81, MS:9.433962264150944 CV:69.79695431472082,Round:3,TC: 2,MT: 0
2025-05-21 10:01:32,827 - Project name: Math, Project ID: 87, MS:83.33333333333334 CV:92.3076923076923,Round:2,TC: 1,MT: 0
2025-05-21 10:03:47,452 - Project name: Math, Project ID: 87, MS:83.33333333333334 CV:92.3076923076923,Round:3,TC: 1,MT: 1
2025-05-21 10:06:29,788 - Project name: Math, Project ID: 87, MS:76.92307692307693 CV:92.3076923076923,Round:4,TC: 1,MT: 2
2025-05-21 10:14:49,662 - Project name: Math, Project ID: 87, MS:76.92307692307693 CV:92.3076923076923,Round:5,TC: 2,MT: 2
2025-05-21 10:15:01,718 - Project name: Math, Project ID: 87, Result: Generated, failed
2025-05-21 10:26:49,782 - Project name: Math, Project ID: 78, MS:50.98039215686274 CV:90.0,Round:4,TC: 3,MT: 0
2025-05-21 10:27:03,250 - Project name: Math, Project ID: 88, MS:0.0 CV:100.0,Round:2,TC: 1,MT: 0
2025-05-21 10:27:06,791 - Project name: Math, Project ID: 78, Result: Generated, failed
2025-05-21 10:33:43,874 - Project name: Math, Project ID: 84, MS:0.0 CV:84.31372549019608,Round:2,TC: 1,MT: 0
2025-05-21 10:33:48,715 - Project name: Math, Project ID: 85, MS:91.42857142857143 CV:100.0,Round:2,TC: 1,MT: 0
2025-05-21 10:34:00,399 - Project name: Math, Project ID: 85, Result: Success
2025-05-21 10:36:32,362 - Project name: Math, Project ID: 89, MS:87.5 CV:100.0,Round:1,TC: 0,MT: 0
2025-05-21 10:38:16,236 - Project name: Math, Project ID: 89, MS:80.0 CV:100.0,Round:2,TC: 0,MT: 1
2025-05-21 10:38:33,528 - Project name: Math, Project ID: 91, MS:45.45454545454545 CV:82.6086956521739,Round:1,TC: 0,MT: 0
2025-05-21 10:43:42,165 - Project name: Math, Project ID: 68, MS:3.6363636363636362 CV:91.06957424714433,Round:3,TC: 2,MT: 0
2025-05-21 10:48:26,033 - Project name: Math, Project ID: 89, MS:80.0 CV:100.0,Round:3,TC: 1,MT: 1
2025-05-21 10:48:37,347 - Project name: Math, Project ID: 89, Result: Success
2025-05-21 10:48:41,622 - Project name: Math, Project ID: 91, MS:100.0 CV:100.0,Round:2,TC: 1,MT: 0
2025-05-21 10:48:51,481 - Project name: Math, Project ID: 91, Result: Generated, failed
2025-05-21 10:54:25,390 - Project name: Math, Project ID: 93, MS:78.57142857142857 CV:100.0,Round:1,TC: 0,MT: 0
2025-05-21 10:55:02,539 - Project name: Math, Project ID: 90, MS:59.25925925925925 CV:95.0,Round:1,TC: 0,MT: 0
2025-05-21 10:57:51,284 - Project name: Math, Project ID: 93, MS:80.0 CV:100.0,Round:2,TC: 0,MT: 1
2025-05-21 11:03:20,239 - Project name: Math, Project ID: 93, MS:80.0 CV:100.0,Round:3,TC: 1,MT: 1
2025-05-21 11:03:29,709 - Project name: Math, Project ID: 93, Result: Success
2025-05-21 11:03:57,892 - Project name: Math, Project ID: 92, MS:34.0 CV:97.20930232558139,Round:1,TC: 0,MT: 0
2025-05-21 11:14:24,603 - Project name: Math, Project ID: 88, MS:0.0 CV:100.0,Round:3,TC: 2,MT: 0
2025-05-21 11:35:02,823 - Project name: Math, Project ID: 81, MS:20.754716981132077 CV:75.38071065989847,Round:4,TC: 3,MT: 0
2025-05-21 11:35:16,893 - Project name: Math, Project ID: 81, Result: Success
2025-05-21 11:38:13,766 - Project name: Math, Project ID: 90, MS:92.5925925925926 CV:97.5,Round:2,TC: 1,MT: 0
2025-05-21 11:38:25,328 - Project name: Math, Project ID: 90, Result: Success
2025-05-21 11:41:39,864 - Project name: Math, Project ID: 95, MS:68.18181818181817 CV:95.65217391304348,Round:1,TC: 0,MT: 0
2025-05-21 11:42:43,850 - Project name: Math, Project ID: 96, MS:66.66666666666666 CV:100.0,Round:1,TC: 0,MT: 0
2025-05-21 11:50:33,954 - Project name: Math, Project ID: 96, MS:80.95238095238095 CV:100.0,Round:2,TC: 1,MT: 0
2025-05-21 11:50:44,485 - Project name: Math, Project ID: 96, Result: Generated, failed
2025-05-21 11:51:01,958 - Project name: Math, Project ID: 95, MS:100.0 CV:100.0,Round:2,TC: 1,MT: 0
2025-05-21 11:51:11,353 - Project name: Math, Project ID: 95, Result: Success
2025-05-21 11:57:24,571 - Project name: Math, Project ID: 88, MS:0.0 CV:100.0,Round:4,TC: 3,MT: 0
2025-05-21 11:57:41,658 - Project name: Math, Project ID: 88, Result: Generated, failed
2025-05-21 12:00:23,551 - Project name: Math, Project ID: 98, MS:0.0 CV:38.70967741935484,Round:1,TC: 0,MT: 0
2025-05-21 12:03:58,804 - Project name: Math, Project ID: 99, MS:81.81818181818183 CV:97.26027397260275,Round:1,TC: 0,MT: 0
2025-05-21 12:07:40,110 - Project name: Math, Project ID: 99, MS:56.25 CV:97.26027397260275,Round:2,TC: 0,MT: 1
2025-05-21 12:14:38,764 - Project name: Math, Project ID: 98, MS:100.0 CV:58.06451612903226,Round:2,TC: 1,MT: 0
2025-05-21 12:16:34,365 - Project name: Math, Project ID: 99, MS:81.25 CV:98.63013698630137,Round:3,TC: 1,MT: 1
2025-05-21 12:16:46,447 - Project name: Math, Project ID: 99, Result: Success
2025-05-21 12:22:06,085 - Project name: Math, Project ID: 92, MS:84.78260869565217 CV:97.20930232558139,Round:2,TC: 1,MT: 0
2025-05-21 12:22:21,225 - Project name: Math, Project ID: 92, Result: Generated, failed
