2025-05-18 15:04:27,939 - Project name: Compress, Project ID: 6, MS:77.77777777777779 CV:92.3076923076923,Round:1,TC: 0,MT: 0
2025-05-18 15:05:14,602 - Project name: Compress, Project ID: 4, MS:0.0 CV:30.434782608695656,Round:1,TC: 0,MT: 0
2025-05-18 15:05:45,076 - Project name: Compress, Project ID: 7, MS:86.66666666666667 CV:100.0,Round:1,TC: 0,MT: 0
2025-05-18 15:07:51,917 - Project name: Compress, Project ID: 7, MS:78.94736842105263 CV:100.0,Round:2,TC: 0,MT: 1
2025-05-18 15:08:22,991 - Project name: Compress, Project ID: 6, MS:53.57142857142857 CV:92.3076923076923,Round:2,TC: 0,MT: 1
2025-05-18 15:10:44,239 - Project name: Compress, Project ID: 1, MS:0.0 CV:50.70422535211267,Round:1,TC: 0,MT: 0
2025-05-18 15:13:20,094 - Project name: Compress, Project ID: 7, MS:84.21052631578947 CV:100.0,Round:3,TC: 1,MT: 1
2025-05-18 15:13:27,175 - Project name: Compress, Project ID: 7, Result: Success
2025-05-18 15:16:40,712 - Project name: Compress, Project ID: 4, MS:83.33333333333334 CV:31.88405797101449,Round:2,TC: 1,MT: 0
2025-05-18 15:16:51,328 - Project name: Compress, Project ID: 8, MS:85.18518518518519 CV:100.0,Round:1,TC: 0,MT: 0
2025-05-18 15:17:55,479 - Project name: Compress, Project ID: 3, MS:28.57142857142857 CV:98.0392156862745,Round:1,TC: 0,MT: 0
2025-05-18 15:26:16,769 - Project name: Compress, Project ID: 6, MS:57.14285714285714 CV:92.3076923076923,Round:3,TC: 1,MT: 1
2025-05-18 15:27:10,981 - Project name: Compress, Project ID: 2, MS:22.22222222222222 CV:95.46044098573282,Round:1,TC: 0,MT: 0
2025-05-18 15:29:11,637 - Project name: Compress, Project ID: 5, MS:3.7037037037037033 CV:46.42857142857143,Round:1,TC: 0,MT: 0
2025-05-18 15:32:11,688 - Project name: Compress, Project ID: 8, MS:78.125 CV:100.0,Round:2,TC: 0,MT: 1
2025-05-18 15:36:06,128 - Project name: Compress, Project ID: 4, MS:17.142857142857142 CV:31.88405797101449,Round:3,TC: 1,MT: 1
2025-05-18 15:43:41,219 - Project name: Compress, Project ID: 6, MS:57.14285714285714 CV:92.3076923076923,Round:4,TC: 2,MT: 1
2025-05-18 15:43:48,639 - Project name: Compress, Project ID: 6, Result: Success
2025-05-18 15:45:11,384 - Project name: Compress, Project ID: 9, MS:16.9811320754717 CV:73.80952380952381,Round:1,TC: 0,MT: 0
2025-05-18 15:48:50,840 - Project name: Compress, Project ID: 3, MS:80.95238095238095 CV:99.01960784313727,Round:2,TC: 1,MT: 0
2025-05-18 15:48:58,622 - Project name: Compress, Project ID: 3, Result: Success
2025-05-18 15:55:02,267 - Project name: Compress, Project ID: 8, MS:95.3125 CV:100.0,Round:3,TC: 1,MT: 1
2025-05-18 15:55:09,425 - Project name: Compress, Project ID: 8, Result: Success
2025-05-18 16:20:10,909 - Project name: Compress, Project ID: 11, MS:32.55813953488372 CV:92.62295081967213,Round:1,TC: 0,MT: 0
2025-05-18 16:33:18,664 - Project name: Compress, Project ID: 1, MS:33.33333333333333 CV:92.95774647887323,Round:2,TC: 1,MT: 0
2025-05-18 16:35:52,810 - Project name: Compress, Project ID: 12, MS:0.0 CV:70.66666666666667,Round:1,TC: 0,MT: 0
2025-05-18 16:37:54,520 - Project name: Compress, Project ID: 10, MS:0.0 CV:67.3469387755102,Round:1,TC: 0,MT: 0
2025-05-18 17:22:42,247 - Project name: Compress, Project ID: 4, MS:22.857142857142858 CV:49.275362318840585,Round:4,TC: 2,MT: 1
2025-05-18 17:22:50,500 - Project name: Compress, Project ID: 4, Result: Generated, failed
2025-05-18 17:30:54,793 - Project name: Compress, Project ID: 1, MS:38.88888888888889 CV:92.95774647887323,Round:3,TC: 2,MT: 0
2025-05-18 17:33:09,993 - Project name: Compress, Project ID: 9, MS:24.528301886792452 CV:92.85714285714286,Round:2,TC: 1,MT: 0
2025-05-18 17:33:34,186 - Project name: Compress, Project ID: 13, MS:47.05882352941176 CV:94.44444444444444,Round:1,TC: 0,MT: 0
2025-05-18 17:41:56,493 - Project name: Compress, Project ID: 13, MS:100.0 CV:100.0,Round:2,TC: 1,MT: 0
2025-05-18 17:42:03,641 - Project name: Compress, Project ID: 13, Result: Success
2025-05-18 18:07:37,821 - Project name: Compress, Project ID: 14, MS:75.0 CV:98.07692307692307,Round:1,TC: 0,MT: 0
2025-05-18 18:16:45,115 - Project name: Compress, Project ID: 11, MS:39.53488372093023 CV:95.08196721311475,Round:2,TC: 1,MT: 0
2025-05-18 18:21:49,534 - Project name: Compress, Project ID: 1, MS:38.88888888888889 CV:92.95774647887323,Round:4,TC: 3,MT: 0
2025-05-18 18:21:58,676 - Project name: Compress, Project ID: 1, Result: Generated, failed
2025-05-18 18:29:52,548 - Project name: Compress, Project ID: 15, MS:79.48717948717949 CV:95.23809523809523,Round:1,TC: 0,MT: 0
2025-05-18 18:32:05,753 - Project name: Compress, Project ID: 14, MS:67.74193548387096 CV:98.07692307692307,Round:2,TC: 0,MT: 1
2025-05-18 18:37:12,225 - Project name: Compress, Project ID: 15, MS:70.17543859649122 CV:95.23809523809523,Round:2,TC: 0,MT: 1
2025-05-18 18:51:50,591 - Project name: Compress, Project ID: 5, MS:49.056603773584904 CV:85.71428571428571,Round:2,TC: 1,MT: 0
2025-05-18 18:52:31,150 - Project name: Compress, Project ID: 12, MS:20.754716981132077 CV:70.66666666666667,Round:2,TC: 1,MT: 0
2025-05-18 19:03:30,574 - Project name: Compress, Project ID: 15, MS:80.7017543859649 CV:95.23809523809523,Round:3,TC: 1,MT: 1
2025-05-18 19:03:37,988 - Project name: Compress, Project ID: 15, Result: Success
2025-05-18 19:08:15,763 - Project name: Compress, Project ID: 14, MS:93.54838709677419 CV:100.0,Round:3,TC: 1,MT: 1
2025-05-18 19:08:23,026 - Project name: Compress, Project ID: 14, Result: Success
2025-05-18 19:11:04,207 - Project name: Compress, Project ID: 9, MS:41.509433962264154 CV:94.04761904761905,Round:3,TC: 2,MT: 0
2025-05-18 19:21:12,284 - Project name: Compress, Project ID: 16, MS:34.61538461538461 CV:89.0625,Round:1,TC: 0,MT: 0
2025-05-18 19:26:03,243 - Project name: Compress, Project ID: 17, MS:0.0 CV:54.71698113207547,Round:1,TC: 0,MT: 0
2025-05-18 19:37:18,223 - Project name: Compress, Project ID: 2, MS:33.33333333333333 CV:97.27626459143968,Round:2,TC: 1,MT: 0
2025-05-18 19:39:55,389 - Project name: Compress, Project ID: 10, MS:0.0 CV:67.3469387755102,Round:2,TC: 1,MT: 0
2025-05-18 20:08:59,095 - Project name: Compress, Project ID: 11, MS:39.53488372093023 CV:95.08196721311475,Round:3,TC: 2,MT: 0
2025-05-18 20:18:37,219 - Project name: Compress, Project ID: 5, MS:52.83018867924528 CV:86.90476190476191,Round:3,TC: 2,MT: 0
2025-05-18 20:39:42,359 - Project name: Compress, Project ID: 12, MS:26.41509433962264 CV:70.66666666666667,Round:3,TC: 2,MT: 0
2025-05-18 20:43:38,779 - Project name: Compress, Project ID: 9, MS:43.39622641509434 CV:94.04761904761905,Round:4,TC: 3,MT: 0
2025-05-18 20:43:48,653 - Project name: Compress, Project ID: 9, Result: Generated, failed
2025-05-18 21:00:57,650 - Project name: Compress, Project ID: 17, Result: error [Errno 2] No such file or directory: './defects4j_fixed/Compress/Compress_17_fixed/coverage.xml'
2025-05-18 21:04:49,055 - Project name: Compress, Project ID: 18, MS:54.0 CV:100.0,Round:1,TC: 0,MT: 0
2025-05-18 21:11:20,209 - Project name: Compress, Project ID: 19, MS:67.74193548387096 CV:100.0,Round:1,TC: 0,MT: 0
2025-05-18 21:30:47,853 - Project name: Compress, Project ID: 19, MS:67.74193548387096 CV:100.0,Round:2,TC: 1,MT: 0
2025-05-18 21:49:47,542 - Project name: Compress, Project ID: 19, MS:67.74193548387096 CV:100.0,Round:3,TC: 2,MT: 0
2025-05-18 22:09:35,966 - Project name: Compress, Project ID: 19, MS:70.96774193548387 CV:100.0,Round:4,TC: 3,MT: 0
2025-05-18 22:09:43,571 - Project name: Compress, Project ID: 19, Result: Success
2025-05-18 22:10:25,465 - Project name: Compress, Project ID: 5, MS:56.60377358490566 CV:86.90476190476191,Round:4,TC: 3,MT: 0
2025-05-18 22:10:37,782 - Project name: Compress, Project ID: 5, Result: Generated, failed
2025-05-18 22:11:30,223 - Project name: Compress, Project ID: 11, MS:39.53488372093023 CV:95.08196721311475,Round:4,TC: 3,MT: 0
2025-05-18 22:11:40,581 - Project name: Compress, Project ID: 11, Result: Success
2025-05-18 22:16:00,036 - Project name: Compress, Project ID: 12, MS:26.41509433962264 CV:70.66666666666667,Round:4,TC: 3,MT: 0
2025-05-18 22:16:10,212 - Project name: Compress, Project ID: 12, Result: Generated, failed
2025-05-18 22:22:34,565 - Project name: Compress, Project ID: 10, MS:0.0 CV:67.3469387755102,Round:3,TC: 2,MT: 0
2025-05-18 22:22:49,002 - Project name: Compress, Project ID: 16, MS:34.61538461538461 CV:89.0625,Round:2,TC: 1,MT: 0
2025-05-18 22:26:06,702 - Project name: Compress, Project ID: 18, MS:70.0 CV:100.0,Round:2,TC: 1,MT: 0
2025-05-18 22:26:14,904 - Project name: Compress, Project ID: 18, Result: Success
2025-05-18 22:28:04,243 - Project name: Compress, Project ID: 21, MS:0.0 CV:33.03769401330377,Round:1,TC: 0,MT: 0
2025-05-18 22:50:37,291 - Project name: Compress, Project ID: 24, MS:93.75 CV:100.0,Round:1,TC: 0,MT: 0
2025-05-18 23:06:23,650 - Project name: Compress, Project ID: 20, MS:16.3265306122449 CV:96.46464646464646,Round:1,TC: 0,MT: 0
2025-05-18 23:12:53,877 - Project name: Compress, Project ID: 24, MS:92.15686274509804 CV:100.0,Round:2,TC: 0,MT: 1
2025-05-18 23:30:10,698 - Project name: Compress, Project ID: 2, MS:37.03703703703704 CV:97.27626459143968,Round:3,TC: 2,MT: 0
2025-05-18 23:36:42,429 - Project name: Compress, Project ID: 24, MS:94.11764705882352 CV:100.0,Round:3,TC: 1,MT: 1
2025-05-18 23:36:49,534 - Project name: Compress, Project ID: 24, Result: Success
2025-05-18 23:41:38,437 - Project name: Compress, Project ID: 22, MS:0.0 CV:84.38202247191012,Round:1,TC: 0,MT: 0
2025-05-18 23:58:31,936 - Project name: Compress, Project ID: 23, MS:0.0 CV:67.40088105726872,Round:1,TC: 0,MT: 0
2025-05-19 00:35:21,305 - Project name: Compress, Project ID: 25, MS:0.0 CV:49.57983193277311,Round:1,TC: 0,MT: 0
2025-05-19 00:40:37,897 - Project name: Compress, Project ID: 21, MS:76.36363636363637 CV:80.93126385809313,Round:2,TC: 1,MT: 0
2025-05-19 01:13:22,607 - Project name: Compress, Project ID: 20, MS:16.3265306122449 CV:96.46464646464646,Round:2,TC: 1,MT: 0
2025-05-19 01:22:04,837 - Project name: Compress, Project ID: 16, MS:34.61538461538461 CV:89.0625,Round:3,TC: 2,MT: 0
2025-05-19 01:32:42,771 - Project name: Compress, Project ID: 21, MS:25.837320574162682 CV:80.93126385809313,Round:3,TC: 1,MT: 1
2025-05-19 01:40:44,608 - Project name: Compress, Project ID: 10, MS:0.0 CV:67.3469387755102,Round:4,TC: 3,MT: 0
2025-05-19 01:40:52,593 - Project name: Compress, Project ID: 10, Result: Generated, failed
2025-05-19 01:43:47,562 - Project name: Compress, Project ID: 22, MS:0.0 CV:84.38202247191012,Round:2,TC: 1,MT: 0
2025-05-19 02:22:02,052 - Project name: Compress, Project ID: 26, MS:38.88888888888889 CV:92.0,Round:1,TC: 0,MT: 0
2025-05-19 02:28:06,272 - Project name: Compress, Project ID: 23, MS:0.0 CV:67.40088105726872,Round:2,TC: 1,MT: 0
2025-05-19 03:11:48,307 - Project name: Compress, Project ID: 20, MS:16.3265306122449 CV:96.96969696969697,Round:3,TC: 2,MT: 0
2025-05-19 03:12:51,234 - Project name: Compress, Project ID: 26, MS:38.88888888888889 CV:92.0,Round:2,TC: 1,MT: 0
2025-05-19 03:22:47,905 - Project name: Compress, Project ID: 16, MS:34.61538461538461 CV:89.0625,Round:4,TC: 3,MT: 0
2025-05-19 03:22:58,193 - Project name: Compress, Project ID: 16, Result: Generated, failed
2025-05-19 03:29:54,543 - Project name: Compress, Project ID: 27, MS:82.6086956521739 CV:97.87234042553192,Round:1,TC: 0,MT: 0
2025-05-19 03:30:12,944 - Project name: Compress, Project ID: 2, MS:40.74074074074074 CV:97.4059662775616,Round:4,TC: 3,MT: 0
2025-05-19 03:30:24,500 - Project name: Compress, Project ID: 2, Result: Generated, failed
2025-05-19 03:38:18,903 - Project name: Compress, Project ID: 28, MS:0.0 CV:53.333333333333336,Round:1,TC: 0,MT: 0
2025-05-19 03:44:46,532 - Project name: Compress, Project ID: 27, MS:77.96610169491525 CV:97.87234042553192,Round:2,TC: 0,MT: 1
2025-05-19 03:52:49,959 - Project name: Compress, Project ID: 22, MS:0.0 CV:84.38202247191012,Round:3,TC: 2,MT: 0
2025-05-19 04:01:02,848 - Project name: Compress, Project ID: 26, MS:38.88888888888889 CV:92.0,Round:3,TC: 2,MT: 0
2025-05-19 04:07:10,889 - Project name: Compress, Project ID: 27, MS:91.52542372881356 CV:100.0,Round:3,TC: 1,MT: 1
2025-05-19 04:07:18,111 - Project name: Compress, Project ID: 27, Result: Success
2025-05-19 04:14:55,707 - Project name: Compress, Project ID: 28, MS:0.0 CV:63.33333333333333,Round:2,TC: 1,MT: 0
2025-05-19 04:30:39,388 - Project name: Compress, Project ID: 29, MS:44.44444444444444 CV:34.417344173441734,Round:1,TC: 0,MT: 0
2025-05-19 04:51:42,270 - Project name: Compress, Project ID: 26, MS:38.88888888888889 CV:92.0,Round:4,TC: 3,MT: 0
2025-05-19 04:51:51,188 - Project name: Compress, Project ID: 26, Result: Generated, failed
2025-05-19 04:51:55,186 - Project name: Compress, Project ID: 23, MS:0.0 CV:67.40088105726872,Round:3,TC: 2,MT: 0
2025-05-19 04:57:08,096 - Project name: Compress, Project ID: 20, MS:22.448979591836736 CV:97.47474747474747,Round:4,TC: 3,MT: 0
2025-05-19 04:57:18,553 - Project name: Compress, Project ID: 20, Result: Generated, failed
2025-05-19 04:58:21,560 - Project name: Compress, Project ID: 29, MS:48.148148148148145 CV:34.417344173441734,Round:2,TC: 1,MT: 0
2025-05-19 05:00:53,404 - Project name: Compress, Project ID: 28, MS:0.0 CV:63.33333333333333,Round:3,TC: 2,MT: 0
2025-05-19 05:04:53,248 - Project name: Compress, Project ID: 31, MS:82.6086956521739 CV:95.74468085106383,Round:1,TC: 0,MT: 0
2025-05-19 05:08:46,406 - Project name: Compress, Project ID: 30, MS:0.0 CV:57.14285714285714,Round:1,TC: 0,MT: 0
2025-05-19 05:11:51,883 - Project name: Compress, Project ID: 31, MS:73.33333333333333 CV:95.74468085106383,Round:2,TC: 0,MT: 1
2025-05-19 05:25:31,298 - Project name: Compress, Project ID: 25, MS:32.0 CV:93.27731092436974,Round:2,TC: 1,MT: 0
2025-05-19 05:27:33,201 - Project name: Compress, Project ID: 31, MS:86.66666666666667 CV:97.87234042553192,Round:3,TC: 1,MT: 1
2025-05-19 05:27:40,406 - Project name: Compress, Project ID: 31, Result: Success
2025-05-19 05:36:47,852 - Project name: Compress, Project ID: 32, MS:0.0 CV:35.714285714285715,Round:1,TC: 0,MT: 0
2025-05-19 05:41:26,051 - Project name: Compress, Project ID: 28, MS:0.0 CV:63.33333333333333,Round:4,TC: 3,MT: 0
2025-05-19 05:41:35,898 - Project name: Compress, Project ID: 28, Result: Generated, failed
2025-05-19 05:52:12,530 - Project name: Compress, Project ID: 33, MS:0.0 CV:94.18604651162791,Round:1,TC: 0,MT: 0
2025-05-19 05:52:54,260 - Project name: Compress, Project ID: 33, MS:0.0 CV:94.18604651162791,Round:2,TC: 1,MT: 0
2025-05-19 05:53:10,975 - Project name: Compress, Project ID: 22, MS:0.0 CV:84.8314606741573,Round:4,TC: 3,MT: 0
2025-05-19 05:53:22,956 - Project name: Compress, Project ID: 22, Result: Generated, failed
2025-05-19 05:53:35,667 - Project name: Compress, Project ID: 33, MS:0.0 CV:94.18604651162791,Round:3,TC: 2,MT: 0
2025-05-19 05:54:16,082 - Project name: Compress, Project ID: 33, MS:0.0 CV:94.18604651162791,Round:4,TC: 3,MT: 0
2025-05-19 05:54:23,683 - Project name: Compress, Project ID: 33, Result: Generated, failed
2025-05-19 05:56:49,661 - Project name: Compress, Project ID: 34, MS:11.11111111111111 CV:91.66666666666666,Round:1,TC: 0,MT: 0
2025-05-19 06:00:05,541 - Project name: Compress, Project ID: 35, MS:64.70588235294117 CV:94.36619718309859,Round:1,TC: 0,MT: 0
2025-05-19 06:05:48,154 - Project name: Compress, Project ID: 32, MS:58.333333333333336 CV:100.0,Round:2,TC: 1,MT: 0
2025-05-19 06:16:11,957 - Project name: Compress, Project ID: 34, MS:100.0 CV:100.0,Round:2,TC: 1,MT: 0
2025-05-19 06:16:19,375 - Project name: Compress, Project ID: 34, Result: Success
2025-05-19 06:17:46,810 - Project name: Compress, Project ID: 35, MS:64.70588235294117 CV:94.36619718309859,Round:2,TC: 1,MT: 0
2025-05-19 06:18:28,103 - Project name: Compress, Project ID: 32, MS:83.33333333333334 CV:100.0,Round:3,TC: 2,MT: 0
2025-05-19 06:18:36,427 - Project name: Compress, Project ID: 32, Result: Generated, failed
2025-05-19 06:19:07,223 - Project name: Compress, Project ID: 21, MS:56.45933014354066 CV:89.80044345898004,Round:4,TC: 2,MT: 1
2025-05-19 06:19:26,774 - Project name: Compress, Project ID: 21, Result: Generated, failed
2025-05-19 06:22:25,421 - Project name: Compress, Project ID: 29, MS:57.407407407407405 CV:34.417344173441734,Round:3,TC: 2,MT: 0
2025-05-19 06:24:08,890 - Project name: Compress, Project ID: 38, MS:88.23529411764706 CV:94.44444444444444,Round:1,TC: 0,MT: 0
2025-05-19 06:24:21,506 - Project name: Compress, Project ID: 36, MS:18.181818181818183 CV:64.0,Round:1,TC: 0,MT: 0
2025-05-19 06:26:33,814 - Project name: Compress, Project ID: 38, MS:71.42857142857143 CV:94.44444444444444,Round:2,TC: 0,MT: 1
2025-05-19 06:27:12,377 - Project name: Compress, Project ID: 35, MS:76.47058823529412 CV:94.36619718309859,Round:3,TC: 2,MT: 0
2025-05-19 06:29:16,057 - Project name: Compress, Project ID: 38, MS:60.0 CV:94.44444444444444,Round:3,TC: 0,MT: 2
2025-05-19 06:32:10,316 - Project name: Compress, Project ID: 35, MS:51.515151515151516 CV:94.36619718309859,Round:4,TC: 2,MT: 1
2025-05-19 06:32:17,591 - Project name: Compress, Project ID: 35, Result: Generated, failed
2025-05-19 06:39:18,458 - Project name: Compress, Project ID: 38, MS:92.0 CV:100.0,Round:4,TC: 1,MT: 2
2025-05-19 06:40:55,806 - Project name: Compress, Project ID: 39, MS:66.66666666666666 CV:92.5925925925926,Round:1,TC: 0,MT: 0
2025-05-19 06:44:17,825 - Project name: Compress, Project ID: 38, MS:92.0 CV:100.0,Round:5,TC: 2,MT: 2
2025-05-19 06:44:25,228 - Project name: Compress, Project ID: 38, Result: Generated, failed
2025-05-19 06:56:33,947 - Project name: Compress, Project ID: 39, MS:89.58333333333334 CV:100.0,Round:2,TC: 1,MT: 0
2025-05-19 06:56:41,194 - Project name: Compress, Project ID: 39, Result: Success
2025-05-19 06:57:22,839 - Project name: Compress, Project ID: 40, MS:29.09090909090909 CV:88.88888888888889,Round:1,TC: 0,MT: 0
2025-05-19 07:08:27,372 - Project name: Compress, Project ID: 41, MS:33.9622641509434 CV:91.05691056910568,Round:1,TC: 0,MT: 0
2025-05-19 07:08:32,686 - Project name: Compress, Project ID: 30, MS:7.4074074074074066 CV:78.57142857142857,Round:2,TC: 1,MT: 0
2025-05-19 07:15:51,096 - Project name: Compress, Project ID: 36, MS:18.181818181818183 CV:64.0,Round:2,TC: 1,MT: 0
2025-05-19 07:43:56,375 - Project name: Compress, Project ID: 29, MS:57.407407407407405 CV:34.417344173441734,Round:4,TC: 3,MT: 0
2025-05-19 07:44:06,562 - Project name: Compress, Project ID: 29, Result: Success
2025-05-19 07:45:00,370 - Project name: Compress, Project ID: 42, Result: error list index out of range
2025-05-19 07:48:16,562 - Project name: Compress, Project ID: 23, MS:0.0 CV:69.16299559471366,Round:4,TC: 3,MT: 0
2025-05-19 07:48:29,670 - Project name: Compress, Project ID: 23, Result: Generated, failed
2025-05-19 07:51:17,572 - Project name: Compress, Project ID: 44, MS:14.285714285714285 CV:73.68421052631578,Round:1,TC: 0,MT: 0
2025-05-19 07:51:50,570 - Project name: Compress, Project ID: 40, MS:30.909090909090907 CV:89.47368421052632,Round:2,TC: 1,MT: 0
2025-05-19 08:00:10,016 - Project name: Compress, Project ID: 44, MS:14.285714285714285 CV:73.68421052631578,Round:2,TC: 1,MT: 0
2025-05-19 08:08:23,114 - Project name: Compress, Project ID: 36, MS:18.181818181818183 CV:64.0,Round:3,TC: 2,MT: 0
2025-05-19 08:10:02,868 - Project name: Compress, Project ID: 44, MS:14.285714285714285 CV:73.68421052631578,Round:3,TC: 2,MT: 0
2025-05-19 08:12:39,665 - Project name: Compress, Project ID: 37, MS:2.1739130434782608 CV:57.46268656716418,Round:1,TC: 0,MT: 0
2025-05-19 08:19:25,046 - Project name: Compress, Project ID: 44, MS:14.285714285714285 CV:73.68421052631578,Round:4,TC: 3,MT: 0
2025-05-19 08:19:32,903 - Project name: Compress, Project ID: 44, Result: Success
2025-05-19 08:27:21,722 - Project name: Compress, Project ID: 45, MS:38.18181818181819 CV:96.7741935483871,Round:1,TC: 0,MT: 0
2025-05-19 08:33:58,453 - Project name: Compress, Project ID: 40, MS:36.36363636363637 CV:89.47368421052632,Round:3,TC: 2,MT: 0
2025-05-19 08:51:13,681 - Project name: Compress, Project ID: 25, MS:34.0 CV:93.27731092436974,Round:3,TC: 2,MT: 0
2025-05-19 08:56:49,742 - Project name: Compress, Project ID: 36, MS:18.181818181818183 CV:64.0,Round:4,TC: 3,MT: 0
2025-05-19 08:57:00,148 - Project name: Compress, Project ID: 36, Result: Success
2025-05-19 09:00:54,916 - Project name: Compress, Project ID: 30, MS:7.4074074074074066 CV:78.57142857142857,Round:3,TC: 2,MT: 0
2025-05-19 09:01:21,020 - Project name: Compress, Project ID: 46, MS:61.53846153846154 CV:85.71428571428571,Round:1,TC: 0,MT: 0
2025-05-19 09:09:18,055 - Project name: Compress, Project ID: 45, MS:76.36363636363637 CV:98.38709677419355,Round:2,TC: 1,MT: 0
2025-05-19 09:09:22,058 - Project name: Compress, Project ID: 46, MS:100.0 CV:100.0,Round:2,TC: 1,MT: 0
2025-05-19 09:09:26,095 - Project name: Compress, Project ID: 45, Result: Generated, failed
2025-05-19 09:09:29,628 - Project name: Compress, Project ID: 46, Result: Success
2025-05-19 09:13:20,186 - Project name: Compress, Project ID: 40, MS:36.36363636363637 CV:89.47368421052632,Round:4,TC: 3,MT: 0
2025-05-19 09:13:29,132 - Project name: Compress, Project ID: 40, Result: Generated, failed
2025-05-19 09:45:50,329 - Project name: Compress, Project ID: 47, MS:0.0 CV:84.28571428571429,Round:1,TC: 0,MT: 0
2025-05-19 09:54:39,795 - Project name: Compress, Project ID: 41, MS:35.84905660377358 CV:94.3089430894309,Round:2,TC: 1,MT: 0
2025-05-19 10:10:13,294 - Project name: Compress, Project ID: 43, MS:34.375 CV:76.2214983713355,Round:1,TC: 0,MT: 0
2025-05-19 10:19:27,798 - Project name: Compress, Project ID: 47, MS:0.0 CV:84.28571428571429,Round:2,TC: 1,MT: 0
2025-05-19 10:52:30,163 - Project name: Compress, Project ID: 47, MS:0.0 CV:84.28571428571429,Round:3,TC: 2,MT: 0
2025-05-19 11:22:02,022 - Project name: Compress, Project ID: 30, MS:9.25925925925926 CV:79.87012987012987,Round:4,TC: 3,MT: 0
2025-05-19 11:22:13,235 - Project name: Compress, Project ID: 30, Result: Generated, failed
2025-05-19 11:28:01,661 - Project name: Compress, Project ID: 47, MS:0.0 CV:84.28571428571429,Round:4,TC: 3,MT: 0
2025-05-19 11:28:10,482 - Project name: Compress, Project ID: 47, Result: Generated, failed
2025-05-19 12:32:26,881 - Project name: Compress, Project ID: 25, MS:38.0 CV:97.47899159663865,Round:4,TC: 3,MT: 0
2025-05-19 12:32:35,110 - Project name: Compress, Project ID: 25, Result: Success
2025-05-19 13:00:10,508 - Project name: Compress, Project ID: 43, MS:34.375 CV:76.2214983713355,Round:2,TC: 1,MT: 0
2025-05-19 13:26:25,945 - Project name: Compress, Project ID: 41, MS:37.735849056603776 CV:94.3089430894309,Round:3,TC: 2,MT: 0
2025-05-19 15:41:25,110 - Project name: Compress, Project ID: 43, MS:34.375 CV:76.2214983713355,Round:3,TC: 2,MT: 0
2025-05-19 16:00:42,953 - Project name: Compress, Project ID: 37, MS:10.869565217391305 CV:64.17910447761194,Round:2,TC: 1,MT: 0
2025-05-19 16:21:37,910 - Project name: Compress, Project ID: 41, MS:37.735849056603776 CV:94.3089430894309,Round:4,TC: 3,MT: 0
2025-05-19 16:21:46,230 - Project name: Compress, Project ID: 41, Result: Success
2025-05-19 17:56:41,817 - Project name: Compress, Project ID: 43, MS:34.375 CV:76.2214983713355,Round:4,TC: 3,MT: 0
2025-05-19 17:56:50,398 - Project name: Compress, Project ID: 43, Result: Success
2025-05-20 00:26:03,722 - Project name: Compress, Project ID: 37, MS:10.869565217391305 CV:64.17910447761194,Round:3,TC: 2,MT: 0
2025-05-20 09:44:26,190 - Project name: Compress, Project ID: 37, MS:13.043478260869565 CV:64.17910447761194,Round:4,TC: 3,MT: 0
2025-05-20 09:47:04,375 - Project name: Compress, Project ID: 37, Result: Success
