2025-05-07 22:34:27,496 - Project name: Cli, Project ID: 6, Result: error list index out of range
2025-05-07 23:00:46,029 - Project name: Cli, Project ID: 3, MS:67.85714285714286 CV:100.0,Round:1,TC: 0,MT: 0
2025-05-07 23:20:55,187 - Project name: Cli, Project ID: 4, MS:82.35294117647058 CV:100.0,Round:1,TC: 0,MT: 0
2025-05-07 23:36:09,219 - Project name: Cli, Project ID: 4, MS:80.95238095238095 CV:100.0,Round:2,TC: 0,MT: 1
2025-05-07 23:53:21,684 - Project name: Cli, Project ID: 5, MS:88.88888888888889 CV:100.0,Round:1,TC: 0,MT: 0
2025-05-08 00:07:53,476 - Project name: Cli, Project ID: 2, MS:23.52941176470588 CV:100.0,Round:1,TC: 0,MT: 0
2025-05-08 00:11:22,682 - Project name: Cli, Project ID: 9, MS:64.70588235294117 CV:96.0,Round:1,TC: 0,MT: 0
2025-05-08 00:11:41,339 - Project name: Cli, Project ID: 5, MS:90.0 CV:100.0,Round:2,TC: 0,MT: 1
2025-05-08 00:16:42,038 - Project name: Cli, Project ID: 3, MS:89.28571428571429 CV:100.0,Round:2,TC: 1,MT: 0
2025-05-08 00:17:18,153 - Project name: Cli, Project ID: 3, Result: Success
2025-05-08 00:58:22,859 - Project name: Cli, Project ID: 5, MS:90.0 CV:100.0,Round:3,TC: 1,MT: 1
2025-05-08 00:59:01,351 - Project name: Cli, Project ID: 5, Result: Success
2025-05-08 01:00:59,696 - Project name: Cli, Project ID: 7, MS:70.0 CV:100.0,Round:1,TC: 0,MT: 0
2025-05-08 01:23:06,400 - Project name: Cli, Project ID: 7, MS:53.84615384615385 CV:100.0,Round:2,TC: 0,MT: 1
2025-05-08 01:35:15,518 - Project name: Cli, Project ID: 10, MS:63.63636363636363 CV:100.0,Round:1,TC: 0,MT: 0
2025-05-08 01:47:19,542 - Project name: Cli, Project ID: 11, MS:92.85714285714286 CV:100.0,Round:1,TC: 0,MT: 0
2025-05-08 01:53:33,597 - Project name: Cli, Project ID: 4, MS:95.23809523809523 CV:100.0,Round:3,TC: 1,MT: 1
2025-05-08 01:54:15,608 - Project name: Cli, Project ID: 4, Result: Success
2025-05-08 02:00:07,012 - Project name: Cli, Project ID: 11, MS:93.75 CV:100.0,Round:2,TC: 0,MT: 1
2025-05-08 02:06:18,720 - Project name: Cli, Project ID: 9, MS:86.66666666666667 CV:96.0,Round:2,TC: 1,MT: 0
2025-05-08 02:07:09,058 - Project name: Cli, Project ID: 9, Result: Success
2025-05-08 02:09:44,518 - Project name: Cli, Project ID: 10, MS:72.72727272727273 CV:100.0,Round:2,TC: 1,MT: 0
2025-05-08 02:10:29,923 - Project name: Cli, Project ID: 10, Result: Success
2025-05-08 02:11:36,807 - Project name: Cli, Project ID: 2, MS:76.47058823529412 CV:100.0,Round:2,TC: 1,MT: 0
2025-05-08 02:12:27,544 - Project name: Cli, Project ID: 2, Result: Success
2025-05-08 02:14:16,953 - Project name: Cli, Project ID: 11, MS:100.0 CV:100.0,Round:3,TC: 1,MT: 1
2025-05-08 02:14:37,220 - Project name: Cli, Project ID: 7, MS:53.84615384615385 CV:100.0,Round:3,TC: 1,MT: 1
2025-05-08 02:14:44,811 - Project name: Cli, Project ID: 13, Result: error list index out of range
2025-05-08 02:15:01,447 - Project name: Cli, Project ID: 11, Result: Generated, failed
2025-05-08 02:19:13,675 - Project name: Cli, Project ID: 16, Result: error list index out of range
2025-05-08 02:40:56,961 - Project name: Cli, Project ID: 14, MS:47.368421052631575 CV:86.04336043360433,Round:1,TC: 0,MT: 0
2025-05-08 03:01:42,534 - Project name: Cli, Project ID: 17, MS:14.285714285714285 CV:100.0,Round:1,TC: 0,MT: 0
2025-05-08 03:01:55,100 - Project name: Cli, Project ID: 12, MS:100.0 CV:100.0,Round:1,TC: 0,MT: 0
2025-05-08 03:02:36,826 - Project name: Cli, Project ID: 7, MS:53.84615384615385 CV:100.0,Round:4,TC: 2,MT: 1
2025-05-08 03:03:25,312 - Project name: Cli, Project ID: 7, Result: Generated, failed
2025-05-08 03:08:46,776 - Project name: Cli, Project ID: 1, MS:71.42857142857143 CV:94.11764705882352,Round:1,TC: 0,MT: 0
2025-05-08 03:14:05,452 - Project name: Cli, Project ID: 12, MS:100.0 CV:100.0,Round:2,TC: 0,MT: 1
2025-05-08 03:20:59,383 - Project name: Cli, Project ID: 14, MS:73.68421052631578 CV:86.04336043360433,Round:2,TC: 1,MT: 0
2025-05-08 03:21:36,048 - Project name: Cli, Project ID: 18, MS:64.28571428571429 CV:96.11650485436894,Round:1,TC: 0,MT: 0
2025-05-08 03:22:08,782 - Project name: Cli, Project ID: 1, MS:27.77777777777778 CV:94.11764705882352,Round:2,TC: 0,MT: 1
2025-05-08 03:25:55,341 - Project name: Cli, Project ID: 12, MS:100.0 CV:100.0,Round:3,TC: 1,MT: 1
2025-05-08 03:26:18,682 - Project name: Cli, Project ID: 19, MS:68.0 CV:100.0,Round:1,TC: 0,MT: 0
2025-05-08 03:26:44,780 - Project name: Cli, Project ID: 12, Result: Success
2025-05-08 03:40:08,033 - Project name: Cli, Project ID: 18, MS:85.71428571428571 CV:96.11650485436894,Round:2,TC: 1,MT: 0
2025-05-08 03:40:57,225 - Project name: Cli, Project ID: 18, Result: Success
2025-05-08 03:41:05,301 - Project name: Cli, Project ID: 17, MS:28.57142857142857 CV:100.0,Round:2,TC: 1,MT: 0
2025-05-08 03:45:16,876 - Project name: Cli, Project ID: 21, Result: error list index out of range
2025-05-08 03:53:46,239 - Project name: Cli, Project ID: 19, MS:84.0 CV:100.0,Round:2,TC: 1,MT: 0
2025-05-08 03:54:44,448 - Project name: Cli, Project ID: 19, Result: Success
2025-05-08 03:55:32,932 - Project name: Cli, Project ID: 20, MS:67.56756756756756 CV:98.57142857142858,Round:1,TC: 0,MT: 0
2025-05-08 04:02:02,818 - Project name: Cli, Project ID: 1, MS:33.33333333333333 CV:95.7983193277311,Round:3,TC: 1,MT: 1
2025-05-08 04:10:07,602 - Project name: Cli, Project ID: 17, MS:50.0 CV:100.0,Round:3,TC: 2,MT: 0
2025-05-08 04:14:56,747 - Project name: Cli, Project ID: 8, MS:88.88888888888889 CV:100.0,Round:1,TC: 0,MT: 0
2025-05-08 04:58:50,516 - Project name: Cli, Project ID: 20, MS:81.08108108108108 CV:98.57142857142858,Round:2,TC: 1,MT: 0
2025-05-08 04:59:43,140 - Project name: Cli, Project ID: 20, Result: Success
2025-05-08 05:03:13,222 - Project name: Cli, Project ID: 17, MS:50.0 CV:100.0,Round:4,TC: 3,MT: 0
2025-05-08 05:04:08,796 - Project name: Cli, Project ID: 17, Result: Generated, failed
2025-05-08 05:09:27,767 - Project name: Cli, Project ID: 14, MS:7.83132530120482 CV:86.04336043360433,Round:3,TC: 1,MT: 1
2025-05-08 05:09:31,639 - Project name: Cli, Project ID: 8, MS:90.9090909090909 CV:100.0,Round:2,TC: 0,MT: 1
2025-05-08 05:10:59,540 - Project name: Cli, Project ID: 1, MS:27.77777777777778 CV:95.7983193277311,Round:4,TC: 2,MT: 1
2025-05-08 05:11:54,705 - Project name: Cli, Project ID: 1, Result: Success
2025-05-08 05:25:56,147 - Project name: Cli, Project ID: 26, MS:93.33333333333333 CV:100.0,Round:1,TC: 0,MT: 0
2025-05-08 05:29:38,559 - Project name: Cli, Project ID: 22, MS:0.0 CV:97.5103734439834,Round:1,TC: 0,MT: 0
2025-05-08 05:32:11,956 - Project name: Cli, Project ID: 26, MS:94.11764705882352 CV:100.0,Round:2,TC: 0,MT: 1
2025-05-08 05:41:02,182 - Project name: Cli, Project ID: 26, MS:94.11764705882352 CV:100.0,Round:3,TC: 1,MT: 1
2025-05-08 05:41:36,891 - Project name: Cli, Project ID: 26, Result: Generated, failed
2025-05-08 05:52:03,379 - Project name: Cli, Project ID: 27, MS:22.22222222222222 CV:95.65217391304348,Round:1,TC: 0,MT: 0
2025-05-08 06:00:41,437 - Project name: Cli, Project ID: 8, MS:90.9090909090909 CV:100.0,Round:3,TC: 1,MT: 1
2025-05-08 06:00:57,825 - Project name: Cli, Project ID: 15, MS:4.081632653061225 CV:62.03703703703704,Round:1,TC: 0,MT: 0
2025-05-08 06:01:14,384 - Project name: Cli, Project ID: 8, Result: Success
2025-05-08 06:01:56,204 - Project name: Cli, Project ID: 22, MS:78.57142857142857 CV:98.3402489626556,Round:2,TC: 1,MT: 0
2025-05-08 06:02:40,327 - Project name: Cli, Project ID: 22, Result: Success
2025-05-08 06:11:41,200 - Project name: Cli, Project ID: 29, MS:0.0 CV:100.0,Round:1,TC: 0,MT: 0
2025-05-08 06:12:36,729 - Project name: Cli, Project ID: 24, MS:0.0 CV:100.0,Round:1,TC: 0,MT: 0
2025-05-08 06:16:50,568 - Project name: Cli, Project ID: 28, MS:0.0 CV:97.87234042553192,Round:1,TC: 0,MT: 0
2025-05-08 06:26:14,948 - Project name: Cli, Project ID: 27, MS:83.33333333333334 CV:100.0,Round:2,TC: 1,MT: 0
2025-05-08 06:26:43,155 - Project name: Cli, Project ID: 27, Result: Success
2025-05-08 06:47:31,369 - Project name: Cli, Project ID: 23, MS:20.833333333333336 CV:95.0,Round:1,TC: 0,MT: 0
2025-05-08 06:49:35,478 - Project name: Cli, Project ID: 30, MS:50.0 CV:55.55555555555556,Round:1,TC: 0,MT: 0
2025-05-08 06:53:35,792 - Project name: Cli, Project ID: 25, MS:28.57142857142857 CV:91.11111111111111,Round:1,TC: 0,MT: 0
2025-05-08 06:59:08,050 - Project name: Cli, Project ID: 29, MS:100.0 CV:100.0,Round:2,TC: 1,MT: 0
2025-05-08 06:59:10,772 - Project name: Cli, Project ID: 28, MS:15.384615384615385 CV:97.87234042553192,Round:2,TC: 1,MT: 0
2025-05-08 06:59:38,569 - Project name: Cli, Project ID: 29, Result: Success
2025-05-08 07:09:42,680 - Project name: Cli, Project ID: 30, MS:58.333333333333336 CV:55.55555555555556,Round:2,TC: 1,MT: 0
2025-05-08 07:10:43,601 - Project name: Cli, Project ID: 31, MS:0.0 CV:69.04761904761905,Round:1,TC: 0,MT: 0
2025-05-08 07:21:54,735 - Project name: Cli, Project ID: 31, MS:0.0 CV:69.04761904761905,Round:2,TC: 1,MT: 0
2025-05-08 07:24:34,768 - Project name: Cli, Project ID: 30, MS:58.333333333333336 CV:55.55555555555556,Round:3,TC: 2,MT: 0
2025-05-08 07:30:31,334 - Project name: Cli, Project ID: 28, MS:46.15384615384615 CV:97.87234042553192,Round:3,TC: 2,MT: 0
2025-05-08 07:34:30,068 - Project name: Cli, Project ID: 31, MS:0.0 CV:69.04761904761905,Round:3,TC: 2,MT: 0
2025-05-08 07:34:43,263 - Project name: Cli, Project ID: 15, MS:10.0 CV:65.74074074074075,Round:2,TC: 1,MT: 0
2025-05-08 07:40:39,398 - Project name: Cli, Project ID: 30, MS:58.333333333333336 CV:55.55555555555556,Round:4,TC: 3,MT: 0
2025-05-08 07:41:26,301 - Project name: Cli, Project ID: 30, Result: Success
2025-05-08 07:41:50,658 - Project name: Cli, Project ID: 24, MS:80.0 CV:100.0,Round:2,TC: 1,MT: 0
2025-05-08 07:42:26,717 - Project name: Cli, Project ID: 24, Result: Success
2025-05-08 07:47:32,345 - Project name: Cli, Project ID: 31, MS:0.0 CV:69.04761904761905,Round:4,TC: 3,MT: 0
2025-05-08 07:48:16,997 - Project name: Cli, Project ID: 31, Result: Success
2025-05-08 07:52:03,565 - Project name: Cli, Project ID: 28, MS:46.15384615384615 CV:97.87234042553192,Round:4,TC: 3,MT: 0
2025-05-08 07:52:54,434 - Project name: Cli, Project ID: 28, Result: Success
2025-05-08 07:55:51,179 - Project name: Cli, Project ID: 32, MS:64.28571428571429 CV:100.0,Round:1,TC: 0,MT: 0
2025-05-08 08:05:21,550 - Project name: Cli, Project ID: 35, MS:86.66666666666667 CV:100.0,Round:1,TC: 0,MT: 0
2025-05-08 08:09:23,789 - Project name: Cli, Project ID: 32, MS:71.42857142857143 CV:100.0,Round:2,TC: 1,MT: 0
2025-05-08 08:10:07,987 - Project name: Cli, Project ID: 32, Result: Success
2025-05-08 08:11:24,860 - Project name: Cli, Project ID: 23, MS:82.6086956521739 CV:100.0,Round:2,TC: 1,MT: 0
2025-05-08 08:12:14,745 - Project name: Cli, Project ID: 23, Result: Success
2025-05-08 08:14:57,646 - Project name: Cli, Project ID: 35, MS:89.47368421052632 CV:100.0,Round:2,TC: 0,MT: 1
2025-05-08 08:19:43,746 - Project name: Cli, Project ID: 36, MS:63.63636363636363 CV:93.93939393939394,Round:1,TC: 0,MT: 0
2025-05-08 08:44:52,731 - Project name: Cli, Project ID: 33, Result: error Could not process token at "`", line 482: @Test(expected)` annotation or by using a `@Rule ExpectedException`, but the `thrown` variable needs to be properly declared.
2025-05-08 08:46:16,649 - Project name: Cli, Project ID: 25, MS:100.0 CV:93.33333333333333,Round:2,TC: 1,MT: 0
2025-05-08 08:49:10,991 - Project name: Cli, Project ID: 35, MS:66.66666666666666 CV:100.0,Round:3,TC: 1,MT: 1
2025-05-08 08:51:56,165 - Project name: Cli, Project ID: 35, Result: Success
2025-05-08 08:55:30,040 - Project name: Cli, Project ID: 36, MS:90.0 CV:93.93939393939394,Round:2,TC: 1,MT: 0
2025-05-08 08:58:30,546 - Project name: Cli, Project ID: 37, MS:76.66666666666667 CV:100.0,Round:1,TC: 0,MT: 0
2025-05-08 09:02:20,624 - Project name: Cli, Project ID: 36, MS:92.3076923076923 CV:93.93939393939394,Round:3,TC: 1,MT: 1
2025-05-08 09:08:19,821 - Project name: Cli, Project ID: 38, MS:66.66666666666666 CV:100.0,Round:1,TC: 0,MT: 0
2025-05-08 09:10:36,097 - Project name: Cli, Project ID: 36, MS:93.33333333333333 CV:93.93939393939394,Round:4,TC: 1,MT: 2
2025-05-08 09:13:32,353 - Project name: Cli, Project ID: 37, MS:77.77777777777779 CV:100.0,Round:2,TC: 0,MT: 1
2025-05-08 09:22:57,883 - Project name: Cli, Project ID: 36, MS:100.0 CV:93.93939393939394,Round:5,TC: 2,MT: 2
2025-05-08 09:23:38,079 - Project name: Cli, Project ID: 36, Result: Generated, failed
2025-05-08 09:42:27,581 - Project name: Cli, Project ID: 39, MS:41.935483870967744 CV:95.71428571428572,Round:1,TC: 0,MT: 0
2025-05-08 10:14:51,817 - Project name: Cli, Project ID: 25, MS:44.44444444444444 CV:93.33333333333333,Round:3,TC: 1,MT: 1
2025-05-08 10:23:43,052 - Project name: Cli, Project ID: 40, MS:46.15384615384615 CV:89.13043478260869,Round:1,TC: 0,MT: 0
2025-05-08 10:24:20,554 - Project name: Cli, Project ID: 38, MS:75.0 CV:100.0,Round:2,TC: 1,MT: 0
2025-05-08 10:24:59,307 - Project name: Cli, Project ID: 38, Result: Success
2025-05-08 11:04:50,066 - Project name: Cli, Project ID: 37, MS:94.44444444444444 CV:100.0,Round:3,TC: 1,MT: 1
2025-05-08 11:05:30,726 - Project name: Cli, Project ID: 37, Result: Success
2025-05-08 11:25:21,921 - Project name: Cli, Project ID: 40, MS:84.61538461538461 CV:93.47826086956522,Round:2,TC: 1,MT: 0
2025-05-08 11:32:57,832 - Project name: Cli, Project ID: 39, MS:51.61290322580645 CV:95.71428571428572,Round:2,TC: 1,MT: 0
2025-05-08 11:34:24,915 - Project name: Cli, Project ID: 40, MS:68.75 CV:93.47826086956522,Round:3,TC: 1,MT: 1
2025-05-08 11:56:06,478 - Project name: Cli, Project ID: 40, MS:87.5 CV:97.82608695652173,Round:4,TC: 2,MT: 1
2025-05-08 11:56:52,011 - Project name: Cli, Project ID: 40, Result: Success
2025-05-08 12:06:38,161 - Project name: Cli, Project ID: 15, MS:90.0 CV:71.75925925925925,Round:3,TC: 2,MT: 0
2025-05-08 12:09:18,425 - Project name: Cli, Project ID: 39, MS:51.61290322580645 CV:95.71428571428572,Round:3,TC: 2,MT: 0
2025-05-08 12:28:10,595 - Project name: Cli, Project ID: 25, MS:75.0 CV:100.0,Round:4,TC: 2,MT: 1
2025-05-08 12:28:47,138 - Project name: Cli, Project ID: 25, Result: Success
2025-05-08 12:54:23,374 - Project name: Cli, Project ID: 39, MS:51.61290322580645 CV:95.71428571428572,Round:4,TC: 3,MT: 0
2025-05-08 12:55:01,612 - Project name: Cli, Project ID: 39, Result: error substring not found
2025-05-08 13:51:18,811 - Project name: Cli, Project ID: 15, MS:33.98692810457516 CV:71.75925925925925,Round:4,TC: 2,MT: 1
2025-05-08 13:52:10,031 - Project name: Cli, Project ID: 15, Result: Success
2025-05-08 13:56:55,404 - Project name: Cli, Project ID: 34, MS:60.0 CV:55.00000000000001,Round:1,TC: 0,MT: 0
2025-05-08 14:11:55,805 - Project name: Cli, Project ID: 34, MS:80.0 CV:55.00000000000001,Round:2,TC: 1,MT: 0
2025-05-08 14:27:20,501 - Project name: Cli, Project ID: 34, MS:30.76923076923077 CV:55.00000000000001,Round:3,TC: 1,MT: 1
2025-05-08 14:28:37,648 - Project name: Cli, Project ID: 14, MS:19.760479041916167 CV:92.6829268292683,Round:4,TC: 2,MT: 1
2025-05-08 14:29:36,021 - Project name: Cli, Project ID: 14, Result: Success
2025-05-08 15:24:15,146 - Project name: Cli, Project ID: 34, MS:30.76923076923077 CV:55.00000000000001,Round:4,TC: 2,MT: 1
2025-05-08 15:25:07,577 - Project name: Cli, Project ID: 34, Result: Success
