2025-05-01 22:27:06,183 - Project name: Chart, Project ID: 7, Result: error list index out of range
2025-05-01 23:40:57,323 - Project name: Chart, Project ID: 3, Result: 57.14285714285714 89.65517241379311,Round:2,TC: 0,MT: 1
2025-05-02 00:57:15,237 - Project name: Chart, Project ID: 6, Result: Generated, failed
2025-05-02 01:05:35,174 - Project name: Chart, Project ID: 10, Result: Success
2025-05-02 01:06:17,550 - Project name: Chart, Project ID: 4, Result: 88.88888888888889 93.43434343434343,Round:2,TC: 1,MT: 0
2025-05-02 01:19:46,888 - Project name: Chart, Project ID: 9, Result: Generated, failed
2025-05-02 01:20:29,084 - Project name: Chart, Project ID: 1, Result: 100.0 85.71428571428571,Round:2,TC: 1,MT: 0
2025-05-02 01:54:27,017 - Project name: Chart, Project ID: 1, Result: 59.09090909090909 85.71428571428571,Round:3,TC: 1,MT: 1
2025-05-02 01:56:24,175 - Project name: Chart, Project ID: 5, Result: 91.30434782608695 93.02325581395348,Round:2,TC: 1,MT: 0
2025-05-02 02:02:46,782 - Project name: Chart, Project ID: 4, Result: 33.33333333333333 93.43434343434343,Round:3,TC: 1,MT: 1
2025-05-02 02:18:19,759 - Project name: Chart, Project ID: 5, Result: 71.875 93.02325581395348,Round:3,TC: 1,MT: 1
2025-05-02 02:54:07,520 - Project name: Chart, Project ID: 3, Result: 85.71428571428571 93.10344827586206,Round:3,TC: 1,MT: 1
2025-05-02 02:55:53,249 - Project name: Chart, Project ID: 8, Result: 55.55555555555556 100.0,Round:2,TC: 1,MT: 0
2025-05-02 03:06:56,939 - Project name: Chart, Project ID: 1, Result: Success
2025-05-02 03:16:36,728 - Project name: Chart, Project ID: 2, Result: Success
2025-05-02 03:46:54,552 - Project name: Chart, Project ID: 11, Result: 50.0 88.57142857142857,Round:2,TC: 0,MT: 1
2025-05-02 03:59:08,822 - Project name: Chart, Project ID: 4, Result: Generated, failed
2025-05-02 04:25:53,308 - Project name: Chart, Project ID: 12, Result: error substring not found
2025-05-02 04:59:30,142 - Project name: Chart, Project ID: 16, Result: 40.74074074074074 91.39784946236558,Round:2,TC: 0,MT: 1
2025-05-02 05:02:00,599 - Project name: Chart, Project ID: 8, Result: 55.55555555555556 100.0,Round:3,TC: 2,MT: 0
2025-05-02 05:20:17,443 - Project name: Chart, Project ID: 3, Result: Generated, failed
2025-05-02 05:20:42,281 - Project name: Chart, Project ID: 5, Result: Success
2025-05-02 05:22:00,643 - Project name: Chart, Project ID: 16, Result: Success
2025-05-02 05:27:56,382 - Project name: Chart, Project ID: 8, Result: Success
2025-05-02 05:34:35,129 - Project name: Chart, Project ID: 19, Result: 51.515151515151516 87.6923076923077,Round:2,TC: 0,MT: 1
2025-05-02 05:40:34,993 - Project name: Chart, Project ID: 15, Result: Success
2025-05-02 05:48:29,540 - Project name: Chart, Project ID: 13, Result: 28.57142857142857 100.0,Round:2,TC: 1,MT: 0
2025-05-02 05:49:02,444 - Project name: Chart, Project ID: 17, Result: Success
2025-05-02 05:49:49,504 - Project name: Chart, Project ID: 20, Result: Success
2025-05-02 06:01:42,942 - Project name: Chart, Project ID: 18, Result: 93.33333333333333 72.72727272727273,Round:2,TC: 1,MT: 0
2025-05-02 06:08:01,910 - Project name: Chart, Project ID: 18, Result: 83.33333333333334 72.72727272727273,Round:3,TC: 1,MT: 1
2025-05-02 06:08:36,719 - Project name: Chart, Project ID: 11, Result: 65.38461538461539 94.28571428571428,Round:3,TC: 1,MT: 1
2025-05-02 06:19:55,934 - Project name: Chart, Project ID: 19, Result: Success
2025-05-02 06:21:13,757 - Project name: Chart, Project ID: 13, Result: 42.857142857142854 100.0,Round:3,TC: 2,MT: 0
2025-05-02 06:26:47,345 - Project name: Chart, Project ID: 22, Result: Success
2025-05-02 06:28:28,889 - Project name: Chart, Project ID: 24, Result: Success
2025-05-02 06:29:52,550 - Project name: Chart, Project ID: 23, Result: 27.7027027027027 60.317460317460316,Round:2,TC: 0,MT: 1
2025-05-02 06:29:54,049 - Project name: Chart, Project ID: 18, Result: Success
2025-05-02 06:37:06,020 - Project name: Chart, Project ID: 21, Result: Success
2025-05-02 06:55:32,447 - Project name: Chart, Project ID: 13, Result: Success
2025-05-02 07:03:42,545 - Project name: Chart, Project ID: 11, Result: Success
2025-05-02 07:22:36,654 - Project name: Chart, Project ID: 26, Result: 0.0 51.32743362831859,Round:2,TC: 1,MT: 0
2025-05-02 07:58:36,222 - Project name: Chart, Project ID: 26, Result: 0.0 51.32743362831859,Round:3,TC: 2,MT: 0
2025-05-02 08:41:18,448 - Project name: Chart, Project ID: 26, Result: Generated, failed
2025-05-02 08:49:40,559 - Project name: Chart, Project ID: 25, Result: error substring not found
2025-05-02 09:11:01,683 - Project name: Chart, Project ID: 23, Result: 30.405405405405407 75.39682539682539,Round:3,TC: 1,MT: 1
2025-05-02 10:18:38,757 - Project name: Chart, Project ID: 14, Result: 57.14285714285714 66.29213483146067,Round:2,TC: 1,MT: 0
2025-05-02 12:07:16,756 - Project name: Chart, Project ID: 14, Result: 57.14285714285714 66.29213483146067,Round:3,TC: 2,MT: 0
2025-05-02 12:32:57,704 - Project name: Chart, Project ID: 23, Result: Success
2025-05-02 13:06:44,653 - Project name: Chart, Project ID: 14, Result: Success
