2025-05-09 01:06:58,997 - Project name: Compress, Project ID: 1, MS:0.0 CV:50.70422535211267,Round:1,TC: 0,MT: 0
2025-05-09 01:09:57,733 - Project name: Compress, Project ID: 7, MS:90.9090909090909 CV:100.0,Round:1,TC: 0,MT: 0
2025-05-09 01:10:50,788 - Project name: Compress, Project ID: 6, MS:68.0 CV:92.3076923076923,Round:1,TC: 0,MT: 0
2025-05-09 01:11:41,951 - Project name: Compress, Project ID: 4, MS:21.428571428571427 CV:31.88405797101449,Round:1,TC: 0,MT: 0
2025-05-09 01:13:04,404 - Project name: Compress, Project ID: 8, unable to generate mutants,just test the original test
2025-05-09 01:13:04,405 - Project name: Compress, Project ID: 8, Result: Success
2025-05-09 01:15:34,012 - Project name: Compress, Project ID: 5, MS:0.0 CV:46.03174603174603,Round:1,TC: 0,MT: 0
2025-05-09 01:17:19,257 - Project name: Compress, Project ID: 7, MS:92.0 CV:100.0,Round:2,TC: 0,MT: 1
2025-05-09 01:17:42,019 - Project name: Compress, Project ID: 3, MS:71.42857142857143 CV:99.01960784313727,Round:1,TC: 0,MT: 0
2025-05-09 01:25:38,037 - Project name: Compress, Project ID: 3, MS:52.63157894736842 CV:99.01960784313727,Round:2,TC: 0,MT: 1
2025-05-09 01:25:50,821 - Project name: Compress, Project ID: 9, MS:0.0 CV:63.095238095238095,Round:1,TC: 0,MT: 0
2025-05-09 01:26:38,374 - Project name: Compress, Project ID: 7, MS:92.0 CV:100.0,Round:3,TC: 1,MT: 1
2025-05-09 01:27:08,048 - Project name: Compress, Project ID: 7, Result: Success
2025-05-09 01:30:00,999 - Project name: Compress, Project ID: 6, MS:68.0 CV:92.3076923076923,Round:2,TC: 1,MT: 0
2025-05-09 01:30:30,623 - Project name: Compress, Project ID: 1, MS:41.66666666666667 CV:85.91549295774648,Round:2,TC: 1,MT: 0
2025-05-09 01:37:59,362 - Project name: Compress, Project ID: 4, MS:71.42857142857143 CV:31.88405797101449,Round:2,TC: 1,MT: 0
2025-05-09 01:44:40,522 - Project name: Compress, Project ID: 1, MS:41.66666666666667 CV:88.73239436619718,Round:3,TC: 2,MT: 0
2025-05-09 01:48:38,853 - Project name: Compress, Project ID: 2, MS:46.15384615384615 CV:95.84954604409857,Round:1,TC: 0,MT: 0
2025-05-09 01:49:47,180 - Project name: Compress, Project ID: 3, MS:84.21052631578947 CV:99.01960784313727,Round:3,TC: 1,MT: 1
2025-05-09 01:49:50,803 - Project name: Compress, Project ID: 6, MS:68.0 CV:92.3076923076923,Round:3,TC: 2,MT: 0
2025-05-09 01:50:18,993 - Project name: Compress, Project ID: 3, Result: Success
2025-05-09 01:53:08,674 - Project name: Compress, Project ID: 5, MS:0.0 CV:46.03174603174603,Round:2,TC: 1,MT: 0
2025-05-09 01:55:33,621 - Project name: Compress, Project ID: 9, MS:8.333333333333332 CV:63.095238095238095,Round:2,TC: 1,MT: 0
2025-05-09 01:59:13,788 - Project name: Compress, Project ID: 1, MS:41.66666666666667 CV:88.73239436619718,Round:4,TC: 3,MT: 0
2025-05-09 01:59:46,351 - Project name: Compress, Project ID: 1, Result: Generated, failed
2025-05-09 02:04:52,353 - Project name: Compress, Project ID: 11, MS:0.0 CV:91.80327868852459,Round:1,TC: 0,MT: 0
2025-05-09 02:09:14,776 - Project name: Compress, Project ID: 6, MS:72.0 CV:92.3076923076923,Round:4,TC: 3,MT: 0
2025-05-09 02:09:45,968 - Project name: Compress, Project ID: 6, Result: Success
2025-05-09 02:11:34,911 - Project name: Compress, Project ID: 4, MS:23.28767123287671 CV:31.88405797101449,Round:3,TC: 1,MT: 1
2025-05-09 02:14:47,232 - Project name: Compress, Project ID: 12, MS:0.0 CV:45.33333333333333,Round:1,TC: 0,MT: 0
2025-05-09 02:26:41,297 - Project name: Compress, Project ID: 13, MS:50.0 CV:100.0,Round:1,TC: 0,MT: 0
2025-05-09 02:27:02,392 - Project name: Compress, Project ID: 9, MS:8.333333333333332 CV:63.095238095238095,Round:3,TC: 2,MT: 0
2025-05-09 02:29:08,112 - Project name: Compress, Project ID: 5, MS:0.0 CV:52.77777777777778,Round:3,TC: 2,MT: 0
2025-05-09 02:47:31,447 - Project name: Compress, Project ID: 10, MS:0.0 CV:67.3469387755102,Round:1,TC: 0,MT: 0
2025-05-09 02:48:37,731 - Project name: Compress, Project ID: 11, MS:0.0 CV:91.80327868852459,Round:2,TC: 1,MT: 0
2025-05-09 02:51:04,348 - Project name: Compress, Project ID: 9, MS:8.333333333333332 CV:63.095238095238095,Round:4,TC: 3,MT: 0
2025-05-09 02:51:38,323 - Project name: Compress, Project ID: 9, Result: Generated, failed
2025-05-09 02:55:47,147 - Project name: Compress, Project ID: 13, MS:50.0 CV:100.0,Round:2,TC: 1,MT: 0
2025-05-09 02:59:05,852 - Project name: Compress, Project ID: 14, MS:21.428571428571427 CV:94.23076923076923,Round:1,TC: 0,MT: 0
2025-05-09 03:06:39,724 - Project name: Compress, Project ID: 5, MS:0.0 CV:52.77777777777778,Round:4,TC: 3,MT: 0
2025-05-09 03:07:16,345 - Project name: Compress, Project ID: 5, Result: Generated, failed
2025-05-09 03:12:59,358 - Project name: Compress, Project ID: 14, MS:92.85714285714286 CV:100.0,Round:2,TC: 1,MT: 0
2025-05-09 03:13:28,902 - Project name: Compress, Project ID: 14, Result: Success
2025-05-09 03:18:24,111 - Project name: Compress, Project ID: 15, MS:84.61538461538461 CV:95.23809523809523,Round:1,TC: 0,MT: 0
2025-05-09 03:20:15,261 - Project name: Compress, Project ID: 2, MS:46.15384615384615 CV:95.84954604409857,Round:2,TC: 1,MT: 0
2025-05-09 03:20:46,738 - Project name: Compress, Project ID: 11, MS:0.0 CV:91.80327868852459,Round:3,TC: 2,MT: 0
2025-05-09 03:25:58,662 - Project name: Compress, Project ID: 13, MS:80.0 CV:100.0,Round:3,TC: 2,MT: 0
2025-05-09 03:26:31,492 - Project name: Compress, Project ID: 13, Result: Success
2025-05-09 03:29:51,468 - Project name: Compress, Project ID: 12, MS:37.5 CV:66.66666666666666,Round:2,TC: 1,MT: 0
2025-05-09 03:29:53,241 - Project name: Compress, Project ID: 15, MS:73.33333333333333 CV:95.23809523809523,Round:2,TC: 0,MT: 1
2025-05-09 03:39:29,476 - Project name: Compress, Project ID: 10, MS:0.0 CV:67.3469387755102,Round:2,TC: 1,MT: 0
2025-05-09 03:46:24,871 - Project name: Compress, Project ID: 16, MS:0.0 CV:84.375,Round:1,TC: 0,MT: 0
2025-05-09 03:49:19,909 - Project name: Compress, Project ID: 15, MS:83.33333333333334 CV:95.23809523809523,Round:3,TC: 1,MT: 1
2025-05-09 03:49:50,827 - Project name: Compress, Project ID: 15, Result: Generated, failed
2025-05-09 03:53:35,595 - Project name: Compress, Project ID: 11, MS:0.0 CV:91.80327868852459,Round:4,TC: 3,MT: 0
2025-05-09 03:54:10,430 - Project name: Compress, Project ID: 11, Result: Success
2025-05-09 04:05:02,463 - Project name: Compress, Project ID: 19, MS:90.9090909090909 CV:100.0,Round:1,TC: 0,MT: 0
2025-05-09 04:09:23,300 - Project name: Compress, Project ID: 19, MS:92.3076923076923 CV:100.0,Round:2,TC: 0,MT: 1
2025-05-09 04:11:16,816 - Project name: Compress, Project ID: 18, MS:25.0 CV:100.0,Round:1,TC: 0,MT: 0
2025-05-09 04:13:23,891 - Project name: Compress, Project ID: 12, MS:37.5 CV:66.66666666666666,Round:3,TC: 2,MT: 0
2025-05-09 04:15:53,135 - Project name: Compress, Project ID: 19, MS:92.3076923076923 CV:100.0,Round:3,TC: 1,MT: 1
2025-05-09 04:16:23,467 - Project name: Compress, Project ID: 19, Result: Generated, failed
2025-05-09 04:19:11,070 - Project name: Compress, Project ID: 4, MS:43.83561643835616 CV:44.927536231884055,Round:4,TC: 2,MT: 1
2025-05-09 04:19:45,768 - Project name: Compress, Project ID: 4, Result: Success
2025-05-09 04:32:16,013 - Project name: Compress, Project ID: 10, MS:0.0 CV:67.3469387755102,Round:3,TC: 2,MT: 0
2025-05-09 04:33:50,220 - Project name: Compress, Project ID: 21, MS:0.0 CV:33.03769401330377,Round:1,TC: 0,MT: 0
2025-05-09 04:42:27,166 - Project name: Compress, Project ID: 2, MS:46.15384615384615 CV:95.84954604409857,Round:3,TC: 2,MT: 0
2025-05-09 04:55:29,173 - Project name: Compress, Project ID: 20, MS:7.6923076923076925 CV:95.05050505050505,Round:1,TC: 0,MT: 0
2025-05-09 05:19:17,485 - Project name: Compress, Project ID: 12, MS:37.5 CV:66.66666666666666,Round:4,TC: 3,MT: 0
2025-05-09 05:19:36,254 - Project name: Compress, Project ID: 16, MS:0.0 CV:84.375,Round:2,TC: 1,MT: 0
2025-05-09 05:19:55,552 - Project name: Compress, Project ID: 12, Result: Generated, failed
2025-05-09 05:22:07,508 - Project name: Compress, Project ID: 18, MS:60.0 CV:100.0,Round:2,TC: 1,MT: 0
2025-05-09 05:23:03,507 - Project name: Compress, Project ID: 10, MS:0.0 CV:67.3469387755102,Round:4,TC: 3,MT: 0
2025-05-09 05:23:35,620 - Project name: Compress, Project ID: 10, Result: Generated, failed
2025-05-09 05:33:57,479 - Project name: Compress, Project ID: 20, MS:7.6923076923076925 CV:95.05050505050505,Round:2,TC: 1,MT: 0
2025-05-09 05:53:20,440 - Project name: Compress, Project ID: 21, MS:0.0 CV:52.328159645232816,Round:2,TC: 1,MT: 0
2025-05-09 06:12:29,664 - Project name: Compress, Project ID: 18, MS:60.0 CV:100.0,Round:3,TC: 2,MT: 0
2025-05-09 06:16:32,734 - Project name: Compress, Project ID: 2, MS:46.15384615384615 CV:95.84954604409857,Round:4,TC: 3,MT: 0
2025-05-09 06:17:16,168 - Project name: Compress, Project ID: 2, Result: Success
2025-05-09 06:21:09,957 - Project name: Compress, Project ID: 22, MS:0.0 CV:84.38202247191012,Round:1,TC: 0,MT: 0
2025-05-09 06:21:54,816 - Project name: Compress, Project ID: 20, MS:7.6923076923076925 CV:95.05050505050505,Round:3,TC: 2,MT: 0
2025-05-09 06:41:12,558 - Project name: Compress, Project ID: 16, MS:18.75 CV:89.0625,Round:3,TC: 2,MT: 0
2025-05-09 06:46:37,121 - Project name: Compress, Project ID: 24, MS:78.26086956521739 CV:96.07843137254902,Round:1,TC: 0,MT: 0
2025-05-09 06:50:11,916 - Project name: Compress, Project ID: 23, MS:0.0 CV:67.40088105726872,Round:1,TC: 0,MT: 0
2025-05-09 06:51:39,879 - Project name: Compress, Project ID: 18, MS:60.0 CV:100.0,Round:4,TC: 3,MT: 0
2025-05-09 06:52:18,714 - Project name: Compress, Project ID: 18, Result: Success
2025-05-09 06:59:28,513 - Project name: Compress, Project ID: 22, MS:0.0 CV:84.38202247191012,Round:2,TC: 1,MT: 0
2025-05-09 07:14:50,213 - Project name: Compress, Project ID: 21, MS:69.23076923076923 CV:52.328159645232816,Round:3,TC: 2,MT: 0
2025-05-09 07:16:04,357 - Project name: Compress, Project ID: 24, MS:70.58823529411765 CV:96.07843137254902,Round:2,TC: 0,MT: 1
2025-05-09 07:19:28,834 - Project name: Compress, Project ID: 20, MS:7.6923076923076925 CV:95.05050505050505,Round:4,TC: 3,MT: 0
2025-05-09 07:20:11,028 - Project name: Compress, Project ID: 20, Result: Generated, failed
2025-05-09 07:21:36,508 - Project name: Compress, Project ID: 25, MS:36.36363636363637 CV:80.67226890756302,Round:1,TC: 0,MT: 0
2025-05-09 07:32:06,258 - Project name: Compress, Project ID: 16, MS:18.75 CV:89.0625,Round:4,TC: 3,MT: 0
2025-05-09 07:32:43,845 - Project name: Compress, Project ID: 16, Result: Generated, failed
2025-05-09 07:33:46,251 - Project name: Compress, Project ID: 22, MS:0.0 CV:84.38202247191012,Round:3,TC: 2,MT: 0
2025-05-09 07:47:32,737 - Project name: Compress, Project ID: 27, MS:100.0 CV:97.87234042553192,Round:1,TC: 0,MT: 0
2025-05-09 07:50:25,610 - Project name: Compress, Project ID: 26, MS:41.935483870967744 CV:92.0,Round:1,TC: 0,MT: 0
2025-05-09 07:52:19,659 - Project name: Compress, Project ID: 21, MS:69.23076923076923 CV:52.328159645232816,Round:4,TC: 3,MT: 0
2025-05-09 07:52:53,848 - Project name: Compress, Project ID: 24, MS:91.17647058823529 CV:100.0,Round:3,TC: 1,MT: 1
2025-05-09 07:53:03,938 - Project name: Compress, Project ID: 21, Result: Success
2025-05-09 07:53:25,539 - Project name: Compress, Project ID: 24, Result: Success
2025-05-09 08:00:26,191 - Project name: Compress, Project ID: 27, MS:84.61538461538461 CV:97.87234042553192,Round:2,TC: 0,MT: 1
2025-05-09 08:08:20,207 - Project name: Compress, Project ID: 28, MS:0.0 CV:53.333333333333336,Round:1,TC: 0,MT: 0
2025-05-09 08:09:08,015 - Project name: Compress, Project ID: 25, MS:36.36363636363637 CV:80.67226890756302,Round:2,TC: 1,MT: 0
2025-05-09 08:12:42,336 - Project name: Compress, Project ID: 29, MS:14.285714285714285 CV:32.79132791327913,Round:1,TC: 0,MT: 0
2025-05-09 08:15:19,113 - Project name: Compress, Project ID: 27, MS:100.0 CV:100.0,Round:3,TC: 1,MT: 1
2025-05-09 08:15:55,670 - Project name: Compress, Project ID: 22, MS:0.0 CV:84.38202247191012,Round:4,TC: 3,MT: 0
2025-05-09 08:15:56,062 - Project name: Compress, Project ID: 27, Result: Success
2025-05-09 08:16:38,173 - Project name: Compress, Project ID: 22, Result: Generated, failed
2025-05-09 08:24:12,740 - Project name: Compress, Project ID: 31, MS:0.0 CV:95.74468085106383,Round:1,TC: 0,MT: 0
2025-05-09 08:31:11,274 - Project name: Compress, Project ID: 30, MS:0.0 CV:62.33766233766234,Round:1,TC: 0,MT: 0
2025-05-09 08:40:01,787 - Project name: Compress, Project ID: 31, MS:33.33333333333333 CV:95.74468085106383,Round:2,TC: 1,MT: 0
2025-05-09 08:46:48,243 - Project name: Compress, Project ID: 25, MS:36.36363636363637 CV:80.67226890756302,Round:3,TC: 2,MT: 0
2025-05-09 08:48:45,478 - Project name: Compress, Project ID: 26, MS:41.935483870967744 CV:92.0,Round:2,TC: 1,MT: 0
2025-05-09 08:52:41,463 - Project name: Compress, Project ID: 31, MS:33.33333333333333 CV:95.74468085106383,Round:3,TC: 2,MT: 0
2025-05-09 08:57:26,170 - Project name: Compress, Project ID: 29, MS:21.428571428571427 CV:33.60433604336043,Round:2,TC: 1,MT: 0
2025-05-09 09:05:17,080 - Project name: Compress, Project ID: 28, MS:0.0 CV:53.333333333333336,Round:2,TC: 1,MT: 0
2025-05-09 09:06:18,114 - Project name: Compress, Project ID: 31, MS:33.33333333333333 CV:95.74468085106383,Round:4,TC: 3,MT: 0
2025-05-09 09:06:56,022 - Project name: Compress, Project ID: 31, Result: Success
2025-05-09 09:27:04,797 - Project name: Compress, Project ID: 25, MS:36.36363636363637 CV:80.67226890756302,Round:4,TC: 3,MT: 0
2025-05-09 09:27:17,515 - Project name: Compress, Project ID: 30, MS:0.0 CV:62.33766233766234,Round:2,TC: 1,MT: 0
2025-05-09 09:27:42,829 - Project name: Compress, Project ID: 25, Result: Generated, failed
2025-05-09 09:31:25,393 - Project name: Compress, Project ID: 32, MS:4.545454545454546 CV:75.0,Round:1,TC: 0,MT: 0
2025-05-09 09:42:27,839 - Project name: Compress, Project ID: 29, MS:28.57142857142857 CV:33.60433604336043,Round:3,TC: 2,MT: 0
2025-05-09 09:44:57,451 - Project name: Compress, Project ID: 23, MS:0.0 CV:67.40088105726872,Round:2,TC: 1,MT: 0
2025-05-09 09:46:21,084 - Project name: Compress, Project ID: 33, MS:0.0 CV:94.18604651162791,Round:1,TC: 0,MT: 0
2025-05-09 09:58:10,042 - Project name: Compress, Project ID: 26, MS:41.935483870967744 CV:92.0,Round:3,TC: 2,MT: 0
2025-05-09 10:01:33,975 - Project name: Compress, Project ID: 33, MS:0.0 CV:94.18604651162791,Round:2,TC: 1,MT: 0
2025-05-09 10:11:12,579 - Project name: Compress, Project ID: 32, MS:45.45454545454545 CV:85.71428571428571,Round:2,TC: 1,MT: 0
2025-05-09 10:12:31,035 - Project name: Compress, Project ID: 30, MS:0.0 CV:62.33766233766234,Round:3,TC: 2,MT: 0
2025-05-09 10:17:08,249 - Project name: Compress, Project ID: 33, MS:0.0 CV:94.18604651162791,Round:3,TC: 2,MT: 0
2025-05-09 10:24:14,294 - Project name: Compress, Project ID: 28, MS:0.0 CV:53.333333333333336,Round:3,TC: 2,MT: 0
2025-05-09 10:32:10,883 - Project name: Compress, Project ID: 29, MS:28.57142857142857 CV:33.60433604336043,Round:4,TC: 3,MT: 0
2025-05-09 10:32:46,717 - Project name: Compress, Project ID: 29, Result: Generated, failed
2025-05-09 10:33:08,921 - Project name: Compress, Project ID: 33, MS:0.0 CV:94.18604651162791,Round:4,TC: 3,MT: 0
2025-05-09 10:33:40,349 - Project name: Compress, Project ID: 33, Result: Generated, failed
2025-05-09 10:38:02,934 - Project name: Compress, Project ID: 32, MS:54.54545454545454 CV:89.28571428571429,Round:3,TC: 2,MT: 0
2025-05-09 10:39:07,014 - Project name: Compress, Project ID: 34, MS:25.0 CV:91.66666666666666,Round:1,TC: 0,MT: 0
2025-05-09 10:42:07,216 - Project name: Compress, Project ID: 35, MS:100.0 CV:94.36619718309859,Round:1,TC: 0,MT: 0
2025-05-09 10:48:32,890 - Project name: Compress, Project ID: 35, MS:55.55555555555556 CV:94.36619718309859,Round:2,TC: 0,MT: 1
2025-05-09 11:01:19,896 - Project name: Compress, Project ID: 26, MS:41.935483870967744 CV:92.0,Round:4,TC: 3,MT: 0
2025-05-09 11:01:22,943 - Project name: Compress, Project ID: 34, MS:100.0 CV:100.0,Round:2,TC: 1,MT: 0
2025-05-09 11:01:50,128 - Project name: Compress, Project ID: 34, Result: Success
2025-05-09 11:01:53,443 - Project name: Compress, Project ID: 26, Result: Generated, failed
2025-05-09 11:02:14,762 - Project name: Compress, Project ID: 32, MS:54.54545454545454 CV:89.28571428571429,Round:4,TC: 3,MT: 0
2025-05-09 11:02:45,299 - Project name: Compress, Project ID: 32, Result: Generated, failed
2025-05-09 11:04:13,629 - Project name: Compress, Project ID: 30, MS:0.0 CV:62.33766233766234,Round:4,TC: 3,MT: 0
2025-05-09 11:04:45,207 - Project name: Compress, Project ID: 30, Result: Generated, failed
2025-05-09 11:07:19,317 - Project name: Compress, Project ID: 35, MS:88.88888888888889 CV:100.0,Round:3,TC: 1,MT: 1
2025-05-09 11:07:45,153 - Project name: Compress, Project ID: 35, Result: Generated, failed
2025-05-09 11:09:10,156 - Project name: Compress, Project ID: 38, MS:0.0 CV:61.111111111111114,Round:1,TC: 0,MT: 0
2025-05-09 11:12:19,537 - Project name: Compress, Project ID: 36, MS:0.0 CV:56.00000000000001,Round:1,TC: 0,MT: 0
2025-05-09 11:15:23,436 - Project name: Compress, Project ID: 39, MS:84.61538461538461 CV:92.5925925925926,Round:1,TC: 0,MT: 0
2025-05-09 11:19:57,448 - Project name: Compress, Project ID: 40, MS:54.54545454545454 CV:89.47368421052632,Round:1,TC: 0,MT: 0
2025-05-09 11:21:06,706 - Project name: Compress, Project ID: 37, MS:73.33333333333333 CV:66.4179104477612,Round:1,TC: 0,MT: 0
2025-05-09 11:28:06,505 - Project name: Compress, Project ID: 28, MS:0.0 CV:53.333333333333336,Round:4,TC: 3,MT: 0
2025-05-09 11:28:08,436 - Project name: Compress, Project ID: 39, MS:65.78947368421053 CV:92.5925925925926,Round:2,TC: 0,MT: 1
2025-05-09 11:28:39,140 - Project name: Compress, Project ID: 28, Result: Generated, failed
2025-05-09 11:39:07,808 - Project name: Compress, Project ID: 41, MS:35.0 CV:93.4959349593496,Round:1,TC: 0,MT: 0
2025-05-09 11:40:37,541 - Project name: Compress, Project ID: 40, MS:54.54545454545454 CV:89.47368421052632,Round:2,TC: 1,MT: 0
2025-05-09 11:45:26,411 - Project name: Compress, Project ID: 38, MS:78.57142857142857 CV:94.44444444444444,Round:2,TC: 1,MT: 0
2025-05-09 11:51:56,575 - Project name: Compress, Project ID: 38, MS:72.22222222222221 CV:94.44444444444444,Round:3,TC: 1,MT: 1
2025-05-09 11:52:10,651 - Project name: Compress, Project ID: 36, MS:38.88888888888889 CV:64.0,Round:2,TC: 1,MT: 0
2025-05-09 11:53:32,654 - Project name: Compress, Project ID: 39, MS:78.94736842105263 CV:100.0,Round:3,TC: 1,MT: 1
2025-05-09 11:54:00,794 - Project name: Compress, Project ID: 39, Result: Success
2025-05-09 11:56:12,638 - Project name: Compress, Project ID: 42, Result: error list index out of range
2025-05-09 11:59:16,372 - Project name: Compress, Project ID: 40, MS:54.54545454545454 CV:89.47368421052632,Round:3,TC: 2,MT: 0
2025-05-09 12:00:18,821 - Project name: Compress, Project ID: 38, MS:65.38461538461539 CV:94.44444444444444,Round:4,TC: 1,MT: 2
2025-05-09 12:06:50,435 - Project name: Compress, Project ID: 37, MS:12.903225806451612 CV:66.4179104477612,Round:2,TC: 0,MT: 1
2025-05-09 12:12:15,469 - Project name: Compress, Project ID: 41, MS:35.0 CV:93.4959349593496,Round:2,TC: 1,MT: 0
2025-05-09 12:18:46,024 - Project name: Compress, Project ID: 40, MS:54.54545454545454 CV:89.47368421052632,Round:4,TC: 3,MT: 0
2025-05-09 12:19:15,879 - Project name: Compress, Project ID: 40, Result: Generated, failed
2025-05-09 12:19:56,152 - Project name: Compress, Project ID: 36, MS:38.88888888888889 CV:64.0,Round:3,TC: 2,MT: 0
2025-05-09 12:21:15,759 - Project name: Compress, Project ID: 38, MS:65.38461538461539 CV:94.44444444444444,Round:5,TC: 2,MT: 2
2025-05-09 12:21:44,975 - Project name: Compress, Project ID: 38, Result: Generated, failed
2025-05-09 12:25:44,514 - Project name: Compress, Project ID: 44, MS:31.25 CV:73.68421052631578,Round:1,TC: 0,MT: 0
2025-05-09 12:31:07,882 - Project name: Compress, Project ID: 45, MS:50.0 CV:96.7741935483871,Round:1,TC: 0,MT: 0
2025-05-09 12:40:17,802 - Project name: Compress, Project ID: 44, MS:31.25 CV:73.68421052631578,Round:2,TC: 1,MT: 0
2025-05-09 12:46:09,425 - Project name: Compress, Project ID: 36, MS:38.88888888888889 CV:64.0,Round:4,TC: 3,MT: 0
2025-05-09 12:46:41,213 - Project name: Compress, Project ID: 36, Result: Success
2025-05-09 12:49:33,903 - Project name: Compress, Project ID: 45, MS:50.0 CV:96.7741935483871,Round:2,TC: 1,MT: 0
2025-05-09 12:54:04,370 - Project name: Compress, Project ID: 41, MS:35.0 CV:93.4959349593496,Round:3,TC: 2,MT: 0
2025-05-09 12:55:09,973 - Project name: Compress, Project ID: 46, MS:57.14285714285714 CV:85.71428571428571,Round:1,TC: 0,MT: 0
2025-05-09 12:59:52,505 - Project name: Compress, Project ID: 44, MS:31.25 CV:73.68421052631578,Round:3,TC: 2,MT: 0
2025-05-09 13:02:42,516 - Project name: Compress, Project ID: 23, MS:0.0 CV:67.40088105726872,Round:3,TC: 2,MT: 0
2025-05-09 13:11:29,364 - Project name: Compress, Project ID: 45, MS:72.22222222222221 CV:98.38709677419355,Round:3,TC: 2,MT: 0
2025-05-09 13:11:58,573 - Project name: Compress, Project ID: 45, Result: Generated, failed
2025-05-09 13:12:24,019 - Project name: Compress, Project ID: 46, MS:100.0 CV:85.71428571428571,Round:2,TC: 1,MT: 0
2025-05-09 13:17:23,087 - Project name: Compress, Project ID: 44, MS:31.25 CV:73.68421052631578,Round:4,TC: 3,MT: 0
2025-05-09 13:17:48,603 - Project name: Compress, Project ID: 46, MS:82.35294117647058 CV:85.71428571428571,Round:3,TC: 1,MT: 1
2025-05-09 13:17:51,737 - Project name: Compress, Project ID: 44, Result: Success
2025-05-09 13:25:16,538 - Project name: Compress, Project ID: 46, MS:60.86956521739131 CV:85.71428571428571,Round:4,TC: 1,MT: 2
2025-05-09 13:27:28,719 - Project name: Compress, Project ID: 43, MS:40.0 CV:74.5928338762215,Round:1,TC: 0,MT: 0
2025-05-09 13:27:38,250 - Project name: Compress, Project ID: 41, MS:35.0 CV:93.4959349593496,Round:4,TC: 3,MT: 0
2025-05-09 13:28:06,983 - Project name: Compress, Project ID: 41, Result: Generated, failed
2025-05-09 13:44:29,155 - Project name: Compress, Project ID: 46, MS:100.0 CV:100.0,Round:5,TC: 2,MT: 2
2025-05-09 13:44:58,273 - Project name: Compress, Project ID: 46, Result: Success
2025-05-09 14:02:32,247 - Project name: Compress, Project ID: 47, MS:0.0 CV:85.0,Round:1,TC: 0,MT: 0
2025-05-09 14:35:32,290 - Project name: Compress, Project ID: 43, MS:40.0 CV:74.5928338762215,Round:2,TC: 1,MT: 0
2025-05-09 15:17:14,672 - Project name: Compress, Project ID: 47, MS:0.0 CV:85.0,Round:2,TC: 1,MT: 0
2025-05-09 15:23:18,098 - Project name: Compress, Project ID: 37, MS:11.956521739130435 CV:76.86567164179104,Round:3,TC: 1,MT: 1
2025-05-09 15:59:54,596 - Project name: Compress, Project ID: 43, MS:40.0 CV:74.5928338762215,Round:3,TC: 2,MT: 0
2025-05-09 16:24:42,115 - Project name: Compress, Project ID: 23, MS:0.0 CV:67.40088105726872,Round:4,TC: 3,MT: 0
2025-05-09 16:25:28,450 - Project name: Compress, Project ID: 23, Result: Generated, failed
2025-05-09 16:34:54,525 - Project name: Compress, Project ID: 47, MS:0.0 CV:85.0,Round:3,TC: 2,MT: 0
2025-05-09 17:08:26,974 - Project name: Compress, Project ID: 43, MS:40.0 CV:74.5928338762215,Round:4,TC: 3,MT: 0
2025-05-09 17:09:01,260 - Project name: Compress, Project ID: 43, Result: Success
2025-05-09 17:55:43,943 - Project name: Compress, Project ID: 47, MS:0.0 CV:85.0,Round:4,TC: 3,MT: 0
2025-05-09 17:56:20,559 - Project name: Compress, Project ID: 47, Result: Generated, failed
