2025-05-13 01:33:35,190 - Project name: Math, Project ID: 1, MS:94.11764705882352 CV:55.14705882352941,Round:1,TC: 0,MT: 0
2025-05-13 02:07:57,539 - Project name: Math, Project ID: 1, MS:51.724137931034484 CV:55.14705882352941,Round:2,TC: 0,MT: 1
2025-05-13 03:10:49,487 - Project name: Math, Project ID: 39, MS:48.0 CV:98.0,Round:1,TC: 0,MT: 0
2025-05-13 04:56:20,763 - Project name: Math, Project ID: 39, MS:48.0 CV:98.0,Round:2,TC: 1,MT: 0
2025-05-13 06:23:13,618 - Project name: Math, Project ID: 39, MS:48.0 CV:98.0,Round:3,TC: 2,MT: 0
2025-05-13 08:08:51,733 - Project name: Math, Project ID: 39, MS:48.0 CV:98.0,Round:4,TC: 3,MT: 0
2025-05-13 08:09:04,247 - Project name: Math, Project ID: 39, Result: Generated, failed
2025-05-13 09:13:32,398 - Project name: Math, Project ID: 42, MS:40.909090909090914 CV:94.11764705882352,Round:1,TC: 0,MT: 0
2025-05-13 10:03:06,130 - Project name: Math, Project ID: 1, MS:54.310344827586206 CV:55.14705882352941,Round:3,TC: 1,MT: 1
2025-05-13 10:06:50,147 - Project name: Math, Project ID: 42, MS:40.909090909090914 CV:94.11764705882352,Round:2,TC: 1,MT: 0
2025-05-13 11:06:39,584 - Project name: Math, Project ID: 42, MS:40.909090909090914 CV:94.11764705882352,Round:3,TC: 2,MT: 0
2025-05-13 11:52:15,722 - Project name: Math, Project ID: 42, MS:40.909090909090914 CV:94.11764705882352,Round:4,TC: 3,MT: 0
2025-05-13 11:52:28,447 - Project name: Math, Project ID: 42, Result: Generated, failed
2025-05-13 12:15:06,379 - Project name: Math, Project ID: 44, Result: error 'int' object has no attribute 'splitlines'
2025-05-13 13:06:32,637 - Project name: Math, Project ID: 48, MS:0.0 CV:78.125,Round:1,TC: 0,MT: 0
2025-05-13 14:02:16,652 - Project name: Math, Project ID: 48, Result: error 'int' object has no attribute 'splitlines'
2025-05-13 16:28:38,919 - Project name: Math, Project ID: 51, unable to generate mutants,just test the original test
2025-05-13 16:28:38,919 - Project name: Math, Project ID: 51, Result: Generated, failed
2025-05-13 17:42:36,028 - Project name: Math, Project ID: 1, MS:56.03448275862068 CV:55.14705882352941,Round:4,TC: 2,MT: 1
2025-05-13 17:42:54,511 - Project name: Math, Project ID: 1, Result: Success
2025-05-13 18:02:48,084 - Project name: Math, Project ID: 68, MS:0.0 CV:86.81204569055036,Round:1,TC: 0,MT: 0
2025-05-13 18:25:37,073 - Project name: Math, Project ID: 71, MS:100.0 CV:44.79166666666667,Round:1,TC: 0,MT: 0
2025-05-13 19:16:42,865 - Project name: Math, Project ID: 71, MS:6.508875739644971 CV:44.79166666666667,Round:2,TC: 0,MT: 1
2025-05-13 20:12:24,600 - Project name: Math, Project ID: 71, MS:6.508875739644971 CV:44.79166666666667,Round:3,TC: 1,MT: 1
2025-05-13 21:06:19,231 - Project name: Math, Project ID: 71, MS:6.508875739644971 CV:44.79166666666667,Round:4,TC: 2,MT: 1
2025-05-13 21:06:32,793 - Project name: Math, Project ID: 71, Result: Generated, failed
2025-05-13 21:36:37,163 - Project name: Math, Project ID: 68, MS:25.0 CV:97.92315680166148,Round:2,TC: 1,MT: 0
2025-05-13 21:57:23,416 - Project name: Math, Project ID: 74, MS:26.08695652173913 CV:94.25287356321839,Round:1,TC: 0,MT: 0
2025-05-13 23:56:59,452 - Project name: Math, Project ID: 74, MS:31.818181818181817 CV:96.55172413793103,Round:2,TC: 1,MT: 0
2025-05-14 00:25:42,997 - Project name: Math, Project ID: 68, MS:25.0 CV:98.0269989615784,Round:3,TC: 2,MT: 0
2025-05-14 01:53:00,286 - Project name: Math, Project ID: 74, MS:40.909090909090914 CV:96.55172413793103,Round:3,TC: 2,MT: 0
2025-05-14 02:40:52,450 - Project name: Math, Project ID: 68, MS:25.0 CV:98.0269989615784,Round:4,TC: 3,MT: 0
2025-05-14 02:41:04,568 - Project name: Math, Project ID: 68, Result: Generated, failed
2025-05-14 03:07:14,763 - Project name: Math, Project ID: 76, MS:7.6923076923076925 CV:79.20792079207921,Round:1,TC: 0,MT: 0
2025-05-14 03:32:59,293 - Project name: Math, Project ID: 74, MS:40.909090909090914 CV:96.55172413793103,Round:4,TC: 3,MT: 0
2025-05-14 03:33:11,720 - Project name: Math, Project ID: 74, Result: Generated, failed
2025-05-14 03:46:46,258 - Project name: Math, Project ID: 78, MS:34.375 CV:90.0,Round:1,TC: 0,MT: 0
2025-05-14 04:48:32,862 - Project name: Math, Project ID: 78, MS:50.0 CV:90.0,Round:2,TC: 1,MT: 0
2025-05-14 05:20:19,947 - Project name: Math, Project ID: 76, MS:84.61538461538461 CV:98.01980198019803,Round:2,TC: 1,MT: 0
2025-05-14 05:20:33,561 - Project name: Math, Project ID: 76, Result: Generated, failed
2025-05-14 05:24:12,703 - Project name: Math, Project ID: 78, MS:56.25 CV:90.0,Round:3,TC: 2,MT: 0
2025-05-14 06:01:50,639 - Project name: Math, Project ID: 78, MS:56.25 CV:90.0,Round:4,TC: 3,MT: 0
2025-05-14 06:02:03,479 - Project name: Math, Project ID: 78, Result: Generated, failed
