2025-05-06 20:40:57,136 - Project name: Gson, Project ID: 8, MS:35.294117647058826 CV:94.70588235294117,Round:1,TC: 0,MT: 0
2025-05-06 20:53:54,919 - Project name: Gson, Project ID: 5, MS:64.28571428571429 CV:94.26751592356688,Round:1,TC: 0,MT: 0
2025-05-06 21:47:07,627 - Project name: Gson, Project ID: 6, MS:0.0 CV:53.65853658536586,Round:1,TC: 0,MT: 0
2025-05-06 21:51:07,668 - Project name: Gson, Project ID: 5, MS:64.28571428571429 CV:94.26751592356688,Round:2,TC: 1,MT: 0
2025-05-06 22:34:46,603 - Project name: Gson, Project ID: 8, MS:41.17647058823529 CV:94.70588235294117,Round:2,TC: 1,MT: 0
2025-05-06 22:43:36,476 - Project name: Gson, Project ID: 3, MS:6.666666666666667 CV:90.44117647058823,Round:1,TC: 0,MT: 0
2025-05-06 22:45:29,391 - Project name: Gson, Project ID: 5, MS:64.28571428571429 CV:94.26751592356688,Round:3,TC: 2,MT: 0
2025-05-06 23:46:49,350 - Project name: Gson, Project ID: 5, MS:64.28571428571429 CV:94.26751592356688,Round:4,TC: 3,MT: 0
2025-05-06 23:46:55,704 - Project name: Gson, Project ID: 5, Result: Generated, failed
2025-05-07 00:50:33,009 - Project name: Gson, Project ID: 8, MS:41.17647058823529 CV:94.70588235294117,Round:3,TC: 2,MT: 0
2025-05-07 00:50:49,963 - Project name: Gson, Project ID: 1, Result: Success
2025-05-07 01:55:33,994 - Project name: Gson, Project ID: 2, MS:11.76470588235294 CV:66.66666666666666,Round:1,TC: 0,MT: 0
2025-05-07 02:18:37,534 - Project name: Gson, Project ID: 8, MS:41.17647058823529 CV:94.70588235294117,Round:4,TC: 3,MT: 0
2025-05-07 02:18:46,462 - Project name: Gson, Project ID: 8, Result: error substring not found  //good job
2025-05-07 02:50:18,863 - Project name: Gson, Project ID: 6, MS:0.0 CV:53.65853658536586,Round:2,TC: 1,MT: 0
2025-05-07 03:01:18,922 - Project name: Gson, Project ID: 11, MS:0.0 CV:55.55555555555556,Round:1,TC: 0,MT: 0
2025-05-07 03:15:19,008 - Project name: Gson, Project ID: 4, Result: error substring not found  //not  good
2025-05-07 03:26:51,900 - Project name: Gson, Project ID: 12, MS:46.15384615384615 CV:67.56756756756756,Round:1,TC: 0,MT: 0
2025-05-07 03:33:03,273 - Project name: Gson, Project ID: 9, Result: Generated, failed
2025-05-07 03:35:05,393 - Project name: Gson, Project ID: 11, MS:33.33333333333333 CV:55.97222222222222,Round:2,TC: 1,MT: 0
2025-05-07 03:37:40,325 - Project name: Gson, Project ID: 2, MS:100.0 CV:100.0,Round:2,TC: 1,MT: 0
2025-05-07 03:37:49,342 - Project name: Gson, Project ID: 2, Result: Success
2025-05-07 03:42:42,017 - Project name: Gson, Project ID: 7, MS:38.095238095238095 CV:76.47058823529412,Round:1,TC: 0,MT: 0
2025-05-07 03:45:08,068 - Project name: Gson, Project ID: 14, MS:95.23809523809523 CV:100.0,Round:1,TC: 0,MT: 0
2025-05-07 03:47:15,165 - Project name: Gson, Project ID: 14, MS:86.95652173913044 CV:100.0,Round:2,TC: 0,MT: 1
2025-05-07 03:51:18,387 - Project name: Gson, Project ID: 6, MS:0.0 CV:53.65853658536586,Round:3,TC: 2,MT: 0
2025-05-07 03:52:47,717 - Project name: Gson, Project ID: 14, MS:86.95652173913044 CV:100.0,Round:3,TC: 1,MT: 1
2025-05-07 03:52:56,538 - Project name: Gson, Project ID: 14, Result: Success
2025-05-07 03:53:44,719 - Project name: Gson, Project ID: 11, MS:33.33333333333333 CV:55.97222222222222,Round:3,TC: 2,MT: 0
2025-05-07 04:17:00,158 - Project name: Gson, Project ID: 12, MS:50.0 CV:67.95366795366795,Round:2,TC: 1,MT: 0
2025-05-07 04:38:11,216 - Project name: Gson, Project ID: 11, MS:33.33333333333333 CV:56.52777777777778,Round:4,TC: 3,MT: 0
2025-05-07 04:38:22,274 - Project name: Gson, Project ID: 11, Result: Success
2025-05-07 04:46:35,861 - Project name: Gson, Project ID: 13, MS:71.42857142857143 CV:64.08045977011494,Round:1,TC: 0,MT: 0
2025-05-07 05:05:00,588 - Project name: Gson, Project ID: 7, Result: error list index out of range
2025-05-07 05:24:05,562 - Project name: Gson, Project ID: 3, MS:86.66666666666667 CV:90.44117647058823,Round:2,TC: 1,MT: 0
2025-05-07 05:31:03,790 - Project name: Gson, Project ID: 6, MS:0.0 CV:60.97560975609756,Round:4,TC: 3,MT: 0
2025-05-07 05:31:36,632 - Project name: Gson, Project ID: 6, Result: Generated, failed
2025-05-07 05:34:01,827 - Project name: Gson, Project ID: 15, MS:76.92307692307693 CV:100.0,Round:1,TC: 0,MT: 0
2025-05-07 05:36:11,928 - Project name: Gson, Project ID: 12, MS:50.0 CV:67.95366795366795,Round:3,TC: 2,MT: 0
2025-05-07 05:39:14,664 - Project name: Gson, Project ID: 17, MS:76.47058823529412 CV:74.0,Round:1,TC: 0,MT: 0
2025-05-07 05:40:08,904 - Project name: Gson, Project ID: 15, MS:70.58823529411765 CV:100.0,Round:2,TC: 0,MT: 1
2025-05-07 05:43:41,972 - Project name: Gson, Project ID: 18, MS:15.789473684210526 CV:78.84615384615384,Round:1,TC: 0,MT: 0
2025-05-07 05:46:23,208 - Project name: Gson, Project ID: 16, MS:20.0 CV:81.30081300813008,Round:1,TC: 0,MT: 0
2025-05-07 05:46:54,044 - Project name: Gson, Project ID: 3, MS:56.00000000000001 CV:90.44117647058823,Round:3,TC: 1,MT: 1
2025-05-07 06:03:08,206 - Project name: Gson, Project ID: 17, MS:23.728813559322035 CV:74.0,Round:2,TC: 0,MT: 1
2025-05-07 06:22:51,073 - Project name: Gson, Project ID: 15, MS:70.58823529411765 CV:100.0,Round:3,TC: 1,MT: 1
2025-05-07 06:23:26,872 - Project name: Gson, Project ID: 15, Result: Success
2025-05-07 06:23:31,193 - Project name: Gson, Project ID: 12, MS:50.0 CV:67.95366795366795,Round:4,TC: 3,MT: 0
2025-05-07 06:24:04,979 - Project name: Gson, Project ID: 12, Result: Generated, failed
2025-05-07 06:27:37,595 - Project name: Gson, Project ID: 18, MS:15.789473684210526 CV:78.84615384615384,Round:2,TC: 1,MT: 0
2025-05-07 06:36:16,338 - Project name: Gson, Project ID: 13, MS:5.333333333333334 CV:64.08045977011494,Round:2,TC: 0,MT: 1
2025-05-07 06:41:30,532 - Project name: Gson, Project ID: 10, MS:0.0 CV:64.08839779005525,Round:1,TC: 0,MT: 0
2025-05-07 07:09:17,805 - Project name: Gson, Project ID: 18, MS:15.789473684210526 CV:78.84615384615384,Round:3,TC: 2,MT: 0
2025-05-07 07:25:54,766 - Project name: Gson, Project ID: 3, MS:66.0 CV:97.05882352941177,Round:4,TC: 2,MT: 1
2025-05-07 07:26:29,040 - Project name: Gson, Project ID: 3, Result: Success
2025-05-07 07:36:11,162 - Project name: Gson, Project ID: 10, MS:0.0 CV:64.08839779005525,Round:2,TC: 1,MT: 0
2025-05-07 07:50:33,225 - Project name: Gson, Project ID: 18, MS:15.789473684210526 CV:78.84615384615384,Round:4,TC: 3,MT: 0
2025-05-07 07:51:03,844 - Project name: Gson, Project ID: 18, Result: Success
2025-05-07 08:09:13,090 - Project name: Gson, Project ID: 16, MS:20.0 CV:81.30081300813008,Round:2,TC: 1,MT: 0
2025-05-07 08:31:56,242 - Project name: Gson, Project ID: 10, MS:0.0 CV:64.08839779005525,Round:3,TC: 2,MT: 0
2025-05-07 09:32:24,302 - Project name: Gson, Project ID: 10, MS:0.0 CV:64.08839779005525,Round:4,TC: 3,MT: 0
2025-05-07 09:33:01,499 - Project name: Gson, Project ID: 10, Result: Generated, failed
2025-05-07 10:13:55,513 - Project name: Gson, Project ID: 17, MS:30.508474576271187 CV:81.0,Round:3,TC: 1,MT: 1
2025-05-07 12:37:41,571 - Project name: Gson, Project ID: 16, MS:20.0 CV:81.30081300813008,Round:3,TC: 2,MT: 0
2025-05-07 16:16:59,269 - Project name: Gson, Project ID: 13, Result: error list index out of range
2025-05-07 17:59:20,426 - Project name: Gson, Project ID: 16, MS:20.0 CV:81.30081300813008,Round:4,TC: 3,MT: 0
2025-05-07 17:59:50,392 - Project name: Gson, Project ID: 16, Result: Generated, failed
2025-05-07 19:03:29,411 - Project name: Gson, Project ID: 17, MS:55.932203389830505 CV:92.0,Round:4,TC: 2,MT: 1
2025-05-07 19:04:14,451 - Project name: Gson, Project ID: 17, Result: Success
