2025-05-12 19:36:01,531 - Project name: Math, Project ID: 53, MS:68.75 CV:100.0,Round:1,TC: 0,MT: 0
2025-05-12 19:39:08,869 - Project name: Math, Project ID: 55, MS:83.33333333333334 CV:100.0,Round:1,TC: 0,MT: 0
2025-05-12 19:40:08,515 - Project name: Math, Project ID: 59, MS:85.71428571428571 CV:100.0,Round:1,TC: 0,MT: 0
2025-05-12 19:41:29,416 - Project name: Math, Project ID: 53, MS:68.75 CV:100.0,Round:2,TC: 1,MT: 0
2025-05-12 19:42:04,107 - Project name: Math, Project ID: 60, MS:78.94736842105263 CV:100.0,Round:1,TC: 0,MT: 0
2025-05-12 19:42:36,220 - Project name: Math, Project ID: 59, MS:88.88888888888889 CV:100.0,Round:2,TC: 0,MT: 1
2025-05-12 19:44:07,206 - Project name: Math, Project ID: 55, MS:80.55555555555556 CV:100.0,Round:2,TC: 0,MT: 1
2025-05-12 19:45:17,000 - Project name: Math, Project ID: 60, MS:80.0 CV:100.0,Round:2,TC: 0,MT: 1
2025-05-12 19:46:59,816 - Project name: Math, Project ID: 53, MS:87.5 CV:100.0,Round:3,TC: 2,MT: 0
2025-05-12 19:47:09,604 - Project name: Math, Project ID: 53, Result: Success
2025-05-12 19:47:19,116 - Project name: Math, Project ID: 61, MS:90.9090909090909 CV:100.0,Round:1,TC: 0,MT: 0
2025-05-12 19:48:58,297 - Project name: Math, Project ID: 61, MS:92.3076923076923 CV:100.0,Round:2,TC: 0,MT: 1
2025-05-12 19:49:29,978 - Project name: Math, Project ID: 59, MS:88.88888888888889 CV:100.0,Round:3,TC: 1,MT: 1
2025-05-12 19:49:41,196 - Project name: Math, Project ID: 59, Result: Success
2025-05-12 19:50:36,907 - Project name: Math, Project ID: 61, MS:92.3076923076923 CV:100.0,Round:3,TC: 1,MT: 1
2025-05-12 19:50:47,402 - Project name: Math, Project ID: 61, Result: Generated, failed
2025-05-12 19:54:47,914 - Project name: Math, Project ID: 54, MS:5.0 CV:58.94039735099338,Round:1,TC: 0,MT: 0
2025-05-12 19:55:54,012 - Project name: Math, Project ID: 60, MS:84.0 CV:100.0,Round:3,TC: 1,MT: 1
2025-05-12 19:56:04,831 - Project name: Math, Project ID: 60, Result: Generated, failed
2025-05-12 19:56:09,604 - Project name: Math, Project ID: 63, MS:21.428571428571427 CV:94.11764705882352,Round:1,TC: 0,MT: 0
2025-05-12 19:59:08,447 - Project name: Math, Project ID: 55, MS:83.33333333333334 CV:100.0,Round:3,TC: 1,MT: 1
2025-05-12 19:59:18,585 - Project name: Math, Project ID: 55, Result: Success
2025-05-12 20:03:43,529 - Project name: Math, Project ID: 52, MS:57.692307692307686 CV:100.0,Round:1,TC: 0,MT: 0
2025-05-12 20:06:49,210 - Project name: Math, Project ID: 63, MS:92.85714285714286 CV:100.0,Round:2,TC: 1,MT: 0
2025-05-12 20:06:59,790 - Project name: Math, Project ID: 63, Result: Success
2025-05-12 20:07:31,735 - Project name: Math, Project ID: 56, MS:75.0 CV:100.0,Round:1,TC: 0,MT: 0
2025-05-12 20:11:48,469 - Project name: Math, Project ID: 65, MS:92.85714285714286 CV:71.42857142857143,Round:1,TC: 0,MT: 0
2025-05-12 20:15:39,181 - Project name: Math, Project ID: 64, MS:0.0 CV:94.89626556016597,Round:1,TC: 0,MT: 0
2025-05-12 20:20:11,747 - Project name: Math, Project ID: 65, MS:40.54054054054054 CV:71.42857142857143,Round:2,TC: 0,MT: 1
2025-05-12 20:27:09,964 - Project name: Math, Project ID: 56, MS:68.75 CV:100.0,Round:2,TC: 0,MT: 1
2025-05-12 20:27:18,601 - Project name: Math, Project ID: 57, Result: error local variable 'stdout' referenced before assignment
2025-05-12 20:35:43,545 - Project name: Math, Project ID: 67, MS:0.0 CV:100.0,Round:1,TC: 0,MT: 0
2025-05-12 20:41:26,381 - Project name: Math, Project ID: 62, MS:80.0 CV:95.34883720930233,Round:1,TC: 0,MT: 0
2025-05-12 20:41:50,380 - Project name: Math, Project ID: 68, MS:0.0 CV:86.81204569055036,Round:1,TC: 0,MT: 0
2025-05-12 20:47:41,421 - Project name: Math, Project ID: 62, MS:57.14285714285714 CV:95.34883720930233,Round:2,TC: 0,MT: 1
2025-05-12 20:55:34,236 - Project name: Math, Project ID: 67, MS:93.75 CV:100.0,Round:2,TC: 1,MT: 0
2025-05-12 20:55:58,862 - Project name: Math, Project ID: 67, Result: Success
2025-05-12 20:59:33,342 - Project name: Math, Project ID: 66, MS:15.0 CV:99.69135802469135,Round:1,TC: 0,MT: 0
2025-05-12 20:59:55,154 - Project name: Math, Project ID: 64, MS:0.0 CV:94.89626556016597,Round:2,TC: 1,MT: 0
2025-05-12 21:02:23,559 - Project name: Math, Project ID: 52, MS:88.46153846153845 CV:100.0,Round:2,TC: 1,MT: 0
2025-05-12 21:02:45,683 - Project name: Math, Project ID: 52, Result: Success
2025-05-12 21:08:32,055 - Project name: Math, Project ID: 56, MS:75.0 CV:100.0,Round:3,TC: 1,MT: 1
2025-05-12 21:08:45,855 - Project name: Math, Project ID: 65, MS:40.54054054054054 CV:75.51020408163265,Round:3,TC: 1,MT: 1
2025-05-12 21:08:48,454 - Project name: Math, Project ID: 56, Result: Success
2025-05-12 21:15:13,579 - Project name: Math, Project ID: 69, MS:53.84615384615385 CV:100.0,Round:1,TC: 0,MT: 0
2025-05-12 21:18:20,064 - Project name: Math, Project ID: 58, MS:75.0 CV:100.0,Round:1,TC: 0,MT: 0
2025-05-12 21:20:45,393 - Project name: Math, Project ID: 58, MS:70.0 CV:100.0,Round:2,TC: 0,MT: 1
2025-05-12 21:25:13,088 - Project name: Math, Project ID: 54, MS:36.84210526315789 CV:84.10596026490066,Round:2,TC: 1,MT: 0
2025-05-12 21:27:23,361 - Project name: Math, Project ID: 51, MS:42.10526315789473 CV:86.25954198473282,Round:1,TC: 0,MT: 0
2025-05-12 21:27:57,005 - Project name: Math, Project ID: 70, unable to generate mutants,just test the original test
2025-05-12 21:27:57,006 - Project name: Math, Project ID: 70, Result: Generated, failed
2025-05-12 21:29:12,349 - Project name: Math, Project ID: 62, MS:90.47619047619048 CV:100.0,Round:3,TC: 1,MT: 1
2025-05-12 21:29:22,869 - Project name: Math, Project ID: 69, MS:84.61538461538461 CV:100.0,Round:2,TC: 1,MT: 0
2025-05-12 21:29:34,514 - Project name: Math, Project ID: 62, Result: Success
2025-05-12 21:29:43,138 - Project name: Math, Project ID: 69, Result: Generated, failed
2025-05-12 21:38:50,037 - Project name: Math, Project ID: 50, MS:36.36363636363637 CV:83.06451612903226,Round:1,TC: 0,MT: 0
2025-05-12 21:40:44,279 - Project name: Math, Project ID: 58, MS:70.0 CV:100.0,Round:3,TC: 1,MT: 1
2025-05-12 21:41:18,784 - Project name: Math, Project ID: 58, Result: Generated, failed
2025-05-12 21:42:24,674 - Project name: Math, Project ID: 66, MS:20.0 CV:100.0,Round:2,TC: 1,MT: 0
2025-05-12 21:53:51,852 - Project name: Math, Project ID: 72, MS:46.15384615384615 CV:96.93877551020408,Round:1,TC: 0,MT: 0
2025-05-12 21:59:09,501 - Project name: Math, Project ID: 65, MS:40.54054054054054 CV:77.55102040816327,Round:4,TC: 2,MT: 1
2025-05-12 21:59:31,967 - Project name: Math, Project ID: 65, Result: Success
2025-05-12 21:59:43,821 - Project name: Math, Project ID: 64, MS:0.0 CV:94.89626556016597,Round:3,TC: 2,MT: 0
2025-05-12 22:05:39,316 - Project name: Math, Project ID: 74, MS:3.571428571428571 CV:92.52873563218391,Round:1,TC: 0,MT: 0
2025-05-12 22:17:48,161 - Project name: Math, Project ID: 50, MS:36.36363636363637 CV:83.06451612903226,Round:2,TC: 1,MT: 0
2025-05-12 22:20:22,247 - Project name: Math, Project ID: 75, MS:60.0 CV:100.0,Round:1,TC: 0,MT: 0
2025-05-12 22:22:43,288 - Project name: Math, Project ID: 71, MS:100.0 CV:80.72916666666666,Round:1,TC: 0,MT: 0
2025-05-12 22:24:31,065 - Project name: Math, Project ID: 76, MS:17.307692307692307 CV:57.42574257425742,Round:1,TC: 0,MT: 0
2025-05-12 22:29:04,704 - Project name: Math, Project ID: 66, MS:20.0 CV:100.0,Round:3,TC: 2,MT: 0
2025-05-12 22:31:48,575 - Project name: Math, Project ID: 73, MS:44.44444444444444 CV:93.87755102040816,Round:1,TC: 0,MT: 0
2025-05-12 22:36:09,524 - Project name: Math, Project ID: 75, MS:70.0 CV:100.0,Round:2,TC: 1,MT: 0
2025-05-12 22:36:17,789 - Project name: Math, Project ID: 54, MS:36.84210526315789 CV:87.41721854304636,Round:3,TC: 2,MT: 0
2025-05-12 22:36:31,682 - Project name: Math, Project ID: 75, Result: Success
2025-05-12 22:39:17,121 - Project name: Math, Project ID: 72, MS:53.84615384615385 CV:96.93877551020408,Round:2,TC: 1,MT: 0
2025-05-12 22:41:35,944 - Project name: Math, Project ID: 77, MS:0.0 CV:50.0,Round:1,TC: 0,MT: 0
2025-05-12 22:47:13,933 - Project name: Math, Project ID: 64, MS:0.0 CV:94.89626556016597,Round:4,TC: 3,MT: 0
2025-05-12 22:47:37,067 - Project name: Math, Project ID: 64, Result: Generated, failed
2025-05-12 22:52:42,853 - Project name: Math, Project ID: 71, MS:22.033898305084744 CV:80.72916666666666,Round:2,TC: 0,MT: 1
2025-05-12 22:53:08,082 - Project name: Math, Project ID: 50, MS:36.36363636363637 CV:83.87096774193549,Round:3,TC: 2,MT: 0
2025-05-12 22:58:00,714 - Project name: Math, Project ID: 77, MS:100.0 CV:55.55555555555556,Round:2,TC: 1,MT: 0
2025-05-12 23:03:50,948 - Project name: Math, Project ID: 77, MS:76.0 CV:55.55555555555556,Round:3,TC: 1,MT: 1
2025-05-12 23:05:30,806 - Project name: Math, Project ID: 78, MS:16.129032258064516 CV:87.27272727272727,Round:1,TC: 0,MT: 0
2025-05-12 23:13:24,958 - Project name: Math, Project ID: 77, MS:66.66666666666666 CV:55.55555555555556,Round:4,TC: 1,MT: 2
2025-05-12 23:20:31,032 - Project name: Math, Project ID: 72, MS:61.53846153846154 CV:96.93877551020408,Round:3,TC: 2,MT: 0
2025-05-12 23:21:43,764 - Project name: Math, Project ID: 66, MS:20.0 CV:100.0,Round:4,TC: 3,MT: 0
2025-05-12 23:22:03,215 - Project name: Math, Project ID: 66, Result: Success
2025-05-12 23:23:42,558 - Project name: Math, Project ID: 77, MS:66.66666666666666 CV:55.55555555555556,Round:5,TC: 2,MT: 2
2025-05-12 23:24:00,604 - Project name: Math, Project ID: 77, Result: Success
2025-05-12 23:33:51,237 - Project name: Math, Project ID: 79, MS:0.0 CV:80.76923076923077,Round:1,TC: 0,MT: 0
2025-05-12 23:34:21,052 - Project name: Math, Project ID: 50, MS:30.0 CV:85.48387096774194,Round:4,TC: 3,MT: 0
2025-05-12 23:34:39,718 - Project name: Math, Project ID: 50, Result: Generated, failed
2025-05-12 23:34:46,555 - Project name: Math, Project ID: 80, MS:0.0 CV:94.44444444444444,Round:1,TC: 0,MT: 0
2025-05-12 23:46:13,567 - Project name: Math, Project ID: 54, MS:47.368421052631575 CV:89.40397350993378,Round:4,TC: 3,MT: 0
2025-05-12 23:46:35,442 - Project name: Math, Project ID: 54, Result: Success
2025-05-12 23:48:16,581 - Project name: Math, Project ID: 73, MS:66.66666666666666 CV:97.95918367346938,Round:2,TC: 1,MT: 0
2025-05-12 23:58:53,755 - Project name: Math, Project ID: 82, MS:0.0 CV:42.10526315789473,Round:1,TC: 0,MT: 0
2025-05-13 00:01:24,071 - Project name: Math, Project ID: 72, MS:69.23076923076923 CV:96.93877551020408,Round:4,TC: 3,MT: 0
2025-05-13 00:01:44,337 - Project name: Math, Project ID: 72, Result: Success
2025-05-13 00:02:16,451 - Project name: Math, Project ID: 80, MS:0.0 CV:94.44444444444444,Round:2,TC: 1,MT: 0
2025-05-13 00:04:45,351 - Project name: Math, Project ID: 79, MS:0.0 CV:80.76923076923077,Round:2,TC: 1,MT: 0
2025-05-13 00:16:39,944 - Project name: Math, Project ID: 51, MS:38.23529411764706 CV:87.02290076335878,Round:2,TC: 1,MT: 0
2025-05-13 00:16:50,758 - Project name: Math, Project ID: 81, MS:0.0 CV:56.852791878172596,Round:1,TC: 0,MT: 0
2025-05-13 00:24:14,622 - Project name: Math, Project ID: 78, MS:51.61290322580645 CV:90.0,Round:2,TC: 1,MT: 0
2025-05-13 00:25:13,070 - Project name: Math, Project ID: 73, MS:77.77777777777779 CV:97.95918367346938,Round:3,TC: 2,MT: 0
2025-05-13 00:25:26,352 - Project name: Math, Project ID: 73, Result: Success
2025-05-13 00:26:44,266 - Project name: Math, Project ID: 68, MS:0.0 CV:86.81204569055036,Round:2,TC: 1,MT: 0
2025-05-13 00:29:28,222 - Project name: Math, Project ID: 80, MS:0.0 CV:94.44444444444444,Round:3,TC: 2,MT: 0
2025-05-13 00:30:21,992 - Project name: Math, Project ID: 71, Result: error local variable 'stdout' referenced before assignment
2025-05-13 00:34:03,556 - Project name: Math, Project ID: 79, MS:0.0 CV:80.76923076923077,Round:3,TC: 2,MT: 0
2025-05-13 00:38:33,779 - Project name: Math, Project ID: 83, MS:40.909090909090914 CV:100.0,Round:1,TC: 0,MT: 0
2025-05-13 00:40:01,300 - Project name: Math, Project ID: 81, MS:0.0 CV:56.852791878172596,Round:2,TC: 1,MT: 0
2025-05-13 00:41:51,204 - Project name: Math, Project ID: 76, MS:82.6923076923077 CV:76.23762376237624,Round:2,TC: 1,MT: 0
2025-05-13 00:41:59,331 - Project name: Math, Project ID: 74, MS:51.85185185185185 CV:94.82758620689656,Round:2,TC: 1,MT: 0
2025-05-13 00:42:58,447 - Project name: Math, Project ID: 85, MS:30.76923076923077 CV:95.65217391304348,Round:1,TC: 0,MT: 0
2025-05-13 00:43:27,256 - Project name: Math, Project ID: 82, MS:0.0 CV:42.10526315789473,Round:2,TC: 1,MT: 0
2025-05-13 00:45:05,991 - Project name: Math, Project ID: 84, MS:0.0 CV:84.31372549019608,Round:1,TC: 0,MT: 0
2025-05-13 00:54:41,776 - Project name: Math, Project ID: 80, MS:0.0 CV:94.44444444444444,Round:4,TC: 3,MT: 0
2025-05-13 00:54:52,759 - Project name: Math, Project ID: 80, Result: Generated, failed
