2025-05-02 16:46:19,472 - Project name: Chart, Project ID: 7, Result: error list index out of range
2025-05-02 17:03:42,418 - Project name: Chart, Project ID: 1, MS:0.0 CV:51.42857142857142,Round:1,TC: 0,MT: 0
2025-05-02 17:29:27,188 - Project name: Chart, Project ID: 5, MS:72.0 CV:95.34883720930233,Round:1,TC: 0,MT: 0
2025-05-02 17:37:08,903 - Project name: Chart, Project ID: 3, MS:71.42857142857143 CV:93.10344827586206,Round:1,TC: 0,MT: 0
2025-05-02 17:37:49,453 - Project name: Chart, Project ID: 9, MS:14.285714285714285 CV:95.1219512195122,Round:1,TC: 0,MT: 0
2025-05-02 17:42:25,018 - Project name: Chart, Project ID: 8, MS:0.0 CV:100.0,Round:1,TC: 0,MT: 0
2025-05-02 17:48:24,331 - Project name: Chart, Project ID: 4, MS:0.0 CV:89.8989898989899,Round:1,TC: 0,MT: 0
2025-05-02 17:53:22,091 - Project name: Chart, Project ID: 6, MS:76.92307692307693 CV:100.0,Round:1,TC: 0,MT: 0
2025-05-02 17:55:05,960 - Project name: Chart, Project ID: 3, MS:65.21739130434783 CV:93.10344827586206,Round:2,TC: 0,MT: 1
2025-05-02 17:59:35,879 - Project name: Chart, Project ID: 5, MS:57.89473684210527 CV:95.34883720930233,Round:2,TC: 0,MT: 1
2025-05-02 18:04:26,510 - Project name: Chart, Project ID: 2, MS:72.22222222222221 CV:100.0,Round:1,TC: 0,MT: 0
2025-05-02 18:16:01,096 - Project name: Chart, Project ID: 6, MS:76.47058823529412 CV:100.0,Round:2,TC: 0,MT: 1
2025-05-02 18:47:51,317 - Project name: Chart, Project ID: 1, MS:92.85714285714286 CV:82.85714285714286,Round:2,TC: 1,MT: 0
2025-05-02 18:58:39,094 - Project name: Chart, Project ID: 6, MS:79.41176470588235 CV:100.0,Round:2,TC: 0,MT: 1
2025-05-02 18:58:54,697 - Project name: Chart, Project ID: 6, Result: Generated, failed
2025-05-02 19:06:08,333 - Project name: Chart, Project ID: 10, Result: Success
2025-05-02 19:12:44,039 - Project name: Chart, Project ID: 2, MS:74.0 CV:100.0,Round:2,TC: 0,MT: 1
2025-05-02 19:15:10,541 - Project name: Chart, Project ID: 1, MS:57.692307692307686 CV:82.85714285714286,Round:3,TC: 1,MT: 1
2025-05-02 20:38:31,268 - Project name: Chart, Project ID: 9, MS:100.0 CV:100.0,Round:2,TC: 1,MT: 0
2025-05-02 20:38:47,078 - Project name: Chart, Project ID: 9, Result: Success
2025-05-02 20:42:19,422 - Project name: Chart, Project ID: 4, MS:50.0 CV:94.44444444444444,Round:2,TC: 1,MT: 0
2025-05-02 20:52:52,448 - Project name: Chart, Project ID: 1, MS:80.76923076923077 CV:97.14285714285714,Round:4,TC: 2,MT: 1
2025-05-02 20:53:10,551 - Project name: Chart, Project ID: 1, Result: Success
2025-05-02 21:21:32,319 - Project name: Chart, Project ID: 13, MS:14.285714285714285 CV:77.14285714285715,Round:1,TC: 0,MT: 0
2025-05-02 21:33:43,305 - Project name: Chart, Project ID: 3, MS:86.95652173913044 CV:93.10344827586206,Round:3,TC: 1,MT: 1
2025-05-02 21:43:20,975 - Project name: Chart, Project ID: 5, MS:86.8421052631579 CV:100.0,Round:3,TC: 1,MT: 1
2025-05-02 21:43:36,836 - Project name: Chart, Project ID: 5, Result: Success
2025-05-02 21:53:45,225 - Project name: Chart, Project ID: 3, MS:76.66666666666667 CV:93.10344827586206,Round:4,TC: 1,MT: 2
2025-05-02 22:15:08,192 - Project name: Chart, Project ID: 11, MS:71.42857142857143 CV:85.71428571428571,Round:1,TC: 0,MT: 0
2025-05-02 22:15:27,716 - Project name: Chart, Project ID: 8, MS:83.33333333333334 CV:100.0,Round:2,TC: 1,MT: 0
2025-05-02 22:15:44,495 - Project name: Chart, Project ID: 8, Result: Success
2025-05-02 22:15:59,517 - Project name: Chart, Project ID: 4, MS:50.0 CV:94.44444444444444,Round:3,TC: 2,MT: 0
2025-05-02 22:45:51,458 - Project name: Chart, Project ID: 11, MS:46.42857142857143 CV:85.71428571428571,Round:2,TC: 0,MT: 1
2025-05-02 23:37:39,273 - Project name: Chart, Project ID: 4, MS:50.0 CV:94.44444444444444,Round:4,TC: 3,MT: 0
2025-05-02 23:37:57,466 - Project name: Chart, Project ID: 4, Result: Generated, failed
2025-05-02 23:43:05,711 - Project name: Chart, Project ID: 2, MS:96.0 CV:100.0,Round:2,TC: 0,MT: 1
2025-05-02 23:43:22,666 - Project name: Chart, Project ID: 2, Result: Success
2025-05-02 23:52:57,558 - Project name: Chart, Project ID: 17, MS:0.0 CV:81.25,Round:1,TC: 0,MT: 0
2025-05-03 00:15:31,865 - Project name: Chart, Project ID: 16, MS:83.33333333333334 CV:89.24731182795699,Round:1,TC: 0,MT: 0
2025-05-03 00:30:21,246 - Project name: Chart, Project ID: 12, MS:55.55555555555556 CV:100.0,Round:1,TC: 0,MT: 0
2025-05-03 00:51:56,338 - Project name: Chart, Project ID: 13, MS:57.14285714285714 CV:100.0,Round:2,TC: 1,MT: 0
2025-05-03 01:02:19,816 - Project name: Chart, Project ID: 16, MS:35.294117647058826 CV:89.24731182795699,Round:2,TC: 0,MT: 1
2025-05-03 01:04:16,813 - Project name: Chart, Project ID: 12, MS:55.55555555555556 CV:100.0,Round:2,TC: 1,MT: 0
2025-05-03 01:37:30,374 - Project name: Chart, Project ID: 12, MS:55.55555555555556 CV:100.0,Round:3,TC: 2,MT: 0
2025-05-03 02:09:12,461 - Project name: Chart, Project ID: 12, MS:55.55555555555556 CV:100.0,Round:4,TC: 3,MT: 0
2025-05-03 02:09:28,985 - Project name: Chart, Project ID: 12, Result: Generated, failed
2025-05-03 02:51:53,307 - Project name: Chart, Project ID: 18, MS:0.0 CV:68.18181818181817,Round:1,TC: 0,MT: 0
2025-05-03 02:53:58,288 - Project name: Chart, Project ID: 17, MS:84.61538461538461 CV:100.0,Round:2,TC: 1,MT: 0
2025-05-03 02:54:13,793 - Project name: Chart, Project ID: 17, Result: Generated, failed
2025-05-03 02:56:44,572 - Project name: Chart, Project ID: 13, MS:71.42857142857143 CV:100.0,Round:3,TC: 2,MT: 0
2025-05-03 02:57:00,592 - Project name: Chart, Project ID: 13, Result: Success
2025-05-03 03:02:43,697 - Project name: Chart, Project ID: 19, MS:87.5 CV:87.6923076923077,Round:1,TC: 0,MT: 0
2025-05-03 03:06:51,263 - Project name: Chart, Project ID: 15, MS:70.58823529411765 CV:95.83333333333334,Round:1,TC: 0,MT: 0
2025-05-03 03:10:03,585 - Project name: Chart, Project ID: 16, MS:76.47058823529412 CV:97.84946236559139,Round:3,TC: 1,MT: 1
2025-05-03 03:10:19,628 - Project name: Chart, Project ID: 16, Result: Success
2025-05-03 03:12:23,075 - Project name: Chart, Project ID: 3, MS:80.0 CV:93.10344827586206,Round:5,TC: 2,MT: 2
2025-05-03 03:12:39,347 - Project name: Chart, Project ID: 3, Result: Generated, failed
2025-05-03 03:26:38,118 - Project name: Chart, Project ID: 20, MS:55.55555555555556 CV:100.0,Round:1,TC: 0,MT: 0
2025-05-03 03:27:45,064 - Project name: Chart, Project ID: 15, MS:61.904761904761905 CV:95.83333333333334,Round:2,TC: 0,MT: 1
2025-05-03 03:41:20,356 - Project name: Chart, Project ID: 19, MS:43.75 CV:87.6923076923077,Round:2,TC: 0,MT: 1
2025-05-03 03:55:55,767 - Project name: Chart, Project ID: 15, MS:76.19047619047619 CV:95.83333333333334,Round:3,TC: 1,MT: 1
2025-05-03 03:56:11,422 - Project name: Chart, Project ID: 15, Result: Success
2025-05-03 03:59:57,792 - Project name: Chart, Project ID: 21, Result: Generated, failed
2025-05-03 04:03:39,685 - Project name: Chart, Project ID: 20, MS:88.88888888888889 CV:100.0,Round:2,TC: 1,MT: 0
2025-05-03 04:03:55,711 - Project name: Chart, Project ID: 20, Result: Success
2025-05-03 04:05:53,389 - Project name: Chart, Project ID: 23, MS:30.612244897959183 CV:56.34920634920635,Round:1,TC: 0,MT: 0
2025-05-03 04:26:34,945 - Project name: Chart, Project ID: 24, MS:100.0 CV:100.0,Round:1,TC: 0,MT: 0
2025-05-03 04:27:47,894 - Project name: Chart, Project ID: 24, MS:100.0 CV:100.0,Round:2,TC: 0,MT: 1
2025-05-03 04:29:01,102 - Project name: Chart, Project ID: 24, MS:100.0 CV:100.0,Round:2,TC: 0,MT: 1
2025-05-03 04:29:14,836 - Project name: Chart, Project ID: 24, Result: Success
2025-05-03 04:44:29,023 - Project name: Chart, Project ID: 25, MS:0.0 CV:84.73748473748473,Round:1,TC: 0,MT: 0
2025-05-03 04:55:07,270 - Project name: Chart, Project ID: 22, MS:56.25 CV:93.26923076923077,Round:1,TC: 0,MT: 0
2025-05-03 04:59:54,471 - Project name: Chart, Project ID: 26, MS:0.0 CV:51.32743362831859,Round:1,TC: 0,MT: 0
2025-05-03 05:01:26,142 - Project name: Chart, Project ID: 18, MS:100.0 CV:72.72727272727273,Round:2,TC: 1,MT: 0
2025-05-03 05:09:59,886 - Project name: Chart, Project ID: 18, MS:94.87179487179486 CV:72.72727272727273,Round:3,TC: 1,MT: 1
2025-05-03 05:10:57,339 - Project name: Chart, Project ID: 22, MS:68.75 CV:93.26923076923077,Round:2,TC: 1,MT: 0
2025-05-03 05:13:03,955 - Project name: Chart, Project ID: 19, MS:78.125 CV:100.0,Round:3,TC: 1,MT: 1
2025-05-03 05:13:22,379 - Project name: Chart, Project ID: 19, Result: Success
2025-05-03 05:17:23,659 - Project name: Chart, Project ID: 23, MS:73.46938775510205 CV:60.317460317460316,Round:2,TC: 1,MT: 0
2025-05-03 05:18:01,053 - Project name: Chart, Project ID: 18, MS:88.37209302325581 CV:72.72727272727273,Round:4,TC: 1,MT: 2
2025-05-03 05:21:21,659 - Project name: Chart, Project ID: 22, MS:93.75 CV:93.26923076923077,Round:3,TC: 2,MT: 0
2025-05-03 05:24:27,016 - Project name: Chart, Project ID: 11, MS:46.42857142857143 CV:85.71428571428571,Round:3,TC: 1,MT: 1
2025-05-03 05:25:22,725 - Project name: Chart, Project ID: 18, MS:88.37209302325581 CV:72.72727272727273,Round:5,TC: 2,MT: 2
2025-05-03 05:25:39,068 - Project name: Chart, Project ID: 18, Result: Success
2025-05-03 05:27:45,320 - Project name: Chart, Project ID: 22, MS:51.61290322580645 CV:93.26923076923077,Round:4,TC: 2,MT: 1
2025-05-03 05:28:01,295 - Project name: Chart, Project ID: 22, Result: Success
2025-05-03 05:36:27,374 - Project name: Chart, Project ID: 26, MS:0.0 CV:51.32743362831859,Round:2,TC: 1,MT: 0
2025-05-03 05:51:26,599 - Project name: Chart, Project ID: 23, MS:29.72972972972973 CV:60.317460317460316,Round:3,TC: 1,MT: 1
2025-05-03 06:23:53,303 - Project name: Chart, Project ID: 26, MS:0.0 CV:51.32743362831859,Round:3,TC: 2,MT: 0
2025-05-03 06:34:52,759 - Project name: Chart, Project ID: 25, MS:0.0 CV:86.56898656898657,Round:2,TC: 1,MT: 0
2025-05-03 06:50:02,142 - Project name: Chart, Project ID: 11, MS:60.71428571428571 CV:91.42857142857143,Round:4,TC: 2,MT: 1
2025-05-03 06:50:19,619 - Project name: Chart, Project ID: 11, Result: Success
2025-05-03 07:07:38,946 - Project name: Chart, Project ID: 14, Result: error substring not found
2025-05-03 07:10:47,827 - Project name: Chart, Project ID: 26, MS:0.0 CV:51.32743362831859,Round:4,TC: 3,MT: 0
2025-05-03 07:11:04,484 - Project name: Chart, Project ID: 26, Result: Generated, failed
2025-05-03 07:38:59,228 - Project name: Chart, Project ID: 25, MS:0.0 CV:86.56898656898657,Round:3,TC: 2,MT: 0
2025-05-03 08:13:09,843 - Project name: Chart, Project ID: 23, MS:35.13513513513514 CV:75.39682539682539,Round:4,TC: 2,MT: 1
2025-05-03 08:13:28,049 - Project name: Chart, Project ID: 23, Result: Success
2025-05-03 08:40:58,888 - Project name: Chart, Project ID: 25, MS:0.0 CV:86.56898656898657,Round:4,TC: 3,MT: 0
2025-05-03 08:41:17,160 - Project name: Chart, Project ID: 25, Result: Generated, failed
