2025-05-17 00:36:01,629 - INFO - Project Chart test 1: result = 1,number_fixed =  21,number_bug = 30
2025-05-17 00:36:28,538 - INFO - Project Chart test 2: result = 1,number_fixed =  13,number_bug = 18
2025-05-17 00:36:53,750 - INFO - Project Chart test 3: result = 0,number_fixed =  22,number_bug = 22
2025-05-17 00:37:22,343 - INFO - Project Chart test 4: result = 0,number_fixed =  42,number_bug = 42
2025-05-17 00:37:46,010 - INFO - Project Chart test 5: result = 1,number_fixed =  25,number_bug = 26
2025-05-17 00:38:09,175 - INFO - Project Chart test 6: result = 0,number_fixed =  19,number_bug = 19
2025-05-17 00:38:19,185 - INFO - Project Chart test 7: result = 0,number_fixed =  -1,number_bug = -1
2025-05-17 00:38:43,558 - INFO - Project Chart test 8: result = 1,number_fixed =  89,number_bug = 94
2025-05-17 00:39:06,251 - INFO - Project Chart test 9: result = 0,number_fixed =  11,number_bug = 11
2025-05-17 00:39:25,901 - INFO - Project Chart test 10: result = 1,number_fixed =  1,number_bug = 4
2025-05-17 00:39:52,439 - INFO - Project Chart test 11: result = 1,number_fixed =  10,number_bug = 14
2025-05-17 00:40:16,378 - INFO - Project Chart test 12: result = 0,number_fixed =  8,number_bug = 8
2025-05-17 00:40:39,777 - INFO - Project Chart test 13: result = 1,number_fixed =  3,number_bug = 4
2025-05-17 00:41:06,458 - INFO - Project Chart test 14: result = 1,number_fixed =  17,number_bug = 31
2025-05-17 00:41:31,037 - INFO - Project Chart test 15: result = 1,number_fixed =  8,number_bug = 14
2025-05-17 00:41:54,302 - INFO - Project Chart test 16: result = 1,number_fixed =  2,number_bug = 3
2025-05-17 00:42:18,310 - INFO - Project Chart test 17: result = 1,number_fixed =  13,number_bug = 16
2025-05-17 00:42:40,924 - INFO - Project Chart test 18: result = 1,number_fixed =  11,number_bug = 12
2025-05-17 00:43:06,183 - INFO - Project Chart test 19: result = 1,number_fixed =  2,number_bug = 8
2025-05-17 00:43:29,108 - INFO - Project Chart test 20: result = 1,number_fixed =  2,number_bug = 5
2025-05-17 00:43:51,835 - INFO - Project Chart test 21: result = 1,number_fixed =  2,number_bug = 7
2025-05-17 00:44:17,016 - INFO - Project Chart test 22: result = 1,number_fixed =  25,number_bug = 35
2025-05-17 00:44:45,282 - INFO - Project Chart test 23: result = 1,number_fixed =  72,number_bug = 145
2025-05-17 00:45:06,076 - INFO - Project Chart test 24: result = 1,number_fixed =  1,number_bug = 3
2025-05-17 00:45:34,842 - INFO - Project Chart test 25: result = 1,number_fixed =  34,number_bug = 36
2025-05-17 00:46:02,062 - INFO - Project Chart test 26: result = 0,number_fixed =  49,number_bug = 49
2025-05-17 00:46:19,430 - INFO - Project Cli test 1: result = 1,number_fixed =  26,number_bug = 38
2025-05-17 00:46:35,224 - INFO - Project Cli test 2: result = 1,number_fixed =  14,number_bug = 15
2025-05-17 00:46:47,743 - INFO - Project Cli test 3: result = 1,number_fixed =  4,number_bug = 19
2025-05-17 00:47:00,373 - INFO - Project Cli test 4: result = 1,number_fixed =  5,number_bug = 10
2025-05-17 00:47:12,918 - INFO - Project Cli test 5: result = 1,number_fixed =  0,number_bug = 3
2025-05-17 00:47:12,918 - ERROR - Project Cli test 6: encountered an error: [Errno 2] No such file or directory: './defects4j_fixed/Cli/Cli_6_fixed'
2025-05-17 00:47:27,905 - INFO - Project Cli test 7: result = 0,number_fixed =  1,number_bug = 1
2025-05-17 00:47:40,533 - INFO - Project Cli test 8: result = 1,number_fixed =  5,number_bug = 8
2025-05-17 00:47:55,079 - INFO - Project Cli test 9: result = 1,number_fixed =  5,number_bug = 8
2025-05-17 00:48:09,743 - INFO - Project Cli test 10: result = 1,number_fixed =  5,number_bug = 6
2025-05-17 00:48:24,358 - INFO - Project Cli test 11: result = 0,number_fixed =  0,number_bug = 0
2025-05-17 00:48:39,034 - INFO - Project Cli test 12: result = 1,number_fixed =  2,number_bug = 3
2025-05-17 00:48:41,168 - INFO - Project Cli test 13: result = 0,number_fixed =  -1,number_bug = -1
2025-05-17 00:49:02,322 - INFO - Project Cli test 14: result = 1,number_fixed =  102,number_bug = 124
2025-05-17 00:49:21,496 - INFO - Project Cli test 15: result = 1,number_fixed =  27,number_bug = 40
2025-05-17 00:49:23,642 - INFO - Project Cli test 16: result = 0,number_fixed =  -1,number_bug = -1
2025-05-17 00:49:39,517 - INFO - Project Cli test 17: result = 0,number_fixed =  26,number_bug = 26
2025-05-17 00:49:54,852 - INFO - Project Cli test 18: result = 1,number_fixed =  8,number_bug = 12
2025-05-17 00:50:09,976 - INFO - Project Cli test 19: result = 1,number_fixed =  3,number_bug = 9
2025-05-17 00:50:25,237 - INFO - Project Cli test 20: result = 1,number_fixed =  9,number_bug = 12
2025-05-17 00:50:27,435 - INFO - Project Cli test 21: result = 0,number_fixed =  -1,number_bug = -1
2025-05-17 00:50:43,088 - INFO - Project Cli test 22: result = 1,number_fixed =  19,number_bug = 33
2025-05-17 00:50:57,935 - INFO - Project Cli test 23: result = 1,number_fixed =  12,number_bug = 15
2025-05-17 00:51:10,504 - INFO - Project Cli test 24: result = 1,number_fixed =  11,number_bug = 14
2025-05-17 00:51:23,654 - INFO - Project Cli test 25: result = 1,number_fixed =  4,number_bug = 9
2025-05-17 00:51:38,132 - INFO - Project Cli test 26: result = 0,number_fixed =  14,number_bug = 14
2025-05-17 00:51:53,132 - INFO - Project Cli test 27: result = 1,number_fixed =  16,number_bug = 16
2025-05-17 00:52:09,373 - INFO - Project Cli test 28: result = 1,number_fixed =  24,number_bug = 25
2025-05-17 00:52:22,240 - INFO - Project Cli test 29: result = 1,number_fixed =  8,number_bug = 32
2025-05-17 00:52:37,987 - INFO - Project Cli test 30: result = 1,number_fixed =  43,number_bug = 42
2025-05-17 00:52:52,305 - INFO - Project Cli test 31: result = 1,number_fixed =  3,number_bug = 7
2025-05-17 00:53:04,984 - INFO - Project Cli test 32: result = 1,number_fixed =  9,number_bug = 12
2025-05-17 00:53:09,629 - INFO - Project Cli test 33: result = 0,number_fixed =  -1,number_bug = -1
2025-05-17 00:53:26,968 - INFO - Project Cli test 34: result = 1,number_fixed =  137,number_bug = 134
2025-05-17 00:53:41,418 - INFO - Project Cli test 35: result = 1,number_fixed =  3,number_bug = 3
2025-05-17 00:53:56,394 - INFO - Project Cli test 36: result = 0,number_fixed =  5,number_bug = 5
2025-05-17 00:54:11,124 - INFO - Project Cli test 37: result = 1,number_fixed =  5,number_bug = 9
2025-05-17 00:54:26,220 - INFO - Project Cli test 38: result = 1,number_fixed =  11,number_bug = 11
2025-05-17 00:54:39,754 - INFO - Project Cli test 39: result = 1,number_fixed =  28,number_bug = -1
2025-05-17 00:54:54,528 - INFO - Project Cli test 40: result = 1,number_fixed =  28,number_bug = 26
2025-05-17 02:25:28,914 - INFO - Project Compress test 1: result = 0,number_fixed =  32,number_bug = 32
2025-05-17 02:25:46,557 - INFO - Project Compress test 2: result = 1,number_fixed =  170,number_bug = 169
2025-05-17 02:26:00,737 - INFO - Project Compress test 3: result = 1,number_fixed =  17,number_bug = 23
2025-05-17 02:26:16,528 - INFO - Project Compress test 4: result = 1,number_fixed =  69,number_bug = 70
2025-05-17 02:26:32,810 - INFO - Project Compress test 5: result = 0,number_fixed =  78,number_bug = 78
2025-05-17 02:26:46,603 - INFO - Project Compress test 6: result = 1,number_fixed =  14,number_bug = 26
2025-05-17 02:26:59,243 - INFO - Project Compress test 7: result = 1,number_fixed =  0,number_bug = 1
2025-05-17 02:27:12,175 - INFO - Project Compress test 8: result = 1,number_fixed =  1,number_bug = 2
2025-05-17 02:27:27,288 - INFO - Project Compress test 9: result = 0,number_fixed =  58,number_bug = 58
2025-05-17 02:27:41,240 - INFO - Project Compress test 10: result = 0,number_fixed =  5,number_bug = 5
2025-05-17 02:27:56,584 - INFO - Project Compress test 11: result = 1,number_fixed =  62,number_bug = 63
2025-05-17 02:28:12,288 - INFO - Project Compress test 12: result = 0,number_fixed =  48,number_bug = 48
2025-05-17 02:28:27,111 - INFO - Project Compress test 13: result = 1,number_fixed =  48,number_bug = 47
2025-05-17 02:28:40,207 - INFO - Project Compress test 14: result = 1,number_fixed =  10,number_bug = 14
2025-05-17 02:28:54,381 - INFO - Project Compress test 15: result = 0,number_fixed =  6,number_bug = 6
2025-05-17 02:29:10,900 - INFO - Project Compress test 16: result = 0,number_fixed =  77,number_bug = 77
2025-05-17 02:29:24,524 - INFO - Project Compress test 17: result = 0,number_fixed =  7,number_bug = 7
2025-05-17 02:29:40,399 - INFO - Project Compress test 18: result = 1,number_fixed =  29,number_bug = 31
2025-05-17 02:29:53,994 - INFO - Project Compress test 19: result = 0,number_fixed =  1,number_bug = 1
2025-05-17 02:30:10,488 - INFO - Project Compress test 20: result = 0,number_fixed =  52,number_bug = 52
2025-05-17 02:30:26,900 - INFO - Project Compress test 21: result = 1,number_fixed =  68,number_bug = 70
2025-05-17 02:30:43,870 - INFO - Project Compress test 22: result = 0,number_fixed =  69,number_bug = 69
2025-05-17 02:31:04,732 - INFO - Project Compress test 23: result = 0,number_fixed =  251,number_bug = 251
2025-05-17 02:31:18,607 - INFO - Project Compress test 24: result = 1,number_fixed =  8,number_bug = 16
2025-05-17 02:31:33,321 - INFO - Project Compress test 25: result = 0,number_fixed =  11,number_bug = 11
2025-05-17 02:31:49,809 - INFO - Project Compress test 26: result = 0,number_fixed =  70,number_bug = 70
2025-05-17 02:32:03,225 - INFO - Project Compress test 27: result = 1,number_fixed =  3,number_bug = 4
2025-05-17 02:32:19,713 - INFO - Project Compress test 28: result = 0,number_fixed =  91,number_bug = 91
2025-05-17 02:32:36,175 - INFO - Project Compress test 29: result = 0,number_fixed =  85,number_bug = 85
2025-05-17 02:32:53,252 - INFO - Project Compress test 30: result = 0,number_fixed =  117,number_bug = 117
2025-05-17 02:33:07,634 - INFO - Project Compress test 31: result = 1,number_fixed =  42,number_bug = 18
2025-05-17 02:33:24,026 - INFO - Project Compress test 32: result = 0,number_fixed =  55,number_bug = 55
2025-05-17 02:33:38,035 - INFO - Project Compress test 33: result = 0,number_fixed =  21,number_bug = 21
2025-05-17 02:33:51,675 - INFO - Project Compress test 34: result = 1,number_fixed =  1,number_bug = 2
2025-05-17 02:34:05,520 - INFO - Project Compress test 35: result = 0,number_fixed =  1,number_bug = 1
2025-05-17 02:34:21,371 - INFO - Project Compress test 36: result = 1,number_fixed =  47,number_bug = 48
2025-05-17 02:34:28,029 - INFO - Project Compress test 37: result = 0,number_fixed =  -1,number_bug = -1
2025-05-17 02:34:42,691 - INFO - Project Compress test 38: result = 0,number_fixed =  31,number_bug = 31
2025-05-17 02:34:56,903 - INFO - Project Compress test 39: result = 1,number_fixed =  6,number_bug = 11
2025-05-17 02:35:09,277 - INFO - Project Compress test 40: result = 0,number_fixed =  34,number_bug = 34
2025-05-17 02:35:23,078 - INFO - Project Compress test 41: result = 0,number_fixed =  12,number_bug = 12
2025-05-17 02:35:25,275 - INFO - Project Compress test 42: result = 0,number_fixed =  -1,number_bug = -1
2025-05-17 02:35:40,828 - INFO - Project Compress test 43: result = 1,number_fixed =  32,number_bug = 37
2025-05-17 02:35:55,607 - INFO - Project Compress test 44: result = 1,number_fixed =  59,number_bug = 60
2025-05-17 02:36:09,212 - INFO - Project Compress test 45: result = 0,number_fixed =  8,number_bug = 8
2025-05-17 02:36:23,199 - INFO - Project Compress test 46: result = 1,number_fixed =  13,number_bug = 14
2025-05-17 02:36:38,470 - INFO - Project Compress test 47: result = 0,number_fixed =  43,number_bug = 43
2025-05-17 02:36:54,814 - INFO - Project Csv test 1: result = 0,number_fixed =  34,number_bug = 34
2025-05-17 02:37:10,430 - INFO - Project Csv test 2: result = 1,number_fixed =  14,number_bug = 18
2025-05-17 02:37:22,075 - INFO - Project Csv test 3: result = 0,number_fixed =  4,number_bug = 4
2025-05-17 02:37:37,640 - INFO - Project Csv test 4: result = 1,number_fixed =  5,number_bug = 6
2025-05-17 02:37:51,499 - INFO - Project Csv test 5: result = 0,number_fixed =  38,number_bug = 38
2025-05-17 02:38:04,324 - INFO - Project Csv test 6: result = 1,number_fixed =  1,number_bug = 5
2025-05-17 02:38:18,587 - INFO - Project Csv test 7: result = 0,number_fixed =  21,number_bug = 21
2025-05-17 02:38:31,631 - INFO - Project Csv test 8: result = 0,number_fixed =  8,number_bug = 8
2025-05-17 02:38:45,103 - INFO - Project Csv test 9: result = 1,number_fixed =  2,number_bug = 3
2025-05-17 02:38:59,625 - INFO - Project Csv test 10: result = 0,number_fixed =  11,number_bug = 11
2025-05-17 02:39:13,428 - INFO - Project Csv test 11: result = 0,number_fixed =  11,number_bug = 11
2025-05-17 02:39:30,700 - INFO - Project Csv test 12: result = 1,number_fixed =  37,number_bug = 36
2025-05-17 02:39:49,099 - INFO - Project Csv test 13: result = 1,number_fixed =  59,number_bug = 57
2025-05-17 02:40:03,420 - INFO - Project Csv test 14: result = 1,number_fixed =  8,number_bug = 9
2025-05-17 02:40:16,638 - INFO - Project Csv test 15: result = 0,number_fixed =  6,number_bug = 6
2025-05-17 02:40:31,355 - INFO - Project Csv test 16: result = 1,number_fixed =  4,number_bug = 6
2025-05-17 02:40:46,136 - INFO - Project Gson test 1: result = 1,number_fixed =  11,number_bug = 16
2025-05-17 02:41:03,088 - INFO - Project Gson test 2: result = 1,number_fixed =  19,number_bug = 21
2025-05-17 02:41:19,678 - INFO - Project Gson test 3: result = 1,number_fixed =  18,number_bug = 29
2025-05-17 02:41:24,274 - INFO - Project Gson test 4: result = 0,number_fixed =  -1,number_bug = -1
2025-05-17 02:41:36,586 - INFO - Project Gson test 5: result = 0,number_fixed =  7,number_bug = 7
2025-05-17 02:41:53,298 - INFO - Project Gson test 6: result = 0,number_fixed =  40,number_bug = 40
2025-05-17 02:42:06,353 - INFO - Project Gson test 7: result = 1,number_fixed =  12,number_bug = 13
2025-05-17 02:42:21,622 - INFO - Project Gson test 8: result = 1,number_fixed =  52,number_bug = -1
2025-05-17 02:42:36,911 - INFO - Project Gson test 9: result = 0,number_fixed =  32,number_bug = 32
2025-05-17 02:42:53,452 - INFO - Project Gson test 10: result = 0,number_fixed =  30,number_bug = 30
2025-05-17 02:43:09,173 - INFO - Project Gson test 11: result = 1,number_fixed =  14,number_bug = 15
2025-05-17 02:43:24,217 - INFO - Project Gson test 12: result = 0,number_fixed =  38,number_bug = 38
2025-05-17 02:43:44,159 - INFO - Project Gson test 13: result = 1,number_fixed =  134,number_bug = 134
2025-05-17 02:43:59,042 - INFO - Project Gson test 14: result = 1,number_fixed =  8,number_bug = 12
2025-05-17 02:44:13,616 - INFO - Project Gson test 15: result = 1,number_fixed =  17,number_bug = 19
2025-05-17 02:44:28,192 - INFO - Project Gson test 16: result = 0,number_fixed =  6,number_bug = 6
2025-05-17 02:44:44,847 - INFO - Project Gson test 17: result = 1,number_fixed =  42,number_bug = 44
2025-05-17 02:44:58,902 - INFO - Project Gson test 18: result = 1,number_fixed =  7,number_bug = 8
2025-05-17 02:45:19,864 - INFO - Project JxPath test 1: result = 1,number_fixed =  62,number_bug = 63
2025-05-17 02:45:35,977 - INFO - Project JxPath test 2: result = 1,number_fixed =  10,number_bug = 11
2025-05-17 02:45:52,441 - INFO - Project JxPath test 3: result = 1,number_fixed =  28,number_bug = 31
2025-05-17 02:46:09,908 - INFO - Project JxPath test 4: result = 1,number_fixed =  26,number_bug = 35
2025-05-17 02:46:26,210 - INFO - Project JxPath test 5: result = 1,number_fixed =  31,number_bug = 32
2025-05-17 02:46:46,565 - INFO - Project JxPath test 6: result = 1,number_fixed =  55,number_bug = 67
2025-05-17 02:47:00,775 - INFO - Project JxPath test 7: result = 1,number_fixed =  0,number_bug = 4
2025-05-17 02:47:16,802 - INFO - Project JxPath test 8: result = 1,number_fixed =  11,number_bug = 12
2025-05-17 02:47:30,826 - INFO - Project JxPath test 9: result = 1,number_fixed =  5,number_bug = -1
2025-05-17 02:47:45,477 - INFO - Project JxPath test 10: result = 1,number_fixed =  2,number_bug = 3
2025-05-17 02:48:02,412 - INFO - Project JxPath test 11: result = 0,number_fixed =  43,number_bug = 43
2025-05-17 02:48:18,713 - INFO - Project JxPath test 12: result = 0,number_fixed =  16,number_bug = 16
2025-05-17 02:48:34,602 - INFO - Project JxPath test 13: result = 1,number_fixed =  9,number_bug = 28
2025-05-17 02:48:52,592 - INFO - Project JxPath test 14: result = 1,number_fixed =  45,number_bug = 46
2025-05-17 02:49:08,668 - INFO - Project JxPath test 15: result = 1,number_fixed =  8,number_bug = 9
2025-05-17 02:49:27,498 - INFO - Project JxPath test 16: result = 0,number_fixed =  30,number_bug = 30
2025-05-17 02:49:44,617 - INFO - Project JxPath test 17: result = 0,number_fixed =  45,number_bug = 45
2025-05-17 02:50:00,312 - INFO - Project JxPath test 18: result = 0,number_fixed =  8,number_bug = 8
2025-05-17 02:50:20,036 - INFO - Project JxPath test 19: result = 0,number_fixed =  119,number_bug = 119
2025-05-17 02:50:41,014 - INFO - Project JxPath test 20: result = 1,number_fixed =  83,number_bug = 88
2025-05-17 02:50:59,063 - INFO - Project JxPath test 21: result = 1,number_fixed =  31,number_bug = 35
2025-05-17 02:51:17,748 - INFO - Project JxPath test 22: result = 1,number_fixed =  77,number_bug = 78
2025-05-17 02:51:48,464 - INFO - Project Math test 1: result = 1,number_fixed =  631,number_bug = 672
2025-05-17 02:52:09,101 - INFO - Project Math test 2: result = 1,number_fixed =  1,number_bug = 2
2025-05-17 02:52:28,601 - INFO - Project Math test 3: result = 1,number_fixed =  30,number_bug = 34
2025-05-17 02:52:50,707 - INFO - Project Math test 4: result = 1,number_fixed =  7,number_bug = 12
2025-05-17 02:53:08,750 - INFO - Project Math test 5: result = 1,number_fixed =  1,number_bug = 2
2025-05-17 02:53:32,205 - INFO - Project Math test 6: result = 1,number_fixed =  6,number_bug = 13
2025-05-17 02:53:56,167 - INFO - Project Math test 7: result = 0,number_fixed =  42,number_bug = 42
2025-05-17 02:54:17,360 - INFO - Project Math test 8: result = 0,number_fixed =  5,number_bug = 5
2025-05-17 02:54:35,657 - INFO - Project Math test 9: result = 1,number_fixed =  6,number_bug = 7
2025-05-17 02:54:57,616 - INFO - Project Math test 10: result = 1,number_fixed =  26,number_bug = 29
2025-05-17 02:55:18,170 - INFO - Project Math test 11: result = 0,number_fixed =  5,number_bug = 5
2025-05-17 02:55:40,904 - INFO - Project Math test 12: result = 0,number_fixed =  29,number_bug = 29
2025-05-17 02:56:02,245 - INFO - Project Math test 13: result = 1,number_fixed =  15,number_bug = 18
2025-05-17 02:56:21,582 - INFO - Project Math test 14: result = 1,number_fixed =  6,number_bug = 7
2025-05-17 02:56:40,801 - INFO - Project Math test 15: result = 0,number_fixed =  20,number_bug = 20
2025-05-17 02:57:01,227 - INFO - Project Math test 16: result = 1,number_fixed =  20,number_bug = 23
2025-05-17 02:57:23,467 - INFO - Project Math test 17: result = 1,number_fixed =  21,number_bug = 24
2025-05-17 02:57:31,217 - INFO - Project Math test 18: result = 0,number_fixed =  -1,number_bug = -1
2025-05-17 02:57:52,741 - INFO - Project Math test 19: result = 0,number_fixed =  51,number_bug = 51
2025-05-17 02:58:00,520 - INFO - Project Math test 20: result = 0,number_fixed =  -1,number_bug = -1
2025-05-17 02:58:17,572 - INFO - Project Math test 21: result = 0,number_fixed =  9,number_bug = 9
2025-05-17 02:58:34,985 - INFO - Project Math test 22: result = 1,number_fixed =  2,number_bug = 3
2025-05-17 02:58:55,192 - INFO - Project Math test 23: result = 1,number_fixed =  19,number_bug = 21
2025-05-17 02:59:15,606 - INFO - Project Math test 24: result = 0,number_fixed =  26,number_bug = 26
2025-05-17 02:59:36,076 - INFO - Project Math test 25: result = 0,number_fixed =  70,number_bug = 70
2025-05-17 02:59:54,674 - INFO - Project Math test 26: result = 1,number_fixed =  54,number_bug = 53
2025-05-17 03:00:13,574 - INFO - Project Math test 27: result = 1,number_fixed =  6,number_bug = 9
2025-05-17 03:00:35,956 - INFO - Project Math test 28: result = 0,number_fixed =  44,number_bug = 44
2025-05-17 03:00:55,923 - INFO - Project Math test 29: result = 1,number_fixed =  5,number_bug = 11
2025-05-17 03:01:13,549 - INFO - Project Math test 30: result = 0,number_fixed =  2,number_bug = 2
2025-05-17 03:05:56,784 - INFO - Project Math test 31: result = 1,number_fixed =  35,number_bug = 38
2025-05-17 03:06:16,674 - INFO - Project Math test 32: result = 0,number_fixed =  5,number_bug = 5
2025-05-17 03:06:38,969 - INFO - Project Math test 33: result = 0,number_fixed =  37,number_bug = 37
2025-05-17 03:06:58,475 - INFO - Project Math test 34: result = 1,number_fixed =  3,number_bug = 1
2025-05-17 03:07:17,875 - INFO - Project Math test 35: result = 1,number_fixed =  7,number_bug = 10
2025-05-17 03:07:35,969 - INFO - Project Math test 36: result = 1,number_fixed =  5,number_bug = 12
2025-05-17 03:07:54,926 - INFO - Project Math test 37: result = 1,number_fixed =  25,number_bug = 25
2025-05-17 03:08:17,040 - INFO - Project Math test 38: result = 0,number_fixed =  51,number_bug = 51
2025-05-17 03:08:38,760 - INFO - Project Math test 39: result = 0,number_fixed =  28,number_bug = 28
2025-05-17 03:09:00,286 - INFO - Project Math test 40: result = 1,number_fixed =  41,number_bug = 41
2025-05-17 03:09:20,583 - INFO - Project Math test 41: result = 1,number_fixed =  73,number_bug = 74
2025-05-17 03:09:42,740 - INFO - Project Math test 42: result = 0,number_fixed =  43,number_bug = 43
2025-05-17 03:10:01,979 - INFO - Project Math test 43: result = 0,number_fixed =  1,number_bug = 1
2025-05-17 03:10:22,312 - INFO - Project Math test 44: result = 0,number_fixed =  8,number_bug = 8
2025-05-17 03:10:40,315 - INFO - Project Math test 45: result = 1,number_fixed =  19,number_bug = 27
2025-05-17 03:10:58,131 - INFO - Project Math test 46: result = 1,number_fixed =  1,number_bug = 3
2025-05-17 03:11:16,429 - INFO - Project Math test 47: result = 1,number_fixed =  3,number_bug = 5
2025-05-17 03:11:38,039 - INFO - Project Math test 48: result = 0,number_fixed =  38,number_bug = 38
2025-05-17 03:11:56,338 - INFO - Project Math test 49: result = 1,number_fixed =  6,number_bug = 7
2025-05-17 03:12:17,105 - INFO - Project Math test 50: result = 0,number_fixed =  24,number_bug = 24
2025-05-17 03:12:25,054 - INFO - Project Math test 51: result = 0,number_fixed =  -1,number_bug = -1
2025-05-17 03:12:44,829 - INFO - Project Math test 52: result = 1,number_fixed =  64,number_bug = 61
2025-05-17 03:13:02,063 - INFO - Project Math test 53: result = 1,number_fixed =  3,number_bug = 4
2025-05-17 03:13:24,503 - INFO - Project Math test 54: result = 1,number_fixed =  32,number_bug = 33
2025-05-17 03:13:42,509 - INFO - Project Math test 55: result = 1,number_fixed =  6,number_bug = 6
2025-05-17 03:14:00,557 - INFO - Project Math test 56: result = 1,number_fixed =  5,number_bug = 7
2025-05-17 03:14:08,951 - INFO - Project Math test 57: result = 0,number_fixed =  -1,number_bug = -1
2025-05-17 03:14:28,829 - INFO - Project Math test 58: result = 0,number_fixed =  13,number_bug = 13
2025-05-17 03:14:47,326 - INFO - Project Math test 59: result = 1,number_fixed =  5,number_bug = 15
2025-05-17 03:15:05,578 - INFO - Project Math test 60: result = 0,number_fixed =  4,number_bug = 4
2025-05-17 03:15:24,158 - INFO - Project Math test 61: result = 0,number_fixed =  12,number_bug = 12
2025-05-17 03:15:44,867 - INFO - Project Math test 62: result = 1,number_fixed =  18,number_bug = 29
2025-05-17 03:16:03,117 - INFO - Project Math test 63: result = 1,number_fixed =  8,number_bug = 11
2025-05-17 03:16:21,949 - INFO - Project Math test 64: result = 0,number_fixed =  32,number_bug = 32
2025-05-17 03:16:43,915 - INFO - Project Math test 65: result = 1,number_fixed =  26,number_bug = 52
2025-05-17 03:17:04,468 - INFO - Project Math test 66: result = 1,number_fixed =  39,number_bug = 63
2025-05-17 03:17:23,611 - INFO - Project Math test 67: result = 1,number_fixed =  7,number_bug = 13
2025-05-17 03:17:45,201 - INFO - Project Math test 68: result = 0,number_fixed =  66,number_bug = 66
2025-05-17 03:18:05,004 - INFO - Project Math test 69: result = 0,number_fixed =  5,number_bug = 5
2025-05-17 03:18:24,952 - INFO - Project Math test 70: result = 0,number_fixed =  20,number_bug = 20
2025-05-17 03:18:45,574 - INFO - Project Math test 71: result = 0,number_fixed =  7,number_bug = 7
2025-05-17 03:19:08,458 - INFO - Project Math test 72: result = 1,number_fixed =  70,number_bug = 70
2025-05-17 03:19:30,442 - INFO - Project Math test 73: result = 1,number_fixed =  63,number_bug = 63
2025-05-17 03:19:51,444 - INFO - Project Math test 74: result = 0,number_fixed =  29,number_bug = 29
2025-05-17 03:20:12,456 - INFO - Project Math test 75: result = 1,number_fixed =  29,number_bug = 32
2025-05-17 03:20:34,731 - INFO - Project Math test 76: result = 0,number_fixed =  51,number_bug = 51
2025-05-17 03:20:52,582 - INFO - Project Math test 77: result = 1,number_fixed =  2,number_bug = 7
2025-05-17 03:21:14,616 - INFO - Project Math test 78: result = 0,number_fixed =  41,number_bug = 41
2025-05-17 03:21:33,736 - INFO - Project Math test 79: result = 0,number_fixed =  10,number_bug = 10
2025-05-17 03:21:52,877 - INFO - Project Math test 80: result = 0,number_fixed =  47,number_bug = 47
2025-05-17 03:22:12,035 - INFO - Project Math test 81: result = 1,number_fixed =  41,number_bug = 43
2025-05-17 03:22:34,339 - INFO - Project Math test 82: result = 0,number_fixed =  49,number_bug = 49
2025-05-17 03:22:57,204 - INFO - Project Math test 83: result = 1,number_fixed =  50,number_bug = 51
2025-05-17 03:23:20,622 - INFO - Project Math test 84: result = 0,number_fixed =  85,number_bug = 85
2025-05-17 03:23:41,071 - INFO - Project Math test 85: result = 1,number_fixed =  14,number_bug = 18
2025-05-17 03:24:00,924 - INFO - Project Math test 86: result = 0,number_fixed =  9,number_bug = 9
2025-05-17 03:24:21,639 - INFO - Project Math test 87: result = 0,number_fixed =  31,number_bug = 31
2025-05-17 03:24:44,790 - INFO - Project Math test 88: result = 0,number_fixed =  86,number_bug = 86
2025-05-17 03:25:05,704 - INFO - Project Math test 89: result = 1,number_fixed =  86,number_bug = 94
2025-05-17 03:25:24,067 - INFO - Project Math test 90: result = 1,number_fixed =  23,number_bug = 16
2025-05-17 03:25:41,004 - INFO - Project Math test 91: result = 0,number_fixed =  0,number_bug = 0
2025-05-17 03:25:58,280 - INFO - Project Math test 92: result = 0,number_fixed =  14,number_bug = 14
2025-05-17 03:26:15,480 - INFO - Project Math test 93: result = 1,number_fixed =  5,number_bug = 6
2025-05-17 03:26:33,277 - INFO - Project Math test 94: result = 1,number_fixed =  2,number_bug = 4
2025-05-17 03:26:50,121 - INFO - Project Math test 95: result = 1,number_fixed =  0,number_bug = 2
2025-05-17 03:27:07,166 - INFO - Project Math test 96: result = 0,number_fixed =  0,number_bug = 0
2025-05-17 03:27:29,733 - INFO - Project Math test 97: result = 1,number_fixed =  114,number_bug = 132
2025-05-17 03:27:49,658 - INFO - Project Math test 98: result = 1,number_fixed =  16,number_bug = 21
2025-05-17 03:28:06,505 - INFO - Project Math test 99: result = 1,number_fixed =  6,number_bug = 6
2025-05-17 03:28:39,102 - INFO - Project Math test 100: result = 1,number_fixed =  3,number_bug = 10
2025-05-17 03:29:11,602 - INFO - Project Math test 101: result = 1,number_fixed =  18,number_bug = 19
2025-05-17 03:29:43,459 - INFO - Project Math test 102: result = 1,number_fixed =  27,number_bug = 23
2025-05-17 03:30:14,915 - INFO - Project Math test 103: result = 1,number_fixed =  23,number_bug = 24
2025-05-17 03:31:06,543 - INFO - Project Math test 104: result = 1,number_fixed =  12,number_bug = 14
2025-05-17 03:31:36,328 - INFO - Project Math test 105: result = 1,number_fixed =  2,number_bug = 5
2025-05-17 03:32:07,505 - INFO - Project Math test 106: result = 1,number_fixed =  8,number_bug = 10
