2025-04-04 00:31:38,681 - Project name: Compress, Project ID: 7, Result: Success
2025-04-04 00:34:49,519 - Project name: Compress, Project ID: 8, Result: Success
2025-04-04 01:32:30,460 - Project name: Compress, Project ID: 9, Result: Generated, failed
2025-04-04 01:33:54,055 - Project name: Compress, Project ID: 1, Result: Generated, failed
2025-04-04 01:36:52,142 - Project name: Compress, Project ID: 6, Result: Success
2025-04-04 01:40:20,840 - Project name: Compress, Project ID: 14, Result: Success
2025-04-04 01:49:03,924 - Project name: Compress, Project ID: 15, Result: Success
2025-04-04 01:49:29,825 - Project name: Compress, Project ID: 13, Result: Success
2025-04-04 01:50:00,660 - Project name: Compress, Project ID: 3, Result: Success
2025-04-04 02:02:53,284 - Project name: Compress, Project ID: 19, Result: Success
2025-04-04 02:22:07,755 - Project name: Compress, Project ID: 10, Result: Generated, failed
2025-04-04 02:45:27,594 - Project name: Compress, Project ID: 17, Result: error string indices must be integers
2025-04-04 02:47:43,052 - Project name: Compress, Project ID: 4, Result: Generated, failed
2025-04-04 02:49:52,262 - Project name: Compress, Project ID: 5, Result: Generated, failed
2025-04-04 03:22:46,479 - Project name: Compress, Project ID: 18, Result: Generated, failed
2025-04-04 03:25:00,637 - Project name: Compress, Project ID: 20, Result: Generated, failed
2025-04-04 03:29:47,573 - Project name: Compress, Project ID: 24, Result: error string indices must be integers
2025-04-04 03:42:36,994 - Project name: Compress, Project ID: 11, Result: Success
2025-04-04 04:07:34,813 - Project name: Compress, Project ID: 27, Result: error string indices must be integers
2025-04-04 04:27:38,294 - Project name: Compress, Project ID: 2, Result: Generated, failed
2025-04-04 04:34:37,314 - Project name: Compress, Project ID: 12, Result: Generated, failed
2025-04-04 04:49:49,999 - Project name: Compress, Project ID: 29, Result: Generated, failed
2025-04-04 04:56:41,403 - Project name: Compress, Project ID: 31, Result: error string indices must be integers
2025-04-04 05:24:28,386 - Project name: Compress, Project ID: 25, Result: Generated, failed
2025-04-04 05:26:08,827 - Project name: Compress, Project ID: 22, Result: Generated, failed
2025-04-04 05:34:13,966 - Project name: Compress, Project ID: 28, Result: Generated, failed
2025-04-04 05:34:14,220 - Project name: Compress, Project ID: 35, Result: error string indices must be integers
2025-04-04 05:35:27,462 - Project name: Compress, Project ID: 23, Result: Generated, failed
2025-04-04 05:48:01,157 - Project name: Compress, Project ID: 34, Result: Success
2025-04-04 06:08:14,399 - Project name: Compress, Project ID: 16, Result: Success
2025-04-04 06:18:26,452 - Project name: Compress, Project ID: 37, Result: Generated, failed
2025-04-04 06:21:18,391 - Project name: Compress, Project ID: 38, Result: Generated, failed
2025-04-04 06:23:15,940 - Project name: Compress, Project ID: 42, Result: error list index out of range
2025-04-04 06:25:30,521 - Project name: Compress, Project ID: 33, Result: Generated, failed
2025-04-04 06:33:30,156 - Project name: Compress, Project ID: 39, Result: Success
2025-04-04 06:37:09,281 - Project name: Compress, Project ID: 30, Result: Generated, failed
2025-04-04 06:37:21,436 - Project name: Compress, Project ID: 32, Result: Generated, failed
2025-04-04 06:39:08,599 - Project name: Compress, Project ID: 45, Result: error string indices must be integers
2025-04-04 06:39:08,600 - Project name: Compress, Project ID: 48, Result: error cannot unpack non-iterable NoneType object
2025-04-04 06:52:05,501 - Project name: Compress, Project ID: 40, Result: Generated, failed
2025-04-04 06:57:12,853 - Project name: Compress, Project ID: 46, Result: Success
2025-04-04 07:02:58,389 - Project name: Compress, Project ID: 44, Result: Success
2025-04-04 07:26:20,375 - Project name: Compress, Project ID: 26, Result: Generated, failed
2025-04-04 07:38:14,992 - Project name: Compress, Project ID: 36, Result: Generated, failed
2025-04-04 08:27:04,949 - Project name: Compress, Project ID: 43, Result: Success
2025-04-04 08:42:50,019 - Project name: Compress, Project ID: 41, Result: Generated, failed
2025-04-04 10:32:18,744 - Project name: Compress, Project ID: 47, Result: Generated, failed
2025-04-05 01:13:02,093 - Project name: Compress, Project ID: 21, Result: Generated, failed
2025-04-06 23:53:29,169 - Project name: Gson, Project ID: 3, Result: error 'NoneType' object has no attribute 'dimensions'
