2025-04-14 17:22:08,600 - Project name: Cli, Project ID: 6, Result: error list index out of range
2025-04-14 19:09:14,260 - Project name: Cli, Project ID: 7, Result: Generated, failed
2025-04-14 20:26:34,713 - Project name: Cli, Project ID: 5, Result: Success
2025-04-14 21:01:17,491 - Project name: Cli, Project ID: 9, Result: error 'str' object has no attribute 'get'
2025-04-14 21:07:42,960 - Project name: Cli, Project ID: 3, Result: Success
2025-04-14 21:29:16,390 - Project name: Cli, Project ID: 13, Result: error list index out of range
2025-04-14 21:51:07,542 - Project name: Cli, Project ID: 2, Result: Success
2025-04-14 22:08:26,432 - Project name: Cli, Project ID: 11, Result: Generated, failed
2025-04-14 22:14:20,311 - Project name: Cli, Project ID: 16, Result: error list index out of range
2025-04-14 22:23:53,799 - Project name: Cli, Project ID: 10, Result: Success
2025-04-14 22:51:50,224 - Project name: Cli, Project ID: 12, Result: Success
2025-04-15 02:36:02,457 - Project name: Cli, Project ID: 4, Result: Success
2025-04-15 02:50:36,636 - Project name: Cli, Project ID: 19, Result: Success
2025-04-15 03:00:35,214 - Project name: Cli, Project ID: 21, Result: error list index out of range
2025-04-15 03:27:43,018 - Project name: Cli, Project ID: 14, Result: Success
2025-04-15 04:00:13,684 - Project name: Cli, Project ID: 17, Result: Generated, failed
2025-04-15 04:33:05,053 - Project name: Cli, Project ID: 18, Result: Success
2025-04-15 05:07:36,864 - Project name: Cli, Project ID: 20, Result: Success
2025-04-15 05:10:23,021 - Project name: Cli, Project ID: 1, Result: Success
2025-04-15 05:34:06,736 - Project name: Cli, Project ID: 22, Result: Success
2025-04-15 05:36:45,127 - Project name: Cli, Project ID: 27, Result: Success
2025-04-15 05:47:29,617 - Project name: Cli, Project ID: 29, Result: Success
2025-04-15 06:00:29,193 - Project name: Cli, Project ID: 26, Result: Generated, failed
2025-04-15 06:16:37,329 - Project name: Cli, Project ID: 31, Result: Success
2025-04-15 06:31:04,429 - Project name: Cli, Project ID: 32, Result: Success
2025-04-15 06:52:23,117 - Project name: Cli, Project ID: 28, Result: Generated, failed
2025-04-15 06:59:13,306 - Project name: Cli, Project ID: 30, Result: Success
2025-04-15 07:13:18,181 - Project name: Cli, Project ID: 35, Result: Success
2025-04-15 07:25:53,587 - Project name: Cli, Project ID: 36, Result: Generated, failed
2025-04-15 07:37:38,626 - Project name: Cli, Project ID: 8, Result: Generated, failed
2025-04-15 07:50:31,441 - Project name: Cli, Project ID: 37, Result: Success
2025-04-15 08:03:25,055 - Project name: Cli, Project ID: 38, Result: Success
2025-04-15 08:32:28,179 - Project name: Cli, Project ID: 40, Result: Success
2025-04-15 08:49:40,604 - Project name: Cli, Project ID: 39, Result: error substring not found
2025-04-15 08:56:31,112 - Project name: Cli, Project ID: 24, Result: Success
2025-04-15 09:39:38,869 - Project name: Cli, Project ID: 25, Result: Success
2025-04-15 11:40:44,277 - Project name: Cli, Project ID: 34, Result: Success
2025-04-15 11:41:33,138 - Project name: Cli, Project ID: 23, Result: Success
2025-04-16 12:05:03,157 - Project name: Cli, Project ID: 33, Result: error substring not found
2025-04-16 12:56:49,508 - Project name: Cli, Project ID: 15, Result: Success
