2025-04-07 03:07:30,408 - Project name: Compress, Project ID: 1, Result: Generated, failed
2025-04-07 03:12:09,572 - Project name: Compress, Project ID: 3, Result: Success
2025-04-07 03:48:57,393 - Project name: Compress, Project ID: 6, Result: Success
2025-04-07 03:58:28,491 - Project name: Compress, Project ID: 7, Result: Success
2025-04-07 04:49:36,091 - Project name: Compress, Project ID: 8, Result: Success
2025-04-07 05:30:55,636 - Project name: Compress, Project ID: 2, Result: Generated, failed
2025-04-07 05:39:31,964 - Project name: Compress, Project ID: 4, Result: Success
2025-04-07 05:57:02,836 - Project name: Compress, Project ID: 9, Result: Generated, failed
2025-04-07 06:09:40,456 - Project name: Compress, Project ID: 5, Result: Generated, failed
2025-04-07 06:29:44,667 - Project name: Compress, Project ID: 13, Result: Success
2025-04-07 06:40:19,274 - Project name: Compress, Project ID: 14, Result: Success
2025-04-07 06:51:25,323 - Project name: Compress, Project ID: 10, Result: Generated, failed
2025-04-07 06:55:23,598 - Project name: Compress, Project ID: 15, Result: Generated, failed
2025-04-07 07:19:26,841 - Project name: Compress, Project ID: 17, Result: Generated, failed
2025-04-07 07:27:17,895 - Project name: Compress, Project ID: 11, Result: Success
2025-04-07 07:50:00,637 - Project name: Compress, Project ID: 19, Result: Generated, failed
2025-04-07 08:05:51,208 - Project name: Compress, Project ID: 12, Result: Generated, failed
2025-04-07 08:50:12,784 - Project name: Compress, Project ID: 18, Result: Generated, failed
2025-04-07 10:30:46,699 - Project name: Compress, Project ID: 20, Result: Generated, failed
2025-04-07 12:24:54,541 - Project name: Compress, Project ID: 21, Result: Generated, failed
2025-04-07 12:30:40,449 - Project name: Compress, Project ID: 16, Result: Success
2025-04-07 13:08:30,826 - Project name: Compress, Project ID: 24, Result: Generated, failed
2025-04-07 19:35:43,520 - Project name: Compress, Project ID: 25, Result: Generated, failed
2025-04-07 20:19:10,330 - Project name: Compress, Project ID: 27, Result: Generated, failed
2025-04-07 22:46:38,708 - Project name: Compress, Project ID: 22, Result: Generated, failed
2025-04-08 01:09:58,298 - Project name: Compress, Project ID: 23, Result: Generated, failed
2025-04-08 03:18:39,825 - Project name: Compress, Project ID: 29, Result: Generated, failed
2025-04-08 03:37:19,297 - Project name: Compress, Project ID: 31, Result: error string indices must be integers
2025-04-08 04:06:00,760 - Project name: Compress, Project ID: 28, Result: Generated, failed
2025-04-08 04:42:11,723 - Project name: Compress, Project ID: 26, Result: Generated, failed
2025-04-08 05:04:16,354 - Project name: Compress, Project ID: 30, Result: Generated, failed
2025-04-08 05:18:26,933 - Project name: Compress, Project ID: 35, Result: error string indices must be integers
2025-04-08 05:23:48,503 - Project name: Compress, Project ID: 34, Result: Success
2025-04-08 05:28:44,469 - Project name: Compress, Project ID: 32, Result: Generated, failed
2025-04-08 06:19:02,261 - Project name: Compress, Project ID: 37, Result: Generated, failed
2025-04-08 06:20:49,718 - Project name: Compress, Project ID: 38, Result: Generated, failed
2025-04-08 06:46:48,460 - Project name: Compress, Project ID: 33, Result: error substring not found
2025-04-08 07:23:54,723 - Project name: Compress, Project ID: 36, Result: Generated, failed
2025-04-08 07:24:07,331 - Project name: Compress, Project ID: 40, Result: Generated, failed
2025-04-08 07:25:31,496 - Project name: Compress, Project ID: 42, Result: error list index out of range
2025-04-08 07:30:04,561 - Project name: Compress, Project ID: 39, Result: Success
2025-04-08 07:45:54,401 - Project name: Compress, Project ID: 45, Result: error string indices must be integers
2025-04-08 08:09:15,418 - Project name: Compress, Project ID: 46, Result: Success
2025-04-08 08:44:01,000 - Project name: Compress, Project ID: 44, Result: Success
2025-04-08 08:44:01,001 - Project name: Compress, Project ID: 48, Result: error cannot unpack non-iterable NoneType object
2025-04-08 10:07:17,705 - Project name: Compress, Project ID: 43, Result: Generated, failed
2025-04-08 11:36:32,874 - Project name: Compress, Project ID: 41, Result: Generated, failed
2025-04-08 13:38:42,367 - Project name: Compress, Project ID: 47, Result: Generated, failed
