2025-04-07 00:08:15,840 - Project name: Gson, Project ID: 3, Result: error 'NoneType' object has no attribute 'dimensions'
2025-04-07 00:33:17,051 - Project name: Gson, Project ID: 1, Result: Generated, failed
2025-04-07 03:04:21,624 - Project name: Gson, Project ID: 2, Result: Generated, failed
2025-04-07 03:42:34,478 - Project name: Gson, Project ID: 6, Result: Generated, failed
2025-04-07 05:30:14,733 - Project name: Gson, Project ID: 8, Result: error substring not found
2025-04-07 05:41:49,260 - Project name: Gson, Project ID: 4, Result: error substring not found
2025-04-07 06:05:40,794 - Project name: Gson, Project ID: 9, Result: Generated, failed
2025-04-07 06:59:04,855 - Project name: Gson, Project ID: 11, Result: Generated, failed
2025-04-07 07:18:25,641 - Project name: Gson, Project ID: 12, Result: Generated, failed
2025-04-07 08:39:43,836 - Project name: Gson, Project ID: 5, Result: Generated, failed
2025-04-07 09:02:39,953 - Project name: Gson, Project ID: 14, Result: Success
2025-04-07 11:51:09,401 - Project name: Gson, Project ID: 10, Result: Generated, failed
2025-04-07 12:00:45,741 - Project name: Gson, Project ID: 13, Result: Generated, failed
2025-04-07 14:44:51,320 - Project name: Gson, Project ID: 16, Result: Generated, failed
2025-04-08 02:47:53,139 - Project name: Gson, Project ID: 18, Result: Generated, failed
2025-04-08 02:47:53,145 - Project name: Gson, Project ID: 19, Result: error cannot unpack non-iterable NoneType object
2025-04-08 02:47:53,145 - Project name: Gson, Project ID: 20, Result: error cannot unpack non-iterable NoneType object
2025-04-08 02:47:53,146 - Project name: Gson, Project ID: 21, Result: error cannot unpack non-iterable NoneType object
2025-04-08 02:47:53,146 - Project name: Gson, Project ID: 22, Result: error cannot unpack non-iterable NoneType object
2025-04-08 02:47:53,147 - Project name: Gson, Project ID: 23, Result: error cannot unpack non-iterable NoneType object
2025-04-08 03:30:17,570 - Project name: Gson, Project ID: 15, Result: Success
2025-04-08 03:58:33,266 - Project name: Gson, Project ID: 17, Result: Generated, failed
2025-04-08 08:01:38,175 - Project name: Gson, Project ID: 7, Result: error substring not found
