2025-03-24 21:39:05,171 - Project name: Chart, Project ID: 1, Result: Success
2025-03-24 22:13:07,211 - Project name: Chart, Project ID: 2, Result: Generated,failed
2025-03-24 23:35:29,024 - Project name: Chart, Project ID: 3, Result: Generated,failed
2025-03-25 02:33:17,887 - Project name: Chart, Project ID: 5, Result: Success
2025-03-25 02:44:37,217 - Project name: Chart, Project ID: 6, Result: Generated,failed
2025-03-25 02:44:37,219 - Project name: Chart, Project ID: 7, Result: error list index out of range
2025-03-25 04:10:08,976 - Project name: Chart, Project ID: 8, Result: Success
2025-03-25 05:08:39,120 - Project name: Chart, Project ID: 9, Result: Generated,failed
2025-03-25 05:20:55,969 - Project name: Chart, Project ID: 10, Result: Generated,failed
2025-03-25 06:34:23,893 - Project name: Chart, Project ID: 11, Result: Success
2025-03-25 06:58:19,201 - Project name: Chart, Project ID: 12, Result: Success
2025-03-25 07:35:32,445 - Project name: Chart, Project ID: 13, Result: Generated,failed
2025-03-25 08:52:00,726 - Project name: Chart, Project ID: 14, Result: Generated,failed
2025-03-25 10:16:45,771 - Project name: Chart, Project ID: 15, Result: Success
2025-03-25 10:38:09,810 - Project name: Chart, Project ID: 16, Result: Generated,failed
2025-03-25 11:08:20,413 - Project name: Chart, Project ID: 17, Result: Success
2025-03-25 13:03:31,555 - Project name: Chart, Project ID: 18, Result: Success
2025-03-25 13:58:09,791 - Project name: Chart, Project ID: 19, Result: Success
2025-03-25 14:03:35,430 - Project name: Chart, Project ID: 20, Result: Generated,failed
2025-03-25 14:51:13,302 - Project name: Chart, Project ID: 21, Result: Generated,failed
2025-03-25 16:36:46,720 - Project name: Chart, Project ID: 22, Result: Generated,failed
2025-03-25 19:41:24,460 - Project name: Chart, Project ID: 23, Result: Success
2025-03-25 19:58:30,114 - Project name: Chart, Project ID: 24, Result: Success
2025-03-26 01:43:31,862 - Project name: Chart, Project ID: 25, Result: Success
2025-03-26 03:47:58,329 - Project name: Chart, Project ID: 26, Result: Generated,failed
2025-03-26 15:23:43,605 - Project name: Chart, Project ID: 4, Result: error substring not found
2025-03-26 19:54:23,891 - Project name: Chart, Project ID: 4, Result: error [Errno 5] Input/output error
