2025-04-01 16:42:33,102 - Project name: Math, Project ID: 14, Result: Success
2025-04-01 18:27:34,904 - Project name: Math, Project ID: 9, Result: Success
2025-04-01 18:29:56,977 - Project name: Math, Project ID: 10, Result: Generated, failed
2025-04-01 18:42:48,776 - Project name: Math, Project ID: 11, Result: Success
2025-04-01 22:10:31,801 - Project name: Math, Project ID: 15, Result: Success
2025-04-01 22:53:52,579 - Project name: Math, Project ID: 21, Result: Generated, failed
2025-04-02 00:39:55,186 - Project name: Math, Project ID: 13, Result: Success
2025-04-02 00:58:07,454 - Project name: Math, Project ID: 22, Result: Success
2025-04-02 01:08:52,458 - Project name: Math, Project ID: 12, Result: Generated, failed
2025-04-02 01:55:01,111 - Project name: Math, Project ID: 16, Result: Success
2025-04-02 02:12:55,030 - Project name: Math, Project ID: 26, Result: Generated, failed
2025-04-02 02:25:38,223 - Project name: Math, Project ID: 8, Result: Generated, failed
2025-04-02 02:34:35,083 - Project name: Math, Project ID: 20, Result: Generated, failed
2025-04-02 02:36:08,386 - Project name: Math, Project ID: 27, Result: Success
2025-04-02 02:49:19,151 - Project name: Math, Project ID: 30, Result: Generated, failed
2025-04-02 03:25:00,352 - Project name: Math, Project ID: 29, Result: Success
2025-04-02 03:37:37,318 - Project name: Math, Project ID: 19, Result: Generated, failed
2025-04-02 03:49:24,566 - Project name: Math, Project ID: 24, Result: Generated, failed
2025-04-02 03:53:57,600 - Project name: Math, Project ID: 28, Result: Generated, failed
2025-04-02 04:41:22,758 - Project name: Math, Project ID: 35, Result: Success
2025-04-02 04:41:31,649 - Project name: Math, Project ID: 23, Result: Generated, failed
2025-04-02 04:41:34,121 - Project name: Math, Project ID: 34, Result: Success
2025-04-02 04:48:17,056 - Project name: Math, Project ID: 32, Result: Generated, failed
2025-04-02 05:24:20,655 - Project name: Math, Project ID: 36, Result: Generated, failed
2025-04-02 05:25:45,071 - Project name: Math, Project ID: 37, Result: Success
2025-04-02 05:26:08,321 - Project name: Math, Project ID: 18, Result: error substring not found
2025-04-02 05:26:53,118 - Project name: Math, Project ID: 25, Result: Generated, failed
2025-04-02 05:47:43,413 - Project name: Math, Project ID: 43, Result: Generated, failed
2025-04-02 05:48:28,609 - Project name: Math, Project ID: 41, Result: Generated, failed
2025-04-02 06:16:16,508 - Project name: Math, Project ID: 45, Result: Success
2025-04-02 06:17:00,812 - Project name: Math, Project ID: 33, Result: Generated, failed
2025-04-02 06:25:35,003 - Project name: Math, Project ID: 46, Result: Success
2025-04-02 06:34:37,478 - Project name: Math, Project ID: 47, Result: Success
2025-04-02 06:38:23,243 - Project name: Math, Project ID: 31, Result: Generated, failed
2025-04-02 06:57:54,248 - Project name: Math, Project ID: 49, Result: Success
2025-04-02 07:26:47,150 - Project name: Math, Project ID: 38, Result: Generated, failed
2025-04-02 07:29:10,200 - Project name: Math, Project ID: 40, Result: Generated, failed
2025-04-02 07:47:46,408 - Project name: Math, Project ID: 53, Result: Success
2025-04-02 08:45:17,357 - Project name: Math, Project ID: 52, Result: Generated, failed
2025-04-02 08:58:52,071 - Project name: Math, Project ID: 7, Result: error substring not found
2025-04-02 09:12:19,286 - Project name: Math, Project ID: 55, Result: Success
2025-04-02 09:50:26,567 - Project name: Math, Project ID: 56, Result: Success
2025-04-02 10:01:42,337 - Project name: Math, Project ID: 50, Result: error substring not found
2025-04-02 10:21:08,575 - Project name: Math, Project ID: 59, Result: Success
2025-04-02 11:43:43,144 - Project name: Math, Project ID: 60, Result: Generated, failed
2025-04-02 11:48:55,091 - Project name: Math, Project ID: 51, Result: error substring not found
2025-04-02 12:17:52,352 - Project name: Math, Project ID: 42, Result: Generated, failed
2025-04-02 12:21:30,000 - Project name: Math, Project ID: 61, Result: Success
2025-04-02 14:48:05,904 - Project name: Math, Project ID: 63, Result: Success
2025-04-02 16:43:16,867 - Project name: Math, Project ID: 39, Result: Generated, failed
2025-04-02 16:55:22,500 - Project name: Math, Project ID: 58, Result: Generated, failed
2025-04-02 17:33:37,040 - Project name: Math, Project ID: 44, Result: error substring not found
2025-04-02 20:12:36,148 - Project name: Math, Project ID: 62, Result: Success
2025-04-02 22:14:08,771 - Project name: Math, Project ID: 64, Result: Generated, failed
2025-04-03 01:01:49,309 - Project name: Math, Project ID: 70, Result: Generated, failed
2025-04-03 01:02:30,490 - Project name: Math, Project ID: 67, Result: Success
2025-04-03 01:18:05,925 - Project name: Math, Project ID: 69, Result: Generated, failed
2025-04-03 01:19:32,431 - Project name: Math, Project ID: 65, Result: Success
2025-04-03 01:57:15,394 - Project name: Math, Project ID: 66, Result: Success
2025-04-03 01:57:51,506 - Project name: Math, Project ID: 75, Result: error 'NoneType' object has no attribute 'dimensions'
2025-04-03 01:59:02,508 - Project name: Math, Project ID: 72, Result: Success
2025-04-03 02:14:26,751 - Project name: Math, Project ID: 57, Result: Generated, failed
2025-04-03 02:35:01,557 - Project name: Math, Project ID: 77, Result: Success
2025-04-03 02:43:06,648 - Project name: Math, Project ID: 17, Result: Success
2025-04-03 03:24:45,790 - Project name: Math, Project ID: 48, Result: Generated, failed
2025-04-03 03:28:24,131 - Project name: Math, Project ID: 79, Result: Generated, failed
2025-04-03 03:44:58,401 - Project name: Math, Project ID: 80, Result: Generated, failed
2025-04-03 03:55:11,952 - Project name: Math, Project ID: 78, Result: Generated, failed
2025-04-03 04:20:59,363 - Project name: Math, Project ID: 73, Result: Success
2025-04-03 04:43:32,271 - Project name: Math, Project ID: 81, Result: Success
2025-04-03 04:48:27,550 - Project name: Math, Project ID: 82, Result: Generated, failed
2025-04-03 05:37:06,198 - Project name: Math, Project ID: 71, Result: Generated, failed
2025-04-03 05:39:07,001 - Project name: Math, Project ID: 87, Result: Success
2025-04-03 06:06:29,556 - Project name: Math, Project ID: 89, Result: Success
2025-04-03 06:08:29,604 - Project name: Math, Project ID: 83, Result: Success
2025-04-03 06:17:49,041 - Project name: Math, Project ID: 86, Result: error substring not found
2025-04-03 06:18:00,117 - Project name: Math, Project ID: 91, Result: Generated, failed
2025-04-03 06:19:52,484 - Project name: Math, Project ID: 90, Result: Success
2025-04-03 06:43:09,492 - Project name: Math, Project ID: 68, Result: Generated, failed
2025-04-03 06:45:30,939 - Project name: Math, Project ID: 85, Result: Success
2025-04-03 06:47:52,855 - Project name: Math, Project ID: 93, Result: Success
2025-04-03 06:50:09,032 - Project name: Math, Project ID: 74, Result: Generated, failed
2025-04-03 06:52:51,178 - Project name: Math, Project ID: 96, Result: Generated, failed
2025-04-03 06:55:53,813 - Project name: Math, Project ID: 95, Result: Success
2025-04-03 07:07:36,440 - Project name: Math, Project ID: 88, Result: Generated, failed
2025-04-03 07:28:47,835 - Project name: Math, Project ID: 99, Result: Success
2025-04-03 07:35:32,752 - Project name: Math, Project ID: 98, Result: Generated, failed
2025-04-03 07:57:18,554 - Project name: Math, Project ID: 100, Result: Success
2025-04-03 08:02:10,185 - Project name: Math, Project ID: 76, Result: Generated, failed
2025-04-03 08:12:58,302 - Project name: Math, Project ID: 101, Result: Generated, failed
2025-04-03 08:21:26,582 - Project name: Math, Project ID: 104, Result: Generated, failed
2025-04-03 08:21:26,598 - Project name: Math, Project ID: 107, Result: error cannot unpack non-iterable NoneType object
2025-04-03 08:28:45,426 - Project name: Math, Project ID: 106, Result: Success
2025-04-03 08:31:57,800 - Project name: Math, Project ID: 102, Result: Success
2025-04-03 08:35:07,442 - Project name: Math, Project ID: 105, Result: Success
2025-04-03 08:54:00,273 - Project name: Math, Project ID: 92, Result: Success
2025-04-03 08:55:17,534 - Project name: Math, Project ID: 103, Result: Generated, failed
2025-04-03 09:06:59,362 - Project name: Math, Project ID: 97, Result: Success
2025-04-03 10:45:29,172 - Project name: Math, Project ID: 94, Result: Generated, failed
2025-04-03 13:40:35,644 - Project name: Math, Project ID: 84, Result: Generated, failed
