2025-04-11 02:25:04,029 - Project name: JxPath, Project ID: 3, Result: Success
2025-04-11 03:04:10,790 - Project name: JxPath, Project ID: 4, Result: Success
2025-04-11 03:12:36,439 - Project name: JxPath, Project ID: 2, Result: error substring not found
2025-04-11 03:19:14,997 - Project name: JxPath, Project ID: 7, Result: Success
2025-04-11 03:29:16,828 - Project name: JxPath, Project ID: 5, Result: Success
2025-04-11 07:53:09,479 - Project name: JxPath, Project ID: 9, Result: error substring not found
2025-04-11 08:01:17,870 - Project name: JxPath, Project ID: 10, Result: Success
2025-04-11 08:14:29,753 - Project name: JxPath, Project ID: 8, Result: Success
2025-04-11 08:57:36,798 - Project name: JxPath, Project ID: 11, Result: Generated, failed
2025-04-11 09:06:59,166 - Project name: JxPath, Project ID: 1, Result: Generated, failed
2025-04-11 12:21:27,936 - Project name: JxPath, Project ID: 12, Result: error substring not found
2025-04-11 15:29:40,458 - Project name: JxPath, Project ID: 13, Result: error substring not found
2025-04-11 16:02:58,612 - Project name: JxPath, Project ID: 15, Result: Generated, failed
2025-04-11 20:49:56,169 - Project name: JxPath, Project ID: 17, Result: Generated, failed
2025-04-11 23:09:22,345 - Project name: JxPath, Project ID: 18, Result: Success
2025-04-12 01:05:03,586 - Project name: JxPath, Project ID: 6, Result: Success
2025-04-12 01:09:45,880 - Project name: JxPath, Project ID: 16, Result: error substring not found
2025-04-12 04:39:09,054 - Project name: JxPath, Project ID: 21, Result: Success
2025-04-12 05:01:07,289 - Project name: JxPath, Project ID: 19, Result: Generated, failed
2025-04-12 05:01:07,290 - Project name: JxPath, Project ID: 23, Result: error cannot unpack non-iterable NoneType object
2025-04-12 09:00:08,847 - Project name: JxPath, Project ID: 22, Result: Success
2025-04-12 12:33:33,260 - Project name: JxPath, Project ID: 20, Result: Success
2025-04-16 07:27:32,224 - Project name: JxPath, Project ID: 14, Result: error local variable 'methodstr' referenced before assignment
