2025-05-16 23:14:13,616 - INFO - Project Chart test 1: result = 1,number_fixed =  21,number_bug = 30
2025-05-16 23:14:31,565 - INFO - Project Chart test 2: result = 1,number_fixed =  13,number_bug = 18
2025-05-16 23:14:49,602 - INFO - Project Chart test 3: result = 0,number_fixed =  22,number_bug = 22
2025-05-16 23:15:09,922 - INFO - Project Chart test 4: result = 0,number_fixed =  42,number_bug = 42
2025-05-16 23:15:28,244 - INFO - Project Chart test 5: result = 1,number_fixed =  25,number_bug = 26
2025-05-16 23:15:45,470 - INFO - Project Chart test 6: result = 0,number_fixed =  19,number_bug = 19
2025-05-16 23:15:56,846 - INFO - Project Chart test 7: result = 0,number_fixed =  -1,number_bug = -1
2025-05-16 23:16:16,754 - INFO - Project Chart test 8: result = 1,number_fixed =  89,number_bug = 94
2025-05-16 23:16:33,790 - INFO - Project Chart test 9: result = 0,number_fixed =  11,number_bug = 11
2025-05-16 23:16:50,754 - INFO - Project Chart test 10: result = 1,number_fixed =  1,number_bug = 4
2025-05-16 23:17:11,075 - INFO - Project Chart test 11: result = 1,number_fixed =  10,number_bug = 14
2025-05-16 23:17:31,549 - INFO - Project Chart test 12: result = 0,number_fixed =  8,number_bug = 8
2025-05-16 23:17:49,344 - INFO - Project Chart test 13: result = 1,number_fixed =  3,number_bug = 4
2025-05-16 23:18:09,696 - INFO - Project Chart test 14: result = 1,number_fixed =  17,number_bug = 31
2025-05-16 23:18:28,551 - INFO - Project Chart test 15: result = 1,number_fixed =  8,number_bug = 14
2025-05-16 23:18:46,500 - INFO - Project Chart test 16: result = 1,number_fixed =  2,number_bug = 3
2025-05-16 23:19:04,438 - INFO - Project Chart test 17: result = 1,number_fixed =  13,number_bug = 16
2025-05-16 23:19:22,822 - INFO - Project Chart test 18: result = 1,number_fixed =  11,number_bug = 12
2025-05-16 23:19:41,935 - INFO - Project Chart test 19: result = 1,number_fixed =  2,number_bug = 8
2025-05-16 23:20:00,293 - INFO - Project Chart test 20: result = 1,number_fixed =  2,number_bug = 5
2025-05-16 23:20:19,681 - INFO - Project Chart test 21: result = 1,number_fixed =  2,number_bug = 7
2025-05-16 23:20:39,317 - INFO - Project Chart test 22: result = 1,number_fixed =  25,number_bug = 35
2025-05-16 23:21:00,672 - INFO - Project Chart test 23: result = 1,number_fixed =  72,number_bug = 145
2025-05-16 23:21:18,476 - INFO - Project Chart test 24: result = 1,number_fixed =  1,number_bug = 3
2025-05-16 23:21:43,439 - INFO - Project Chart test 25: result = 1,number_fixed =  34,number_bug = 36
2025-05-16 23:22:07,047 - INFO - Project Chart test 26: result = 0,number_fixed =  49,number_bug = 49
2025-05-16 23:22:18,375 - INFO - Project Cli test 1: result = 1,number_fixed =  26,number_bug = 38
2025-05-16 23:22:28,946 - INFO - Project Cli test 2: result = 1,number_fixed =  14,number_bug = 15
2025-05-16 23:22:36,152 - INFO - Project Cli test 3: result = 1,number_fixed =  4,number_bug = 19
2025-05-16 23:22:43,401 - INFO - Project Cli test 4: result = 1,number_fixed =  5,number_bug = 10
2025-05-16 23:22:50,503 - INFO - Project Cli test 5: result = 1,number_fixed =  0,number_bug = 3
2025-05-16 23:22:50,600 - INFO - Project Cli test 6: result = 0,number_fixed =  -1,number_bug = -1
2025-05-16 23:22:58,773 - INFO - Project Cli test 7: result = 0,number_fixed =  1,number_bug = 1
2025-05-16 23:23:05,739 - INFO - Project Cli test 8: result = 1,number_fixed =  5,number_bug = 8
2025-05-16 23:23:14,408 - INFO - Project Cli test 9: result = 1,number_fixed =  5,number_bug = 8
2025-05-16 23:23:22,933 - INFO - Project Cli test 10: result = 1,number_fixed =  5,number_bug = 6
2025-05-16 23:23:31,758 - INFO - Project Cli test 11: result = 0,number_fixed =  0,number_bug = 0
2025-05-16 23:23:40,806 - INFO - Project Cli test 12: result = 1,number_fixed =  2,number_bug = 3
2025-05-16 23:23:42,904 - INFO - Project Cli test 13: result = 0,number_fixed =  -1,number_bug = -1
2025-05-16 23:23:55,930 - INFO - Project Cli test 14: result = 1,number_fixed =  102,number_bug = 124
2025-05-16 23:24:07,087 - INFO - Project Cli test 15: result = 1,number_fixed =  27,number_bug = 40
2025-05-16 23:24:09,319 - INFO - Project Cli test 16: result = 0,number_fixed =  -1,number_bug = -1
2025-05-16 23:24:18,762 - INFO - Project Cli test 17: result = 0,number_fixed =  26,number_bug = 26
2025-05-16 23:24:27,983 - INFO - Project Cli test 18: result = 1,number_fixed =  8,number_bug = 12
2025-05-16 23:24:37,268 - INFO - Project Cli test 19: result = 1,number_fixed =  3,number_bug = 9
2025-05-16 23:24:46,330 - INFO - Project Cli test 20: result = 1,number_fixed =  9,number_bug = 12
2025-05-16 23:24:48,725 - INFO - Project Cli test 21: result = 0,number_fixed =  -1,number_bug = -1
2025-05-16 23:24:59,211 - INFO - Project Cli test 22: result = 1,number_fixed =  19,number_bug = 33
2025-05-16 23:25:08,713 - INFO - Project Cli test 23: result = 1,number_fixed =  12,number_bug = 15
2025-05-16 23:25:16,306 - INFO - Project Cli test 24: result = 1,number_fixed =  11,number_bug = 14
2025-05-16 23:25:24,472 - INFO - Project Cli test 25: result = 1,number_fixed =  4,number_bug = 9
2025-05-16 23:25:33,613 - INFO - Project Cli test 26: result = 0,number_fixed =  14,number_bug = 14
2025-05-16 23:25:42,702 - INFO - Project Cli test 27: result = 1,number_fixed =  16,number_bug = 16
2025-05-16 23:25:53,907 - INFO - Project Cli test 28: result = 1,number_fixed =  24,number_bug = 25
2025-05-16 23:26:01,436 - INFO - Project Cli test 29: result = 1,number_fixed =  8,number_bug = 32
2025-05-16 23:26:11,095 - INFO - Project Cli test 30: result = 1,number_fixed =  43,number_bug = 42
2025-05-16 23:26:20,045 - INFO - Project Cli test 31: result = 1,number_fixed =  3,number_bug = 7
2025-05-16 23:26:27,723 - INFO - Project Cli test 32: result = 1,number_fixed =  9,number_bug = 12
2025-05-16 23:26:31,795 - INFO - Project Cli test 33: result = 0,number_fixed =  -1,number_bug = -1
2025-05-16 23:26:43,298 - INFO - Project Cli test 34: result = 1,number_fixed =  137,number_bug = 134
2025-05-16 23:26:52,074 - INFO - Project Cli test 35: result = 1,number_fixed =  3,number_bug = 3
2025-05-16 23:27:01,935 - INFO - Project Cli test 36: result = 0,number_fixed =  5,number_bug = 5
2025-05-16 23:27:11,383 - INFO - Project Cli test 37: result = 1,number_fixed =  5,number_bug = 9
2025-05-16 23:27:21,998 - INFO - Project Cli test 38: result = 1,number_fixed =  11,number_bug = 11
2025-05-16 23:27:29,995 - INFO - Project Cli test 39: result = 1,number_fixed =  28,number_bug = -1
2025-05-16 23:27:39,597 - INFO - Project Cli test 40: result = 1,number_fixed =  28,number_bug = 26
2025-05-16 23:27:47,211 - INFO - Project Compress test 1: result = 0,number_fixed =  32,number_bug = 32
2025-05-16 23:27:57,163 - INFO - Project Compress test 2: result = 1,number_fixed =  170,number_bug = 169
2025-05-16 23:28:04,632 - INFO - Project Compress test 3: result = 1,number_fixed =  17,number_bug = 23
2025-05-16 23:28:13,285 - INFO - Project Compress test 4: result = 1,number_fixed =  69,number_bug = 70
2025-05-16 23:28:22,136 - INFO - Project Compress test 5: result = 0,number_fixed =  78,number_bug = 78
2025-05-16 23:28:29,534 - INFO - Project Compress test 6: result = 1,number_fixed =  14,number_bug = 26
2025-05-16 23:28:36,256 - INFO - Project Compress test 7: result = 1,number_fixed =  0,number_bug = 1
2025-05-16 23:28:43,040 - INFO - Project Compress test 8: result = 1,number_fixed =  1,number_bug = 2
2025-05-16 23:28:51,363 - INFO - Project Compress test 9: result = 0,number_fixed =  58,number_bug = 58
2025-05-16 23:28:58,886 - INFO - Project Compress test 10: result = 0,number_fixed =  5,number_bug = 5
2025-05-16 23:29:07,268 - INFO - Project Compress test 11: result = 1,number_fixed =  62,number_bug = 63
2025-05-16 23:29:15,687 - INFO - Project Compress test 12: result = 0,number_fixed =  48,number_bug = 48
2025-05-16 23:29:23,499 - INFO - Project Compress test 13: result = 1,number_fixed =  48,number_bug = 47
2025-05-16 23:29:30,689 - INFO - Project Compress test 14: result = 1,number_fixed =  10,number_bug = 14
2025-05-16 23:29:38,106 - INFO - Project Compress test 15: result = 0,number_fixed =  6,number_bug = 6
2025-05-16 23:29:47,762 - INFO - Project Compress test 16: result = 0,number_fixed =  77,number_bug = 77
2025-05-16 23:29:55,461 - INFO - Project Compress test 17: result = 0,number_fixed =  7,number_bug = 7
2025-05-16 23:30:05,143 - INFO - Project Compress test 18: result = 1,number_fixed =  29,number_bug = 31
2025-05-16 23:30:13,102 - INFO - Project Compress test 19: result = 0,number_fixed =  1,number_bug = 1
2025-05-16 23:30:22,484 - INFO - Project Compress test 20: result = 0,number_fixed =  52,number_bug = 52
2025-05-16 23:30:29,516 - INFO - Project Compress test 21: result = 0,number_fixed =  -1,number_bug = 70
2025-05-16 23:30:39,769 - INFO - Project Compress test 22: result = 0,number_fixed =  69,number_bug = 69
2025-05-16 23:30:52,526 - INFO - Project Compress test 23: result = 0,number_fixed =  251,number_bug = 251
2025-05-16 23:31:00,678 - INFO - Project Compress test 24: result = 1,number_fixed =  4,number_bug = 16
2025-05-16 23:31:08,940 - INFO - Project Compress test 25: result = 0,number_fixed =  11,number_bug = 11
